Archive member included because of file (symbol)

../../NicolaRadio_bsp/ps7_cortexa9_0/lib/libxil.a(xllfifo.o)
                              ./NicolaCode/DebugInterface.o (XLlFifo_iRxOccupancy)
../../NicolaRadio_bsp/ps7_cortexa9_0/lib/libxil.a(xllfifo_sinit.o)
                              ./NicolaCode/PSPLComms.o (XLlFfio_LookupConfig)
../../NicolaRadio_bsp/ps7_cortexa9_0/lib/libxil.a(xstreamer.o)
                              ../../NicolaRadio_bsp/ps7_cortexa9_0/lib/libxil.a(xllfifo.o) (XStrm_RxInitialize)
../../NicolaRadio_bsp/ps7_cortexa9_0/lib/libxil.a(n3z_tonetest.o)
                              ./NicolaCode/DebugInterface.o (n3z_tonetest_values2recover_write)
../../NicolaRadio_bsp/ps7_cortexa9_0/lib/libxil.a(n3z_tonetest_sinit.o)
                              ./NicolaCode/PSPLComms.o (n3z_tonetest_Initialize)
../../NicolaRadio_bsp/ps7_cortexa9_0/lib/libxil.a(xscugic.o)
                              ./src/FreeRTOS_tick_config.o (XScuGic_CfgInitialize)
../../NicolaRadio_bsp/ps7_cortexa9_0/lib/libxil.a(xscugic_g.o)
                              ./src/FreeRTOS_tick_config.o (XScuGic_ConfigTable)
../../NicolaRadio_bsp/ps7_cortexa9_0/lib/libxil.a(xscugic_sinit.o)
                              ./src/FreeRTOS_tick_config.o (XScuGic_LookupConfig)
../../NicolaRadio_bsp/ps7_cortexa9_0/lib/libxil.a(xscutimer.o)
                              ./src/FreeRTOS_tick_config.o (XScuTimer_CfgInitialize)
../../NicolaRadio_bsp/ps7_cortexa9_0/lib/libxil.a(xscutimer_sinit.o)
                              ./src/FreeRTOS_tick_config.o (XScuTimer_LookupConfig)
../../NicolaRadio_bsp/ps7_cortexa9_0/lib/libxil.a(xscuwdt.o)
                              ./src/main.o (XScuWdt_CfgInitialize)
../../NicolaRadio_bsp/ps7_cortexa9_0/lib/libxil.a(xscuwdt_sinit.o)
                              ./src/main.o (XScuWdt_LookupConfig)
../../NicolaRadio_bsp/ps7_cortexa9_0/lib/libxil.a(xsdps_options.o)
                              ./NicolaCode/xsdps.o (XSdPs_SetBlkSize)
../../NicolaRadio_bsp/ps7_cortexa9_0/lib/libxil.a(xsdps_sinit.o)
                              ./NicolaCode/Flash-SDCard.o (XSdPs_LookupConfig)
../../NicolaRadio_bsp/ps7_cortexa9_0/lib/libxil.a(asm_vectors.o)
                              (_vector_table)
../../NicolaRadio_bsp/ps7_cortexa9_0/lib/libxil.a(boot.o)
                              ./src/FreeRTOS_asm_vectors.o (_boot)
../../NicolaRadio_bsp/ps7_cortexa9_0/lib/libxil.a(sleep.o)
                              ./NicolaCode/xsdps.o (sleep)
../../NicolaRadio_bsp/ps7_cortexa9_0/lib/libxil.a(translation_table.o)
                              ../../NicolaRadio_bsp/ps7_cortexa9_0/lib/libxil.a(boot.o) (MMUTable)
../../NicolaRadio_bsp/ps7_cortexa9_0/lib/libxil.a(usleep.o)
                              ./NicolaCode/xsdps.o (usleep)
../../NicolaRadio_bsp/ps7_cortexa9_0/lib/libxil.a(vectors.o)
                              ../../NicolaRadio_bsp/ps7_cortexa9_0/lib/libxil.a(asm_vectors.o) (UndefinedException)
../../NicolaRadio_bsp/ps7_cortexa9_0/lib/libxil.a(xil-crt0.o)
                              ../../NicolaRadio_bsp/ps7_cortexa9_0/lib/libxil.a(boot.o) (_start)
../../NicolaRadio_bsp/ps7_cortexa9_0/lib/libxil.a(xil_assert.o)
                              ./NicolaCode/xsdps.o (Xil_Assert)
../../NicolaRadio_bsp/ps7_cortexa9_0/lib/libxil.a(xil_cache.o)
                              ./NicolaCode/xsdps.o (Xil_DCacheFlushRange)
../../NicolaRadio_bsp/ps7_cortexa9_0/lib/libxil.a(xil_exception.o)
                              ../../NicolaRadio_bsp/ps7_cortexa9_0/lib/libxil.a(asm_vectors.o) (PrefetchAbortAddr)
../../NicolaRadio_bsp/ps7_cortexa9_0/lib/libxil.a(xil_io.o)
                              ./NicolaCode/xsdps.o (Xil_In8)
../../NicolaRadio_bsp/ps7_cortexa9_0/lib/libxil.a(xil_printf.o)
                              ./NicolaCode/Bluetooth.o (xil_printf)
../../NicolaRadio_bsp/ps7_cortexa9_0/lib/libxil.a(xtime_l.o)
                              ../../NicolaRadio_bsp/ps7_cortexa9_0/lib/libxil.a(xil-crt0.o) (XTime_SetTime)
../../NicolaRadio_bsp/ps7_cortexa9_0/lib/libxil.a(xllfifo_g.o)
                              ../../NicolaRadio_bsp/ps7_cortexa9_0/lib/libxil.a(xllfifo_sinit.o) (XLlFifo_ConfigTable)
../../NicolaRadio_bsp/ps7_cortexa9_0/lib/libxil.a(n3z_tonetest_g.o)
                              ../../NicolaRadio_bsp/ps7_cortexa9_0/lib/libxil.a(n3z_tonetest_sinit.o) (n3z_tonetest_ConfigTable)
../../NicolaRadio_bsp/ps7_cortexa9_0/lib/libxil.a(xscutimer_g.o)
                              ../../NicolaRadio_bsp/ps7_cortexa9_0/lib/libxil.a(xscutimer_sinit.o) (XScuTimer_ConfigTable)
../../NicolaRadio_bsp/ps7_cortexa9_0/lib/libxil.a(xscuwdt_g.o)
                              ../../NicolaRadio_bsp/ps7_cortexa9_0/lib/libxil.a(xscuwdt_sinit.o) (XScuWdt_ConfigTable)
../../NicolaRadio_bsp/ps7_cortexa9_0/lib/libxil.a(xsdps_g.o)
                              ../../NicolaRadio_bsp/ps7_cortexa9_0/lib/libxil.a(xsdps_sinit.o) (XSdPs_ConfigTable)
../../NicolaRadio_bsp/ps7_cortexa9_0/lib/libxil.a(cpu_init.o)
[...]
Memory Configuration

Name             Origin             Length             Attributes
ps7_qspi_linear_0_S_AXI_BASEADDR 0xfc000000         0x01000000
ps7_ram_0_S_AXI_BASEADDR 0x00000000         0x00030000
ps7_ram_1_S_AXI_BASEADDR 0xffff0000         0x0000fe00
*default*        0x00000000         0xffffffff

Linker script and memory map

LOAD /opt/Xilinx/SDK/2016.2/gnu/aarch32/lin/gcc-arm-none-eabi/bin/../lib/gcc/arm-none-eabi/4.9.2/v7-a/fpv3/hard/crti.o
LOAD /opt/Xilinx/SDK/2016.2/gnu/aarch32/lin/gcc-arm-none-eabi/bin/../lib/gcc/arm-none-eabi/4.9.2/v7-a/fpv3/hard/crtbegin.o
                0x00002000                _STACK_SIZE = DEFINED (_STACK_SIZE)?_STACK_SIZE:0x2000
                0x0000a000                _HEAP_SIZE = DEFINED (_HEAP_SIZE)?_HEAP_SIZE:0xa000
                0x00000400                _ABORT_STACK_SIZE = DEFINED (_ABORT_STACK_SIZE)?_ABORT_STACK_SIZE:0x400
                0x00000800                _SUPERVISOR_STACK_SIZE = DEFINED (_SUPERVISOR_STACK_SIZE)?_SUPERVISOR_STACK_SIZE:0x800
                0x00000400                _IRQ_STACK_SIZE = DEFINED (_IRQ_STACK_SIZE)?_IRQ_STACK_SIZE:0x400
                0x00000400                _FIQ_STACK_SIZE = DEFINED (_FIQ_STACK_SIZE)?_FIQ_STACK_SIZE:0x400
                0x00000400                _UNDEF_STACK_SIZE = DEFINED (_UNDEF_STACK_SIZE)?_UNDEF_STACK_SIZE:0x400

.text           0x00000000    0x1aca0
 *(.freertos_vectors)
 .freertos_vectors
                0x00000000       0xb0 ./src/FreeRTOS_asm_vectors.o
                0x00000000                _freertos_vector_table
                0x00000090                vPortInstallFreeRTOSVectorTable
 *(.vectors)
 .vectors       0x000000b0      0x12c ../../NicolaRadio_bsp/ps7_cortexa9_0/lib/libxil.a(asm_vectors.o)
                0x000000b0                _vector_table
 *(.boot)
 .boot          0x000001dc      0x370 ../../NicolaRadio_bsp/ps7_cortexa9_0/lib/libxil.a(boot.o)
                0x000001dc                _boot
                0x000001dc                _prestart
 *(.text)
 .text          0x0000054c        0x0 /opt/Xilinx/SDK/2016.2/gnu/aarch32/lin/gcc-arm-none-eabi/bin/../lib/gcc/arm-none-eabi/4.9.2/v7-a/fpv3/hard/crti.o
 .text          0x0000054c      0x108 /opt/Xilinx/SDK/2016.2/gnu/aarch32/lin/gcc-arm-none-eabi/bin/../lib/gcc/arm-none-eabi/4.9.2/v7-a/fpv3/hard/crtbegin.o
 .text          0x00000654      0x714 ./src/portable/port.o
                0x00000654                pxPortInitialiseStack
                0x000008f4                xPortStartScheduler
                0x00000a34                vPortEndScheduler
                0x00000a64                vPortEnterCritical
                0x00000ac8                vPortExitCritical
                0x00000b50                FreeRTOS_Tick_Handler
                0x00000be0                vPortTaskUsesFPU
                0x00000c18                vPortClearInterruptMask
                0x00000c70                ulPortSetInterruptMask
                0x00000ce8                vPortValidateInterruptPriority
 *fill*         0x00000d68        0x8 
 .text          0x00000d70      0x2e0 ./src/portable/portASM.o
                0x00000d70                FreeRTOS_SWI_Handler
                0x00000e18                vPortRestoreTaskContext
                0x00000e80                FreeRTOS_IRQ_Handler
                0x00000ff0                vApplicationIRQHandler
 .text          0x00001050        0x0 ./src/FreeRTOS_asm_vectors.o
 .text          0x00001050      0x278 ./src/FreeRTOS_tick_config.o
                0x00001050                vConfigureTickInterrupt
                0x00001218                vClearTickInterrupt
                0x00001240                vApplicationFPUSafeIRQHandler
 .text          0x000012c8        0x0 ./src/event_groups.o
 .text          0x000012c8      0x6f4 ./src/heap_4.o
                0x000012c8                pvPortMalloc
                0x00001588                vPortFree
                0x000016a8                xPortGetFreeHeapSize
                0x000016cc                xPortGetMinimumEverFreeHeapSize
                0x000016f0                vPortInitialiseBlocks
 .text          0x000019bc      0x284 ./src/list.o
                0x000019bc                vListInitialise
                0x00001a20                vListInitialiseItem
                0x00001a48                vListInsertEnd
                0x00001acc                vListInsert
                0x00001ba0                uxListRemove
 .text          0x00001c40      0x3f8 ./src/main.o
                0x00001c40                main
                0x00001cdc                tempFSBLCode
                0x00001cf0                GetVersionString
                0x00001de4                vApplicationMallocFailedHook
                0x00001df4                vApplicationStackOverflowHook
                0x00001e10                vApplicationIdleHook
                0x00001e44                vAssertCalled
                0x00001e84                vApplicationTickHook
                0x00001e98                vInitialiseTimerForRunTimeStats
                0x00001f98                vApplicationGetIdleTaskMemory
                0x00001fe8                vApplicationGetTimerTaskMemory
 .text          0x00002038       0x9c ./src/platform.o
                0x00002038                enable_caches
                0x0000204c                disable_caches
                0x00002060                init_uart
                0x00002074                init_platform
                0x000020c4                cleanup_platform
 .text          0x000020d4      0x718 ./src/printf-stdarg.o
                0x00002718                printf
                0x00002758                sprintf
                0x000027a0                snprintf
 .text          0x000027ec      0x8d8 ./src/ps7_init_Nicola.o
                0x000027ec                getPS7MessageInfo
                0x000028b4                ps7GetSiliconVersion
                0x00002900                mask_write
                0x00002958                mask_poll
                0x000029d4                mask_read
                0x00002a18                ps7_config
                0x00002c4c                ps7_post_config
                0x00002cfc                ps7_debug
                0x00002dac                ps7_init
                0x00002ff8                perf_start_clock
                0x0000301c                perf_reset_clock
                0x0000304c                get_number_of_cycles_for_delay
                0x0000308c                perf_disable_clock
                0x000030b0                perf_reset_and_start_timer
 .text          0x000030c4     0x1f38 ./src/queue.o
                0x000030c4                xQueueGenericReset
                0x000031fc                xQueueGenericCreateStatic
                0x0000333c                xQueueGenericCreate
                0x000034e8                xQueueCreateMutex
                0x0000353c                xQueueCreateMutexStatic
                0x0000359c                xQueueGiveMutexRecursive
                0x00003644                xQueueTakeMutexRecursive
                0x000036fc                xQueueCreateCountingSemaphoreStatic
                0x00003798                xQueueCreateCountingSemaphore
                0x00003824                xQueueGenericSend
                0x00003b18                xQueueGenericSendFromISR
                0x00003d00                xQueueGiveFromISR
                0x00003ec0                xQueueGenericReceive
                0x000041e0                xQueueReceiveFromISR
                0x00004340                xQueuePeekFromISR
                0x00004444                uxQueueMessagesWaiting
                0x00004494                uxQueueSpacesAvailable
                0x000044f8                uxQueueMessagesWaitingFromISR
                0x00004540                vQueueDelete
                0x0000459c                uxQueueGetQueueNumber
                0x000045c4                vQueueSetQueueNumber
                0x000045f0                ucQueueGetQueueType
                0x000049c0                xQueueIsQueueEmptyFromISR
                0x00004a74                xQueueIsQueueFullFromISR
                0x00004adc                vQueueAddToRegistry
                0x00004b6c                pcQueueGetName
                0x00004bf8                vQueueUnregisterQueue
                0x00004c90                vQueueWaitForMessageRestricted
                0x00004d38                xQueueCreateSet
                0x00004d6c                xQueueAddToSet
                0x00004de4                xQueueRemoveFromSet
                0x00004e68                xQueueSelectFromSet
                0x00004ea8                xQueueSelectFromSetFromISR
 .text          0x00004ffc     0x3e24 ./src/tasks.o
                0x00004ffc                xTaskCreateStatic
                0x000050e0                xTaskCreate
                0x00005530                vTaskDelete
                0x000056f8                vTaskDelayUntil
                0x00005858                vTaskDelay
                0x000058d0                eTaskGetState
                0x000059f8                uxTaskPriorityGet
                0x00005a50                uxTaskPriorityGetFromISR
                0x00005ab4                vTaskPrioritySet
                0x00005d18                vTaskSuspend
                0x00005f7c                vTaskResume
                0x00006090                xTaskResumeFromISR
                0x000061d0                vTaskStartScheduler
                0x000062f4                vTaskEndScheduler
                0x00006318                vTaskSuspendAll
                0x00006348                xTaskResumeAll
                0x00006558                xTaskGetTickCount
                0x00006588                xTaskGetTickCountFromISR
                0x000065c0                uxTaskGetNumberOfTasks
                0x000065e4                pcTaskGetName
                0x000067d0                xTaskGetHandle
                0x00006908                uxTaskGetSystemState
                0x00006ad8                xTaskAbortDelay
                0x00006c18                xTaskIncrementTick
                0x00006ef4                vTaskSwitchContext
                0x000070ac                vTaskPlaceOnEventList
                0x0000710c                vTaskPlaceOnUnorderedEventList
                0x000071ac                vTaskPlaceOnEventListRestricted
                0x00007224                xTaskRemoveFromEventList
                0x00007368                xTaskRemoveFromUnorderedEventList
                0x000074a8                vTaskSetTimeOutState
                0x00007504                xTaskCheckForTimeOut
                0x00007668                vTaskMissedYield
                0x0000768c                uxTaskGetTaskNumber
                0x000076dc                vTaskSetTaskNumber
                0x000078dc                vTaskGetInfo
                0x00007cd4                xTaskGetCurrentTaskHandle
                0x00007d04                xTaskGetSchedulerState
                0x00007d6c                vTaskPriorityInherit
                0x00007f3c                xTaskPriorityDisinherit
                0x00008190                vTaskList
                0x00008378                uxTaskResetEventItemValue
                0x000083d0                pvTaskIncrementMutexHeldCount
                0x00008420                ulTaskNotifyTake
                0x0000850c                xTaskNotifyWait
                0x0000863c                xTaskGenericNotify
                0x00008828                xTaskGenericNotifyFromISR
                0x00008a78                vTaskNotifyGiveFromISR
                0x00008c14                xTaskNotifyStateClear
 .text          0x00008e20      0xeec ./src/timers.o
                0x00008e20                xTimerCreateTimerTask
                0x00008f04                xTimerCreate
                0x00008f78                xTimerCreateStatic
                0x000090c4                xTimerGenericCommand
                0x000091c4                xTimerGetTimerDaemonTaskHandle
                0x00009204                xTimerGetPeriod
                0x0000924c                xTimerGetExpiryTime
                0x0000929c                pcTimerGetName
                0x00009afc                xTimerIsTimerActive
                0x00009b64                pvTimerGetTimerID
                0x00009bbc                vTimerSetTimerID
                0x00009c10                xTimerPendFunctionCallFromISR
                0x00009c7c                xTimerPendFunctionCall
 .text          0x00009d0c     0x1de0 ./NicolaCode/Bluetooth.o
                0x00009d0c                BluetoothStartup
                0x0000afa0                BluetoothBeginInquiry
                0x0000b384                AllocateChannelTable
                0x0000b5c4                DetermineChannelType
                0x0000b69c                FindChannelTableFromMAC
                0x0000b77c                FindChannelTableFromLinkID
                0x0000b858                FindChannelTableFromSCOChannel
                0x0000b934                FindChannelTableFromRFCommChannel
                0x0000ba10                FindChannelTableForTablet
 .text          0x0000baec      0x600 ./NicolaCode/ConsoleManager.o
                0x0000baec                ConsoleStartup
                0x0000be28                transmitToConsole
                0x0000bfd4                uart_ReceiveByteCheck
                0x0000c01c                uart_ReceiveByte
                0x0000c088                uart_SendByte
 .text          0x0000c0ec      0x598 ./NicolaCode/DebugInterface.o
                0x0000c0ec                DebugingGraham_Startup
                0x0000c444                Rx2Uart
 .text          0x0000c684      0x23c ./NicolaCode/Flash-SDCard.o
                0x0000c684                CDCardInit
                0x0000c74c                CDFlashRead
                0x0000c7b4                CDFlashWrite
 .text          0x0000c8c0     0x4b88 ./NicolaCode/LCD_Display.o
                0x0000c8c0                LCD_Startup
                0x0000c9c0                hexToInt
                0x0000eed8                LCD_Write_String
                0x0000f490                MenuMessageFromHostComputer
                0x00010ddc                AddReceivedTextToMenu
                0x00010f9c                SetConfidenceBeepTime
                0x00011124                SetDebuggingState
                0x000111d4                SetBeaconBeepTime
                0x0001135c                EffectTurnRadioOff
 .text          0x00011448      0xbe4 ./NicolaCode/PSPLComms.o
                0x00011448                PSPLComms_Initialise
                0x00011694                intToHexChars
                0x00011b9c                xsleep
                0x00011c10                LoadPicoFast
                0x00011d00                ReadResponse
                0x00011e38                TxSend
                0x00011f00                RxReceive
 .text          0x0001202c      0x3ec ./NicolaCode/RadioInterface.o
                0x0001202c                RadioInterfaceInit
                0x000120f0                SetMicrophoneVolume
                0x000122f4                SetAerialType
                0x00012344                SetAerialFrequency
                0x00012394                SendPresetMessage
 .text          0x00012418      0x5ec ./NicolaCode/RemoteProtocolHandler.o
                0x00012418                TextMessageStartup
 .text          0x00012a04     0x21b4 ./NicolaCode/xsdps.o
                0x00012a04                XSdPs_CfgInitialize
                0x00012d60                XSdPs_SdCardInitialize
                0x0001324c                XSdPs_CardInitialize
                0x00013c14                XSdPs_CmdTransfer
                0x00013f34                XSdPs_FrameCmd
                0x00014214                XSdPs_ReadPolled
                0x000143fc                XSdPs_WritePolled
                0x000145c8                XSdPs_Select_Card
                0x00014624                XSdPs_SetupADMA2DescTbl
                0x0001481c                XSdPs_MmcCardInitialize
 .text          0x00014bb8      0x540 ../../NicolaRadio_bsp/ps7_cortexa9_0/lib/libxil.a(xllfifo.o)
                0x00014bb8                XLlFifo_iRxOccupancy
                0x00014c0c                XLlFifo_iRxGetLen
                0x00014c60                XLlFifo_iTxVacancy
                0x00014cb4                XLlFifo_iTxSetLen
                0x00014d00                XLlFifo_CfgInitialize
                0x00014e30                XLlFifo_RxGetWord
                0x00014e50                XLlFifo_iRead_Aligned
                0x00014f08                XLlFifo_TxPutWord
                0x00014f1c                XLlFifo_iWrite_Aligned
                0x00014fd4                XLlFifo_Initialize
 .text          0x000150f8       0x38 ../../NicolaRadio_bsp/ps7_cortexa9_0/lib/libxil.a(xllfifo_sinit.o)
                0x000150f8                XLlFfio_LookupConfig
 .text          0x00015130      0x350 ../../NicolaRadio_bsp/ps7_cortexa9_0/lib/libxil.a(xstreamer.o)
                0x00015130                XStrm_RxInitialize
                0x00015194                XStrm_TxInitialize
                0x000151f8                XStrm_RxGetLen
                0x0001521c                XStrm_Read
                0x0001534c                XStrm_TxSetLen
                0x00015394                XStrm_Write
 .text          0x00015480      0x2e4 ../../NicolaRadio_bsp/ps7_cortexa9_0/lib/libxil.a(n3z_tonetest.o)
                0x00015480                n3z_tonetest_CfgInitialize
                0x000154fc                n3z_tonetest_values2recover_write
                0x00015544                n3z_tonetest_values2recover_read
                0x0001558c                n3z_tonetest_audiovolume_write
                0x000155d8                n3z_tonetest_audiovolume_read
                0x0001562c                n3z_tonetest_adcgain_ave_peak_read
                0x00015678                n3z_tonetest_starttoneamp_read
                0x000156cc                n3z_tonetest_demodsignallevel_read
                0x00015718                n3z_tonetest_txaudiolevel_read
 .text          0x00015764       0x90 ../../NicolaRadio_bsp/ps7_cortexa9_0/lib/libxil.a(n3z_tonetest_sinit.o)
                0x00015764                n3z_tonetest_LookupConfig
                0x00015780                n3z_tonetest_Initialize
 .text          0x000157f4      0x930 ../../NicolaRadio_bsp/ps7_cortexa9_0/lib/libxil.a(xscugic.o)
                0x00015844                XScuGic_CfgInitialize
                0x000159fc                XScuGic_Connect
                0x00015ad4                XScuGic_Disconnect
                0x00015bac                XScuGic_Enable
                0x00015c68                XScuGic_Disable
                0x00015d24                XScuGic_SoftwareIntr
                0x00015e10                XScuGic_SetPriorityTriggerType
                0x00015f94                XScuGic_GetPriorityTriggerType
                0x000160d4                XScuGic_InterruptMaptoCpu
 .text          0x00016124        0x0 ../../NicolaRadio_bsp/ps7_cortexa9_0/lib/libxil.a(xscugic_g.o)
 .text          0x00016124       0x1c ../../NicolaRadio_bsp/ps7_cortexa9_0/lib/libxil.a(xscugic_sinit.o)
                0x00016124                XScuGic_LookupConfig
 .text          0x00016140      0x314 ../../NicolaRadio_bsp/ps7_cortexa9_0/lib/libxil.a(xscutimer.o)
                0x00016140                XScuTimer_CfgInitialize
                0x000161f0                XScuTimer_Start
                0x0001628c                XScuTimer_Stop
                0x00016320                XScuTimer_SetPrescaler
                0x000163c8                XScuTimer_GetPrescaler
 .text          0x00016454       0x1c ../../NicolaRadio_bsp/ps7_cortexa9_0/lib/libxil.a(xscutimer_sinit.o)
                0x00016454                XScuTimer_LookupConfig
 .text          0x00016470      0x238 ../../NicolaRadio_bsp/ps7_cortexa9_0/lib/libxil.a(xscuwdt.o)
                0x00016470                XScuWdt_CfgInitialize
                0x00016578                XScuWdt_Start
                0x00016614                XScuWdt_Stop
 .text          0x000166a8       0x1c ../../NicolaRadio_bsp/ps7_cortexa9_0/lib/libxil.a(xscuwdt_sinit.o)
                0x000166a8                XScuWdt_LookupConfig
 .text          0x000166c4     0x10b8 ../../NicolaRadio_bsp/ps7_cortexa9_0/lib/libxil.a(xsdps_options.o)
                0x000169a8                XSdPs_SetBlkSize
                0x00016a84                XSdPs_Get_BusWidth
                0x00016bf8                XSdPs_Change_BusWidth
                0x00016d98                XSdPs_Get_BusSpeed
                0x00016ef4                XSdPs_Change_ClkFreq
                0x000170ac                XSdPs_Change_BusSpeed
                0x00017348                XSdPs_Pullup
                0x000173fc                XSdPs_Get_Mmc_ExtCsd
                0x00017558                XSdPs_Uhs_ModeInit
                0x0001776c                XSdPs_SetTapDelay
 .text          0x0001777c       0x1c ../../NicolaRadio_bsp/ps7_cortexa9_0/lib/libxil.a(xsdps_sinit.o)
                0x0001777c                XSdPs_LookupConfig
 .text          0x00017798        0x0 ../../NicolaRadio_bsp/ps7_cortexa9_0/lib/libxil.a(asm_vectors.o)
 .text          0x00017798        0x0 ../../NicolaRadio_bsp/ps7_cortexa9_0/lib/libxil.a(boot.o)
 .text          0x00017798       0x48 ../../NicolaRadio_bsp/ps7_cortexa9_0/lib/libxil.a(sleep.o)
                0x00017798                sleep
 .text          0x000177e0        0x0 ../../NicolaRadio_bsp/ps7_cortexa9_0/lib/libxil.a(translation_table.o)
 .text          0x000177e0       0x44 ../../NicolaRadio_bsp/ps7_cortexa9_0/lib/libxil.a(usleep.o)
                0x000177e0                usleep
 .text          0x00017824       0x78 ../../NicolaRadio_bsp/ps7_cortexa9_0/lib/libxil.a(vectors.o)
                0x00017824                UndefinedException
                0x00017838                FIQInterrupt
                0x0001784c                IRQInterrupt
                0x00017860                SWInterrupt
                0x00017874                DataAbortInterrupt
                0x00017888                PrefetchAbortInterrupt
 .text          0x0001789c       0x78 ../../NicolaRadio_bsp/ps7_cortexa9_0/lib/libxil.a(xil-crt0.o)
                0x000178b0                _start
 .text          0x00017914       0x34 ../../NicolaRadio_bsp/ps7_cortexa9_0/lib/libxil.a(xil_assert.o)
                0x00017914                Xil_Assert
                0x00017934                Xil_AssertSetCallback
                0x00017944                XNullHandler
 .text          0x00017948      0x9fc ../../NicolaRadio_bsp/ps7_cortexa9_0/lib/libxil.a(xil_cache.o)
                0x00017948                Xil_DCacheInvalidateLine
                0x0001798c                Xil_DCacheFlushRange
                0x000179ec                Xil_DCacheStoreLine
                0x00017a2c                Xil_ICacheInvalidateLine
                0x00017a70                Xil_ICacheInvalidateRange
                0x00017ac8                Xil_L1DCacheInvalidate
                0x00017b70                Xil_L1DCacheEnable
                0x00017b90                Xil_L1DCacheInvalidateLine
                0x00017ba8                Xil_L1DCacheInvalidateRange
                0x00017bf0                Xil_L1DCacheFlush
                0x00017c80                Xil_L1DCacheDisable
                0x00017c98                Xil_L1DCacheFlushLine
                0x00017cb0                Xil_L1DCacheFlushRange
                0x00017cf8                Xil_L1DCacheStoreLine
                0x00017d10                Xil_L1ICacheEnable
                0x00017d2c                Xil_L1ICacheDisable
                0x00017d48                Xil_L1ICacheInvalidate
                0x00017d60                Xil_L1ICacheInvalidateLine
                0x00017d78                Xil_L1ICacheInvalidateRange
                0x00017dc0                Xil_L2CacheInvalidate
                0x00017e1c                Xil_DCacheInvalidate
                0x00017e3c                Xil_ICacheInvalidate
                0x00017e6c                Xil_L2CacheEnable
                0x00017f1c                Xil_DCacheEnable
                0x00017f2c                Xil_ICacheEnable
                0x00017f48                Xil_L2CacheInvalidateLine
                0x00017f64                Xil_L2CacheInvalidateRange
                0x00017fe8                Xil_L2CacheFlush
                0x0001804c                Xil_DCacheFlush
                0x0001806c                Xil_L2CacheDisable
                0x000180ac                Xil_DCacheDisable
                0x000180c8                Xil_ICacheDisable
                0x000180ec                Xil_L2CacheFlushLine
                0x0001811c                Xil_DCacheInvalidateRange
                0x0001823c                Xil_DCacheFlushLine
                0x000182a4                Xil_L2CacheFlushRange
                0x00018328                Xil_L2CacheStoreLine
 .text          0x00018344       0x58 ../../NicolaRadio_bsp/ps7_cortexa9_0/lib/libxil.a(xil_exception.o)
                0x00018348                Xil_DataAbortHandler
                0x00018350                Xil_PrefetchAbortHandler
                0x00018358                Xil_UndefinedExceptionHandler
                0x0001835c                Xil_ExceptionInit
                0x00018360                Xil_ExceptionRegisterHandler
                0x00018378                Xil_ExceptionRemoveHandler
 .text          0x0001839c       0x88 ../../NicolaRadio_bsp/ps7_cortexa9_0/lib/libxil.a(xil_io.o)
                0x0001839c                Xil_In8
                0x000183a4                Xil_In16
                0x000183ac                Xil_In32
                0x000183b4                Xil_Out8
                0x000183bc                Xil_Out16
                0x000183c4                Xil_Out32
                0x000183cc                Xil_In16BE
                0x000183e0                Xil_In32BE
                0x000183ec                Xil_Out16BE
                0x00018400                Xil_Out32BE
                0x0001840c                Xil_EndianSwap16
                0x0001841c                Xil_EndianSwap32
 .text          0x00018424      0x690 ../../NicolaRadio_bsp/ps7_cortexa9_0/lib/libxil.a(xil_printf.o)
                0x00018634                xil_printf
 .text          0x00018ab4       0xa0 ../../NicolaRadio_bsp/ps7_cortexa9_0/lib/libxil.a(xtime_l.o)
                0x00018ab4                XTime_SetTime
                0x00018b04                XTime_GetTime
 .text          0x00018b54        0x0 ../../NicolaRadio_bsp/ps7_cortexa9_0/lib/libxil.a(xllfifo_g.o)
 .text          0x00018b54        0x0 ../../NicolaRadio_bsp/ps7_cortexa9_0/lib/libxil.a(n3z_tonetest_g.o)
 .text          0x00018b54        0x0 ../../NicolaRadio_bsp/ps7_cortexa9_0/lib/libxil.a(xscutimer_g.o)
 .text          0x00018b54        0x0 ../../NicolaRadio_bsp/ps7_cortexa9_0/lib/libxil.a(xscuwdt_g.o)
 .text          0x00018b54        0x0 ../../NicolaRadio_bsp/ps7_cortexa9_0/lib/libxil.a(xsdps_g.o)
 .text          0x00018b54       0x3c ../../NicolaRadio_bsp/ps7_cortexa9_0/lib/libxil.a(cpu_init.o)
                0x00018b54                __cpu_init
 .text          0x00018b90        0xc ../../NicolaRadio_bsp/ps7_cortexa9_0/lib/libxil.a(outbyte.o)
                0x00018b90                outbyte
 .text          0x00018b9c       0xec ../../NicolaRadio_bsp/ps7_cortexa9_0/lib/libxil.a(xuartps_hw.o)
                0x00018b9c                XUartPs_SendByte
                0x00018bcc                XUartPs_RecvByte
                0x00018bf8                XUartPs_ResetHw
 .text          0x00018c88      0x20c /opt/Xilinx/SDK/2016.2/gnu/aarch32/lin/gcc-arm-none-eabi/bin/../lib/gcc/arm-none-eabi/4.9.2/v7-a/fpv3/hard/libgcc.a(_udivsi3.o)
                0x00018c88                __udivsi3
                0x00018c88                __aeabi_uidiv
                0x00018e74                __aeabi_uidivmod
 .text          0x00018e94        0x4 /opt/Xilinx/SDK/2016.2/gnu/aarch32/lin/gcc-arm-none-eabi/bin/../lib/gcc/arm-none-eabi/4.9.2/v7-a/fpv3/hard/libgcc.a(_dvmd_tls.o)
                0x00018e94                __aeabi_ldiv0
                0x00018e94                __aeabi_idiv0
 .text          0x00018e98       0x18 /opt/Xilinx/SDK/2016.2/gnu/aarch32/lin/gcc-arm-none-eabi/bin/../lib/gcc/arm-none-eabi/4.9.2/../../../../arm-none-eabi/lib/v7-a/fpv3/hard/libc.a(lib_a-atoi.o)
                0x00018e98                atoi
                0x00018ea4                _atoi_r
 .text          0x00018eb0       0x18 /opt/Xilinx/SDK/2016.2/gnu/aarch32/lin/gcc-arm-none-eabi/bin/../lib/gcc/arm-none-eabi/4.9.2/../../../../arm-none-eabi/lib/v7-a/fpv3/hard/libc.a(lib_a-ctype_.o)
                0x00018eb0                __set_ctype
 .text          0x00018ec8       0x34 /opt/Xilinx/SDK/2016.2/gnu/aarch32/lin/gcc-arm-none-eabi/bin/../lib/gcc/arm-none-eabi/4.9.2/../../../../arm-none-eabi/lib/v7-a/fpv3/hard/libc.a(lib_a-exit.o)
                0x00018ec8                exit
 .text          0x00018efc       0x40 /opt/Xilinx/SDK/2016.2/gnu/aarch32/lin/gcc-arm-none-eabi/bin/../lib/gcc/arm-none-eabi/4.9.2/../../../../arm-none-eabi/lib/v7-a/fpv3/hard/libc.a(lib_a-fini.o)
                0x00018efc                __libc_fini_array
 .text          0x00018f3c        0x0 /opt/Xilinx/SDK/2016.2/gnu/aarch32/lin/gcc-arm-none-eabi/bin/../lib/gcc/arm-none-eabi/4.9.2/../../../../arm-none-eabi/lib/v7-a/fpv3/hard/libc.a(lib_a-impure.o)
 .text          0x00018f3c       0x78 /opt/Xilinx/SDK/2016.2/gnu/aarch32/lin/gcc-arm-none-eabi/bin/../lib/gcc/arm-none-eabi/4.9.2/../../../../arm-none-eabi/lib/v7-a/fpv3/hard/libc.a(lib_a-init.o)
                0x00018f3c                __libc_init_array
 .text          0x00018fb4       0x28 /opt/Xilinx/SDK/2016.2/gnu/aarch32/lin/gcc-arm-none-eabi/bin/../lib/gcc/arm-none-eabi/4.9.2/../../../../arm-none-eabi/lib/v7-a/fpv3/hard/libc.a(lib_a-malloc.o)
                0x00018fb4                malloc
                0x00018fc8                free
 .text          0x00018fdc      0x768 /opt/Xilinx/SDK/2016.2/gnu/aarch32/lin/gcc-arm-none-eabi/bin/../lib/gcc/arm-none-eabi/4.9.2/../../../../arm-none-eabi/lib/v7-a/fpv3/hard/libc.a(lib_a-mallocr.o)
                0x00018fdc                _malloc_r
 .text          0x00019744       0xa8 /opt/Xilinx/SDK/2016.2/gnu/aarch32/lin/gcc-arm-none-eabi/bin/../lib/gcc/arm-none-eabi/4.9.2/../../../../arm-none-eabi/lib/v7-a/fpv3/hard/libc.a(lib_a-memcmp.o)
                0x00019744                memcmp
 *fill*         0x000197ec       0x14 
 .text          0x00019800      0x600 /opt/Xilinx/SDK/2016.2/gnu/aarch32/lin/gcc-arm-none-eabi/bin/../lib/gcc/arm-none-eabi/4.9.2/../../../../arm-none-eabi/lib/v7-a/fpv3/hard/libc.a(lib_a-memcpy.o)
                0x00019800                memcpy
 .text          0x00019e00       0xf8 /opt/Xilinx/SDK/2016.2/gnu/aarch32/lin/gcc-arm-none-eabi/bin/../lib/gcc/arm-none-eabi/4.9.2/../../../../arm-none-eabi/lib/v7-a/fpv3/hard/libc.a(lib_a-memset.o)
                0x00019e00                memset
 .text          0x00019ef8        0x8 /opt/Xilinx/SDK/2016.2/gnu/aarch32/lin/gcc-arm-none-eabi/bin/../lib/gcc/arm-none-eabi/4.9.2/../../../../arm-none-eabi/lib/v7-a/fpv3/hard/libc.a(lib_a-mlock.o)
                0x00019ef8                __malloc_lock
                0x00019efc                __malloc_unlock
 .text          0x00019f00       0x38 /opt/Xilinx/SDK/2016.2/gnu/aarch32/lin/gcc-arm-none-eabi/bin/../lib/gcc/arm-none-eabi/4.9.2/../../../../arm-none-eabi/lib/v7-a/fpv3/hard/libc.a(lib_a-sbrkr.o)
                0x00019f00                _sbrk_r
 .text          0x00019f38       0xf8 /opt/Xilinx/SDK/2016.2/gnu/aarch32/lin/gcc-arm-none-eabi/bin/../lib/gcc/arm-none-eabi/4.9.2/../../../../arm-none-eabi/lib/v7-a/fpv3/hard/libc.a(lib_a-strcpy.o)
                0x00019f38                strcpy
 *fill*         0x0001a030       0x10 
 .text          0x0001a040      0x100 /opt/Xilinx/SDK/2016.2/gnu/aarch32/lin/gcc-arm-none-eabi/bin/../lib/gcc/arm-none-eabi/4.9.2/../../../../arm-none-eabi/lib/v7-a/fpv3/hard/libc.a(lib_a-strlen-armv7.o)
                0x0001a040                strlen
 .text          0x0001a140      0x110 /opt/Xilinx/SDK/2016.2/gnu/aarch32/lin/gcc-arm-none-eabi/bin/../lib/gcc/arm-none-eabi/4.9.2/../../../../arm-none-eabi/lib/v7-a/fpv3/hard/libc.a(lib_a-strncmp.o)
                0x0001a140                strncmp
 .text          0x0001a250       0xdc /opt/Xilinx/SDK/2016.2/gnu/aarch32/lin/gcc-arm-none-eabi/bin/../lib/gcc/arm-none-eabi/4.9.2/../../../../arm-none-eabi/lib/v7-a/fpv3/hard/libc.a(lib_a-strncpy.o)
                0x0001a250                strncpy
 .text          0x0001a32c      0x1fc /opt/Xilinx/SDK/2016.2/gnu/aarch32/lin/gcc-arm-none-eabi/bin/../lib/gcc/arm-none-eabi/4.9.2/../../../../arm-none-eabi/lib/v7-a/fpv3/hard/libc.a(lib_a-strtol.o)
                0x0001a32c                _strtol_r
                0x0001a50c                strtol
 .text          0x0001a528      0x168 /opt/Xilinx/SDK/2016.2/gnu/aarch32/lin/gcc-arm-none-eabi/bin/../lib/gcc/arm-none-eabi/4.9.2/../../../../arm-none-eabi/lib/v7-a/fpv3/hard/libc.a(lib_a-__call_atexit.o)
                0x0001a528                __call_exitprocs
 .text          0x0001a690       0x14 /opt/Xilinx/SDK/2016.2/gnu/aarch32/lin/gcc-arm-none-eabi/bin/../lib/gcc/arm-none-eabi/4.9.2/../../../../arm-none-eabi/lib/v7-a/fpv3/hard/libc.a(lib_a-atexit.o)
                0x0001a690                atexit
 .text          0x0001a6a4      0x3ac /opt/Xilinx/SDK/2016.2/gnu/aarch32/lin/gcc-arm-none-eabi/bin/../lib/gcc/arm-none-eabi/4.9.2/../../../../arm-none-eabi/lib/v7-a/fpv3/hard/libc.a(lib_a-freer.o)
                0x0001a6a4                _malloc_trim_r
                0x0001a7a0                _free_r
 .text          0x0001aa50      0x11c /opt/Xilinx/SDK/2016.2/gnu/aarch32/lin/gcc-arm-none-eabi/bin/../lib/gcc/arm-none-eabi/4.9.2/../../../../arm-none-eabi/lib/v7-a/fpv3/hard/libc.a(lib_a-reent.o)
                0x0001aa50                cleanup_glue
                0x0001aa7c                _reclaim_reent
 .text          0x0001ab6c       0xd8 /opt/Xilinx/SDK/2016.2/gnu/aarch32/lin/gcc-arm-none-eabi/bin/../lib/gcc/arm-none-eabi/4.9.2/../../../../arm-none-eabi/lib/v7-a/fpv3/hard/libc.a(lib_a-__atexit.o)
                0x0001ab6c                __register_exitproc
 .text          0x0001ac44        0x4 ../../NicolaRadio_bsp/ps7_cortexa9_0/lib/libxil.a(_exit.o)
                0x0001ac44                _exit
 .text          0x0001ac48       0x3c ../../NicolaRadio_bsp/ps7_cortexa9_0/lib/libxil.a(_sbrk.o)
                0x0001ac48                _sbrk
 .text          0x0001ac84        0x0 /opt/Xilinx/SDK/2016.2/gnu/aarch32/lin/gcc-arm-none-eabi/bin/../lib/gcc/arm-none-eabi/4.9.2/v7-a/fpv3/hard/crtend.o
 .text          0x0001ac84        0x0 /opt/Xilinx/SDK/2016.2/gnu/aarch32/lin/gcc-arm-none-eabi/bin/../lib/gcc/arm-none-eabi/4.9.2/v7-a/fpv3/hard/crtn.o
 *(.text.*)
 .text.startup  0x0001ac84       0x1c /opt/Xilinx/SDK/2016.2/gnu/aarch32/lin/gcc-arm-none-eabi/bin/../lib/gcc/arm-none-eabi/4.9.2/../../../../arm-none-eabi/lib/v7-a/fpv3/hard/libc.a(lib_a-__call_atexit.o)
 *(.gnu.linkonce.t.*)
 *(.plt)
 *(.gnu_warning)
 *(.gcc_execpt_table)
 *(.glue_7)
 .glue_7        0x00000000        0x0 linker stubs
 *(.glue_7t)
 .glue_7t       0x00000000        0x0 linker stubs
 *(.vfp11_veneer)
 .vfp11_veneer  0x00000000        0x0 linker stubs
 *(.ARM.extab)
 *(.gnu.linkonce.armextab.*)

.v4_bx          0x0001aca0        0x0
 .v4_bx         0x00000000        0x0 linker stubs

.iplt           0x0001aca0        0x0
 .iplt          0x00000000        0x0 /opt/Xilinx/SDK/2016.2/gnu/aarch32/lin/gcc-arm-none-eabi/bin/../lib/gcc/arm-none-eabi/4.9.2/v7-a/fpv3/hard/crtbegin.o

.init           0x0001aca0       0x18
 *(.init)
 .init          0x0001aca0        0xc /opt/Xilinx/SDK/2016.2/gnu/aarch32/lin/gcc-arm-none-eabi/bin/../lib/gcc/arm-none-eabi/4.9.2/v7-a/fpv3/hard/crti.o
                0x0001aca0                _init
 .init          0x0001acac        0xc /opt/Xilinx/SDK/2016.2/gnu/aarch32/lin/gcc-arm-none-eabi/bin/../lib/gcc/arm-none-eabi/4.9.2/v7-a/fpv3/hard/crtn.o

.fini           0x0001acb8       0x18
 *(.fini)
 .fini          0x0001acb8        0xc /opt/Xilinx/SDK/2016.2/gnu/aarch32/lin/gcc-arm-none-eabi/bin/../lib/gcc/arm-none-eabi/4.9.2/v7-a/fpv3/hard/crti.o
                0x0001acb8                _fini
 .fini          0x0001acc4        0xc /opt/Xilinx/SDK/2016.2/gnu/aarch32/lin/gcc-arm-none-eabi/bin/../lib/gcc/arm-none-eabi/4.9.2/v7-a/fpv3/hard/crtn.o

.rodata         0x0001acd0      0xcd0
                0x0001acd0                __rodata_start = .
 *(.rodata)
 .rodata        0x0001acd0       0x28 ./src/portable/port.o
                0x0001acd0                ulICCIAR
                0x0001acd4                ulICCEOIR
                0x0001acd8                ulICCPMR
                0x0001acdc                ulMaxAPIPriorityMask
 .rodata        0x0001acf8       0x20 ./src/FreeRTOS_tick_config.o
 .rodata        0x0001ad18       0x14 ./src/heap_4.o
 .rodata        0x0001ad2c       0x3c ./src/main.o
 .rodata        0x0001ad68        0x8 ./src/printf-stdarg.o
 .rodata        0x0001ad70       0xd4 ./src/ps7_init_Nicola.o
 .rodata        0x0001ae44       0x10 ./src/queue.o
 .rodata        0x0001ae54       0x28 ./src/tasks.o
 .rodata        0x0001ae7c       0x20 ./src/timers.o
 .rodata        0x0001ae9c      0x380 ./NicolaCode/Bluetooth.o
 .rodata        0x0001b21c       0x2c ./NicolaCode/ConsoleManager.o
 .rodata        0x0001b248       0xcc ./NicolaCode/DebugInterface.o
 .rodata        0x0001b314      0x1a0 ./NicolaCode/LCD_Display.o
 .rodata        0x0001b4b4      0x1d4 ./NicolaCode/PSPLComms.o
 .rodata        0x0001b688      0x100 ./NicolaCode/RadioInterface.o
 .rodata        0x0001b788       0x6c ./NicolaCode/RemoteProtocolHandler.o
 .rodata        0x0001b7f4       0x18 ./NicolaCode/xsdps.o
 .rodata        0x0001b80c      0x104 /opt/Xilinx/SDK/2016.2/gnu/aarch32/lin/gcc-arm-none-eabi/bin/../lib/gcc/arm-none-eabi/4.9.2/../../../../arm-none-eabi/lib/v7-a/fpv3/hard/libc.a(lib_a-ctype_.o)
                0x0001b80c                _ctype_
 .rodata        0x0001b910        0x4 /opt/Xilinx/SDK/2016.2/gnu/aarch32/lin/gcc-arm-none-eabi/bin/../lib/gcc/arm-none-eabi/4.9.2/../../../../arm-none-eabi/lib/v7-a/fpv3/hard/libc.a(lib_a-impure.o)
                0x0001b910                _global_impure_ptr
 *(.rodata.*)
 .rodata.str1.4
                0x0001b914        0xa ../../NicolaRadio_bsp/ps7_cortexa9_0/lib/libxil.a(xllfifo.o)
                                  0xc (size before relaxing)
 *fill*         0x0001b91e        0x2 
 .rodata.str1.4
                0x0001b920        0xc ../../NicolaRadio_bsp/ps7_cortexa9_0/lib/libxil.a(xstreamer.o)
 .rodata.str1.4
                0x0001b92c        0xf ../../NicolaRadio_bsp/ps7_cortexa9_0/lib/libxil.a(n3z_tonetest.o)
                                 0x10 (size before relaxing)
 *fill*         0x0001b93b        0x1 
 .rodata.str1.4
                0x0001b93c       0x15 ../../NicolaRadio_bsp/ps7_cortexa9_0/lib/libxil.a(n3z_tonetest_sinit.o)
                                 0x18 (size before relaxing)
 *fill*         0x0001b951        0x3 
 .rodata.str1.4
                0x0001b954        0xa ../../NicolaRadio_bsp/ps7_cortexa9_0/lib/libxil.a(xscugic.o)
                                  0xc (size before relaxing)
 *fill*         0x0001b95e        0x2 
 .rodata.str1.4
                0x0001b960        0xc ../../NicolaRadio_bsp/ps7_cortexa9_0/lib/libxil.a(xscutimer.o)
 .rodata.str1.4
                0x0001b96c        0xa ../../NicolaRadio_bsp/ps7_cortexa9_0/lib/libxil.a(xscuwdt.o)
                                  0xc (size before relaxing)
 *fill*         0x0001b976        0x2 
 .rodata.str1.4
                0x0001b978       0x10 ../../NicolaRadio_bsp/ps7_cortexa9_0/lib/libxil.a(xsdps_options.o)
 .rodata.str1.4
                0x0001b988       0x11 ../../NicolaRadio_bsp/ps7_cortexa9_0/lib/libxil.a(xil_printf.o)
                                 0x14 (size before relaxing)
 *fill*         0x0001b999        0x3 
 .rodata.str1.4
                0x0001b99c        0x4 /opt/Xilinx/SDK/2016.2/gnu/aarch32/lin/gcc-arm-none-eabi/bin/../lib/gcc/arm-none-eabi/4.9.2/../../../../arm-none-eabi/lib/v7-a/fpv3/hard/libc.a(lib_a-impure.o)
 *(.gnu.linkonce.r.*)
                0x0001b9a0                __rodata_end = .

.rodata1        0x0001b9a0        0x0
                0x0001b9a0                __rodata1_start = .
 *(.rodata1)
 *(.rodata1.*)
                0x0001b9a0                __rodata1_end = .

.sdata2         0x0001b9a0        0x0
                0x0001b9a0                __sdata2_start = .
 *(.sdata2)
 *(.sdata2.*)
 *(.gnu.linkonce.s2.*)
                0x0001b9a0                __sdata2_end = .

.sbss2          0x0001b9a0        0x0
                0x0001b9a0                __sbss2_start = .
 *(.sbss2)
 *(.sbss2.*)
 *(.gnu.linkonce.sb2.*)
                0x0001b9a0                __sbss2_end = .

.data           0x0001b9a0     0x352c
                0x0001b9a0                __data_start = .
                0x0001b9a0                _dataVMA_start = .
 *(.data)
 .data          0x0001b9a0        0x0 /opt/Xilinx/SDK/2016.2/gnu/aarch32/lin/gcc-arm-none-eabi/bin/../lib/gcc/arm-none-eabi/4.9.2/v7-a/fpv3/hard/crti.o
 .data          0x0001b9a0        0x4 /opt/Xilinx/SDK/2016.2/gnu/aarch32/lin/gcc-arm-none-eabi/bin/../lib/gcc/arm-none-eabi/4.9.2/v7-a/fpv3/hard/crtbegin.o
                0x0001b9a0                __dso_handle
 .data          0x0001b9a4        0x4 ./src/portable/port.o
                0x0001b9a4                ulCriticalNesting
 .data          0x0001b9a8        0x0 ./src/portable/portASM.o
 .data          0x0001b9a8        0x0 ./src/FreeRTOS_asm_vectors.o
 .data          0x0001b9a8        0x4 ./src/FreeRTOS_tick_config.o
 .data          0x0001b9ac        0x0 ./src/event_groups.o
 .data          0x0001b9ac        0x0 ./src/heap_4.o
 .data          0x0001b9ac        0x0 ./src/list.o
 .data          0x0001b9ac        0x4 ./src/main.o
 .data          0x0001b9b0        0x0 ./src/platform.o
 .data          0x0001b9b0        0x0 ./src/printf-stdarg.o
 .data          0x0001b9b0      0xe00 ./src/ps7_init_Nicola.o
                0x0001b9b0                ps7_pll_init_data_3_0
                0x0001bb38                ps7_clock_init_data_3_0
                0x0001bbdc                ps7_mio_init_data_3_0
                0x0001bcd0                ps7_peripherals_init_data_3_0
                0x0001bddc                ps7_post_config_3_0
                0x0001be20                ps7_debug_3_0
                0x0001be54                ps7_pll_init_data_2_0
                0x0001bfdc                ps7_clock_init_data_2_0
                0x0001c080                ps7_mio_init_data_2_0
                0x0001c174                ps7_peripherals_init_data_2_0
                0x0001c280                ps7_post_config_2_0
                0x0001c2c4                ps7_debug_2_0
                0x0001c2f8                ps7_pll_init_data_1_0
                0x0001c480                ps7_clock_init_data_1_0
                0x0001c524                ps7_mio_init_data_1_0
                0x0001c618                ps7_peripherals_init_data_1_0
                0x0001c724                ps7_post_config_1_0
                0x0001c768                ps7_debug_1_0
                0x0001c79c                ps7_mio_init_data
                0x0001c7a0                ps7_pll_init_data
                0x0001c7a4                ps7_clock_init_data
                0x0001c7a8                ps7_ddr_init_data
                0x0001c7ac                ps7_peripherals_init_data
 .data          0x0001c7b0        0x0 ./src/queue.o
 .data          0x0001c7b0        0x0 ./src/tasks.o
 .data          0x0001c7b0        0x0 ./src/timers.o
 .data          0x0001c7b0       0x40 ./NicolaCode/Bluetooth.o
                0x0001c7b0                StartupMessages
                0x0001c7e4                PinCodes
                0x0001c7ec                BluetoothCommandEcho
 .data          0x0001c7f0        0x0 ./NicolaCode/ConsoleManager.o
 .data          0x0001c7f0        0x0 ./NicolaCode/DebugInterface.o
 .data          0x0001c7f0        0x8 ./NicolaCode/Flash-SDCard.o
 .data          0x0001c7f8      0x568 ./NicolaCode/LCD_Display.o
                0x0001c7f8                microphoneVolume1
                0x0001c818                microphoneVolume2
                0x0001c838                microphoneVolume3
                0x0001c858                microphoneVolume4
                0x0001c878                microphoneVolume5
                0x0001c898                aerialTypeSetting
                0x0001c8b8                aerialTypeSetting1
                0x0001c8d8                frequencySetting
                0x0001c8f8                frequencySetting2
                0x0001c918                frequencySetting3
                0x0001c938                confidenceBeepSetting
                0x0001c998                BluetoothPairingSetting
                0x0001c9b8                BluetoothPairingSetting1
                0x0001c9d8                TextMessageReceived
                0x0001c9ec                TextMessageReceived2
                0x0001ca00                TextMessageReceived3
                0x0001ca14                TextMessageReceived4
                0x0001ca28                TextMessageTestSetting
                0x0001ca3c                TextMessageTestSetting2
                0x0001ca50                TextMessageTestSetting3
                0x0001ca64                TextMessageTestSetting4
                0x0001ca78                debugOn
                0x0001ca98                debugOff
                0x0001cab8                turnRadioOffSetting
                0x0001cad8                turnRadioOffSetting1
                0x0001caf8                theMenu_99
                0x0001cb34                theMenu_8
                0x0001cb70                theMenu_7a
                0x0001cbac                theMenu_7
                0x0001cbe8                theMenu_6
                0x0001cc24                theMenu_5a
                0x0001cc60                theMenu_5
                0x0001cc9c                theMenu_4
                0x0001ccd8                theMenu_3
                0x0001cd14                theMenu_1
                0x0001cd50                Nicola3Name
                0x0001cd54                CurrentMenuPosition
                0x0001cd58                CurrentSubMenuPosition
 .data          0x0001cd60     0x127c ./NicolaCode/PSPLComms.o
                0x0001cd60                KeypadPico
                0x0001d204                UserPico
 .data          0x0001dfdc        0x0 ./NicolaCode/RadioInterface.o
 .data          0x0001dfdc        0x0 ./NicolaCode/RemoteProtocolHandler.o
 .data          0x0001dfdc        0x0 ./NicolaCode/xsdps.o
 .data          0x0001dfdc        0x0 ../../NicolaRadio_bsp/ps7_cortexa9_0/lib/libxil.a(xllfifo.o)
 .data          0x0001dfdc        0x0 ../../NicolaRadio_bsp/ps7_cortexa9_0/lib/libxil.a(xllfifo_sinit.o)
 .data          0x0001dfdc        0x0 ../../NicolaRadio_bsp/ps7_cortexa9_0/lib/libxil.a(xstreamer.o)
 .data          0x0001dfdc        0x0 ../../NicolaRadio_bsp/ps7_cortexa9_0/lib/libxil.a(n3z_tonetest.o)
 .data          0x0001dfdc        0x0 ../../NicolaRadio_bsp/ps7_cortexa9_0/lib/libxil.a(n3z_tonetest_sinit.o)
 .data          0x0001dfdc        0x0 ../../NicolaRadio_bsp/ps7_cortexa9_0/lib/libxil.a(xscugic.o)
 .data          0x0001dfdc      0x624 ../../NicolaRadio_bsp/ps7_cortexa9_0/lib/libxil.a(xscugic_g.o)
                0x0001dfdc                XScuGic_ConfigTable
 .data          0x0001e600        0x0 ../../NicolaRadio_bsp/ps7_cortexa9_0/lib/libxil.a(xscugic_sinit.o)
 .data          0x0001e600        0x0 ../../NicolaRadio_bsp/ps7_cortexa9_0/lib/libxil.a(xscutimer.o)
 .data          0x0001e600        0x0 ../../NicolaRadio_bsp/ps7_cortexa9_0/lib/libxil.a(xscutimer_sinit.o)
 .data          0x0001e600        0x0 ../../NicolaRadio_bsp/ps7_cortexa9_0/lib/libxil.a(xscuwdt.o)
 .data          0x0001e600        0x0 ../../NicolaRadio_bsp/ps7_cortexa9_0/lib/libxil.a(xscuwdt_sinit.o)
 .data          0x0001e600        0x0 ../../NicolaRadio_bsp/ps7_cortexa9_0/lib/libxil.a(xsdps_options.o)
 .data          0x0001e600        0x0 ../../NicolaRadio_bsp/ps7_cortexa9_0/lib/libxil.a(xsdps_sinit.o)
 .data          0x0001e600        0x0 ../../NicolaRadio_bsp/ps7_cortexa9_0/lib/libxil.a(asm_vectors.o)
 .data          0x0001e600        0x0 ../../NicolaRadio_bsp/ps7_cortexa9_0/lib/libxil.a(boot.o)
 .data          0x0001e600        0x0 ../../NicolaRadio_bsp/ps7_cortexa9_0/lib/libxil.a(sleep.o)
 .data          0x0001e600        0x0 ../../NicolaRadio_bsp/ps7_cortexa9_0/lib/libxil.a(translation_table.o)
 .data          0x0001e600        0x0 ../../NicolaRadio_bsp/ps7_cortexa9_0/lib/libxil.a(usleep.o)
 .data          0x0001e600        0x0 ../../NicolaRadio_bsp/ps7_cortexa9_0/lib/libxil.a(vectors.o)
 .data          0x0001e600        0x0 ../../NicolaRadio_bsp/ps7_cortexa9_0/lib/libxil.a(xil-crt0.o)
 .data          0x0001e600        0x0 ../../NicolaRadio_bsp/ps7_cortexa9_0/lib/libxil.a(xil_assert.o)
 .data          0x0001e600        0x0 ../../NicolaRadio_bsp/ps7_cortexa9_0/lib/libxil.a(xil_cache.o)
 .data          0x0001e600       0x38 ../../NicolaRadio_bsp/ps7_cortexa9_0/lib/libxil.a(xil_exception.o)
                0x0001e600                XExc_VectorTable
 .data          0x0001e638        0x0 ../../NicolaRadio_bsp/ps7_cortexa9_0/lib/libxil.a(xil_io.o)
 .data          0x0001e638        0x0 ../../NicolaRadio_bsp/ps7_cortexa9_0/lib/libxil.a(xil_printf.o)
 .data          0x0001e638        0x0 ../../NicolaRadio_bsp/ps7_cortexa9_0/lib/libxil.a(xtime_l.o)
 .data          0x0001e638       0x20 ../../NicolaRadio_bsp/ps7_cortexa9_0/lib/libxil.a(xllfifo_g.o)
                0x0001e638                XLlFifo_ConfigTable
 .data          0x0001e658        0x8 ../../NicolaRadio_bsp/ps7_cortexa9_0/lib/libxil.a(n3z_tonetest_g.o)
                0x0001e658                n3z_tonetest_ConfigTable
 .data          0x0001e660        0x8 ../../NicolaRadio_bsp/ps7_cortexa9_0/lib/libxil.a(xscutimer_g.o)
                0x0001e660                XScuTimer_ConfigTable
 .data          0x0001e668        0x8 ../../NicolaRadio_bsp/ps7_cortexa9_0/lib/libxil.a(xscuwdt_g.o)
                0x0001e668                XScuWdt_ConfigTable
 .data          0x0001e670       0x14 ../../NicolaRadio_bsp/ps7_cortexa9_0/lib/libxil.a(xsdps_g.o)
                0x0001e670                XSdPs_ConfigTable
 .data          0x0001e684        0x0 ../../NicolaRadio_bsp/ps7_cortexa9_0/lib/libxil.a(cpu_init.o)
 .data          0x0001e684        0x0 ../../NicolaRadio_bsp/ps7_cortexa9_0/lib/libxil.a(outbyte.o)
 .data          0x0001e684        0x0 ../../NicolaRadio_bsp/ps7_cortexa9_0/lib/libxil.a(xuartps_hw.o)
 .data          0x0001e684        0x0 /opt/Xilinx/SDK/2016.2/gnu/aarch32/lin/gcc-arm-none-eabi/bin/../lib/gcc/arm-none-eabi/4.9.2/v7-a/fpv3/hard/libgcc.a(_udivsi3.o)
 .data          0x0001e684        0x0 /opt/Xilinx/SDK/2016.2/gnu/aarch32/lin/gcc-arm-none-eabi/bin/../lib/gcc/arm-none-eabi/4.9.2/v7-a/fpv3/hard/libgcc.a(_dvmd_tls.o)
 .data          0x0001e684        0x0 /opt/Xilinx/SDK/2016.2/gnu/aarch32/lin/gcc-arm-none-eabi/bin/../lib/gcc/arm-none-eabi/4.9.2/../../../../arm-none-eabi/lib/v7-a/fpv3/hard/libc.a(lib_a-atoi.o)
 .data          0x0001e684        0x4 /opt/Xilinx/SDK/2016.2/gnu/aarch32/lin/gcc-arm-none-eabi/bin/../lib/gcc/arm-none-eabi/4.9.2/../../../../arm-none-eabi/lib/v7-a/fpv3/hard/libc.a(lib_a-ctype_.o)
                0x0001e684                __ctype_ptr__
 .data          0x0001e688        0x0 /opt/Xilinx/SDK/2016.2/gnu/aarch32/lin/gcc-arm-none-eabi/bin/../lib/gcc/arm-none-eabi/4.9.2/../../../../arm-none-eabi/lib/v7-a/fpv3/hard/libc.a(lib_a-exit.o)
 .data          0x0001e688        0x0 /opt/Xilinx/SDK/2016.2/gnu/aarch32/lin/gcc-arm-none-eabi/bin/../lib/gcc/arm-none-eabi/4.9.2/../../../../arm-none-eabi/lib/v7-a/fpv3/hard/libc.a(lib_a-fini.o)
 .data          0x0001e688      0x430 /opt/Xilinx/SDK/2016.2/gnu/aarch32/lin/gcc-arm-none-eabi/bin/../lib/gcc/arm-none-eabi/4.9.2/../../../../arm-none-eabi/lib/v7-a/fpv3/hard/libc.a(lib_a-impure.o)
                0x0001e688                _impure_ptr
 .data          0x0001eab8        0x0 /opt/Xilinx/SDK/2016.2/gnu/aarch32/lin/gcc-arm-none-eabi/bin/../lib/gcc/arm-none-eabi/4.9.2/../../../../arm-none-eabi/lib/v7-a/fpv3/hard/libc.a(lib_a-init.o)
 .data          0x0001eab8        0x0 /opt/Xilinx/SDK/2016.2/gnu/aarch32/lin/gcc-arm-none-eabi/bin/../lib/gcc/arm-none-eabi/4.9.2/../../../../arm-none-eabi/lib/v7-a/fpv3/hard/libc.a(lib_a-malloc.o)
 .data          0x0001eab8      0x410 /opt/Xilinx/SDK/2016.2/gnu/aarch32/lin/gcc-arm-none-eabi/bin/../lib/gcc/arm-none-eabi/4.9.2/../../../../arm-none-eabi/lib/v7-a/fpv3/hard/libc.a(lib_a-mallocr.o)
                0x0001eab8                __malloc_av_
                0x0001eec0                __malloc_sbrk_base
                0x0001eec4                __malloc_trim_threshold
 .data          0x0001eec8        0x0 /opt/Xilinx/SDK/2016.2/gnu/aarch32/lin/gcc-arm-none-eabi/bin/../lib/gcc/arm-none-eabi/4.9.2/../../../../arm-none-eabi/lib/v7-a/fpv3/hard/libc.a(lib_a-memcmp.o)
 .data          0x0001eec8        0x0 /opt/Xilinx/SDK/2016.2/gnu/aarch32/lin/gcc-arm-none-eabi/bin/../lib/gcc/arm-none-eabi/4.9.2/../../../../arm-none-eabi/lib/v7-a/fpv3/hard/libc.a(lib_a-memcpy.o)
 .data          0x0001eec8        0x0 /opt/Xilinx/SDK/2016.2/gnu/aarch32/lin/gcc-arm-none-eabi/bin/../lib/gcc/arm-none-eabi/4.9.2/../../../../arm-none-eabi/lib/v7-a/fpv3/hard/libc.a(lib_a-memset.o)
 .data          0x0001eec8        0x0 /opt/Xilinx/SDK/2016.2/gnu/aarch32/lin/gcc-arm-none-eabi/bin/../lib/gcc/arm-none-eabi/4.9.2/../../../../arm-none-eabi/lib/v7-a/fpv3/hard/libc.a(lib_a-mlock.o)
 .data          0x0001eec8        0x0 /opt/Xilinx/SDK/2016.2/gnu/aarch32/lin/gcc-arm-none-eabi/bin/../lib/gcc/arm-none-eabi/4.9.2/../../../../arm-none-eabi/lib/v7-a/fpv3/hard/libc.a(lib_a-sbrkr.o)
 .data          0x0001eec8        0x0 /opt/Xilinx/SDK/2016.2/gnu/aarch32/lin/gcc-arm-none-eabi/bin/../lib/gcc/arm-none-eabi/4.9.2/../../../../arm-none-eabi/lib/v7-a/fpv3/hard/libc.a(lib_a-strcpy.o)
 .data          0x0001eec8        0x0 /opt/Xilinx/SDK/2016.2/gnu/aarch32/lin/gcc-arm-none-eabi/bin/../lib/gcc/arm-none-eabi/4.9.2/../../../../arm-none-eabi/lib/v7-a/fpv3/hard/libc.a(lib_a-strlen-armv7.o)
 .data          0x0001eec8        0x0 /opt/Xilinx/SDK/2016.2/gnu/aarch32/lin/gcc-arm-none-eabi/bin/../lib/gcc/arm-none-eabi/4.9.2/../../../../arm-none-eabi/lib/v7-a/fpv3/hard/libc.a(lib_a-strncmp.o)
 .data          0x0001eec8        0x0 /opt/Xilinx/SDK/2016.2/gnu/aarch32/lin/gcc-arm-none-eabi/bin/../lib/gcc/arm-none-eabi/4.9.2/../../../../arm-none-eabi/lib/v7-a/fpv3/hard/libc.a(lib_a-strncpy.o)
 .data          0x0001eec8        0x0 /opt/Xilinx/SDK/2016.2/gnu/aarch32/lin/gcc-arm-none-eabi/bin/../lib/gcc/arm-none-eabi/4.9.2/../../../../arm-none-eabi/lib/v7-a/fpv3/hard/libc.a(lib_a-strtol.o)
 .data          0x0001eec8        0x0 /opt/Xilinx/SDK/2016.2/gnu/aarch32/lin/gcc-arm-none-eabi/bin/../lib/gcc/arm-none-eabi/4.9.2/../../../../arm-none-eabi/lib/v7-a/fpv3/hard/libc.a(lib_a-__call_atexit.o)
 .data          0x0001eec8        0x0 /opt/Xilinx/SDK/2016.2/gnu/aarch32/lin/gcc-arm-none-eabi/bin/../lib/gcc/arm-none-eabi/4.9.2/../../../../arm-none-eabi/lib/v7-a/fpv3/hard/libc.a(lib_a-atexit.o)
 .data          0x0001eec8        0x0 /opt/Xilinx/SDK/2016.2/gnu/aarch32/lin/gcc-arm-none-eabi/bin/../lib/gcc/arm-none-eabi/4.9.2/../../../../arm-none-eabi/lib/v7-a/fpv3/hard/libc.a(lib_a-freer.o)
 .data          0x0001eec8        0x0 /opt/Xilinx/SDK/2016.2/gnu/aarch32/lin/gcc-arm-none-eabi/bin/../lib/gcc/arm-none-eabi/4.9.2/../../../../arm-none-eabi/lib/v7-a/fpv3/hard/libc.a(lib_a-reent.o)
 .data          0x0001eec8        0x0 /opt/Xilinx/SDK/2016.2/gnu/aarch32/lin/gcc-arm-none-eabi/bin/../lib/gcc/arm-none-eabi/4.9.2/../../../../arm-none-eabi/lib/v7-a/fpv3/hard/libc.a(lib_a-__atexit.o)
 .data          0x0001eec8        0x0 ../../NicolaRadio_bsp/ps7_cortexa9_0/lib/libxil.a(_exit.o)
 .data          0x0001eec8        0x0 ../../NicolaRadio_bsp/ps7_cortexa9_0/lib/libxil.a(_sbrk.o)
 .data          0x0001eec8        0x0 /opt/Xilinx/SDK/2016.2/gnu/aarch32/lin/gcc-arm-none-eabi/bin/../lib/gcc/arm-none-eabi/4.9.2/v7-a/fpv3/hard/crtend.o
 .data          0x0001eec8        0x0 /opt/Xilinx/SDK/2016.2/gnu/aarch32/lin/gcc-arm-none-eabi/bin/../lib/gcc/arm-none-eabi/4.9.2/v7-a/fpv3/hard/crtn.o
 *(.data.*)
 *(.gnu.linkonce.d.*)
 *(.jcr)
 .jcr           0x0001eec8        0x0 /opt/Xilinx/SDK/2016.2/gnu/aarch32/lin/gcc-arm-none-eabi/bin/../lib/gcc/arm-none-eabi/4.9.2/v7-a/fpv3/hard/crtbegin.o
 .jcr           0x0001eec8        0x4 /opt/Xilinx/SDK/2016.2/gnu/aarch32/lin/gcc-arm-none-eabi/bin/../lib/gcc/arm-none-eabi/4.9.2/v7-a/fpv3/hard/crtend.o
 *(.got)
 *(.got.plt)
                0x0001eecc                __data_end = .
                0x0001eecc                _dataVMA_end = .
                0x0001b9a0                _dataLMA = LOADADDR (.data)

.tm_clone_table
                0x0001eecc        0x0
 .tm_clone_table
                0x0001eecc        0x0 /opt/Xilinx/SDK/2016.2/gnu/aarch32/lin/gcc-arm-none-eabi/bin/../lib/gcc/arm-none-eabi/4.9.2/v7-a/fpv3/hard/crtbegin.o
 .tm_clone_table
                0x0001eecc        0x0 /opt/Xilinx/SDK/2016.2/gnu/aarch32/lin/gcc-arm-none-eabi/bin/../lib/gcc/arm-none-eabi/4.9.2/v7-a/fpv3/hard/crtend.o

.igot.plt       0x0001eecc        0x0
 .igot.plt      0x00000000        0x0 /opt/Xilinx/SDK/2016.2/gnu/aarch32/lin/gcc-arm-none-eabi/bin/../lib/gcc/arm-none-eabi/4.9.2/v7-a/fpv3/hard/crtbegin.o

.got2           0x0001eecc        0x0
 .got2          0x0001eecc        0x0 ../../NicolaRadio_bsp/ps7_cortexa9_0/lib/libxil.a(xil-crt0.o)

.data1          0x0001eecc        0x0
                0x0001eecc                __data1_start = .
 *(.data1)
 *(.data1.*)
                0x0001eecc                __data1_end = .

.got
 *(.got)

.ctors          0x0001eecc        0x0
                0x0001eecc                __CTOR_LIST__ = .
                0x0001eecc                ___CTORS_LIST___ = .
 *crtbegin.o(.ctors)
 *(EXCLUDE_FILE(*crtend.o) .ctors)
 *(SORT(.ctors.*))
 *(.ctors)
                0x0001eecc                __CTOR_END__ = .
                0x0001eecc                ___CTORS_END___ = .

.dtors          0x0001eecc        0x0
                0x0001eecc                __DTOR_LIST__ = .
                0x0001eecc                ___DTORS_LIST___ = .
 *crtbegin.o(.dtors)
 *(EXCLUDE_FILE(*crtend.o) .dtors)
 *(SORT(.dtors.*))
 *(.dtors)
                0x0001eecc                __DTOR_END__ = .
                0x0001eecc                ___DTORS_END___ = .

.fixup          0x0001eecc        0x0
                0x0001eecc                __fixup_start = .
 *(.fixup)
                0x0001eecc                __fixup_end = .

.eh_frame       0x0001eecc        0x4
 *(.eh_frame)
 .eh_frame      0x0001eecc        0x0 /opt/Xilinx/SDK/2016.2/gnu/aarch32/lin/gcc-arm-none-eabi/bin/../lib/gcc/arm-none-eabi/4.9.2/v7-a/fpv3/hard/crtbegin.o
 .eh_frame      0x0001eecc        0x4 /opt/Xilinx/SDK/2016.2/gnu/aarch32/lin/gcc-arm-none-eabi/bin/../lib/gcc/arm-none-eabi/4.9.2/v7-a/fpv3/hard/crtend.o

.eh_framehdr    0x0001eed0        0x0
                0x0001eed0                __eh_framehdr_start = .
 *(.eh_framehdr)
                0x0001eed0                __eh_framehdr_end = .

.gcc_except_table
 *(.gcc_except_table)

.mmu_tbl        0x00020000     0x4000
                0x00020000                __mmu_tbl_start = .
 *(.mmu_tbl)
 .mmu_tbl       0x00020000     0x4000 ../../NicolaRadio_bsp/ps7_cortexa9_0/lib/libxil.a(translation_table.o)
                0x00020000                MMUTable
                0x00024000                __mmu_tbl_end = .

.rel.dyn        0x00024000        0x0
 .rel.iplt      0x00000000        0x0 /opt/Xilinx/SDK/2016.2/gnu/aarch32/lin/gcc-arm-none-eabi/bin/../lib/gcc/arm-none-eabi/4.9.2/v7-a/fpv3/hard/crtbegin.o

.ARM.exidx      0x00024000        0x0
                0x00024000                __exidx_start = .
 *(.ARM.exidx*)
 *(.gnu.linkonce.armexidix.*.*)
                0x00024000                __exidx_end = .

.preinit_array  0x00024000        0x0
                0x00024000                __preinit_array_start = .
 *(SORT(.preinit_array.*))
 *(.preinit_array)
                0x00024000                __preinit_array_end = .

.init_array     0x00024000        0x8
                0x00024000                __init_array_start = .
 *(SORT(.init_array.*))
 .init_array.00000
                0x00024000        0x4 /opt/Xilinx/SDK/2016.2/gnu/aarch32/lin/gcc-arm-none-eabi/bin/../lib/gcc/arm-none-eabi/4.9.2/../../../../arm-none-eabi/lib/v7-a/fpv3/hard/libc.a(lib_a-__call_atexit.o)
 *(.init_array)
 .init_array    0x00024004        0x4 /opt/Xilinx/SDK/2016.2/gnu/aarch32/lin/gcc-arm-none-eabi/bin/../lib/gcc/arm-none-eabi/4.9.2/v7-a/fpv3/hard/crtbegin.o
                0x00024008                __init_array_end = .

.fini_array     0x00024008        0x4
                0x00024008                __fini_array_start = .
 *(SORT(.fini_array.*))
 *(.fini_array)
 .fini_array    0x00024008        0x4 /opt/Xilinx/SDK/2016.2/gnu/aarch32/lin/gcc-arm-none-eabi/bin/../lib/gcc/arm-none-eabi/4.9.2/v7-a/fpv3/hard/crtbegin.o
                0x0002400c                __fini_array_end = .

.ARM.attributes
                0x0002400c       0x35
                0x0002400c                __ARM.attributes_start = .
 *(.ARM.attributes)
 .ARM.attributes
                0x0002400c       0x21 /opt/Xilinx/SDK/2016.2/gnu/aarch32/lin/gcc-arm-none-eabi/bin/../lib/gcc/arm-none-eabi/4.9.2/v7-a/fpv3/hard/crti.o
 .ARM.attributes
                0x0002402d       0x35 /opt/Xilinx/SDK/2016.2/gnu/aarch32/lin/gcc-arm-none-eabi/bin/../lib/gcc/arm-none-eabi/4.9.2/v7-a/fpv3/hard/crtbegin.o
 .ARM.attributes
                0x00024062       0x3f ./src/portable/port.o
 .ARM.attributes
                0x000240a1       0x29 ./src/portable/portASM.o
 .ARM.attributes
                0x000240ca       0x29 ./src/FreeRTOS_asm_vectors.o
 .ARM.attributes
                0x000240f3       0x3f ./src/FreeRTOS_tick_config.o
 .ARM.attributes
                0x00024132       0x3f ./src/event_groups.o
 .ARM.attributes
                0x00024171       0x3f ./src/heap_4.o
 .ARM.attributes
                0x000241b0       0x3f ./src/list.o
 .ARM.attributes
                0x000241ef       0x3f ./src/main.o
 .ARM.attributes
                0x0002422e       0x3f ./src/platform.o
 .ARM.attributes
                0x0002426d       0x3f ./src/printf-stdarg.o
 .ARM.attributes
                0x000242ac       0x3f ./src/ps7_init_Nicola.o
 .ARM.attributes
                0x000242eb       0x3f ./src/queue.o
 .ARM.attributes
                0x0002432a       0x3f ./src/tasks.o
 .ARM.attributes
                0x00024369       0x3f ./src/timers.o
 .ARM.attributes
                0x000243a8       0x3f ./NicolaCode/Bluetooth.o
 .ARM.attributes
                0x000243e7       0x3f ./NicolaCode/ConsoleManager.o
 .ARM.attributes
                0x00024426       0x3f ./NicolaCode/DebugInterface.o
 .ARM.attributes
                0x00024465       0x3f ./NicolaCode/Flash-SDCard.o
 .ARM.attributes
                0x000244a4       0x3f ./NicolaCode/LCD_Display.o
 .ARM.attributes
                0x000244e3       0x3f ./NicolaCode/PSPLComms.o
 .ARM.attributes
                0x00024522       0x3f ./NicolaCode/RadioInterface.o
 .ARM.attributes
                0x00024561       0x3f ./NicolaCode/RemoteProtocolHandler.o
 .ARM.attributes
                0x000245a0       0x3f ./NicolaCode/xsdps.o
 .ARM.attributes
                0x000245df       0x3f ../../NicolaRadio_bsp/ps7_cortexa9_0/lib/libxil.a(xllfifo.o)
 .ARM.attributes
                0x0002461e       0x3f ../../NicolaRadio_bsp/ps7_cortexa9_0/lib/libxil.a(xllfifo_sinit.o)
 .ARM.attributes
                0x0002465d       0x3f ../../NicolaRadio_bsp/ps7_cortexa9_0/lib/libxil.a(xstreamer.o)
 .ARM.attributes
                0x0002469c       0x3f ../../NicolaRadio_bsp/ps7_cortexa9_0/lib/libxil.a(n3z_tonetest.o)
 .ARM.attributes
                0x000246db       0x3f ../../NicolaRadio_bsp/ps7_cortexa9_0/lib/libxil.a(n3z_tonetest_sinit.o)
 .ARM.attributes
                0x0002471a       0x3f ../../NicolaRadio_bsp/ps7_cortexa9_0/lib/libxil.a(xscugic.o)
 .ARM.attributes
                0x00024759       0x3f ../../NicolaRadio_bsp/ps7_cortexa9_0/lib/libxil.a(xscugic_g.o)
 .ARM.attributes
                0x00024798       0x3f ../../NicolaRadio_bsp/ps7_cortexa9_0/lib/libxil.a(xscugic_sinit.o)
 .ARM.attributes
                0x000247d7       0x3f ../../NicolaRadio_bsp/ps7_cortexa9_0/lib/libxil.a(xscutimer.o)
 .ARM.attributes
                0x00024816       0x3f ../../NicolaRadio_bsp/ps7_cortexa9_0/lib/libxil.a(xscutimer_sinit.o)
 .ARM.attributes
                0x00024855       0x3f ../../NicolaRadio_bsp/ps7_cortexa9_0/lib/libxil.a(xscuwdt.o)
 .ARM.attributes
                0x00024894       0x3f ../../NicolaRadio_bsp/ps7_cortexa9_0/lib/libxil.a(xscuwdt_sinit.o)
 .ARM.attributes
                0x000248d3       0x3f ../../NicolaRadio_bsp/ps7_cortexa9_0/lib/libxil.a(xsdps_options.o)
 .ARM.attributes
                0x00024912       0x3f ../../NicolaRadio_bsp/ps7_cortexa9_0/lib/libxil.a(xsdps_sinit.o)
 .ARM.attributes
                0x00024951       0x29 ../../NicolaRadio_bsp/ps7_cortexa9_0/lib/libxil.a(asm_vectors.o)
 .ARM.attributes
                0x0002497a       0x29 ../../NicolaRadio_bsp/ps7_cortexa9_0/lib/libxil.a(boot.o)
 .ARM.attributes
                0x000249a3       0x3f ../../NicolaRadio_bsp/ps7_cortexa9_0/lib/libxil.a(sleep.o)
 .ARM.attributes
                0x000249e2       0x29 ../../NicolaRadio_bsp/ps7_cortexa9_0/lib/libxil.a(translation_table.o)
 .ARM.attributes
                0x00024a0b       0x3f ../../NicolaRadio_bsp/ps7_cortexa9_0/lib/libxil.a(usleep.o)
 .ARM.attributes
                0x00024a4a       0x3f ../../NicolaRadio_bsp/ps7_cortexa9_0/lib/libxil.a(vectors.o)
 .ARM.attributes
                0x00024a89       0x29 ../../NicolaRadio_bsp/ps7_cortexa9_0/lib/libxil.a(xil-crt0.o)
 .ARM.attributes
                0x00024ab2       0x3f ../../NicolaRadio_bsp/ps7_cortexa9_0/lib/libxil.a(xil_assert.o)
 .ARM.attributes
                0x00024af1       0x3f ../../NicolaRadio_bsp/ps7_cortexa9_0/lib/libxil.a(xil_cache.o)
 .ARM.attributes
                0x00024b30       0x3f ../../NicolaRadio_bsp/ps7_cortexa9_0/lib/libxil.a(xil_exception.o)
 .ARM.attributes
                0x00024b6f       0x3f ../../NicolaRadio_bsp/ps7_cortexa9_0/lib/libxil.a(xil_io.o)
 .ARM.attributes
                0x00024bae       0x3f ../../NicolaRadio_bsp/ps7_cortexa9_0/lib/libxil.a(xil_printf.o)
 .ARM.attributes
                0x00024bed       0x3f ../../NicolaRadio_bsp/ps7_cortexa9_0/lib/libxil.a(xtime_l.o)
 .ARM.attributes
                0x00024c2c       0x3f ../../NicolaRadio_bsp/ps7_cortexa9_0/lib/libxil.a(xllfifo_g.o)
 .ARM.attributes
                0x00024c6b       0x3f ../../NicolaRadio_bsp/ps7_cortexa9_0/lib/libxil.a(n3z_tonetest_g.o)
 .ARM.attributes
                0x00024caa       0x3f ../../NicolaRadio_bsp/ps7_cortexa9_0/lib/libxil.a(xscutimer_g.o)
 .ARM.attributes
                0x00024ce9       0x3f ../../NicolaRadio_bsp/ps7_cortexa9_0/lib/libxil.a(xscuwdt_g.o)
 .ARM.attributes
                0x00024d28       0x3f ../../NicolaRadio_bsp/ps7_cortexa9_0/lib/libxil.a(xsdps_g.o)
 .ARM.attributes
                0x00024d67       0x29 ../../NicolaRadio_bsp/ps7_cortexa9_0/lib/libxil.a(cpu_init.o)
 .ARM.attributes
                0x00024d90       0x3f ../../NicolaRadio_bsp/ps7_cortexa9_0/lib/libxil.a(outbyte.o)
 .ARM.attributes
                0x00024dcf       0x3f ../../NicolaRadio_bsp/ps7_cortexa9_0/lib/libxil.a(xuartps_hw.o)
 .ARM.attributes
                0x00024e0e       0x21 /opt/Xilinx/SDK/2016.2/gnu/aarch32/lin/gcc-arm-none-eabi/bin/../lib/gcc/arm-none-eabi/4.9.2/v7-a/fpv3/hard/libgcc.a(_udivsi3.o)
 .ARM.attributes
                0x00024e2f       0x21 /opt/Xilinx/SDK/2016.2/gnu/aarch32/lin/gcc-arm-none-eabi/bin/../lib/gcc/arm-none-eabi/4.9.2/v7-a/fpv3/hard/libgcc.a(_dvmd_tls.o)
 .ARM.attributes
                0x00024e50       0x35 /opt/Xilinx/SDK/2016.2/gnu/aarch32/lin/gcc-arm-none-eabi/bin/../lib/gcc/arm-none-eabi/4.9.2/../../../../arm-none-eabi/lib/v7-a/fpv3/hard/libc.a(lib_a-atoi.o)
 .ARM.attributes
                0x00024e85       0x35 /opt/Xilinx/SDK/2016.2/gnu/aarch32/lin/gcc-arm-none-eabi/bin/../lib/gcc/arm-none-eabi/4.9.2/../../../../arm-none-eabi/lib/v7-a/fpv3/hard/libc.a(lib_a-ctype_.o)
 .ARM.attributes
                0x00024eba       0x35 /opt/Xilinx/SDK/2016.2/gnu/aarch32/lin/gcc-arm-none-eabi/bin/../lib/gcc/arm-none-eabi/4.9.2/../../../../arm-none-eabi/lib/v7-a/fpv3/hard/libc.a(lib_a-exit.o)
 .ARM.attributes
                0x00024eef       0x35 /opt/Xilinx/SDK/2016.2/gnu/aarch32/lin/gcc-arm-none-eabi/bin/../lib/gcc/arm-none-eabi/4.9.2/../../../../arm-none-eabi/lib/v7-a/fpv3/hard/libc.a(lib_a-fini.o)
 .ARM.attributes
                0x00024f24       0x35 /opt/Xilinx/SDK/2016.2/gnu/aarch32/lin/gcc-arm-none-eabi/bin/../lib/gcc/arm-none-eabi/4.9.2/../../../../arm-none-eabi/lib/v7-a/fpv3/hard/libc.a(lib_a-impure.o)
 .ARM.attributes
                0x00024f59       0x35 /opt/Xilinx/SDK/2016.2/gnu/aarch32/lin/gcc-arm-none-eabi/bin/../lib/gcc/arm-none-eabi/4.9.2/../../../../arm-none-eabi/lib/v7-a/fpv3/hard/libc.a(lib_a-init.o)
 .ARM.attributes
                0x00024f8e       0x35 /opt/Xilinx/SDK/2016.2/gnu/aarch32/lin/gcc-arm-none-eabi/bin/../lib/gcc/arm-none-eabi/4.9.2/../../../../arm-none-eabi/lib/v7-a/fpv3/hard/libc.a(lib_a-malloc.o)
 .ARM.attributes
                0x00024fc3       0x35 /opt/Xilinx/SDK/2016.2/gnu/aarch32/lin/gcc-arm-none-eabi/bin/../lib/gcc/arm-none-eabi/4.9.2/../../../../arm-none-eabi/lib/v7-a/fpv3/hard/libc.a(lib_a-mallocr.o)
 .ARM.attributes
                0x00024ff8       0x35 /opt/Xilinx/SDK/2016.2/gnu/aarch32/lin/gcc-arm-none-eabi/bin/../lib/gcc/arm-none-eabi/4.9.2/../../../../arm-none-eabi/lib/v7-a/fpv3/hard/libc.a(lib_a-memcmp.o)
 .ARM.attributes
                0x0002502d       0x1b /opt/Xilinx/SDK/2016.2/gnu/aarch32/lin/gcc-arm-none-eabi/bin/../lib/gcc/arm-none-eabi/4.9.2/../../../../arm-none-eabi/lib/v7-a/fpv3/hard/libc.a(lib_a-memcpy.o)
 .ARM.attributes
                0x00025048       0x35 /opt/Xilinx/SDK/2016.2/gnu/aarch32/lin/gcc-arm-none-eabi/bin/../lib/gcc/arm-none-eabi/4.9.2/../../../../arm-none-eabi/lib/v7-a/fpv3/hard/libc.a(lib_a-memset.o)
 .ARM.attributes
                0x0002507d       0x35 /opt/Xilinx/SDK/2016.2/gnu/aarch32/lin/gcc-arm-none-eabi/bin/../lib/gcc/arm-none-eabi/4.9.2/../../../../arm-none-eabi/lib/v7-a/fpv3/hard/libc.a(lib_a-mlock.o)
 .ARM.attributes
                0x000250b2       0x35 /opt/Xilinx/SDK/2016.2/gnu/aarch32/lin/gcc-arm-none-eabi/bin/../lib/gcc/arm-none-eabi/4.9.2/../../../../arm-none-eabi/lib/v7-a/fpv3/hard/libc.a(lib_a-sbrkr.o)
 .ARM.attributes
                0x000250e7       0x35 /opt/Xilinx/SDK/2016.2/gnu/aarch32/lin/gcc-arm-none-eabi/bin/../lib/gcc/arm-none-eabi/4.9.2/../../../../arm-none-eabi/lib/v7-a/fpv3/hard/libc.a(lib_a-strcpy.o)
 .ARM.attributes
                0x0002511c       0x1f /opt/Xilinx/SDK/2016.2/gnu/aarch32/lin/gcc-arm-none-eabi/bin/../lib/gcc/arm-none-eabi/4.9.2/../../../../arm-none-eabi/lib/v7-a/fpv3/hard/libc.a(lib_a-strlen-armv7.o)
 .ARM.attributes
                0x0002513b       0x35 /opt/Xilinx/SDK/2016.2/gnu/aarch32/lin/gcc-arm-none-eabi/bin/../lib/gcc/arm-none-eabi/4.9.2/../../../../arm-none-eabi/lib/v7-a/fpv3/hard/libc.a(lib_a-strncmp.o)
 .ARM.attributes
                0x00025170       0x35 /opt/Xilinx/SDK/2016.2/gnu/aarch32/lin/gcc-arm-none-eabi/bin/../lib/gcc/arm-none-eabi/4.9.2/../../../../arm-none-eabi/lib/v7-a/fpv3/hard/libc.a(lib_a-strncpy.o)
 .ARM.attributes
                0x000251a5       0x35 /opt/Xilinx/SDK/2016.2/gnu/aarch32/lin/gcc-arm-none-eabi/bin/../lib/gcc/arm-none-eabi/4.9.2/../../../../arm-none-eabi/lib/v7-a/fpv3/hard/libc.a(lib_a-strtol.o)
 .ARM.attributes
                0x000251da       0x35 /opt/Xilinx/SDK/2016.2/gnu/aarch32/lin/gcc-arm-none-eabi/bin/../lib/gcc/arm-none-eabi/4.9.2/../../../../arm-none-eabi/lib/v7-a/fpv3/hard/libc.a(lib_a-__call_atexit.o)
 .ARM.attributes
                0x0002520f       0x35 /opt/Xilinx/SDK/2016.2/gnu/aarch32/lin/gcc-arm-none-eabi/bin/../lib/gcc/arm-none-eabi/4.9.2/../../../../arm-none-eabi/lib/v7-a/fpv3/hard/libc.a(lib_a-atexit.o)
 .ARM.attributes
                0x00025244       0x35 /opt/Xilinx/SDK/2016.2/gnu/aarch32/lin/gcc-arm-none-eabi/bin/../lib/gcc/arm-none-eabi/4.9.2/../../../../arm-none-eabi/lib/v7-a/fpv3/hard/libc.a(lib_a-freer.o)
 .ARM.attributes
                0x00025279       0x35 /opt/Xilinx/SDK/2016.2/gnu/aarch32/lin/gcc-arm-none-eabi/bin/../lib/gcc/arm-none-eabi/4.9.2/../../../../arm-none-eabi/lib/v7-a/fpv3/hard/libc.a(lib_a-reent.o)
 .ARM.attributes
                0x000252ae       0x35 /opt/Xilinx/SDK/2016.2/gnu/aarch32/lin/gcc-arm-none-eabi/bin/../lib/gcc/arm-none-eabi/4.9.2/../../../../arm-none-eabi/lib/v7-a/fpv3/hard/libc.a(lib_a-__atexit.o)
 .ARM.attributes
                0x000252e3       0x3f ../../NicolaRadio_bsp/ps7_cortexa9_0/lib/libxil.a(_exit.o)
 .ARM.attributes
                0x00025322       0x3f ../../NicolaRadio_bsp/ps7_cortexa9_0/lib/libxil.a(_sbrk.o)
 .ARM.attributes
                0x00025361       0x35 /opt/Xilinx/SDK/2016.2/gnu/aarch32/lin/gcc-arm-none-eabi/bin/../lib/gcc/arm-none-eabi/4.9.2/v7-a/fpv3/hard/crtend.o
 .ARM.attributes
                0x00025396       0x21 /opt/Xilinx/SDK/2016.2/gnu/aarch32/lin/gcc-arm-none-eabi/bin/../lib/gcc/arm-none-eabi/4.9.2/v7-a/fpv3/hard/crtn.o
                0x000253b7                __ARM.attributes_end = .

.sdata          0x0002400c        0x0
                0x0002400c                __sdata_start = .
 *(.sdata)
 *(.sdata.*)
 *(.gnu.linkonce.s.*)
                0x0002400c                __sdata_end = .

.sbss           0x0002400c        0x0
                0x0002400c                __sbss_start = .
 *(.sbss)
 *(.sbss.*)
 *(.gnu.linkonce.sb.*)
                0x0002400c                __sbss_end = .

.tdata          0x0002400c        0x0
                0x0002400c                __tdata_start = .
 *(.tdata)
 *(.tdata.*)
 *(.gnu.linkonce.td.*)
                0x0002400c                __tdata_end = .

.tbss           0x0002400c        0x0
                0x0002400c                __tbss_start = .
 *(.tbss)
 *(.tbss.*)
 *(.gnu.linkonce.tb.*)
                0x0002400c                __tbss_end = .

.bss            0x00024020     0x9480
                0x00024020                __bss_start = .
 *(.bss)
 .bss           0x00024020        0x0 /opt/Xilinx/SDK/2016.2/gnu/aarch32/lin/gcc-arm-none-eabi/bin/../lib/gcc/arm-none-eabi/4.9.2/v7-a/fpv3/hard/crti.o
 .bss           0x00024020       0x1c /opt/Xilinx/SDK/2016.2/gnu/aarch32/lin/gcc-arm-none-eabi/bin/../lib/gcc/arm-none-eabi/4.9.2/v7-a/fpv3/hard/crtbegin.o
 .bss           0x0002403c        0xc ./src/portable/port.o
                0x0002403c                ulPortTaskHasFPUContext
                0x00024040                ulPortYieldRequired
                0x00024044                ulPortInterruptNesting
 .bss           0x00024048        0x0 ./src/portable/portASM.o
 .bss           0x00024048        0x0 ./src/FreeRTOS_asm_vectors.o
 .bss           0x00024048       0x10 ./src/FreeRTOS_tick_config.o
 .bss           0x00024058        0x0 ./src/event_groups.o
 .bss           0x00024058     0x7818 ./src/heap_4.o
 .bss           0x0002b870        0x0 ./src/list.o
 .bss           0x0002b870      0xcb0 ./src/main.o
 .bss           0x0002c520        0x0 ./src/platform.o
 .bss           0x0002c520        0x0 ./src/printf-stdarg.o
 .bss           0x0002c520        0xc ./src/ps7_init_Nicola.o
                0x0002c520                ps7_ddr_init_data_1_0
                0x0002c524                ps7_ddr_init_data_2_0
                0x0002c528                ps7_ddr_init_data_3_0
 .bss           0x0002c52c        0x0 ./src/queue.o
 .bss           0x0002c52c      0x12c ./src/tasks.o
                0x0002c52c                pxCurrentTCB
 .bss           0x0002c658       0xe0 ./src/timers.o
 .bss           0x0002c738       0x7c ./NicolaCode/Bluetooth.o
                0x0002c7b0                RfcommIsOpen
 .bss           0x0002c7b4        0x0 ./NicolaCode/ConsoleManager.o
 .bss           0x0002c7b4        0x4 ./NicolaCode/DebugInterface.o
 *fill*         0x0002c7b8        0x8 
 .bss           0x0002c7c0      0x160 ./NicolaCode/Flash-SDCard.o
 .bss           0x0002c920      0x714 ./NicolaCode/LCD_Display.o
                0x0002c920                DisplayAerialEarthing
                0x0002c924                firstMenuItem
                0x0002c938                CDCardRunning
                0x0002ce14                flashOffset
 .bss           0x0002d034        0x8 ./NicolaCode/PSPLComms.o
 .bss           0x0002d03c        0x4 ./NicolaCode/RadioInterface.o
                0x0002d03c                InstancePtr
 .bss           0x0002d040        0x8 ./NicolaCode/RemoteProtocolHandler.o
 *fill*         0x0002d048       0x18 
 .bss           0x0002d060      0x200 ./NicolaCode/xsdps.o
 .bss           0x0002d260        0x0 ../../NicolaRadio_bsp/ps7_cortexa9_0/lib/libxil.a(xllfifo.o)
 .bss           0x0002d260        0x0 ../../NicolaRadio_bsp/ps7_cortexa9_0/lib/libxil.a(xllfifo_sinit.o)
 .bss           0x0002d260        0x0 ../../NicolaRadio_bsp/ps7_cortexa9_0/lib/libxil.a(xstreamer.o)
 .bss           0x0002d260        0x0 ../../NicolaRadio_bsp/ps7_cortexa9_0/lib/libxil.a(n3z_tonetest.o)
 .bss           0x0002d260        0x0 ../../NicolaRadio_bsp/ps7_cortexa9_0/lib/libxil.a(n3z_tonetest_sinit.o)
 .bss           0x0002d260        0x0 ../../NicolaRadio_bsp/ps7_cortexa9_0/lib/libxil.a(xscugic.o)
 .bss           0x0002d260        0x0 ../../NicolaRadio_bsp/ps7_cortexa9_0/lib/libxil.a(xscugic_g.o)
 .bss           0x0002d260        0x0 ../../NicolaRadio_bsp/ps7_cortexa9_0/lib/libxil.a(xscugic_sinit.o)
 .bss           0x0002d260        0x0 ../../NicolaRadio_bsp/ps7_cortexa9_0/lib/libxil.a(xscutimer.o)
 .bss           0x0002d260        0x0 ../../NicolaRadio_bsp/ps7_cortexa9_0/lib/libxil.a(xscutimer_sinit.o)
 .bss           0x0002d260        0x0 ../../NicolaRadio_bsp/ps7_cortexa9_0/lib/libxil.a(xscuwdt.o)
 .bss           0x0002d260        0x0 ../../NicolaRadio_bsp/ps7_cortexa9_0/lib/libxil.a(xscuwdt_sinit.o)
 .bss           0x0002d260        0x0 ../../NicolaRadio_bsp/ps7_cortexa9_0/lib/libxil.a(xsdps_options.o)
 .bss           0x0002d260        0x0 ../../NicolaRadio_bsp/ps7_cortexa9_0/lib/libxil.a(xsdps_sinit.o)
 .bss           0x0002d260        0x0 ../../NicolaRadio_bsp/ps7_cortexa9_0/lib/libxil.a(asm_vectors.o)
 .bss           0x0002d260        0x0 ../../NicolaRadio_bsp/ps7_cortexa9_0/lib/libxil.a(boot.o)
 .bss           0x0002d260        0x0 ../../NicolaRadio_bsp/ps7_cortexa9_0/lib/libxil.a(sleep.o)
 .bss           0x0002d260        0x0 ../../NicolaRadio_bsp/ps7_cortexa9_0/lib/libxil.a(translation_table.o)
 .bss           0x0002d260        0x0 ../../NicolaRadio_bsp/ps7_cortexa9_0/lib/libxil.a(usleep.o)
 .bss           0x0002d260        0x0 ../../NicolaRadio_bsp/ps7_cortexa9_0/lib/libxil.a(vectors.o)
 .bss           0x0002d260        0x0 ../../NicolaRadio_bsp/ps7_cortexa9_0/lib/libxil.a(xil-crt0.o)
 .bss           0x0002d260        0x4 ../../NicolaRadio_bsp/ps7_cortexa9_0/lib/libxil.a(xil_assert.o)
 .bss           0x0002d264        0x0 ../../NicolaRadio_bsp/ps7_cortexa9_0/lib/libxil.a(xil_cache.o)
 .bss           0x0002d264        0x0 ../../NicolaRadio_bsp/ps7_cortexa9_0/lib/libxil.a(xil_exception.o)
 .bss           0x0002d264        0x0 ../../NicolaRadio_bsp/ps7_cortexa9_0/lib/libxil.a(xil_io.o)
 .bss           0x0002d264        0x0 ../../NicolaRadio_bsp/ps7_cortexa9_0/lib/libxil.a(xil_printf.o)
 .bss           0x0002d264        0x0 ../../NicolaRadio_bsp/ps7_cortexa9_0/lib/libxil.a(xtime_l.o)
 .bss           0x0002d264        0x0 ../../NicolaRadio_bsp/ps7_cortexa9_0/lib/libxil.a(xllfifo_g.o)
 .bss           0x0002d264        0x0 ../../NicolaRadio_bsp/ps7_cortexa9_0/lib/libxil.a(n3z_tonetest_g.o)
 .bss           0x0002d264        0x0 ../../NicolaRadio_bsp/ps7_cortexa9_0/lib/libxil.a(xscutimer_g.o)
 .bss           0x0002d264        0x0 ../../NicolaRadio_bsp/ps7_cortexa9_0/lib/libxil.a(xscuwdt_g.o)
 .bss           0x0002d264        0x0 ../../NicolaRadio_bsp/ps7_cortexa9_0/lib/libxil.a(xsdps_g.o)
 .bss           0x0002d264        0x0 ../../NicolaRadio_bsp/ps7_cortexa9_0/lib/libxil.a(cpu_init.o)
 .bss           0x0002d264        0x0 ../../NicolaRadio_bsp/ps7_cortexa9_0/lib/libxil.a(outbyte.o)
 .bss           0x0002d264        0x0 ../../NicolaRadio_bsp/ps7_cortexa9_0/lib/libxil.a(xuartps_hw.o)
 .bss           0x0002d264        0x0 /opt/Xilinx/SDK/2016.2/gnu/aarch32/lin/gcc-arm-none-eabi/bin/../lib/gcc/arm-none-eabi/4.9.2/v7-a/fpv3/hard/libgcc.a(_udivsi3.o)
 .bss           0x0002d264        0x0 /opt/Xilinx/SDK/2016.2/gnu/aarch32/lin/gcc-arm-none-eabi/bin/../lib/gcc/arm-none-eabi/4.9.2/v7-a/fpv3/hard/libgcc.a(_dvmd_tls.o)
 .bss           0x0002d264        0x0 /opt/Xilinx/SDK/2016.2/gnu/aarch32/lin/gcc-arm-none-eabi/bin/../lib/gcc/arm-none-eabi/4.9.2/../../../../arm-none-eabi/lib/v7-a/fpv3/hard/libc.a(lib_a-atoi.o)
 .bss           0x0002d264        0x0 /opt/Xilinx/SDK/2016.2/gnu/aarch32/lin/gcc-arm-none-eabi/bin/../lib/gcc/arm-none-eabi/4.9.2/../../../../arm-none-eabi/lib/v7-a/fpv3/hard/libc.a(lib_a-ctype_.o)
 .bss           0x0002d264        0x0 /opt/Xilinx/SDK/2016.2/gnu/aarch32/lin/gcc-arm-none-eabi/bin/../lib/gcc/arm-none-eabi/4.9.2/../../../../arm-none-eabi/lib/v7-a/fpv3/hard/libc.a(lib_a-exit.o)
 .bss           0x0002d264        0x0 /opt/Xilinx/SDK/2016.2/gnu/aarch32/lin/gcc-arm-none-eabi/bin/../lib/gcc/arm-none-eabi/4.9.2/../../../../arm-none-eabi/lib/v7-a/fpv3/hard/libc.a(lib_a-fini.o)
 .bss           0x0002d264        0x0 /opt/Xilinx/SDK/2016.2/gnu/aarch32/lin/gcc-arm-none-eabi/bin/../lib/gcc/arm-none-eabi/4.9.2/../../../../arm-none-eabi/lib/v7-a/fpv3/hard/libc.a(lib_a-impure.o)
 .bss           0x0002d264        0x0 /opt/Xilinx/SDK/2016.2/gnu/aarch32/lin/gcc-arm-none-eabi/bin/../lib/gcc/arm-none-eabi/4.9.2/../../../../arm-none-eabi/lib/v7-a/fpv3/hard/libc.a(lib_a-init.o)
 .bss           0x0002d264        0x0 /opt/Xilinx/SDK/2016.2/gnu/aarch32/lin/gcc-arm-none-eabi/bin/../lib/gcc/arm-none-eabi/4.9.2/../../../../arm-none-eabi/lib/v7-a/fpv3/hard/libc.a(lib_a-malloc.o)
 .bss           0x0002d264       0x34 /opt/Xilinx/SDK/2016.2/gnu/aarch32/lin/gcc-arm-none-eabi/bin/../lib/gcc/arm-none-eabi/4.9.2/../../../../arm-none-eabi/lib/v7-a/fpv3/hard/libc.a(lib_a-mallocr.o)
                0x0002d264                __malloc_top_pad
                0x0002d268                __malloc_current_mallinfo
                0x0002d290                __malloc_max_sbrked_mem
                0x0002d294                __malloc_max_total_mem
 .bss           0x0002d298        0x0 /opt/Xilinx/SDK/2016.2/gnu/aarch32/lin/gcc-arm-none-eabi/bin/../lib/gcc/arm-none-eabi/4.9.2/../../../../arm-none-eabi/lib/v7-a/fpv3/hard/libc.a(lib_a-memcmp.o)
 .bss           0x0002d298        0x0 /opt/Xilinx/SDK/2016.2/gnu/aarch32/lin/gcc-arm-none-eabi/bin/../lib/gcc/arm-none-eabi/4.9.2/../../../../arm-none-eabi/lib/v7-a/fpv3/hard/libc.a(lib_a-memcpy.o)
 .bss           0x0002d298        0x0 /opt/Xilinx/SDK/2016.2/gnu/aarch32/lin/gcc-arm-none-eabi/bin/../lib/gcc/arm-none-eabi/4.9.2/../../../../arm-none-eabi/lib/v7-a/fpv3/hard/libc.a(lib_a-memset.o)
 .bss           0x0002d298        0x0 /opt/Xilinx/SDK/2016.2/gnu/aarch32/lin/gcc-arm-none-eabi/bin/../lib/gcc/arm-none-eabi/4.9.2/../../../../arm-none-eabi/lib/v7-a/fpv3/hard/libc.a(lib_a-mlock.o)
 .bss           0x0002d298        0x0 /opt/Xilinx/SDK/2016.2/gnu/aarch32/lin/gcc-arm-none-eabi/bin/../lib/gcc/arm-none-eabi/4.9.2/../../../../arm-none-eabi/lib/v7-a/fpv3/hard/libc.a(lib_a-sbrkr.o)
 .bss           0x0002d298        0x0 /opt/Xilinx/SDK/2016.2/gnu/aarch32/lin/gcc-arm-none-eabi/bin/../lib/gcc/arm-none-eabi/4.9.2/../../../../arm-none-eabi/lib/v7-a/fpv3/hard/libc.a(lib_a-strcpy.o)
 .bss           0x0002d298        0x0 /opt/Xilinx/SDK/2016.2/gnu/aarch32/lin/gcc-arm-none-eabi/bin/../lib/gcc/arm-none-eabi/4.9.2/../../../../arm-none-eabi/lib/v7-a/fpv3/hard/libc.a(lib_a-strlen-armv7.o)
 .bss           0x0002d298        0x0 /opt/Xilinx/SDK/2016.2/gnu/aarch32/lin/gcc-arm-none-eabi/bin/../lib/gcc/arm-none-eabi/4.9.2/../../../../arm-none-eabi/lib/v7-a/fpv3/hard/libc.a(lib_a-strncmp.o)
 .bss           0x0002d298        0x0 /opt/Xilinx/SDK/2016.2/gnu/aarch32/lin/gcc-arm-none-eabi/bin/../lib/gcc/arm-none-eabi/4.9.2/../../../../arm-none-eabi/lib/v7-a/fpv3/hard/libc.a(lib_a-strncpy.o)
 .bss           0x0002d298        0x0 /opt/Xilinx/SDK/2016.2/gnu/aarch32/lin/gcc-arm-none-eabi/bin/../lib/gcc/arm-none-eabi/4.9.2/../../../../arm-none-eabi/lib/v7-a/fpv3/hard/libc.a(lib_a-strtol.o)
 .bss           0x0002d298        0x0 /opt/Xilinx/SDK/2016.2/gnu/aarch32/lin/gcc-arm-none-eabi/bin/../lib/gcc/arm-none-eabi/4.9.2/../../../../arm-none-eabi/lib/v7-a/fpv3/hard/libc.a(lib_a-__call_atexit.o)
 .bss           0x0002d298        0x0 /opt/Xilinx/SDK/2016.2/gnu/aarch32/lin/gcc-arm-none-eabi/bin/../lib/gcc/arm-none-eabi/4.9.2/../../../../arm-none-eabi/lib/v7-a/fpv3/hard/libc.a(lib_a-atexit.o)
 .bss           0x0002d298        0x0 /opt/Xilinx/SDK/2016.2/gnu/aarch32/lin/gcc-arm-none-eabi/bin/../lib/gcc/arm-none-eabi/4.9.2/../../../../arm-none-eabi/lib/v7-a/fpv3/hard/libc.a(lib_a-freer.o)
 .bss           0x0002d298        0x0 /opt/Xilinx/SDK/2016.2/gnu/aarch32/lin/gcc-arm-none-eabi/bin/../lib/gcc/arm-none-eabi/4.9.2/../../../../arm-none-eabi/lib/v7-a/fpv3/hard/libc.a(lib_a-reent.o)
 .bss           0x0002d298        0x0 /opt/Xilinx/SDK/2016.2/gnu/aarch32/lin/gcc-arm-none-eabi/bin/../lib/gcc/arm-none-eabi/4.9.2/../../../../arm-none-eabi/lib/v7-a/fpv3/hard/libc.a(lib_a-__atexit.o)
 .bss           0x0002d298        0x0 ../../NicolaRadio_bsp/ps7_cortexa9_0/lib/libxil.a(_exit.o)
 .bss           0x0002d298        0x4 ../../NicolaRadio_bsp/ps7_cortexa9_0/lib/libxil.a(_sbrk.o)
 .bss           0x0002d29c        0x0 /opt/Xilinx/SDK/2016.2/gnu/aarch32/lin/gcc-arm-none-eabi/bin/../lib/gcc/arm-none-eabi/4.9.2/v7-a/fpv3/hard/crtend.o
 .bss           0x0002d29c        0x0 /opt/Xilinx/SDK/2016.2/gnu/aarch32/lin/gcc-arm-none-eabi/bin/../lib/gcc/arm-none-eabi/4.9.2/v7-a/fpv3/hard/crtn.o
 *(.bss.*)
 *(.gnu.linkonce.b.*)
 *(COMMON)
 COMMON         0x0002d29c        0xc ./src/FreeRTOS_tick_config.o
                0x0002d29c                xInterruptController
 COMMON         0x0002d2a8       0x3e ./src/main.o
                0x0002d2a8                xWatchDogInstance
                0x0002d2b8                thisNicolaSettings
 *fill*         0x0002d2e6        0x2 
 COMMON         0x0002d2e8       0x40 ./src/queue.o
                0x0002d2e8                xQueueRegistry
 COMMON         0x0002d328       0x10 ./NicolaCode/Bluetooth.o
                0x0002d328                BluetoothIOTask
                0x0002d32c                BluegigaTransmitQueue
                0x0002d330                consoleQueue
                0x0002d334                BluegigaReceiveQueue
 COMMON         0x0002d338        0x8 ./NicolaCode/ConsoleManager.o
                0x0002d338                consoleReceiveQueue
                0x0002d33c                consoleTransmitQueue
 COMMON         0x0002d340        0x4 ./NicolaCode/DebugInterface.o
                0x0002d340                DebugControlQueue
 COMMON         0x0002d344       0x64 ./NicolaCode/LCD_Display.o
                0x0002d344                Gpio
                0x0002d364                pageData
                0x0002d368                KeysReceivedQueue
                0x0002d36c                theMenu_2
 COMMON         0x0002d3a8       0xd8 ./NicolaCode/PSPLComms.o
                0x0002d3a8                DataFifo
                0x0002d40c                PLTransmitQueue
                0x0002d410                PSPLFifo
                0x0002d474                ToneTestInstancePtr
                0x0002d478                Buffer
                0x0002d47c                TextMessageTransmitQueue
 COMMON         0x0002d480        0x4 ./NicolaCode/RadioInterface.o
                0x0002d480                PLSendQueue
 COMMON         0x0002d484        0x8 ./NicolaCode/RemoteProtocolHandler.o
                0x0002d484                MessageFromAndriodQueue
                0x0002d488                MessageFromRemoteNicolasQueue
 COMMON         0x0002d48c        0x4 ../../NicolaRadio_bsp/ps7_cortexa9_0/lib/libxil.a(xil_assert.o)
                0x0002d48c                Xil_AssertStatus
 COMMON         0x0002d490        0xc ../../NicolaRadio_bsp/ps7_cortexa9_0/lib/libxil.a(xil_exception.o)
                0x0002d490                UndefinedExceptionAddr
                0x0002d494                PrefetchAbortAddr
                0x0002d498                DataAbortAddr
 COMMON         0x0002d49c        0x4 /opt/Xilinx/SDK/2016.2/gnu/aarch32/lin/gcc-arm-none-eabi/bin/../lib/gcc/arm-none-eabi/4.9.2/../../../../arm-none-eabi/lib/v7-a/fpv3/hard/libc.a(lib_a-reent.o)
                0x0002d49c                errno
                0x0002d4a0                __bss_end = .
                0x0002400c                _SDA_BASE_ = (__sdata_start + ((__sbss_end - __sdata_start) / 0x2))
                0x0001b9a0                _SDA2_BASE_ = (__sdata2_start + ((__sbss2_end - __sdata2_start) / 0x2))

.heap           0xffff0000     0xa000
                0xffff0000                . = ALIGN (0x10)
                0xffff0000                _heap = .
                0xffff0000                HeapBase = .
                0xffff0000                _heap_start = .
                0xffffa000                . = (. + _HEAP_SIZE)
 *fill*         0xffff0000     0xa000 
                0xffffa000                _heap_end = .
                0xffffa000                HeapLimit = .

.stack          0xffffa000     0x3800
                0xffffa000                . = ALIGN (0x10)
                0xffffa000                _stack_end = .
                0xffffc000                . = (. + _STACK_SIZE)
 *fill*         0xffffa000     0x2000 
                0xffffc000                _stack = .
                0xffffc000                __stack = _stack
                0xffffc000                . = ALIGN (0x10)
                0xffffc000                _irq_stack_end = .
                0xffffc400                . = (. + _IRQ_STACK_SIZE)
 *fill*         0xffffc000      0x400 
                0xffffc400                __irq_stack = .
                0xffffc400                _supervisor_stack_end = .
                0xffffcc00                . = (. + _SUPERVISOR_STACK_SIZE)
 *fill*         0xffffc400      0x800 
                0xffffcc00                . = ALIGN (0x10)
                0xffffcc00                __supervisor_stack = .
                0xffffcc00                _abort_stack_end = .
                0xffffd000                . = (. + _ABORT_STACK_SIZE)
 *fill*         0xffffcc00      0x400 
                0xffffd000                . = ALIGN (0x10)
                0xffffd000                __abort_stack = .
                0xffffd000                _fiq_stack_end = .
                0xffffd400                . = (. + _FIQ_STACK_SIZE)
 *fill*         0xffffd000      0x400 
                0xffffd400                . = ALIGN (0x10)
                0xffffd400                __fiq_stack = .
                0xffffd400                _undef_stack_end = .
                0xffffd800                . = (. + _UNDEF_STACK_SIZE)
 *fill*         0xffffd400      0x400 
                0xffffd800                . = ALIGN (0x10)
                0xffffd800                __undef_stack = .
                0xffffd800                _end = .
LOAD ./src/portable/port.o
LOAD ./src/portable/portASM.o
LOAD ./src/FreeRTOS_asm_vectors.o
LOAD ./src/FreeRTOS_tick_config.o
LOAD ./src/event_groups.o
LOAD ./src/heap_4.o
LOAD ./src/list.o
LOAD ./src/main.o
LOAD ./src/platform.o
LOAD ./src/printf-stdarg.o
LOAD ./src/ps7_init_Nicola.o
LOAD ./src/queue.o
LOAD ./src/tasks.o
LOAD ./src/timers.o
LOAD ./NicolaCode/Bluetooth.o
LOAD ./NicolaCode/ConsoleManager.o
LOAD ./NicolaCode/DebugInterface.o
LOAD ./NicolaCode/Flash-SDCard.o
LOAD ./NicolaCode/LCD_Display.o
LOAD ./NicolaCode/PSPLComms.o
LOAD ./NicolaCode/RadioInterface.o
LOAD ./NicolaCode/RemoteProtocolHandler.o
LOAD ./NicolaCode/xsdps.o
START GROUP
LOAD ../../NicolaRadio_bsp/ps7_cortexa9_0/lib/libxil.a
LOAD /opt/Xilinx/SDK/2016.2/gnu/aarch32/lin/gcc-arm-none-eabi/bin/../lib/gcc/arm-none-eabi/4.9.2/v7-a/fpv3/hard/libgcc.a
LOAD /opt/Xilinx/SDK/2016.2/gnu/aarch32/lin/gcc-arm-none-eabi/bin/../lib/gcc/arm-none-eabi/4.9.2/../../../../arm-none-eabi/lib/v7-a/fpv3/hard/libc.a
END GROUP
START GROUP
LOAD /opt/Xilinx/SDK/2016.2/gnu/aarch32/lin/gcc-arm-none-eabi/bin/../lib/gcc/arm-none-eabi/4.9.2/v7-a/fpv3/hard/libgcc.a
LOAD /opt/Xilinx/SDK/2016.2/gnu/aarch32/lin/gcc-arm-none-eabi/bin/../lib/gcc/arm-none-eabi/4.9.2/../../../../arm-none-eabi/lib/v7-a/fpv3/hard/libc.a
END GROUP
LOAD /opt/Xilinx/SDK/2016.2/gnu/aarch32/lin/gcc-arm-none-eabi/bin/../lib/gcc/arm-none-eabi/4.9.2/v7-a/fpv3/hard/crtend.o
LOAD /opt/Xilinx/SDK/2016.2/gnu/aarch32/lin/gcc-arm-none-eabi/bin/../lib/gcc/arm-none-eabi/4.9.2/v7-a/fpv3/hard/crtn.o
OUTPUT(NicolaRadio.elf elf32-littlearm)

.debug_info     0x00000000     0x9ac7
 .debug_info    0x00000000      0x337 ./src/portable/port.o
 .debug_info    0x00000337       0x73 ./src/portable/portASM.o
 .debug_info    0x000003aa       0x77 ./src/FreeRTOS_asm_vectors.o
 .debug_info    0x00000421      0x352 ./src/FreeRTOS_tick_config.o
 .debug_info    0x00000773       0x76 ./src/event_groups.o
 .debug_info    0x000007e9      0x2fa ./src/heap_4.o
 .debug_info    0x00000ae3      0x2a1 ./src/list.o
 .debug_info    0x00000d84      0x6ff ./src/main.o
 .debug_info    0x00001483       0xf4 ./src/platform.o
 .debug_info    0x00001577      0x38d ./src/printf-stdarg.o
 .debug_info    0x00001904      0x666 ./src/ps7_init_Nicola.o