Archive member included because of file (symbol)

../../NicolaRadio_bsp/ps7_cortexa9_0/lib/libxil.a(xllfifo.o)
                              ./NicolaCode/DebugInterface.o (XLlFifo_iRxOccupancy)
../../NicolaRadio_bsp/ps7_cortexa9_0/lib/libxil.a(xllfifo_sinit.o)
                              ./NicolaCode/PSPLComms.o (XLlFfio_LookupConfig)
../../NicolaRadio_bsp/ps7_cortexa9_0/lib/libxil.a(xstreamer.o)
                              ../../NicolaRadio_bsp/ps7_cortexa9_0/lib/libxil.a(xllfifo.o) (XStrm_RxInitialize)
../../NicolaRadio_bsp/ps7_cortexa9_0/lib/libxil.a(n3z_tonetest.o)
                              ./NicolaCode/DebugInterface.o (n3z_tonetest_values2recover_write)
../../NicolaRadio_bsp/ps7_cortexa9_0/lib/libxil.a(n3z_tonetest_sinit.o)
                              ./NicolaCode/PSPLComms.o (n3z_tonetest_Initialize)
../../NicolaRadio_bsp/ps7_cortexa9_0/lib/libxil.a(xscugic.o)
                              ./src/FreeRTOS_tick_config.o (XScuGic_CfgInitialize)
../../NicolaRadio_bsp/ps7_cortexa9_0/lib/libxil.a(xscugic_g.o)
                              ./src/FreeRTOS_tick_config.o (XScuGic_ConfigTable)
../../NicolaRadio_bsp/ps7_cortexa9_0/lib/libxil.a(xscugic_sinit.o)
                              ./src/FreeRTOS_tick_config.o (XScuGic_LookupConfig)
../../NicolaRadio_bsp/ps7_cortexa9_0/lib/libxil.a(xscutimer.o)
                              ./src/FreeRTOS_tick_config.o (XScuTimer_CfgInitialize)
../../NicolaRadio_bsp/ps7_cortexa9_0/lib/libxil.a(xscutimer_sinit.o)
                              ./src/FreeRTOS_tick_config.o (XScuTimer_LookupConfig)
../../NicolaRadio_bsp/ps7_cortexa9_0/lib/libxil.a(xscuwdt.o)
                              ./src/main.o (XScuWdt_CfgInitialize)
../../NicolaRadio_bsp/ps7_cortexa9_0/lib/libxil.a(xscuwdt_sinit.o)
                              ./src/main.o (XScuWdt_LookupConfig)
../../NicolaRadio_bsp/ps7_cortexa9_0/lib/libxil.a(xsdps_options.o)
                              ./NicolaCode/xsdps.o (XSdPs_SetBlkSize)
../../NicolaRadio_bsp/ps7_cortexa9_0/lib/libxil.a(xsdps_sinit.o)
                              ./NicolaCode/Flash-SDCard.o (XSdPs_LookupConfig)
../../NicolaRadio_bsp/ps7_cortexa9_0/lib/libxil.a(asm_vectors.o)
                              (_vector_table)
../../NicolaRadio_bsp/ps7_cortexa9_0/lib/libxil.a(boot.o)
                              ./src/FreeRTOS_asm_vectors.o (_boot)
../../NicolaRadio_bsp/ps7_cortexa9_0/lib/libxil.a(sleep.o)
                              ./NicolaCode/xsdps.o (sleep)
../../NicolaRadio_bsp/ps7_cortexa9_0/lib/libxil.a(translation_table.o)
                              ../../NicolaRadio_bsp/ps7_cortexa9_0/lib/libxil.a(boot.o) (MMUTable)
../../NicolaRadio_bsp/ps7_cortexa9_0/lib/libxil.a(usleep.o)
                              ./NicolaCode/xsdps.o (usleep)
../../NicolaRadio_bsp/ps7_cortexa9_0/lib/libxil.a(vectors.o)
                              ../../NicolaRadio_bsp/ps7_cortexa9_0/lib/libxil.a(asm_vectors.o) (UndefinedException)
../../NicolaRadio_bsp/ps7_cortexa9_0/lib/libxil.a(xil-crt0.o)
                              ../../NicolaRadio_bsp/ps7_cortexa9_0/lib/libxil.a(boot.o) (_start)
../../NicolaRadio_bsp/ps7_cortexa9_0/lib/libxil.a(xil_assert.o)
                              ./NicolaCode/xsdps.o (Xil_Assert)
../../NicolaRadio_bsp/ps7_cortexa9_0/lib/libxil.a(xil_cache.o)
                              ./NicolaCode/xsdps.o (Xil_DCacheFlushRange)
../../NicolaRadio_bsp/ps7_cortexa9_0/lib/libxil.a(xil_exception.o)
                              ../../NicolaRadio_bsp/ps7_cortexa9_0/lib/libxil.a(asm_vectors.o) (PrefetchAbortAddr)
../../NicolaRadio_bsp/ps7_cortexa9_0/lib/libxil.a(xil_io.o)
                              ./NicolaCode/xsdps.o (Xil_In8)
../../NicolaRadio_bsp/ps7_cortexa9_0/lib/libxil.a(xil_printf.o)
                              ./src/main.o (xil_printf)
../../NicolaRadio_bsp/ps7_cortexa9_0/lib/libxil.a(xtime_l.o)
                              ../../NicolaRadio_bsp/ps7_cortexa9_0/lib/libxil.a(xil-crt0.o) (XTime_SetTime)
../../NicolaRadio_bsp/ps7_cortexa9_0/lib/libxil.a(xllfifo_g.o)
                              ../../NicolaRadio_bsp/ps7_cortexa9_0/lib/libxil.a(xllfifo_sinit.o) (XLlFifo_ConfigTable)
../../NicolaRadio_bsp/ps7_cortexa9_0/lib/libxil.a(n3z_tonetest_g.o)
                              ../../NicolaRadio_bsp/ps7_cortexa9_0/lib/libxil.a(n3z_tonetest_sinit.o) (n3z_tonetest_ConfigTable)
../../NicolaRadio_bsp/ps7_cortexa9_0/lib/libxil.a(xscutimer_g.o)
                              ../../NicolaRadio_bsp/ps7_cortexa9_0/lib/libxil.a(xscutimer_sinit.o) (XScuTimer_ConfigTable)
../../NicolaRadio_bsp/ps7_cortexa9_0/lib/libxil.a(xscuwdt_g.o)
                              ../../NicolaRadio_bsp/ps7_cortexa9_0/lib/libxil.a(xscuwdt_sinit.o) (XScuWdt_ConfigTable)
../../NicolaRadio_bsp/ps7_cortexa9_0/lib/libxil.a(xsdps_g.o)
                              ../../NicolaRadio_bsp/ps7_cortexa9_0/lib/libxil.a(xsdps_sinit.o) (XSdPs_ConfigTable)
../../NicolaRadio_bsp/ps7_cortexa9_0/lib/libxil.a(cpu_init.o)
[...]
Memory Configuration

Name             Origin             Length             Attributes
ps7_qspi_linear_0_S_AXI_BASEADDR 0xfc000000         0x00800000
FLASH            0xfc800000         0x00800000
ps7_ram_0_S_AXI_BASEADDR 0x00000000         0x00030000
ps7_ram_1_S_AXI_BASEADDR 0xffff0000         0x0000fe00
*default*        0x00000000         0xffffffff

Linker script and memory map

LOAD /opt/Xilinx/SDK/2016.2/gnu/aarch32/lin/gcc-arm-none-eabi/bin/../lib/gcc/arm-none-eabi/4.9.2/v7-a/fpv3/hard/crti.o
LOAD /opt/Xilinx/SDK/2016.2/gnu/aarch32/lin/gcc-arm-none-eabi/bin/../lib/gcc/arm-none-eabi/4.9.2/v7-a/fpv3/hard/crtbegin.o
                0x00002000                _STACK_SIZE = DEFINED (_STACK_SIZE)?_STACK_SIZE:0x2000
                0x0000a000                _HEAP_SIZE = DEFINED (_HEAP_SIZE)?_HEAP_SIZE:0xa000
                0x00000400                _ABORT_STACK_SIZE = DEFINED (_ABORT_STACK_SIZE)?_ABORT_STACK_SIZE:0x400
                0x00000800                _SUPERVISOR_STACK_SIZE = DEFINED (_SUPERVISOR_STACK_SIZE)?_SUPERVISOR_STACK_SIZE:0x800
                0x00000400                _IRQ_STACK_SIZE = DEFINED (_IRQ_STACK_SIZE)?_IRQ_STACK_SIZE:0x400
                0x00000400                _FIQ_STACK_SIZE = DEFINED (_FIQ_STACK_SIZE)?_FIQ_STACK_SIZE:0x400
                0x00000400                _UNDEF_STACK_SIZE = DEFINED (_UNDEF_STACK_SIZE)?_UNDEF_STACK_SIZE:0x400

.text           0xfc800000    0x11aa4
 *(.freertos_vectors)
 .freertos_vectors
                0xfc800000       0xb0 ./src/FreeRTOS_asm_vectors.o
                0xfc800000                _freertos_vector_table
                0xfc800090                vPortInstallFreeRTOSVectorTable
 *(.vectors)
 .vectors       0xfc8000b0      0x12c ../../NicolaRadio_bsp/ps7_cortexa9_0/lib/libxil.a(asm_vectors.o)
                0xfc8000b0                _vector_table
 *(.boot)
 .boot          0xfc8001dc      0x370 ../../NicolaRadio_bsp/ps7_cortexa9_0/lib/libxil.a(boot.o)
                0xfc8001dc                _boot
                0xfc8001dc                _prestart
 *(.text)
 .text          0xfc80054c        0x0 /opt/Xilinx/SDK/2016.2/gnu/aarch32/lin/gcc-arm-none-eabi/bin/../lib/gcc/arm-none-eabi/4.9.2/v7-a/fpv3/hard/crti.o
 .text          0xfc80054c      0x108 /opt/Xilinx/SDK/2016.2/gnu/aarch32/lin/gcc-arm-none-eabi/bin/../lib/gcc/arm-none-eabi/4.9.2/v7-a/fpv3/hard/crtbegin.o
 .text          0xfc800654      0x3f4 ./src/portable/port.o
                0xfc800654                pxPortInitialiseStack
                0xfc80071c                xPortStartScheduler
                0xfc800800                vPortEndScheduler
                0xfc800824                vPortExitCritical
                0xfc800880                FreeRTOS_Tick_Handler
                0xfc8008fc                vPortTaskUsesFPU
                0xfc800918                vPortClearInterruptMask
                0xfc800954                ulPortSetInterruptMask
                0xfc80099c                vPortEnterCritical
                0xfc8009ec                vPortValidateInterruptPriority
 *fill*         0xfc800a48        0x8 
 .text          0xfc800a50      0x2e0 ./src/portable/portASM.o
                0xfc800a50                FreeRTOS_SWI_Handler
                0xfc800af8                vPortRestoreTaskContext
                0xfc800b60                FreeRTOS_IRQ_Handler
                0xfc800cd0                vApplicationIRQHandler
 .text          0xfc800d30        0x0 ./src/FreeRTOS_asm_vectors.o
 .text          0xfc800d30      0x16c ./src/FreeRTOS_tick_config.o
                0xfc800d30                vClearTickInterrupt
                0xfc800d48                vConfigureTickInterrupt
                0xfc800e64                vApplicationFPUSafeIRQHandler
 .text          0xfc800e9c        0x0 ./src/event_groups.o
 .text          0xfc800e9c      0x2f0 ./src/heap_4.o
                0xfc800f10                pvPortMalloc
                0xfc8010c8                vPortFree
                0xfc801168                xPortGetFreeHeapSize
                0xfc801178                xPortGetMinimumEverFreeHeapSize
                0xfc801188                vPortInitialiseBlocks
 .text          0xfc80118c       0xec ./src/list.o
                0xfc80118c                vListInitialise
                0xfc8011b0                vListInitialiseItem
                0xfc8011bc                vListInsertEnd
                0xfc8011ec                vListInsert
                0xfc801240                uxListRemove
 .text          0xfc801278      0x148 ./src/main.o
                0xfc801278                tempFSBLCode
                0xfc80127c                GetVersionString
                0xfc801288                vApplicationMallocFailedHook
                0xfc801294                vApplicationStackOverflowHook
                0xfc8012a0                vApplicationIdleHook
                0xfc8012c4                vAssertCalled
                0xfc8012f4                vApplicationTickHook
                0xfc8012f8                vInitialiseTimerForRunTimeStats
                0xfc801378                vApplicationGetIdleTaskMemory
                0xfc801398                vApplicationGetTimerTaskMemory
 .text          0xfc8013c0       0x60 ./src/platform.o
                0xfc8013c0                enable_caches
                0xfc8013c4                disable_caches
                0xfc8013d4                init_uart
                0xfc8013d8                init_platform
                0xfc80141c                cleanup_platform
 .text          0xfc801420      0x45c ./src/printf-stdarg.o
                0xfc8017f0                printf
                0xfc80181c                sprintf
                0xfc80184c                snprintf
 .text          0xfc80187c      0x350 ./src/ps7_init_Nicola.o
                0xfc80187c                getPS7MessageInfo
                0xfc801898                ps7GetSiliconVersion
                0xfc8018ac                mask_write
                0xfc8018c4                mask_poll
                0xfc8018f0                mask_read
                0xfc8018fc                perf_start_clock
                0xfc801910                perf_reset_clock
                0xfc80192c                get_number_of_cycles_for_delay
                0xfc80194c                perf_disable_clock
                0xfc801960                perf_reset_and_start_timer
                0xfc80197c                ps7_config
                0xfc801a8c                ps7_post_config
                0xfc801ac0                ps7_debug
                0xfc801af4                ps7_init
 .text          0xfc801bcc     0x1174 ./src/queue.o
                0xfc801e58                xQueueGenericReset
                0xfc801f00                xQueueGenericCreateStatic
                0xfc801ff0                xQueueGenericCreate
                0xfc802070                xQueueCreateCountingSemaphoreStatic
                0xfc8020d4                xQueueCreateCountingSemaphore
                0xfc802124                xQueueGenericSend
                0xfc802340                xQueueCreateMutex
                0xfc802364                xQueueCreateMutexStatic
                0xfc802394                xQueueGiveMutexRecursive
                0xfc8023f8                xQueueGenericSendFromISR
                0xfc802524                xQueueGiveFromISR
                0xfc802628                xQueueGenericReceive
                0xfc802830                xQueueTakeMutexRecursive
                0xfc80289c                xQueueReceiveFromISR
                0xfc80296c                xQueuePeekFromISR
                0xfc802a10                uxQueueMessagesWaiting
                0xfc802a40                uxQueueSpacesAvailable
                0xfc802a78                uxQueueMessagesWaitingFromISR
                0xfc802a9c                uxQueueGetQueueNumber
                0xfc802aa4                vQueueSetQueueNumber
                0xfc802aac                ucQueueGetQueueType
                0xfc802ab4                xQueueIsQueueEmptyFromISR
                0xfc802ae0                xQueueIsQueueFullFromISR
                0xfc802b14                vQueueAddToRegistry
                0xfc802b54                pcQueueGetName
                0xfc802b90                vQueueUnregisterQueue
                0xfc802bd0                vQueueDelete
                0xfc802c0c                vQueueWaitForMessageRestricted
                0xfc802c6c                xQueueCreateSet
                0xfc802c78                xQueueAddToSet
                0xfc802cb4                xQueueRemoveFromSet
                0xfc802cf8                xQueueSelectFromSet
                0xfc802d20                xQueueSelectFromSetFromISR
 .text          0xfc802d40     0x20d0 ./src/tasks.o
                0xfc803164                xTaskCreateStatic
                0xfc803214                xTaskCreate
                0xfc8032a4                vTaskDelete
                0xfc8033a4                eTaskGetState
                0xfc803440                uxTaskPriorityGet
                0xfc80346c                uxTaskPriorityGetFromISR
                0xfc80349c                vTaskPrioritySet
                0xfc8035bc                vTaskResume
                0xfc80365c                xTaskResumeFromISR
                0xfc80371c                vTaskStartScheduler
                0xfc8037d4                vTaskEndScheduler
                0xfc8037f4                vTaskSuspendAll
                0xfc80380c                xTaskGetTickCount
                0xfc80381c                xTaskGetTickCountFromISR
                0xfc803834                uxTaskGetNumberOfTasks
                0xfc803844                pcTaskGetName
                0xfc80387c                xTaskIncrementTick
                0xfc8039f0                xTaskResumeAll
                0xfc803b08                vTaskDelayUntil
                0xfc803bd4                vTaskDelay
                0xfc803cbc                xTaskGetHandle
                0xfc803d74                xTaskAbortDelay
                0xfc803e24                vTaskSwitchContext
                0xfc803f10                vTaskSuspend
                0xfc804004                vTaskPlaceOnEventList
                0xfc80404c                vTaskPlaceOnUnorderedEventList
                0xfc8040bc                vTaskPlaceOnEventListRestricted
                0xfc804110                xTaskRemoveFromEventList
                0xfc8041b4                xTaskRemoveFromUnorderedEventList
                0xfc804264                vTaskSetTimeOutState
                0xfc80429c                xTaskCheckForTimeOut
                0xfc804360                vTaskMissedYield
                0xfc804374                uxTaskGetTaskNumber
                0xfc804380                vTaskSetTaskNumber
                0xfc80438c                vTaskGetInfo
                0xfc8044e0                uxTaskGetSystemState
                0xfc8045b0                xTaskGetCurrentTaskHandle
                0xfc8045c0                xTaskGetSchedulerState
                0xfc8045f0                vTaskPriorityInherit
                0xfc8046c0                xTaskPriorityDisinherit
                0xfc8047c4                vTaskList
                0xfc8048f4                uxTaskResetEventItemValue
                0xfc80491c                pvTaskIncrementMutexHeldCount
                0xfc804944                ulTaskNotifyTake
                0xfc8049d4                xTaskNotifyWait
                0xfc804a8c                xTaskGenericNotify
                0xfc804ba0                xTaskGenericNotifyFromISR
                0xfc804cf0                vTaskNotifyGiveFromISR
                0xfc804dd8                xTaskNotifyStateClear
 .text          0xfc804e10      0x864 ./src/timers.o
                0xfc804ef8                xTimerCreateTimerTask
                0xfc804f98                xTimerCreate
                0xfc805008                xTimerCreateStatic
                0xfc8050a8                xTimerGenericCommand
                0xfc80549c                xTimerGetTimerDaemonTaskHandle
                0xfc8054d0                xTimerGetPeriod
                0xfc8054f4                xTimerGetExpiryTime
                0xfc805518                pcTimerGetName
                0xfc80553c                xTimerIsTimerActive
                0xfc805574                pvTimerGetTimerID
                0xfc8055a4                vTimerSetTimerID
                0xfc8055d4                xTimerPendFunctionCallFromISR
                0xfc80560c                xTimerPendFunctionCall
 .text          0xfc805674     0x11c0 ./NicolaCode/Bluetooth.o
                0xfc8059bc                BluetoothStartup
                0xfc805ad8                BluetoothBeginInquiry
                0xfc805b30                DetermineChannelType
                0xfc805bc4                FindChannelTableFromMAC
                0xfc805c28                AllocateChannelTable
                0xfc805ce0                FindChannelTableFromLinkID
                0xfc805d30                FindChannelTableFromSCOChannel
                0xfc805d80                FindChannelTableFromRFCommChannel
                0xfc805dd0                FindChannelTableForTablet
 .text          0xfc806834      0x444 ./NicolaCode/ConsoleManager.o
                0xfc806a2c                ConsoleStartup
                0xfc806ac0                uart_ReceiveByteCheck
                0xfc806ad8                uart_ReceiveByte
                0xfc806b10                uart_SendByte
                0xfc806b4c                transmitToConsole
 .text          0xfc806c78      0x374 ./NicolaCode/DebugInterface.o
                0xfc806d2c                DebugingGraham_Startup
                0xfc806d78                Rx2Uart
 .text          0xfc806fec       0xbc ./NicolaCode/Flash-SDCard.o
                0xfc806fec                CDCardInit
                0xfc807078                CDFlashRead
                0xfc807090                CDFlashWrite
 .text          0xfc8070a8     0x2674 ./NicolaCode/LCD_Display.o
                0xfc807480                SetConfidenceBeepTime
                0xfc80755c                SetDebuggingState
                0xfc8075e8                SetBeaconBeepTime
                0xfc8076c4                EffectTurnRadioOff
                0xfc80787c                LCD_Startup
                0xfc8078f4                hexToInt
                0xfc80791c                LCD_Write_String
                0xfc808e24                MenuMessageFromHostComputer
                0xfc809630                AddReceivedTextToMenu
 .text          0xfc80971c      0x658 ./NicolaCode/PSPLComms.o
                0xfc80971c                PSPLComms_Initialise
                0xfc80988c                intToHexChars
                0xfc8098b8                xsleep
                0xfc8098c0                LoadPicoFast
                0xfc809940                ReadResponse
                0xfc809bd8                TxSend
                0xfc809cd4                RxReceive
 .text          0xfc809d74      0x2e0 ./NicolaCode/RadioInterface.o
                0xfc809d98                RadioInterfaceInit
                0xfc809e00                SetMicrophoneVolume
                0xfc809f70                SetAerialType
                0xfc809fac                SetAerialFrequency
                0xfc809fe8                SendPresetMessage
 .text          0xfc80a054      0x4c8 ./NicolaCode/RemoteProtocolHandler.o
                0xfc80a488                TextMessageStartup
 .text          0xfc80a51c     0x105c ./NicolaCode/xsdps.o
                0xfc80a51c                XSdPs_CfgInitialize
                0xfc80a6d0                XSdPs_FrameCmd
                0xfc80a848                XSdPs_CmdTransfer
                0xfc80aa18                XSdPs_SdCardInitialize
                0xfc80acb8                XSdPs_Select_Card
                0xfc80acd8                XSdPs_SetupADMA2DescTbl
                0xfc80ad90                XSdPs_ReadPolled
                0xfc80aeb0                XSdPs_WritePolled
                0xfc80afc4                XSdPs_MmcCardInitialize
                0xfc80b1ac                XSdPs_CardInitialize
 .text          0xfc80b578      0x540 ../../NicolaRadio_bsp/ps7_cortexa9_0/lib/libxil.a(xllfifo.o)
                0xfc80b578                XLlFifo_iRxOccupancy
                0xfc80b5cc                XLlFifo_iRxGetLen
                0xfc80b620                XLlFifo_iTxVacancy
                0xfc80b674                XLlFifo_iTxSetLen
                0xfc80b6c0                XLlFifo_CfgInitialize
                0xfc80b7f0                XLlFifo_RxGetWord
                0xfc80b810                XLlFifo_iRead_Aligned
                0xfc80b8c8                XLlFifo_TxPutWord
                0xfc80b8dc                XLlFifo_iWrite_Aligned
                0xfc80b994                XLlFifo_Initialize
 .text          0xfc80bab8       0x38 ../../NicolaRadio_bsp/ps7_cortexa9_0/lib/libxil.a(xllfifo_sinit.o)
                0xfc80bab8                XLlFfio_LookupConfig
 .text          0xfc80baf0      0x350 ../../NicolaRadio_bsp/ps7_cortexa9_0/lib/libxil.a(xstreamer.o)
                0xfc80baf0                XStrm_RxInitialize
                0xfc80bb54                XStrm_TxInitialize
                0xfc80bbb8                XStrm_RxGetLen
                0xfc80bbdc                XStrm_Read
                0xfc80bd0c                XStrm_TxSetLen
                0xfc80bd54                XStrm_Write
 .text          0xfc80be40      0x37c ../../NicolaRadio_bsp/ps7_cortexa9_0/lib/libxil.a(n3z_tonetest.o)
                0xfc80be40                n3z_tonetest_CfgInitialize
                0xfc80bebc                n3z_tonetest_values2recover_write
                0xfc80bf04                n3z_tonetest_values2recover_read
                0xfc80bf4c                n3z_tonetest_n3zconfig_write
                0xfc80bf98                n3z_tonetest_n3zconfig_read
                0xfc80bfe4                n3z_tonetest_audiovolume_write
                0xfc80c030                n3z_tonetest_audiovolume_read
                0xfc80c084                n3z_tonetest_adcgain_ave_peak_read
                0xfc80c0d0                n3z_tonetest_starttoneamp_read
                0xfc80c124                n3z_tonetest_demodsignallevel_read
                0xfc80c170                n3z_tonetest_txaudiolevel_read
 .text          0xfc80c1bc       0x90 ../../NicolaRadio_bsp/ps7_cortexa9_0/lib/libxil.a(n3z_tonetest_sinit.o)
                0xfc80c1bc                n3z_tonetest_LookupConfig
                0xfc80c1d8                n3z_tonetest_Initialize
 .text          0xfc80c24c      0x930 ../../NicolaRadio_bsp/ps7_cortexa9_0/lib/libxil.a(xscugic.o)
                0xfc80c29c                XScuGic_CfgInitialize
                0xfc80c454                XScuGic_Connect
                0xfc80c52c                XScuGic_Disconnect
                0xfc80c604                XScuGic_Enable
                0xfc80c6c0                XScuGic_Disable
                0xfc80c77c                XScuGic_SoftwareIntr
                0xfc80c868                XScuGic_SetPriorityTriggerType
                0xfc80c9ec                XScuGic_GetPriorityTriggerType
                0xfc80cb2c                XScuGic_InterruptMaptoCpu
 .text          0xfc80cb7c        0x0 ../../NicolaRadio_bsp/ps7_cortexa9_0/lib/libxil.a(xscugic_g.o)
 .text          0xfc80cb7c       0x1c ../../NicolaRadio_bsp/ps7_cortexa9_0/lib/libxil.a(xscugic_sinit.o)
                0xfc80cb7c                XScuGic_LookupConfig
 .text          0xfc80cb98      0x314 ../../NicolaRadio_bsp/ps7_cortexa9_0/lib/libxil.a(xscutimer.o)
                0xfc80cb98                XScuTimer_CfgInitialize
                0xfc80cc48                XScuTimer_Start
                0xfc80cce4                XScuTimer_Stop
                0xfc80cd78                XScuTimer_SetPrescaler
                0xfc80ce20                XScuTimer_GetPrescaler
 .text          0xfc80ceac       0x1c ../../NicolaRadio_bsp/ps7_cortexa9_0/lib/libxil.a(xscutimer_sinit.o)
                0xfc80ceac                XScuTimer_LookupConfig
 .text          0xfc80cec8      0x238 ../../NicolaRadio_bsp/ps7_cortexa9_0/lib/libxil.a(xscuwdt.o)
                0xfc80cec8                XScuWdt_CfgInitialize
                0xfc80cfd0                XScuWdt_Start
                0xfc80d06c                XScuWdt_Stop
 .text          0xfc80d100       0x1c ../../NicolaRadio_bsp/ps7_cortexa9_0/lib/libxil.a(xscuwdt_sinit.o)
                0xfc80d100                XScuWdt_LookupConfig
 .text          0xfc80d11c     0x10b8 ../../NicolaRadio_bsp/ps7_cortexa9_0/lib/libxil.a(xsdps_options.o)
                0xfc80d400                XSdPs_SetBlkSize
                0xfc80d4dc                XSdPs_Get_BusWidth
                0xfc80d650                XSdPs_Change_BusWidth
                0xfc80d7f0                XSdPs_Get_BusSpeed
                0xfc80d94c                XSdPs_Change_ClkFreq
                0xfc80db04                XSdPs_Change_BusSpeed
                0xfc80dda0                XSdPs_Pullup
                0xfc80de54                XSdPs_Get_Mmc_ExtCsd
                0xfc80dfb0                XSdPs_Uhs_ModeInit
                0xfc80e1c4                XSdPs_SetTapDelay
 .text          0xfc80e1d4       0x1c ../../NicolaRadio_bsp/ps7_cortexa9_0/lib/libxil.a(xsdps_sinit.o)
                0xfc80e1d4                XSdPs_LookupConfig
 .text          0xfc80e1f0        0x0 ../../NicolaRadio_bsp/ps7_cortexa9_0/lib/libxil.a(asm_vectors.o)
 .text          0xfc80e1f0        0x0 ../../NicolaRadio_bsp/ps7_cortexa9_0/lib/libxil.a(boot.o)
 .text          0xfc80e1f0       0x48 ../../NicolaRadio_bsp/ps7_cortexa9_0/lib/libxil.a(sleep.o)
                0xfc80e1f0                sleep
 .text          0xfc80e238        0x0 ../../NicolaRadio_bsp/ps7_cortexa9_0/lib/libxil.a(translation_table.o)
 .text          0xfc80e238       0x44 ../../NicolaRadio_bsp/ps7_cortexa9_0/lib/libxil.a(usleep.o)
                0xfc80e238                usleep
 .text          0xfc80e27c       0x78 ../../NicolaRadio_bsp/ps7_cortexa9_0/lib/libxil.a(vectors.o)
                0xfc80e27c                UndefinedException
                0xfc80e290                FIQInterrupt
                0xfc80e2a4                IRQInterrupt
                0xfc80e2b8                SWInterrupt
                0xfc80e2cc                DataAbortInterrupt
                0xfc80e2e0                PrefetchAbortInterrupt
 .text          0xfc80e2f4       0x78 ../../NicolaRadio_bsp/ps7_cortexa9_0/lib/libxil.a(xil-crt0.o)
                0xfc80e308                _start
 .text          0xfc80e36c       0x34 ../../NicolaRadio_bsp/ps7_cortexa9_0/lib/libxil.a(xil_assert.o)
                0xfc80e36c                Xil_Assert
                0xfc80e38c                Xil_AssertSetCallback
                0xfc80e39c                XNullHandler
 .text          0xfc80e3a0      0x9fc ../../NicolaRadio_bsp/ps7_cortexa9_0/lib/libxil.a(xil_cache.o)
                0xfc80e3a0                Xil_DCacheInvalidateLine
                0xfc80e3e4                Xil_DCacheFlushRange
                0xfc80e444                Xil_DCacheStoreLine
                0xfc80e484                Xil_ICacheInvalidateLine
                0xfc80e4c8                Xil_ICacheInvalidateRange
                0xfc80e520                Xil_L1DCacheInvalidate
                0xfc80e5c8                Xil_L1DCacheEnable
                0xfc80e5e8                Xil_L1DCacheInvalidateLine
                0xfc80e600                Xil_L1DCacheInvalidateRange
                0xfc80e648                Xil_L1DCacheFlush
                0xfc80e6d8                Xil_L1DCacheDisable
                0xfc80e6f0                Xil_L1DCacheFlushLine
                0xfc80e708                Xil_L1DCacheFlushRange
                0xfc80e750                Xil_L1DCacheStoreLine
                0xfc80e768                Xil_L1ICacheEnable
                0xfc80e784                Xil_L1ICacheDisable
                0xfc80e7a0                Xil_L1ICacheInvalidate
                0xfc80e7b8                Xil_L1ICacheInvalidateLine
                0xfc80e7d0                Xil_L1ICacheInvalidateRange
                0xfc80e818                Xil_L2CacheInvalidate
                0xfc80e874                Xil_DCacheInvalidate
                0xfc80e894                Xil_ICacheInvalidate
                0xfc80e8c4                Xil_L2CacheEnable
                0xfc80e974                Xil_DCacheEnable
                0xfc80e984                Xil_ICacheEnable
                0xfc80e9a0                Xil_L2CacheInvalidateLine
                0xfc80e9bc                Xil_L2CacheInvalidateRange
                0xfc80ea40                Xil_L2CacheFlush
                0xfc80eaa4                Xil_DCacheFlush
                0xfc80eac4                Xil_L2CacheDisable
                0xfc80eb04                Xil_DCacheDisable
                0xfc80eb20                Xil_ICacheDisable
                0xfc80eb44                Xil_L2CacheFlushLine
                0xfc80eb74                Xil_DCacheInvalidateRange
                0xfc80ec94                Xil_DCacheFlushLine
                0xfc80ecfc                Xil_L2CacheFlushRange
                0xfc80ed80                Xil_L2CacheStoreLine
 .text          0xfc80ed9c       0x58 ../../NicolaRadio_bsp/ps7_cortexa9_0/lib/libxil.a(xil_exception.o)
                0xfc80eda0                Xil_DataAbortHandler
                0xfc80eda8                Xil_PrefetchAbortHandler
                0xfc80edb0                Xil_UndefinedExceptionHandler
                0xfc80edb4                Xil_ExceptionInit
                0xfc80edb8                Xil_ExceptionRegisterHandler
                0xfc80edd0                Xil_ExceptionRemoveHandler
 .text          0xfc80edf4       0x88 ../../NicolaRadio_bsp/ps7_cortexa9_0/lib/libxil.a(xil_io.o)
                0xfc80edf4                Xil_In8
                0xfc80edfc                Xil_In16
                0xfc80ee04                Xil_In32
                0xfc80ee0c                Xil_Out8
                0xfc80ee14                Xil_Out16
                0xfc80ee1c                Xil_Out32
                0xfc80ee24                Xil_In16BE
                0xfc80ee38                Xil_In32BE
                0xfc80ee44                Xil_Out16BE
                0xfc80ee58                Xil_Out32BE
                0xfc80ee64                Xil_EndianSwap16
                0xfc80ee74                Xil_EndianSwap32
 .text          0xfc80ee7c      0x690 ../../NicolaRadio_bsp/ps7_cortexa9_0/lib/libxil.a(xil_printf.o)
                0xfc80f08c                xil_printf
 .text          0xfc80f50c       0xa0 ../../NicolaRadio_bsp/ps7_cortexa9_0/lib/libxil.a(xtime_l.o)
                0xfc80f50c                XTime_SetTime
                0xfc80f55c                XTime_GetTime
 .text          0xfc80f5ac        0x0 ../../NicolaRadio_bsp/ps7_cortexa9_0/lib/libxil.a(xllfifo_g.o)
 .text          0xfc80f5ac        0x0 ../../NicolaRadio_bsp/ps7_cortexa9_0/lib/libxil.a(n3z_tonetest_g.o)
 .text          0xfc80f5ac        0x0 ../../NicolaRadio_bsp/ps7_cortexa9_0/lib/libxil.a(xscutimer_g.o)
 .text          0xfc80f5ac        0x0 ../../NicolaRadio_bsp/ps7_cortexa9_0/lib/libxil.a(xscuwdt_g.o)
 .text          0xfc80f5ac        0x0 ../../NicolaRadio_bsp/ps7_cortexa9_0/lib/libxil.a(xsdps_g.o)
 .text          0xfc80f5ac       0x3c ../../NicolaRadio_bsp/ps7_cortexa9_0/lib/libxil.a(cpu_init.o)
                0xfc80f5ac                __cpu_init
 .text          0xfc80f5e8        0xc ../../NicolaRadio_bsp/ps7_cortexa9_0/lib/libxil.a(outbyte.o)
                0xfc80f5e8                outbyte
 .text          0xfc80f5f4       0xec ../../NicolaRadio_bsp/ps7_cortexa9_0/lib/libxil.a(xuartps_hw.o)
                0xfc80f5f4                XUartPs_SendByte
                0xfc80f624                XUartPs_RecvByte
                0xfc80f650                XUartPs_ResetHw
 .text          0xfc80f6e0      0x20c /opt/Xilinx/SDK/2016.2/gnu/aarch32/lin/gcc-arm-none-eabi/bin/../lib/gcc/arm-none-eabi/4.9.2/v7-a/fpv3/hard/libgcc.a(_udivsi3.o)
                0xfc80f6e0                __udivsi3
                0xfc80f6e0                __aeabi_uidiv
                0xfc80f8cc                __aeabi_uidivmod
 .text          0xfc80f8ec      0x240 /opt/Xilinx/SDK/2016.2/gnu/aarch32/lin/gcc-arm-none-eabi/bin/../lib/gcc/arm-none-eabi/4.9.2/v7-a/fpv3/hard/libgcc.a(_divsi3.o)
                0xfc80f8ec                __aeabi_idiv
                0xfc80f8ec                __divsi3
                0xfc80fb0c                __aeabi_idivmod
 .text          0xfc80fb2c        0x4 /opt/Xilinx/SDK/2016.2/gnu/aarch32/lin/gcc-arm-none-eabi/bin/../lib/gcc/arm-none-eabi/4.9.2/v7-a/fpv3/hard/libgcc.a(_dvmd_tls.o)
                0xfc80fb2c                __aeabi_ldiv0
                0xfc80fb2c                __aeabi_idiv0
 .text          0xfc80fb30       0x18 /opt/Xilinx/SDK/2016.2/gnu/aarch32/lin/gcc-arm-none-eabi/bin/../lib/gcc/arm-none-eabi/4.9.2/../../../../arm-none-eabi/lib/v7-a/fpv3/hard/libc.a(lib_a-atoi.o)
                0xfc80fb30                atoi
                0xfc80fb3c                _atoi_r
 .text          0xfc80fb48       0x18 /opt/Xilinx/SDK/2016.2/gnu/aarch32/lin/gcc-arm-none-eabi/bin/../lib/gcc/arm-none-eabi/4.9.2/../../../../arm-none-eabi/lib/v7-a/fpv3/hard/libc.a(lib_a-ctype_.o)
                0xfc80fb48                __set_ctype
 .text          0xfc80fb60       0x34 /opt/Xilinx/SDK/2016.2/gnu/aarch32/lin/gcc-arm-none-eabi/bin/../lib/gcc/arm-none-eabi/4.9.2/../../../../arm-none-eabi/lib/v7-a/fpv3/hard/libc.a(lib_a-exit.o)
                0xfc80fb60                exit
 .text          0xfc80fb94       0x40 /opt/Xilinx/SDK/2016.2/gnu/aarch32/lin/gcc-arm-none-eabi/bin/../lib/gcc/arm-none-eabi/4.9.2/../../../../arm-none-eabi/lib/v7-a/fpv3/hard/libc.a(lib_a-fini.o)
                0xfc80fb94                __libc_fini_array
 .text          0xfc80fbd4        0x0 /opt/Xilinx/SDK/2016.2/gnu/aarch32/lin/gcc-arm-none-eabi/bin/../lib/gcc/arm-none-eabi/4.9.2/../../../../arm-none-eabi/lib/v7-a/fpv3/hard/libc.a(lib_a-impure.o)
 .text          0xfc80fbd4       0x78 /opt/Xilinx/SDK/2016.2/gnu/aarch32/lin/gcc-arm-none-eabi/bin/../lib/gcc/arm-none-eabi/4.9.2/../../../../arm-none-eabi/lib/v7-a/fpv3/hard/libc.a(lib_a-init.o)
                0xfc80fbd4                __libc_init_array
 .text          0xfc80fc4c       0x28 /opt/Xilinx/SDK/2016.2/gnu/aarch32/lin/gcc-arm-none-eabi/bin/../lib/gcc/arm-none-eabi/4.9.2/../../../../arm-none-eabi/lib/v7-a/fpv3/hard/libc.a(lib_a-malloc.o)
                0xfc80fc4c                malloc
                0xfc80fc60                free
 .text          0xfc80fc74      0x768 /opt/Xilinx/SDK/2016.2/gnu/aarch32/lin/gcc-arm-none-eabi/bin/../lib/gcc/arm-none-eabi/4.9.2/../../../../arm-none-eabi/lib/v7-a/fpv3/hard/libc.a(lib_a-mallocr.o)
                0xfc80fc74                _malloc_r
 .text          0xfc8103dc       0xa8 /opt/Xilinx/SDK/2016.2/gnu/aarch32/lin/gcc-arm-none-eabi/bin/../lib/gcc/arm-none-eabi/4.9.2/../../../../arm-none-eabi/lib/v7-a/fpv3/hard/libc.a(lib_a-memcmp.o)
                0xfc8103dc                memcmp
 *fill*         0xfc810484       0x3c 
 .text          0xfc8104c0      0x600 /opt/Xilinx/SDK/2016.2/gnu/aarch32/lin/gcc-arm-none-eabi/bin/../lib/gcc/arm-none-eabi/4.9.2/../../../../arm-none-eabi/lib/v7-a/fpv3/hard/libc.a(lib_a-memcpy.o)
                0xfc8104c0                memcpy
 .text          0xfc810ac0       0xf8 /opt/Xilinx/SDK/2016.2/gnu/aarch32/lin/gcc-arm-none-eabi/bin/../lib/gcc/arm-none-eabi/4.9.2/../../../../arm-none-eabi/lib/v7-a/fpv3/hard/libc.a(lib_a-memset.o)
                0xfc810ac0                memset
 .text          0xfc810bb8        0x8 /opt/Xilinx/SDK/2016.2/gnu/aarch32/lin/gcc-arm-none-eabi/bin/../lib/gcc/arm-none-eabi/4.9.2/../../../../arm-none-eabi/lib/v7-a/fpv3/hard/libc.a(lib_a-mlock.o)
                0xfc810bb8                __malloc_lock
                0xfc810bbc                __malloc_unlock
 .text          0xfc810bc0       0x38 /opt/Xilinx/SDK/2016.2/gnu/aarch32/lin/gcc-arm-none-eabi/bin/../lib/gcc/arm-none-eabi/4.9.2/../../../../arm-none-eabi/lib/v7-a/fpv3/hard/libc.a(lib_a-sbrkr.o)
                0xfc810bc0                _sbrk_r
 .text          0xfc810bf8       0xf8 /opt/Xilinx/SDK/2016.2/gnu/aarch32/lin/gcc-arm-none-eabi/bin/../lib/gcc/arm-none-eabi/4.9.2/../../../../arm-none-eabi/lib/v7-a/fpv3/hard/libc.a(lib_a-strcpy.o)
                0xfc810bf8                strcpy
 *fill*         0xfc810cf0       0x10 
 .text          0xfc810d00      0x100 /opt/Xilinx/SDK/2016.2/gnu/aarch32/lin/gcc-arm-none-eabi/bin/../lib/gcc/arm-none-eabi/4.9.2/../../../../arm-none-eabi/lib/v7-a/fpv3/hard/libc.a(lib_a-strlen-armv7.o)
                0xfc810d00                strlen
 .text          0xfc810e00      0x110 /opt/Xilinx/SDK/2016.2/gnu/aarch32/lin/gcc-arm-none-eabi/bin/../lib/gcc/arm-none-eabi/4.9.2/../../../../arm-none-eabi/lib/v7-a/fpv3/hard/libc.a(lib_a-strncmp.o)
                0xfc810e00                strncmp
 .text          0xfc810f10       0xdc /opt/Xilinx/SDK/2016.2/gnu/aarch32/lin/gcc-arm-none-eabi/bin/../lib/gcc/arm-none-eabi/4.9.2/../../../../arm-none-eabi/lib/v7-a/fpv3/hard/libc.a(lib_a-strncpy.o)
                0xfc810f10                strncpy
 .text          0xfc810fec      0x1fc /opt/Xilinx/SDK/2016.2/gnu/aarch32/lin/gcc-arm-none-eabi/bin/../lib/gcc/arm-none-eabi/4.9.2/../../../../arm-none-eabi/lib/v7-a/fpv3/hard/libc.a(lib_a-strtol.o)
                0xfc810fec                _strtol_r
                0xfc8111cc                strtol
 .text          0xfc8111e8      0x168 /opt/Xilinx/SDK/2016.2/gnu/aarch32/lin/gcc-arm-none-eabi/bin/../lib/gcc/arm-none-eabi/4.9.2/../../../../arm-none-eabi/lib/v7-a/fpv3/hard/libc.a(lib_a-__call_atexit.o)
                0xfc8111e8                __call_exitprocs
 .text          0xfc811350       0x14 /opt/Xilinx/SDK/2016.2/gnu/aarch32/lin/gcc-arm-none-eabi/bin/../lib/gcc/arm-none-eabi/4.9.2/../../../../arm-none-eabi/lib/v7-a/fpv3/hard/libc.a(lib_a-atexit.o)
                0xfc811350                atexit
 .text          0xfc811364      0x3ac /opt/Xilinx/SDK/2016.2/gnu/aarch32/lin/gcc-arm-none-eabi/bin/../lib/gcc/arm-none-eabi/4.9.2/../../../../arm-none-eabi/lib/v7-a/fpv3/hard/libc.a(lib_a-freer.o)
                0xfc811364                _malloc_trim_r
                0xfc811460                _free_r
 .text          0xfc811710      0x11c /opt/Xilinx/SDK/2016.2/gnu/aarch32/lin/gcc-arm-none-eabi/bin/../lib/gcc/arm-none-eabi/4.9.2/../../../../arm-none-eabi/lib/v7-a/fpv3/hard/libc.a(lib_a-reent.o)
                0xfc811710                cleanup_glue
                0xfc81173c                _reclaim_reent
 .text          0xfc81182c       0xd8 /opt/Xilinx/SDK/2016.2/gnu/aarch32/lin/gcc-arm-none-eabi/bin/../lib/gcc/arm-none-eabi/4.9.2/../../../../arm-none-eabi/lib/v7-a/fpv3/hard/libc.a(lib_a-__atexit.o)
                0xfc81182c                __register_exitproc
 .text          0xfc811904        0x4 ../../NicolaRadio_bsp/ps7_cortexa9_0/lib/libxil.a(_exit.o)
                0xfc811904                _exit
 .text          0xfc811908       0x3c ../../NicolaRadio_bsp/ps7_cortexa9_0/lib/libxil.a(_sbrk.o)
                0xfc811908                _sbrk
 .text          0xfc811944        0x0 /opt/Xilinx/SDK/2016.2/gnu/aarch32/lin/gcc-arm-none-eabi/bin/../lib/gcc/arm-none-eabi/4.9.2/v7-a/fpv3/hard/crtend.o
 .text          0xfc811944        0x0 /opt/Xilinx/SDK/2016.2/gnu/aarch32/lin/gcc-arm-none-eabi/bin/../lib/gcc/arm-none-eabi/4.9.2/v7-a/fpv3/hard/crtn.o
 *(.text.*)
 .text.startup  0xfc811944      0x144 ./src/main.o
                0xfc811944                main
 .text.startup  0xfc811a88       0x1c /opt/Xilinx/SDK/2016.2/gnu/aarch32/lin/gcc-arm-none-eabi/bin/../lib/gcc/arm-none-eabi/4.9.2/../../../../arm-none-eabi/lib/v7-a/fpv3/hard/libc.a(lib_a-__call_atexit.o)
 *(.gnu.linkonce.t.*)
 *(.plt)
 *(.gnu_warning)
 *(.gcc_execpt_table)
 *(.glue_7)
 .glue_7        0x00000000        0x0 linker stubs
 *(.glue_7t)
 .glue_7t       0x00000000        0x0 linker stubs
 *(.vfp11_veneer)
 .vfp11_veneer  0x00000000        0x0 linker stubs
 *(.ARM.extab)
 *(.gnu.linkonce.armextab.*)

.v4_bx          0xfc811aa4        0x0
 .v4_bx         0x00000000        0x0 linker stubs

.init           0xfc811aa4       0x18
 .init          0xfc811aa4        0xc /opt/Xilinx/SDK/2016.2/gnu/aarch32/lin/gcc-arm-none-eabi/bin/../lib/gcc/arm-none-eabi/4.9.2/v7-a/fpv3/hard/crti.o
                0xfc811aa4                _init
 .init          0xfc811ab0        0xc /opt/Xilinx/SDK/2016.2/gnu/aarch32/lin/gcc-arm-none-eabi/bin/../lib/gcc/arm-none-eabi/4.9.2/v7-a/fpv3/hard/crtn.o

.fini           0xfc811abc       0x18
 .fini          0xfc811abc        0xc /opt/Xilinx/SDK/2016.2/gnu/aarch32/lin/gcc-arm-none-eabi/bin/../lib/gcc/arm-none-eabi/4.9.2/v7-a/fpv3/hard/crti.o
                0xfc811abc                _fini
 .fini          0xfc811ac8        0xc /opt/Xilinx/SDK/2016.2/gnu/aarch32/lin/gcc-arm-none-eabi/bin/../lib/gcc/arm-none-eabi/4.9.2/v7-a/fpv3/hard/crtn.o

.iplt           0xfc811ad4        0x0
 .iplt          0x00000000        0x0 /opt/Xilinx/SDK/2016.2/gnu/aarch32/lin/gcc-arm-none-eabi/bin/../lib/gcc/arm-none-eabi/4.9.2/v7-a/fpv3/hard/crtbegin.o

.mmu_tbl        0xfc814000     0x4000
                0xfc814000                __mmu_tbl_start = .
 *(.mmu_tbl)
 .mmu_tbl       0xfc814000     0x4000 ../../NicolaRadio_bsp/ps7_cortexa9_0/lib/libxil.a(translation_table.o)
                0xfc814000                MMUTable
                0xfc818000                __mmu_tbl_end = .

.eh_frame       0xfc818000        0x4
 .eh_frame      0xfc818000        0x0 /opt/Xilinx/SDK/2016.2/gnu/aarch32/lin/gcc-arm-none-eabi/bin/../lib/gcc/arm-none-eabi/4.9.2/v7-a/fpv3/hard/crtbegin.o
 .eh_frame      0xfc818000        0x4 /opt/Xilinx/SDK/2016.2/gnu/aarch32/lin/gcc-arm-none-eabi/bin/../lib/gcc/arm-none-eabi/4.9.2/v7-a/fpv3/hard/crtend.o

.rodata         0xfc818004      0x134
 .rodata        0xfc818004       0x10 ./src/portable/port.o
                0xfc818004                ulMaxAPIPriorityMask
                0xfc818008                ulICCPMR
                0xfc81800c                ulICCEOIR
                0xfc818010                ulICCIAR
 .rodata        0xfc818014       0x18 ./src/ps7_init_Nicola.o
 .rodata        0xfc81802c        0x4 ./src/tasks.o
 .rodata        0xfc818030      0x104 /opt/Xilinx/SDK/2016.2/gnu/aarch32/lin/gcc-arm-none-eabi/bin/../lib/gcc/arm-none-eabi/4.9.2/../../../../arm-none-eabi/lib/v7-a/fpv3/hard/libc.a(lib_a-ctype_.o)
                0xfc818030                _ctype_
 .rodata        0xfc818134        0x4 /opt/Xilinx/SDK/2016.2/gnu/aarch32/lin/gcc-arm-none-eabi/bin/../lib/gcc/arm-none-eabi/4.9.2/../../../../arm-none-eabi/lib/v7-a/fpv3/hard/libc.a(lib_a-impure.o)
                0xfc818134                _global_impure_ptr

.rodata.str1.1  0xfc818138      0xad5
 .rodata.str1.1
                0xfc818138       0x17 ./src/portable/port.o
 .rodata.str1.1
                0xfc81814f       0x1e ./src/FreeRTOS_tick_config.o
 .rodata.str1.1
                0xfc81816d       0x10 ./src/heap_4.o
 .rodata.str1.1
                0xfc81817d       0x4c ./src/main.o
 .rodata.str1.1
                0xfc8181c9        0x7 ./src/printf-stdarg.o
 .rodata.str1.1
                0xfc8181d0       0xc6 ./src/ps7_init_Nicola.o
 .rodata.str1.1
                0xfc818296        0xf ./src/queue.o
 .rodata.str1.1
                0xfc8182a5       0x23 ./src/tasks.o
 .rodata.str1.1
                0xfc8182c8       0x1d ./src/timers.o
 .rodata.str1.1
                0xfc8182e5      0x314 ./NicolaCode/Bluetooth.o
 .rodata.str1.1
                0xfc8185f9       0x20 ./NicolaCode/ConsoleManager.o
                                 0x23 (size before relaxing)
 .rodata.str1.1
                0xfc818619      0x1ee ./NicolaCode/DebugInterface.o
 .rodata.str1.1
                0xfc818807      0x169 ./NicolaCode/LCD_Display.o
                                0x177 (size before relaxing)
 .rodata.str1.1
                0xfc818970      0x137 ./NicolaCode/PSPLComms.o
                                0x174 (size before relaxing)
 .rodata.str1.1
                0xfc818aa7       0xf0 ./NicolaCode/RadioInterface.o
 .rodata.str1.1
                0xfc818b97       0x60 ./NicolaCode/RemoteProtocolHandler.o
 .rodata.str1.1
                0xfc818bf7       0x16 ./NicolaCode/xsdps.o

.rodata.str1.4  0xfc818c10       0x8c
 .rodata.str1.4
                0xfc818c10        0xa ../../NicolaRadio_bsp/ps7_cortexa9_0/lib/libxil.a(xllfifo.o)
                                  0xc (size before relaxing)
 *fill*         0xfc818c1a        0x2 
 .rodata.str1.4
                0xfc818c1c        0xc ../../NicolaRadio_bsp/ps7_cortexa9_0/lib/libxil.a(xstreamer.o)
 .rodata.str1.4
                0xfc818c28        0xf ../../NicolaRadio_bsp/ps7_cortexa9_0/lib/libxil.a(n3z_tonetest.o)
                                 0x10 (size before relaxing)
 *fill*         0xfc818c37        0x1 
 .rodata.str1.4
                0xfc818c38       0x15 ../../NicolaRadio_bsp/ps7_cortexa9_0/lib/libxil.a(n3z_tonetest_sinit.o)
                                 0x18 (size before relaxing)
 *fill*         0xfc818c4d        0x3 
 .rodata.str1.4
                0xfc818c50        0xa ../../NicolaRadio_bsp/ps7_cortexa9_0/lib/libxil.a(xscugic.o)
                                  0xc (size before relaxing)
 *fill*         0xfc818c5a        0x2 
 .rodata.str1.4
                0xfc818c5c        0xc ../../NicolaRadio_bsp/ps7_cortexa9_0/lib/libxil.a(xscutimer.o)
 .rodata.str1.4
                0xfc818c68        0xa ../../NicolaRadio_bsp/ps7_cortexa9_0/lib/libxil.a(xscuwdt.o)
                                  0xc (size before relaxing)
 *fill*         0xfc818c72        0x2 
 .rodata.str1.4
                0xfc818c74       0x10 ../../NicolaRadio_bsp/ps7_cortexa9_0/lib/libxil.a(xsdps_options.o)
 .rodata.str1.4
                0xfc818c84       0x11 ../../NicolaRadio_bsp/ps7_cortexa9_0/lib/libxil.a(xil_printf.o)
                                 0x14 (size before relaxing)
 *fill*         0xfc818c95        0x3 
 .rodata.str1.4
                0xfc818c98        0x4 /opt/Xilinx/SDK/2016.2/gnu/aarch32/lin/gcc-arm-none-eabi/bin/../lib/gcc/arm-none-eabi/4.9.2/../../../../arm-none-eabi/lib/v7-a/fpv3/hard/libc.a(lib_a-impure.o)

.rel.dyn        0xfc818c9c        0x0
 .rel.iplt      0x00000000        0x0 /opt/Xilinx/SDK/2016.2/gnu/aarch32/lin/gcc-arm-none-eabi/bin/../lib/gcc/arm-none-eabi/4.9.2/v7-a/fpv3/hard/crtbegin.o

.sdata2         0x00000000        0x0
                0x00000000                __sdata2_start = .
 *(.sdata2)
 *(.sdata2.*)
 *(.gnu.linkonce.s2.*)
                0x00000000                __sdata2_end = .

.sbss2          0x00000000        0x0
                0x00000000                __sbss2_start = .
 *(.sbss2)
 *(.sbss2.*)
 *(.gnu.linkonce.sb2.*)
                0x00000000                __sbss2_end = .

.data           0x00000000     0x22a4 load address 0xfc818c9c
                0x00000000                __data_start = .
                0x00000000                _dataVMA_start = .
 *(.data)
 .data          0x00000000        0x0 /opt/Xilinx/SDK/2016.2/gnu/aarch32/lin/gcc-arm-none-eabi/bin/../lib/gcc/arm-none-eabi/4.9.2/v7-a/fpv3/hard/crti.o
 .data          0x00000000        0x4 /opt/Xilinx/SDK/2016.2/gnu/aarch32/lin/gcc-arm-none-eabi/bin/../lib/gcc/arm-none-eabi/4.9.2/v7-a/fpv3/hard/crtbegin.o
                0x00000000                __dso_handle
 .data          0x00000004        0x4 ./src/portable/port.o
                0x00000004                ulCriticalNesting
 .data          0x00000008        0x0 ./src/portable/portASM.o
 .data          0x00000008        0x0 ./src/FreeRTOS_asm_vectors.o
 .data          0x00000008        0x0 ./src/FreeRTOS_tick_config.o
 .data          0x00000008        0x0 ./src/event_groups.o
 .data          0x00000008        0x0 ./src/heap_4.o
 .data          0x00000008        0x0 ./src/list.o
 .data          0x00000008        0x0 ./src/main.o
 .data          0x00000008        0x0 ./src/platform.o
 .data          0x00000008        0x0 ./src/printf-stdarg.o
 .data          0x00000008      0xe00 ./src/ps7_init_Nicola.o
                0x00000008                ps7_post_config_1_0
                0x0000004c                ps7_post_config_2_0
                0x00000090                ps7_post_config_3_0
                0x000000d4                ps7_debug_1_0
                0x00000108                ps7_debug_2_0
                0x0000013c                ps7_debug_3_0
                0x00000170                ps7_mio_init_data
                0x00000174                ps7_mio_init_data_1_0
                0x00000268                ps7_pll_init_data
                0x0000026c                ps7_pll_init_data_1_0
                0x000003f4                ps7_clock_init_data
                0x000003f8                ps7_clock_init_data_1_0
                0x0000049c                ps7_ddr_init_data
                0x000004a0                ps7_peripherals_init_data
                0x000004a4                ps7_peripherals_init_data_1_0
                0x000005b0                ps7_mio_init_data_2_0
                0x000006a4                ps7_pll_init_data_2_0
                0x0000082c                ps7_clock_init_data_2_0
                0x000008d0                ps7_peripherals_init_data_2_0
                0x000009dc                ps7_mio_init_data_3_0
                0x00000ad0                ps7_pll_init_data_3_0
                0x00000c58                ps7_clock_init_data_3_0
                0x00000cfc                ps7_peripherals_init_data_3_0
 .data          0x00000e08        0x0 ./src/queue.o
 .data          0x00000e08        0x0 ./src/tasks.o
 .data          0x00000e08        0x0 ./src/timers.o
 .data          0x00000e08       0x40 ./NicolaCode/Bluetooth.o
                0x00000e08                BluetoothCommandEcho
                0x00000e0c                StartupMessages
                0x00000e40                PinCodes
 .data          0x00000e48        0x0 ./NicolaCode/ConsoleManager.o
 .data          0x00000e48        0x0 ./NicolaCode/DebugInterface.o
 .data          0x00000e48        0x4 ./NicolaCode/Flash-SDCard.o
 .data          0x00000e4c      0x564 ./NicolaCode/LCD_Display.o
                0x00000e4c                theMenu_1
                0x00000e88                CurrentMenuPosition
                0x00000e8c                CurrentSubMenuPosition
                0x00000e90                Nicola3Name
                0x00000e94                theMenu_3
                0x00000ed0                theMenu_4
                0x00000f0c                theMenu_5
                0x00000f48                theMenu_5a
                0x00000f84                theMenu_6
                0x00000fc0                theMenu_7
                0x00000ffc                theMenu_7a
                0x00001038                theMenu_8
                0x00001074                theMenu_99
                0x000010b0                turnRadioOffSetting1
                0x000010d0                turnRadioOffSetting
                0x000010f0                debugOff
                0x00001110                debugOn
                0x00001130                TextMessageTestSetting4
                0x00001144                TextMessageTestSetting3
                0x00001158                TextMessageTestSetting2
                0x0000116c                TextMessageTestSetting
                0x00001180                TextMessageReceived4
                0x00001194                TextMessageReceived3
                0x000011a8                TextMessageReceived2
                0x000011bc                TextMessageReceived
                0x000011d0                BluetoothPairingSetting1
                0x000011f0                BluetoothPairingSetting
                0x00001210                confidenceBeepSetting
                0x00001270                frequencySetting3
                0x00001290                frequencySetting2
                0x000012b0                frequencySetting
                0x000012d0                aerialTypeSetting1
                0x000012f0                aerialTypeSetting
                0x00001310                microphoneVolume5
                0x00001330                microphoneVolume4
                0x00001350                microphoneVolume3
                0x00001370                microphoneVolume2
                0x00001390                microphoneVolume1
 .data          0x000013b0        0x0 ./NicolaCode/PSPLComms.o
 .data          0x000013b0        0x0 ./NicolaCode/RadioInterface.o
 .data          0x000013b0        0x0 ./NicolaCode/RemoteProtocolHandler.o
 .data          0x000013b0        0x0 ./NicolaCode/xsdps.o
 .data          0x000013b0        0x0 ../../NicolaRadio_bsp/ps7_cortexa9_0/lib/libxil.a(xllfifo.o)
 .data          0x000013b0        0x0 ../../NicolaRadio_bsp/ps7_cortexa9_0/lib/libxil.a(xllfifo_sinit.o)
 .data          0x000013b0        0x0 ../../NicolaRadio_bsp/ps7_cortexa9_0/lib/libxil.a(xstreamer.o)
 .data          0x000013b0        0x0 ../../NicolaRadio_bsp/ps7_cortexa9_0/lib/libxil.a(n3z_tonetest.o)
 .data          0x000013b0        0x0 ../../NicolaRadio_bsp/ps7_cortexa9_0/lib/libxil.a(n3z_tonetest_sinit.o)
 .data          0x000013b0        0x0 ../../NicolaRadio_bsp/ps7_cortexa9_0/lib/libxil.a(xscugic.o)
 .data          0x000013b0      0x624 ../../NicolaRadio_bsp/ps7_cortexa9_0/lib/libxil.a(xscugic_g.o)
                0x000013b0                XScuGic_ConfigTable
 .data          0x000019d4        0x0 ../../NicolaRadio_bsp/ps7_cortexa9_0/lib/libxil.a(xscugic_sinit.o)
 .data          0x000019d4        0x0 ../../NicolaRadio_bsp/ps7_cortexa9_0/lib/libxil.a(xscutimer.o)
 .data          0x000019d4        0x0 ../../NicolaRadio_bsp/ps7_cortexa9_0/lib/libxil.a(xscutimer_sinit.o)
 .data          0x000019d4        0x0 ../../NicolaRadio_bsp/ps7_cortexa9_0/lib/libxil.a(xscuwdt.o)
 .data          0x000019d4        0x0 ../../NicolaRadio_bsp/ps7_cortexa9_0/lib/libxil.a(xscuwdt_sinit.o)
 .data          0x000019d4        0x0 ../../NicolaRadio_bsp/ps7_cortexa9_0/lib/libxil.a(xsdps_options.o)
 .data          0x000019d4        0x0 ../../NicolaRadio_bsp/ps7_cortexa9_0/lib/libxil.a(xsdps_sinit.o)
 .data          0x000019d4        0x0 ../../NicolaRadio_bsp/ps7_cortexa9_0/lib/libxil.a(asm_vectors.o)
 .data          0x000019d4        0x0 ../../NicolaRadio_bsp/ps7_cortexa9_0/lib/libxil.a(boot.o)
 .data          0x000019d4        0x0 ../../NicolaRadio_bsp/ps7_cortexa9_0/lib/libxil.a(sleep.o)
 .data          0x000019d4        0x0 ../../NicolaRadio_bsp/ps7_cortexa9_0/lib/libxil.a(translation_table.o)
 .data          0x000019d4        0x0 ../../NicolaRadio_bsp/ps7_cortexa9_0/lib/libxil.a(usleep.o)
 .data          0x000019d4        0x0 ../../NicolaRadio_bsp/ps7_cortexa9_0/lib/libxil.a(vectors.o)
 .data          0x000019d4        0x0 ../../NicolaRadio_bsp/ps7_cortexa9_0/lib/libxil.a(xil-crt0.o)
 .data          0x000019d4        0x0 ../../NicolaRadio_bsp/ps7_cortexa9_0/lib/libxil.a(xil_assert.o)
 .data          0x000019d4        0x0 ../../NicolaRadio_bsp/ps7_cortexa9_0/lib/libxil.a(xil_cache.o)
 .data          0x000019d4       0x38 ../../NicolaRadio_bsp/ps7_cortexa9_0/lib/libxil.a(xil_exception.o)
                0x000019d4                XExc_VectorTable
 .data          0x00001a0c        0x0 ../../NicolaRadio_bsp/ps7_cortexa9_0/lib/libxil.a(xil_io.o)
 .data          0x00001a0c        0x0 ../../NicolaRadio_bsp/ps7_cortexa9_0/lib/libxil.a(xil_printf.o)
 .data          0x00001a0c        0x0 ../../NicolaRadio_bsp/ps7_cortexa9_0/lib/libxil.a(xtime_l.o)
 .data          0x00001a0c       0x20 ../../NicolaRadio_bsp/ps7_cortexa9_0/lib/libxil.a(xllfifo_g.o)
                0x00001a0c                XLlFifo_ConfigTable
 .data          0x00001a2c        0x8 ../../NicolaRadio_bsp/ps7_cortexa9_0/lib/libxil.a(n3z_tonetest_g.o)
                0x00001a2c                n3z_tonetest_ConfigTable
 .data          0x00001a34        0x8 ../../NicolaRadio_bsp/ps7_cortexa9_0/lib/libxil.a(xscutimer_g.o)
                0x00001a34                XScuTimer_ConfigTable
 .data          0x00001a3c        0x8 ../../NicolaRadio_bsp/ps7_cortexa9_0/lib/libxil.a(xscuwdt_g.o)
                0x00001a3c                XScuWdt_ConfigTable
 .data          0x00001a44       0x14 ../../NicolaRadio_bsp/ps7_cortexa9_0/lib/libxil.a(xsdps_g.o)
                0x00001a44                XSdPs_ConfigTable
 .data          0x00001a58        0x0 ../../NicolaRadio_bsp/ps7_cortexa9_0/lib/libxil.a(cpu_init.o)
 .data          0x00001a58        0x0 ../../NicolaRadio_bsp/ps7_cortexa9_0/lib/libxil.a(outbyte.o)
 .data          0x00001a58        0x0 ../../NicolaRadio_bsp/ps7_cortexa9_0/lib/libxil.a(xuartps_hw.o)
 .data          0x00001a58        0x0 /opt/Xilinx/SDK/2016.2/gnu/aarch32/lin/gcc-arm-none-eabi/bin/../lib/gcc/arm-none-eabi/4.9.2/v7-a/fpv3/hard/libgcc.a(_udivsi3.o)
 .data          0x00001a58        0x0 /opt/Xilinx/SDK/2016.2/gnu/aarch32/lin/gcc-arm-none-eabi/bin/../lib/gcc/arm-none-eabi/4.9.2/v7-a/fpv3/hard/libgcc.a(_divsi3.o)
 .data          0x00001a58        0x0 /opt/Xilinx/SDK/2016.2/gnu/aarch32/lin/gcc-arm-none-eabi/bin/../lib/gcc/arm-none-eabi/4.9.2/v7-a/fpv3/hard/libgcc.a(_dvmd_tls.o)
 .data          0x00001a58        0x0 /opt/Xilinx/SDK/2016.2/gnu/aarch32/lin/gcc-arm-none-eabi/bin/../lib/gcc/arm-none-eabi/4.9.2/../../../../arm-none-eabi/lib/v7-a/fpv3/hard/libc.a(lib_a-atoi.o)
 .data          0x00001a58        0x4 /opt/Xilinx/SDK/2016.2/gnu/aarch32/lin/gcc-arm-none-eabi/bin/../lib/gcc/arm-none-eabi/4.9.2/../../../../arm-none-eabi/lib/v7-a/fpv3/hard/libc.a(lib_a-ctype_.o)
                0x00001a58                __ctype_ptr__
 .data          0x00001a5c        0x0 /opt/Xilinx/SDK/2016.2/gnu/aarch32/lin/gcc-arm-none-eabi/bin/../lib/gcc/arm-none-eabi/4.9.2/../../../../arm-none-eabi/lib/v7-a/fpv3/hard/libc.a(lib_a-exit.o)
 .data          0x00001a5c        0x0 /opt/Xilinx/SDK/2016.2/gnu/aarch32/lin/gcc-arm-none-eabi/bin/../lib/gcc/arm-none-eabi/4.9.2/../../../../arm-none-eabi/lib/v7-a/fpv3/hard/libc.a(lib_a-fini.o)
 *fill*         0x00001a5c        0x4 
 .data          0x00001a60      0x430 /opt/Xilinx/SDK/2016.2/gnu/aarch32/lin/gcc-arm-none-eabi/bin/../lib/gcc/arm-none-eabi/4.9.2/../../../../arm-none-eabi/lib/v7-a/fpv3/hard/libc.a(lib_a-impure.o)
                0x00001a60                _impure_ptr
 .data          0x00001e90        0x0 /opt/Xilinx/SDK/2016.2/gnu/aarch32/lin/gcc-arm-none-eabi/bin/../lib/gcc/arm-none-eabi/4.9.2/../../../../arm-none-eabi/lib/v7-a/fpv3/hard/libc.a(lib_a-init.o)
 .data          0x00001e90        0x0 /opt/Xilinx/SDK/2016.2/gnu/aarch32/lin/gcc-arm-none-eabi/bin/../lib/gcc/arm-none-eabi/4.9.2/../../../../arm-none-eabi/lib/v7-a/fpv3/hard/libc.a(lib_a-malloc.o)
 .data          0x00001e90      0x410 /opt/Xilinx/SDK/2016.2/gnu/aarch32/lin/gcc-arm-none-eabi/bin/../lib/gcc/arm-none-eabi/4.9.2/../../../../arm-none-eabi/lib/v7-a/fpv3/hard/libc.a(lib_a-mallocr.o)
                0x00001e90                __malloc_av_
                0x00002298                __malloc_sbrk_base
                0x0000229c                __malloc_trim_threshold
 .data          0x000022a0        0x0 /opt/Xilinx/SDK/2016.2/gnu/aarch32/lin/gcc-arm-none-eabi/bin/../lib/gcc/arm-none-eabi/4.9.2/../../../../arm-none-eabi/lib/v7-a/fpv3/hard/libc.a(lib_a-memcmp.o)
 .data          0x000022a0        0x0 /opt/Xilinx/SDK/2016.2/gnu/aarch32/lin/gcc-arm-none-eabi/bin/../lib/gcc/arm-none-eabi/4.9.2/../../../../arm-none-eabi/lib/v7-a/fpv3/hard/libc.a(lib_a-memcpy.o)
 .data          0x000022a0        0x0 /opt/Xilinx/SDK/2016.2/gnu/aarch32/lin/gcc-arm-none-eabi/bin/../lib/gcc/arm-none-eabi/4.9.2/../../../../arm-none-eabi/lib/v7-a/fpv3/hard/libc.a(lib_a-memset.o)
 .data          0x000022a0        0x0 /opt/Xilinx/SDK/2016.2/gnu/aarch32/lin/gcc-arm-none-eabi/bin/../lib/gcc/arm-none-eabi/4.9.2/../../../../arm-none-eabi/lib/v7-a/fpv3/hard/libc.a(lib_a-mlock.o)
 .data          0x000022a0        0x0 /opt/Xilinx/SDK/2016.2/gnu/aarch32/lin/gcc-arm-none-eabi/bin/../lib/gcc/arm-none-eabi/4.9.2/../../../../arm-none-eabi/lib/v7-a/fpv3/hard/libc.a(lib_a-sbrkr.o)
 .data          0x000022a0        0x0 /opt/Xilinx/SDK/2016.2/gnu/aarch32/lin/gcc-arm-none-eabi/bin/../lib/gcc/arm-none-eabi/4.9.2/../../../../arm-none-eabi/lib/v7-a/fpv3/hard/libc.a(lib_a-strcpy.o)
 .data          0x000022a0        0x0 /opt/Xilinx/SDK/2016.2/gnu/aarch32/lin/gcc-arm-none-eabi/bin/../lib/gcc/arm-none-eabi/4.9.2/../../../../arm-none-eabi/lib/v7-a/fpv3/hard/libc.a(lib_a-strlen-armv7.o)
 .data          0x000022a0        0x0 /opt/Xilinx/SDK/2016.2/gnu/aarch32/lin/gcc-arm-none-eabi/bin/../lib/gcc/arm-none-eabi/4.9.2/../../../../arm-none-eabi/lib/v7-a/fpv3/hard/libc.a(lib_a-strncmp.o)
 .data          0x000022a0        0x0 /opt/Xilinx/SDK/2016.2/gnu/aarch32/lin/gcc-arm-none-eabi/bin/../lib/gcc/arm-none-eabi/4.9.2/../../../../arm-none-eabi/lib/v7-a/fpv3/hard/libc.a(lib_a-strncpy.o)
 .data          0x000022a0        0x0 /opt/Xilinx/SDK/2016.2/gnu/aarch32/lin/gcc-arm-none-eabi/bin/../lib/gcc/arm-none-eabi/4.9.2/../../../../arm-none-eabi/lib/v7-a/fpv3/hard/libc.a(lib_a-strtol.o)
 .data          0x000022a0        0x0 /opt/Xilinx/SDK/2016.2/gnu/aarch32/lin/gcc-arm-none-eabi/bin/../lib/gcc/arm-none-eabi/4.9.2/../../../../arm-none-eabi/lib/v7-a/fpv3/hard/libc.a(lib_a-__call_atexit.o)
 .data          0x000022a0        0x0 /opt/Xilinx/SDK/2016.2/gnu/aarch32/lin/gcc-arm-none-eabi/bin/../lib/gcc/arm-none-eabi/4.9.2/../../../../arm-none-eabi/lib/v7-a/fpv3/hard/libc.a(lib_a-atexit.o)
 .data          0x000022a0        0x0 /opt/Xilinx/SDK/2016.2/gnu/aarch32/lin/gcc-arm-none-eabi/bin/../lib/gcc/arm-none-eabi/4.9.2/../../../../arm-none-eabi/lib/v7-a/fpv3/hard/libc.a(lib_a-freer.o)
 .data          0x000022a0        0x0 /opt/Xilinx/SDK/2016.2/gnu/aarch32/lin/gcc-arm-none-eabi/bin/../lib/gcc/arm-none-eabi/4.9.2/../../../../arm-none-eabi/lib/v7-a/fpv3/hard/libc.a(lib_a-reent.o)
 .data          0x000022a0        0x0 /opt/Xilinx/SDK/2016.2/gnu/aarch32/lin/gcc-arm-none-eabi/bin/../lib/gcc/arm-none-eabi/4.9.2/../../../../arm-none-eabi/lib/v7-a/fpv3/hard/libc.a(lib_a-__atexit.o)
 .data          0x000022a0        0x0 ../../NicolaRadio_bsp/ps7_cortexa9_0/lib/libxil.a(_exit.o)
 .data          0x000022a0        0x0 ../../NicolaRadio_bsp/ps7_cortexa9_0/lib/libxil.a(_sbrk.o)
 .data          0x000022a0        0x0 /opt/Xilinx/SDK/2016.2/gnu/aarch32/lin/gcc-arm-none-eabi/bin/../lib/gcc/arm-none-eabi/4.9.2/v7-a/fpv3/hard/crtend.o
 .data          0x000022a0        0x0 /opt/Xilinx/SDK/2016.2/gnu/aarch32/lin/gcc-arm-none-eabi/bin/../lib/gcc/arm-none-eabi/4.9.2/v7-a/fpv3/hard/crtn.o
 *(.data.*)
 *(.gnu.linkonce.d.*)
 *(.jcr)
 .jcr           0x000022a0        0x0 /opt/Xilinx/SDK/2016.2/gnu/aarch32/lin/gcc-arm-none-eabi/bin/../lib/gcc/arm-none-eabi/4.9.2/v7-a/fpv3/hard/crtbegin.o
 .jcr           0x000022a0        0x4 /opt/Xilinx/SDK/2016.2/gnu/aarch32/lin/gcc-arm-none-eabi/bin/../lib/gcc/arm-none-eabi/4.9.2/v7-a/fpv3/hard/crtend.o
 *(.got)
 *(.got.plt)
                0x000022a4                __data_end = .
                0x000022a4                _dataVMA_end = .
                0xfc818c9c                _dataLMA = LOADADDR (.data)

.init_array     0x000022a4        0x4 load address 0xfc81af40
 .init_array    0x000022a4        0x4 /opt/Xilinx/SDK/2016.2/gnu/aarch32/lin/gcc-arm-none-eabi/bin/../lib/gcc/arm-none-eabi/4.9.2/v7-a/fpv3/hard/crtbegin.o

.fini_array     0x000022a8        0x4 load address 0xfc81af44
 .fini_array    0x000022a8        0x4 /opt/Xilinx/SDK/2016.2/gnu/aarch32/lin/gcc-arm-none-eabi/bin/../lib/gcc/arm-none-eabi/4.9.2/v7-a/fpv3/hard/crtbegin.o

.tm_clone_table
                0x000022ac        0x0 load address 0xfc81af48
 .tm_clone_table
                0x000022ac        0x0 /opt/Xilinx/SDK/2016.2/gnu/aarch32/lin/gcc-arm-none-eabi/bin/../lib/gcc/arm-none-eabi/4.9.2/v7-a/fpv3/hard/crtbegin.o
 .tm_clone_table
                0x000022ac        0x0 /opt/Xilinx/SDK/2016.2/gnu/aarch32/lin/gcc-arm-none-eabi/bin/../lib/gcc/arm-none-eabi/4.9.2/v7-a/fpv3/hard/crtend.o

.igot.plt       0x000022ac        0x0 load address 0xfc81af48
 .igot.plt      0x00000000        0x0 /opt/Xilinx/SDK/2016.2/gnu/aarch32/lin/gcc-arm-none-eabi/bin/../lib/gcc/arm-none-eabi/4.9.2/v7-a/fpv3/hard/crtbegin.o

.got2           0x000022ac        0x0 load address 0xfc81af48
 .got2          0x000022ac        0x0 ../../NicolaRadio_bsp/ps7_cortexa9_0/lib/libxil.a(xil-crt0.o)

.init_array.00000
                0x000022ac        0x4 load address 0xfc81af48
 .init_array.00000
                0x000022ac        0x4 /opt/Xilinx/SDK/2016.2/gnu/aarch32/lin/gcc-arm-none-eabi/bin/../lib/gcc/arm-none-eabi/4.9.2/../../../../arm-none-eabi/lib/v7-a/fpv3/hard/libc.a(lib_a-__call_atexit.o)

.data1          0x000022b0        0x0 load address 0xfc81af4c
                0x000022b0                __data1_start = .
 *(.data1)
 *(.data1.*)
                0x000022b0                __data1_end = .

.sdata          0x000022b0        0x0 load address 0xfc81af4c
                0x000022b0                __sdata_start = .
 *(.sdata)
 *(.sdata.*)
 *(.gnu.linkonce.s.*)
                0x000022b0                __sdata_end = .

.sbss           0x000022b0        0x0 load address 0xfc81af4c
                0x000022b0                __sbss_start = .
 *(.sbss)
 *(.sbss.*)
 *(.gnu.linkonce.sb.*)
                0x000022b0                __sbss_end = .

.tdata          0x000022b0        0x0 load address 0xfc81af4c
                0x000022b0                __tdata_start = .
 *(.tdata)
 *(.tdata.*)
 *(.gnu.linkonce.td.*)
                0x000022b0                __tdata_end = .

.tbss           0x000022b0        0x0 load address 0xfc81af4c
                0x000022b0                __tbss_start = .
 *(.tbss)
 *(.tbss.*)
 *(.gnu.linkonce.tb.*)
                0x000022b0                __tbss_end = .

.bss            0x000022c0     0x9480 load address 0xfc81af4c
                0x000022c0                __bss_start = .
 *(.bss)
 .bss           0x000022c0        0x0 /opt/Xilinx/SDK/2016.2/gnu/aarch32/lin/gcc-arm-none-eabi/bin/../lib/gcc/arm-none-eabi/4.9.2/v7-a/fpv3/hard/crti.o
 .bss           0x000022c0       0x1c /opt/Xilinx/SDK/2016.2/gnu/aarch32/lin/gcc-arm-none-eabi/bin/../lib/gcc/arm-none-eabi/4.9.2/v7-a/fpv3/hard/crtbegin.o
 .bss           0x000022dc        0xc ./src/portable/port.o
                0x000022dc                ulPortYieldRequired
                0x000022e0                ulPortTaskHasFPUContext
                0x000022e4                ulPortInterruptNesting
 .bss           0x000022e8        0x0 ./src/portable/portASM.o
 .bss           0x000022e8        0x0 ./src/FreeRTOS_asm_vectors.o
 .bss           0x000022e8       0x10 ./src/FreeRTOS_tick_config.o
 .bss           0x000022f8        0x0 ./src/event_groups.o
 .bss           0x000022f8     0x7818 ./src/heap_4.o
 .bss           0x00009b10        0x0 ./src/list.o
 .bss           0x00009b10      0xcb0 ./src/main.o
 .bss           0x0000a7c0        0x0 ./src/platform.o
 .bss           0x0000a7c0        0x0 ./src/printf-stdarg.o
 .bss           0x0000a7c0        0x0 ./src/ps7_init_Nicola.o
                0x0000a7c0                ps7_ddr_init_data_1_0
                0x0000a7c0                ps7_ddr_init_data_2_0
                0x0000a7c0                ps7_ddr_init_data_3_0
 .bss           0x0000a7c0        0x0 ./src/queue.o
 .bss           0x0000a7c0      0x12c ./src/tasks.o
                0x0000a7c4                pxCurrentTCB
 .bss           0x0000a8ec       0xe0 ./src/timers.o
 .bss           0x0000a9cc       0x7c ./NicolaCode/Bluetooth.o
                0x0000aa44                RfcommIsOpen
 .bss           0x0000aa48        0x0 ./NicolaCode/ConsoleManager.o
 .bss           0x0000aa48        0x4 ./NicolaCode/DebugInterface.o
 *fill*         0x0000aa4c       0x14 
 .bss           0x0000aa60      0x160 ./NicolaCode/Flash-SDCard.o
 .bss           0x0000abc0      0x714 ./NicolaCode/LCD_Display.o
                0x0000afd0                flashOffset
                0x0000b1d8                firstMenuItem
                0x0000b1dc                CDCardRunning
                0x0000b1f0                DisplayAerialEarthing
 .bss           0x0000b2d4        0x8 ./NicolaCode/PSPLComms.o
 .bss           0x0000b2dc        0x4 ./NicolaCode/RadioInterface.o
                0x0000b2dc                InstancePtr
 .bss           0x0000b2e0        0x8 ./NicolaCode/RemoteProtocolHandler.o
 *fill*         0x0000b2e8       0x18 
 .bss           0x0000b300      0x200 ./NicolaCode/xsdps.o
 .bss           0x0000b500        0x0 ../../NicolaRadio_bsp/ps7_cortexa9_0/lib/libxil.a(xllfifo.o)
 .bss           0x0000b500        0x0 ../../NicolaRadio_bsp/ps7_cortexa9_0/lib/libxil.a(xllfifo_sinit.o)
 .bss           0x0000b500        0x0 ../../NicolaRadio_bsp/ps7_cortexa9_0/lib/libxil.a(xstreamer.o)
 .bss           0x0000b500        0x0 ../../NicolaRadio_bsp/ps7_cortexa9_0/lib/libxil.a(n3z_tonetest.o)
 .bss           0x0000b500        0x0 ../../NicolaRadio_bsp/ps7_cortexa9_0/lib/libxil.a(n3z_tonetest_sinit.o)
 .bss           0x0000b500        0x0 ../../NicolaRadio_bsp/ps7_cortexa9_0/lib/libxil.a(xscugic.o)
 .bss           0x0000b500        0x0 ../../NicolaRadio_bsp/ps7_cortexa9_0/lib/libxil.a(xscugic_g.o)
 .bss           0x0000b500        0x0 ../../NicolaRadio_bsp/ps7_cortexa9_0/lib/libxil.a(xscugic_sinit.o)
 .bss           0x0000b500        0x0 ../../NicolaRadio_bsp/ps7_cortexa9_0/lib/libxil.a(xscutimer.o)
 .bss           0x0000b500        0x0 ../../NicolaRadio_bsp/ps7_cortexa9_0/lib/libxil.a(xscutimer_sinit.o)
 .bss           0x0000b500        0x0 ../../NicolaRadio_bsp/ps7_cortexa9_0/lib/libxil.a(xscuwdt.o)
 .bss           0x0000b500        0x0 ../../NicolaRadio_bsp/ps7_cortexa9_0/lib/libxil.a(xscuwdt_sinit.o)
 .bss           0x0000b500        0x0 ../../NicolaRadio_bsp/ps7_cortexa9_0/lib/libxil.a(xsdps_options.o)
 .bss           0x0000b500        0x0 ../../NicolaRadio_bsp/ps7_cortexa9_0/lib/libxil.a(xsdps_sinit.o)
 .bss           0x0000b500        0x0 ../../NicolaRadio_bsp/ps7_cortexa9_0/lib/libxil.a(asm_vectors.o)
 .bss           0x0000b500        0x0 ../../NicolaRadio_bsp/ps7_cortexa9_0/lib/libxil.a(boot.o)
 .bss           0x0000b500        0x0 ../../NicolaRadio_bsp/ps7_cortexa9_0/lib/libxil.a(sleep.o)
 .bss           0x0000b500        0x0 ../../NicolaRadio_bsp/ps7_cortexa9_0/lib/libxil.a(translation_table.o)
 .bss           0x0000b500        0x0 ../../NicolaRadio_bsp/ps7_cortexa9_0/lib/libxil.a(usleep.o)
 .bss           0x0000b500        0x0 ../../NicolaRadio_bsp/ps7_cortexa9_0/lib/libxil.a(vectors.o)
 .bss           0x0000b500        0x0 ../../NicolaRadio_bsp/ps7_cortexa9_0/lib/libxil.a(xil-crt0.o)
 .bss           0x0000b500        0x4 ../../NicolaRadio_bsp/ps7_cortexa9_0/lib/libxil.a(xil_assert.o)
 .bss           0x0000b504        0x0 ../../NicolaRadio_bsp/ps7_cortexa9_0/lib/libxil.a(xil_cache.o)
 .bss           0x0000b504        0x0 ../../NicolaRadio_bsp/ps7_cortexa9_0/lib/libxil.a(xil_exception.o)
 .bss           0x0000b504        0x0 ../../NicolaRadio_bsp/ps7_cortexa9_0/lib/libxil.a(xil_io.o)
 .bss           0x0000b504        0x0 ../../NicolaRadio_bsp/ps7_cortexa9_0/lib/libxil.a(xil_printf.o)
 .bss           0x0000b504        0x0 ../../NicolaRadio_bsp/ps7_cortexa9_0/lib/libxil.a(xtime_l.o)
 .bss           0x0000b504        0x0 ../../NicolaRadio_bsp/ps7_cortexa9_0/lib/libxil.a(xllfifo_g.o)
 .bss           0x0000b504        0x0 ../../NicolaRadio_bsp/ps7_cortexa9_0/lib/libxil.a(n3z_tonetest_g.o)
 .bss           0x0000b504        0x0 ../../NicolaRadio_bsp/ps7_cortexa9_0/lib/libxil.a(xscutimer_g.o)
 .bss           0x0000b504        0x0 ../../NicolaRadio_bsp/ps7_cortexa9_0/lib/libxil.a(xscuwdt_g.o)
 .bss           0x0000b504        0x0 ../../NicolaRadio_bsp/ps7_cortexa9_0/lib/libxil.a(xsdps_g.o)
 .bss           0x0000b504        0x0 ../../NicolaRadio_bsp/ps7_cortexa9_0/lib/libxil.a(cpu_init.o)
 .bss           0x0000b504        0x0 ../../NicolaRadio_bsp/ps7_cortexa9_0/lib/libxil.a(outbyte.o)
 .bss           0x0000b504        0x0 ../../NicolaRadio_bsp/ps7_cortexa9_0/lib/libxil.a(xuartps_hw.o)
 .bss           0x0000b504        0x0 /opt/Xilinx/SDK/2016.2/gnu/aarch32/lin/gcc-arm-none-eabi/bin/../lib/gcc/arm-none-eabi/4.9.2/v7-a/fpv3/hard/libgcc.a(_udivsi3.o)
 .bss           0x0000b504        0x0 /opt/Xilinx/SDK/2016.2/gnu/aarch32/lin/gcc-arm-none-eabi/bin/../lib/gcc/arm-none-eabi/4.9.2/v7-a/fpv3/hard/libgcc.a(_divsi3.o)
 .bss           0x0000b504        0x0 /opt/Xilinx/SDK/2016.2/gnu/aarch32/lin/gcc-arm-none-eabi/bin/../lib/gcc/arm-none-eabi/4.9.2/v7-a/fpv3/hard/libgcc.a(_dvmd_tls.o)
 .bss           0x0000b504        0x0 /opt/Xilinx/SDK/2016.2/gnu/aarch32/lin/gcc-arm-none-eabi/bin/../lib/gcc/arm-none-eabi/4.9.2/../../../../arm-none-eabi/lib/v7-a/fpv3/hard/libc.a(lib_a-atoi.o)
 .bss           0x0000b504        0x0 /opt/Xilinx/SDK/2016.2/gnu/aarch32/lin/gcc-arm-none-eabi/bin/../lib/gcc/arm-none-eabi/4.9.2/../../../../arm-none-eabi/lib/v7-a/fpv3/hard/libc.a(lib_a-ctype_.o)
 .bss           0x0000b504        0x0 /opt/Xilinx/SDK/2016.2/gnu/aarch32/lin/gcc-arm-none-eabi/bin/../lib/gcc/arm-none-eabi/4.9.2/../../../../arm-none-eabi/lib/v7-a/fpv3/hard/libc.a(lib_a-exit.o)
 .bss           0x0000b504        0x0 /opt/Xilinx/SDK/2016.2/gnu/aarch32/lin/gcc-arm-none-eabi/bin/../lib/gcc/arm-none-eabi/4.9.2/../../../../arm-none-eabi/lib/v7-a/fpv3/hard/libc.a(lib_a-fini.o)
 .bss           0x0000b504        0x0 /opt/Xilinx/SDK/2016.2/gnu/aarch32/lin/gcc-arm-none-eabi/bin/../lib/gcc/arm-none-eabi/4.9.2/../../../../arm-none-eabi/lib/v7-a/fpv3/hard/libc.a(lib_a-impure.o)
 .bss           0x0000b504        0x0 /opt/Xilinx/SDK/2016.2/gnu/aarch32/lin/gcc-arm-none-eabi/bin/../lib/gcc/arm-none-eabi/4.9.2/../../../../arm-none-eabi/lib/v7-a/fpv3/hard/libc.a(lib_a-init.o)
 .bss           0x0000b504        0x0 /opt/Xilinx/SDK/2016.2/gnu/aarch32/lin/gcc-arm-none-eabi/bin/../lib/gcc/arm-none-eabi/4.9.2/../../../../arm-none-eabi/lib/v7-a/fpv3/hard/libc.a(lib_a-malloc.o)
 .bss           0x0000b504       0x34 /opt/Xilinx/SDK/2016.2/gnu/aarch32/lin/gcc-arm-none-eabi/bin/../lib/gcc/arm-none-eabi/4.9.2/../../../../arm-none-eabi/lib/v7-a/fpv3/hard/libc.a(lib_a-mallocr.o)
                0x0000b504                __malloc_top_pad
                0x0000b508                __malloc_current_mallinfo
                0x0000b530                __malloc_max_sbrked_mem
                0x0000b534                __malloc_max_total_mem
 .bss           0x0000b538        0x0 /opt/Xilinx/SDK/2016.2/gnu/aarch32/lin/gcc-arm-none-eabi/bin/../lib/gcc/arm-none-eabi/4.9.2/../../../../arm-none-eabi/lib/v7-a/fpv3/hard/libc.a(lib_a-memcmp.o)
 .bss           0x0000b538        0x0 /opt/Xilinx/SDK/2016.2/gnu/aarch32/lin/gcc-arm-none-eabi/bin/../lib/gcc/arm-none-eabi/4.9.2/../../../../arm-none-eabi/lib/v7-a/fpv3/hard/libc.a(lib_a-memcpy.o)
 .bss           0x0000b538        0x0 /opt/Xilinx/SDK/2016.2/gnu/aarch32/lin/gcc-arm-none-eabi/bin/../lib/gcc/arm-none-eabi/4.9.2/../../../../arm-none-eabi/lib/v7-a/fpv3/hard/libc.a(lib_a-memset.o)
 .bss           0x0000b538        0x0 /opt/Xilinx/SDK/2016.2/gnu/aarch32/lin/gcc-arm-none-eabi/bin/../lib/gcc/arm-none-eabi/4.9.2/../../../../arm-none-eabi/lib/v7-a/fpv3/hard/libc.a(lib_a-mlock.o)
 .bss           0x0000b538        0x0 /opt/Xilinx/SDK/2016.2/gnu/aarch32/lin/gcc-arm-none-eabi/bin/../lib/gcc/arm-none-eabi/4.9.2/../../../../arm-none-eabi/lib/v7-a/fpv3/hard/libc.a(lib_a-sbrkr.o)
 .bss           0x0000b538        0x0 /opt/Xilinx/SDK/2016.2/gnu/aarch32/lin/gcc-arm-none-eabi/bin/../lib/gcc/arm-none-eabi/4.9.2/../../../../arm-none-eabi/lib/v7-a/fpv3/hard/libc.a(lib_a-strcpy.o)
 .bss           0x0000b538        0x0 /opt/Xilinx/SDK/2016.2/gnu/aarch32/lin/gcc-arm-none-eabi/bin/../lib/gcc/arm-none-eabi/4.9.2/../../../../arm-none-eabi/lib/v7-a/fpv3/hard/libc.a(lib_a-strlen-armv7.o)
 .bss           0x0000b538        0x0 /opt/Xilinx/SDK/2016.2/gnu/aarch32/lin/gcc-arm-none-eabi/bin/../lib/gcc/arm-none-eabi/4.9.2/../../../../arm-none-eabi/lib/v7-a/fpv3/hard/libc.a(lib_a-strncmp.o)
 .bss           0x0000b538        0x0 /opt/Xilinx/SDK/2016.2/gnu/aarch32/lin/gcc-arm-none-eabi/bin/../lib/gcc/arm-none-eabi/4.9.2/../../../../arm-none-eabi/lib/v7-a/fpv3/hard/libc.a(lib_a-strncpy.o)
 .bss           0x0000b538        0x0 /opt/Xilinx/SDK/2016.2/gnu/aarch32/lin/gcc-arm-none-eabi/bin/../lib/gcc/arm-none-eabi/4.9.2/../../../../arm-none-eabi/lib/v7-a/fpv3/hard/libc.a(lib_a-strtol.o)
 .bss           0x0000b538        0x0 /opt/Xilinx/SDK/2016.2/gnu/aarch32/lin/gcc-arm-none-eabi/bin/../lib/gcc/arm-none-eabi/4.9.2/../../../../arm-none-eabi/lib/v7-a/fpv3/hard/libc.a(lib_a-__call_atexit.o)
 .bss           0x0000b538        0x0 /opt/Xilinx/SDK/2016.2/gnu/aarch32/lin/gcc-arm-none-eabi/bin/../lib/gcc/arm-none-eabi/4.9.2/../../../../arm-none-eabi/lib/v7-a/fpv3/hard/libc.a(lib_a-atexit.o)
 .bss           0x0000b538        0x0 /opt/Xilinx/SDK/2016.2/gnu/aarch32/lin/gcc-arm-none-eabi/bin/../lib/gcc/arm-none-eabi/4.9.2/../../../../arm-none-eabi/lib/v7-a/fpv3/hard/libc.a(lib_a-freer.o)
 .bss           0x0000b538        0x0 /opt/Xilinx/SDK/2016.2/gnu/aarch32/lin/gcc-arm-none-eabi/bin/../lib/gcc/arm-none-eabi/4.9.2/../../../../arm-none-eabi/lib/v7-a/fpv3/hard/libc.a(lib_a-reent.o)
 .bss           0x0000b538        0x0 /opt/Xilinx/SDK/2016.2/gnu/aarch32/lin/gcc-arm-none-eabi/bin/../lib/gcc/arm-none-eabi/4.9.2/../../../../arm-none-eabi/lib/v7-a/fpv3/hard/libc.a(lib_a-__atexit.o)
 .bss           0x0000b538        0x0 ../../NicolaRadio_bsp/ps7_cortexa9_0/lib/libxil.a(_exit.o)
 .bss           0x0000b538        0x4 ../../NicolaRadio_bsp/ps7_cortexa9_0/lib/libxil.a(_sbrk.o)
 .bss           0x0000b53c        0x0 /opt/Xilinx/SDK/2016.2/gnu/aarch32/lin/gcc-arm-none-eabi/bin/../lib/gcc/arm-none-eabi/4.9.2/v7-a/fpv3/hard/crtend.o
 .bss           0x0000b53c        0x0 /opt/Xilinx/SDK/2016.2/gnu/aarch32/lin/gcc-arm-none-eabi/bin/../lib/gcc/arm-none-eabi/4.9.2/v7-a/fpv3/hard/crtn.o
 *(.bss.*)
 *(.gnu.linkonce.b.*)
 *(COMMON)
 COMMON         0x0000b53c        0xc ./src/FreeRTOS_tick_config.o
                0x0000b53c                xInterruptController
 COMMON         0x0000b548       0x3e ./src/main.o
                0x0000b548                xWatchDogInstance
                0x0000b558                thisNicolaSettings
 *fill*         0x0000b586        0x2 
 COMMON         0x0000b588       0x40 ./src/queue.o
                0x0000b588                xQueueRegistry
 COMMON         0x0000b5c8       0x10 ./NicolaCode/Bluetooth.o
                0x0000b5c8                BluetoothIOTask
                0x0000b5cc                BluegigaTransmitQueue
                0x0000b5d0                consoleQueue
                0x0000b5d4                BluegigaReceiveQueue
 COMMON         0x0000b5d8        0x8 ./NicolaCode/ConsoleManager.o
                0x0000b5d8                consoleReceiveQueue
                0x0000b5dc                consoleTransmitQueue
 COMMON         0x0000b5e0        0x4 ./NicolaCode/DebugInterface.o
                0x0000b5e0                DebugControlQueue
 COMMON         0x0000b5e4       0x64 ./NicolaCode/LCD_Display.o
                0x0000b5e4                Gpio
                0x0000b604                pageData
                0x0000b608                KeysReceivedQueue
                0x0000b60c                theMenu_2
 COMMON         0x0000b648       0xd8 ./NicolaCode/PSPLComms.o
                0x0000b648                DataFifo
                0x0000b6ac                PLTransmitQueue
                0x0000b6b0                PSPLFifo
                0x0000b714                ToneTestInstancePtr
                0x0000b718                Buffer
                0x0000b71c                TextMessageTransmitQueue
 COMMON         0x0000b720        0x4 ./NicolaCode/RadioInterface.o
                0x0000b720                PLSendQueue
 COMMON         0x0000b724        0x8 ./NicolaCode/RemoteProtocolHandler.o
                0x0000b724                MessageFromAndriodQueue
                0x0000b728                MessageFromRemoteNicolasQueue
 COMMON         0x0000b72c        0x4 ../../NicolaRadio_bsp/ps7_cortexa9_0/lib/libxil.a(xil_assert.o)
                0x0000b72c                Xil_AssertStatus
 COMMON         0x0000b730        0xc ../../NicolaRadio_bsp/ps7_cortexa9_0/lib/libxil.a(xil_exception.o)
                0x0000b730                UndefinedExceptionAddr
                0x0000b734                PrefetchAbortAddr
                0x0000b738                DataAbortAddr
 COMMON         0x0000b73c        0x4 /opt/Xilinx/SDK/2016.2/gnu/aarch32/lin/gcc-arm-none-eabi/bin/../lib/gcc/arm-none-eabi/4.9.2/../../../../arm-none-eabi/lib/v7-a/fpv3/hard/libc.a(lib_a-reent.o)
                0x0000b73c                errno
                0x0000b740                __bss_end = .

.heap           0xffff0000     0xa000
                0xffff0000                . = ALIGN (0x10)
                0xffff0000                _heap = .
                0xffff0000                HeapBase = .
                0xffff0000                _heap_start = .
                0xffffa000                . = (. + _HEAP_SIZE)
 *fill*         0xffff0000     0xa000 
                0xffffa000                _heap_end = .
                0xffffa000                HeapLimit = .

.stack          0xffffa000     0x3800
                0xffffa000                . = ALIGN (0x10)
                0xffffa000                _stack_end = .
                0xffffc000                . = (. + _STACK_SIZE)
 *fill*         0xffffa000     0x2000 
                0xffffc000                _stack = .
                0xffffc000                __stack = _stack
                0xffffc000                . = ALIGN (0x10)
                0xffffc000                _irq_stack_end = .
                0xffffc400                . = (. + _IRQ_STACK_SIZE)
 *fill*         0xffffc000      0x400 
                0xffffc400                __irq_stack = .
                0xffffc400                _supervisor_stack_end = .
                0xffffcc00                . = (. + _SUPERVISOR_STACK_SIZE)
 *fill*         0xffffc400      0x800 
                0xffffcc00                . = ALIGN (0x10)
                0xffffcc00                __supervisor_stack = .
                0xffffcc00                _abort_stack_end = .
                0xffffd000                . = (. + _ABORT_STACK_SIZE)
 *fill*         0xffffcc00      0x400 
                0xffffd000                . = ALIGN (0x10)
                0xffffd000                __abort_stack = .
                0xffffd000                _fiq_stack_end = .
                0xffffd400                . = (. + _FIQ_STACK_SIZE)
 *fill*         0xffffd000      0x400 
                0xffffd400                . = ALIGN (0x10)
                0xffffd400                __fiq_stack = .
                0xffffd400                _undef_stack_end = .
                0xffffd800                . = (. + _UNDEF_STACK_SIZE)
 *fill*         0xffffd400      0x400 
                0xffffd800                . = ALIGN (0x10)
                0xffffd800                __undef_stack = .
                0xffffd800                _end = .
LOAD ./src/portable/port.o
LOAD ./src/portable/portASM.o
LOAD ./src/FreeRTOS_asm_vectors.o
LOAD ./src/FreeRTOS_tick_config.o
LOAD ./src/event_groups.o
LOAD ./src/heap_4.o
LOAD ./src/list.o
LOAD ./src/main.o
LOAD ./src/platform.o
LOAD ./src/printf-stdarg.o
LOAD ./src/ps7_init_Nicola.o
LOAD ./src/queue.o
LOAD ./src/tasks.o
LOAD ./src/timers.o
LOAD ./NicolaCode/Bluetooth.o
LOAD ./NicolaCode/ConsoleManager.o
LOAD ./NicolaCode/DebugInterface.o
LOAD ./NicolaCode/Flash-SDCard.o
LOAD ./NicolaCode/LCD_Display.o
LOAD ./NicolaCode/PSPLComms.o
LOAD ./NicolaCode/RadioInterface.o
LOAD ./NicolaCode/RemoteProtocolHandler.o
LOAD ./NicolaCode/xsdps.o
START GROUP
LOAD ../../NicolaRadio_bsp/ps7_cortexa9_0/lib/libxil.a
LOAD /opt/Xilinx/SDK/2016.2/gnu/aarch32/lin/gcc-arm-none-eabi/bin/../lib/gcc/arm-none-eabi/4.9.2/v7-a/fpv3/hard/libgcc.a
LOAD /opt/Xilinx/SDK/2016.2/gnu/aarch32/lin/gcc-arm-none-eabi/bin/../lib/gcc/arm-none-eabi/4.9.2/../../../../arm-none-eabi/lib/v7-a/fpv3/hard/libc.a
END GROUP
START GROUP
LOAD /opt/Xilinx/SDK/2016.2/gnu/aarch32/lin/gcc-arm-none-eabi/bin/../lib/gcc/arm-none-eabi/4.9.2/v7-a/fpv3/hard/libgcc.a
LOAD /opt/Xilinx/SDK/2016.2/gnu/aarch32/lin/gcc-arm-none-eabi/bin/../lib/gcc/arm-none-eabi/4.9.2/../../../../arm-none-eabi/lib/v7-a/fpv3/hard/libc.a
END GROUP
LOAD /opt/Xilinx/SDK/2016.2/gnu/aarch32/lin/gcc-arm-none-eabi/bin/../lib/gcc/arm-none-eabi/4.9.2/v7-a/fpv3/hard/crtend.o
LOAD /opt/Xilinx/SDK/2016.2/gnu/aarch32/lin/gcc-arm-none-eabi/bin/../lib/gcc/arm-none-eabi/4.9.2/v7-a/fpv3/hard/crtn.o
OUTPUT(NicolaRadio.elf elf32-littlearm)

.ARM.attributes
                0x00000000       0x35
 .ARM.attributes
                0x00000000       0x21 /opt/Xilinx/SDK/2016.2/gnu/aarch32/lin/gcc-arm-none-eabi/bin/../lib/gcc/arm-none-eabi/4.9.2/v7-a/fpv3/hard/crti.o
 .ARM.attributes
                0x00000021       0x35 /opt/Xilinx/SDK/2016.2/gnu/aarch32/lin/gcc-arm-none-eabi/bin/../lib/gcc/arm-none-eabi/4.9.2/v7-a/fpv3/hard/crtbegin.o
 .ARM.attributes
                0x00000056       0x3f ./src/portable/port.o
 .ARM.attributes
                0x00000095       0x29 ./src/portable/portASM.o
 .ARM.attributes
                0x000000be       0x29 ./src/FreeRTOS_asm_vectors.o
 .ARM.attributes
                0x000000e7       0x3f ./src/FreeRTOS_tick_config.o
 .ARM.attributes
                0x00000126       0x3f ./src/event_groups.o
 .ARM.attributes
                0x00000165       0x3f ./src/heap_4.o
 .ARM.attributes
                0x000001a4       0x3f ./src/list.o
 .ARM.attributes
                0x000001e3       0x3f ./src/main.o
 .ARM.attributes
                0x00000222       0x3f ./src/platform.o
 .ARM.attributes
                0x00000261       0x3f ./src/printf-stdarg.o
 .ARM.attributes
                0x000002a0       0x3f ./src/ps7_init_Nicola.o
 .ARM.attributes
                0x000002df       0x3f ./src/queue.o
 .ARM.attributes
                0x0000031e       0x3f ./src/tasks.o
 .ARM.attributes
                0x0000035d       0x3f ./src/timers.o
 .ARM.attributes
                0x0000039c       0x3f ./NicolaCode/Bluetooth.o
 .ARM.attributes
                0x000003db       0x3f ./NicolaCode/ConsoleManager.o
 .ARM.attributes
                0x0000041a       0x3f ./NicolaCode/DebugInterface.o
 .ARM.attributes
                0x00000459       0x3f ./NicolaCode/Flash-SDCard.o
 .ARM.attributes
                0x00000498       0x3f ./NicolaCode/LCD_Display.o
 .ARM.attributes
                0x000004d7       0x3f ./NicolaCode/PSPLComms.o
 .ARM.attributes
                0x00000516       0x3f ./NicolaCode/RadioInterface.o
 .ARM.attributes
                0x00000555       0x3f ./NicolaCode/RemoteProtocolHandler.o
 .ARM.attributes
                0x00000594       0x3f ./NicolaCode/xsdps.o
 .ARM.attributes
                0x000005d3       0x3f ../../NicolaRadio_bsp/ps7_cortexa9_0/lib/libxil.a(xllfifo.o)
 .ARM.attributes
                0x00000612       0x3f ../../NicolaRadio_bsp/ps7_cortexa9_0/lib/libxil.a(xllfifo_sinit.o)
 .ARM.attributes
                0x00000651       0x3f ../../NicolaRadio_bsp/ps7_cortexa9_0/lib/libxil.a(xstreamer.o)
 .ARM.attributes
                0x00000690       0x3f ../../NicolaRadio_bsp/ps7_cortexa9_0/lib/libxil.a(n3z_tonetest.o)
 .ARM.attributes
                0x000006cf       0x3f ../../NicolaRadio_bsp/ps7_cortexa9_0/lib/libxil.a(n3z_tonetest_sinit.o)
 .ARM.attributes
                0x0000070e       0x3f ../../NicolaRadio_bsp/ps7_cortexa9_0/lib/libxil.a(xscugic.o)
 .ARM.attributes
                0x0000074d       0x3f ../../NicolaRadio_bsp/ps7_cortexa9_0/lib/libxil.a(xscugic_g.o)
 .ARM.attributes
                0x0000078c       0x3f ../../NicolaRadio_bsp/ps7_cortexa9_0/lib/libxil.a(xscugic_sinit.o)
 .ARM.attributes
                0x000007cb       0x3f ../../NicolaRadio_bsp/ps7_cortexa9_0/lib/libxil.a(xscutimer.o)
 .ARM.attributes
                0x0000080a       0x3f ../../NicolaRadio_bsp/ps7_cortexa9_0/lib/libxil.a(xscutimer_sinit.o)
 .ARM.attributes
                0x00000849       0x3f ../../NicolaRadio_bsp/ps7_cortexa9_0/lib/libxil.a(xscuwdt.o)
 .ARM.attributes
                0x00000888       0x3f ../../NicolaRadio_bsp/ps7_cortexa9_0/lib/libxil.a(xscuwdt_sinit.o)
 .ARM.attributes
                0x000008c7       0x3f ../../NicolaRadio_bsp/ps7_cortexa9_0/lib/libxil.a(xsdps_options.o)
 .ARM.attributes
                0x00000906       0x3f ../../NicolaRadio_bsp/ps7_cortexa9_0/lib/libxil.a(xsdps_sinit.o)
 .ARM.attributes
                0x00000945       0x29 ../../NicolaRadio_bsp/ps7_cortexa9_0/lib/libxil.a(asm_vectors.o)
 .ARM.attributes
                0x0000096e       0x29 ../../NicolaRadio_bsp/ps7_cortexa9_0/lib/libxil.a(boot.o)
 .ARM.attributes
                0x00000997       0x3f ../../NicolaRadio_bsp/ps7_cortexa9_0/lib/libxil.a(sleep.o)
 .ARM.attributes
                0x000009d6       0x29 ../../NicolaRadio_bsp/ps7_cortexa9_0/lib/libxil.a(translation_table.o)
 .ARM.attributes
                0x000009ff       0x3f ../../NicolaRadio_bsp/ps7_cortexa9_0/lib/libxil.a(usleep.o)
 .ARM.attributes
                0x00000a3e       0x3f ../../NicolaRadio_bsp/ps7_cortexa9_0/lib/libxil.a(vectors.o)
 .ARM.attributes
                0x00000a7d       0x29 ../../NicolaRadio_bsp/ps7_cortexa9_0/lib/libxil.a(xil-crt0.o)
 .ARM.attributes
                0x00000aa6       0x3f ../../NicolaRadio_bsp/ps7_cortexa9_0/lib/libxil.a(xil_assert.o)
 .ARM.attributes
                0x00000ae5       0x3f ../../NicolaRadio_bsp/ps7_cortexa9_0/lib/libxil.a(xil_cache.o)
 .ARM.attributes
                0x00000b24       0x3f ../../NicolaRadio_bsp/ps7_cortexa9_0/lib/libxil.a(xil_exception.o)
 .ARM.attributes
                0x00000b63       0x3f ../../NicolaRadio_bsp/ps7_cortexa9_0/lib/libxil.a(xil_io.o)
 .ARM.attributes
                0x00000ba2       0x3f ../../NicolaRadio_bsp/ps7_cortexa9_0/lib/libxil.a(xil_printf.o)
 .ARM.attributes
                0x00000be1       0x3f ../../NicolaRadio_bsp/ps7_cortexa9_0/lib/libxil.a(xtime_l.o)
 .ARM.attributes
                0x00000c20       0x3f ../../NicolaRadio_bsp/ps7_cortexa9_0/lib/libxil.a(xllfifo_g.o)
 .ARM.attributes
                0x00000c5f       0x3f ../../NicolaRadio_bsp/ps7_cortexa9_0/lib/libxil.a(n3z_tonetest_g.o)
 .ARM.attributes
                0x00000c9e       0x3f ../../NicolaRadio_bsp/ps7_cortexa9_0/lib/libxil.a(xscutimer_g.o)
 .ARM.attributes
                0x00000cdd       0x3f ../../NicolaRadio_bsp/ps7_cortexa9_0/lib/libxil.a(xscuwdt_g.o)
 .ARM.attributes
                0x00000d1c       0x3f ../../NicolaRadio_bsp/ps7_cortexa9_0/lib/libxil.a(xsdps_g.o)
 .ARM.attributes
                0x00000d5b       0x29 ../../NicolaRadio_bsp/ps7_cortexa9_0/lib/libxil.a(cpu_init.o)
 .ARM.attributes
                0x00000d84       0x3f ../../NicolaRadio_bsp/ps7_cortexa9_0/lib/libxil.a(outbyte.o)
 .ARM.attributes
                0x00000dc3       0x3f ../../NicolaRadio_bsp/ps7_cortexa9_0/lib/libxil.a(xuartps_hw.o)
 .ARM.attributes
                0x00000e02       0x21 /opt/Xilinx/SDK/2016.2/gnu/aarch32/lin/gcc-arm-none-eabi/bin/../lib/gcc/arm-none-eabi/4.9.2/v7-a/fpv3/hard/libgcc.a(_udivsi3.o)
 .ARM.attributes
                0x00000e23       0x21 /opt/Xilinx/SDK/2016.2/gnu/aarch32/lin/gcc-arm-none-eabi/bin/../lib/gcc/arm-none-eabi/4.9.2/v7-a/fpv3/hard/libgcc.a(_divsi3.o)
 .ARM.attributes
                0x00000e44       0x21 /opt/Xilinx/SDK/2016.2/gnu/aarch32/lin/gcc-arm-none-eabi/bin/../lib/gcc/arm-none-eabi/4.9.2/v7-a/fpv3/hard/libgcc.a(_dvmd_tls.o)
 .ARM.attributes
                0x00000e65       0x35 /opt/Xilinx/SDK/2016.2/gnu/aarch32/lin/gcc-arm-none-eabi/bin/../lib/gcc/arm-none-eabi/4.9.2/../../../../arm-none-eabi/lib/v7-a/fpv3/hard/libc.a(lib_a-atoi.o)
 .ARM.attributes
                0x00000e9a       0x35 /opt/Xilinx/SDK/2016.2/gnu/aarch32/lin/gcc-arm-none-eabi/bin/../lib/gcc/arm-none-eabi/4.9.2/../../../../arm-none-eabi/lib/v7-a/fpv3/hard/libc.a(lib_a-ctype_.o)
 .ARM.attributes
                0x00000ecf       0x35 /opt/Xilinx/SDK/2016.2/gnu/aarch32/lin/gcc-arm-none-eabi/bin/../lib/gcc/arm-none-eabi/4.9.2/../../../../arm-none-eabi/lib/v7-a/fpv3/hard/libc.a(lib_a-exit.o)
 .ARM.attributes
                0x00000f04       0x35 /opt/Xilinx/SDK/2016.2/gnu/aarch32/lin/gcc-arm-none-eabi/bin/../lib/gcc/arm-none-eabi/4.9.2/../../../../arm-none-eabi/lib/v7-a/fpv3/hard/libc.a(lib_a-fini.o)
 .ARM.attributes
                0x00000f39       0x35 /opt/Xilinx/SDK/2016.2/gnu/aarch32/lin/gcc-arm-none-eabi/bin/../lib/gcc/arm-none-eabi/4.9.2/../../../../arm-none-eabi/lib/v7-a/fpv3/hard/libc.a(lib_a-impure.o)
 .ARM.attributes
                0x00000f6e       0x35 /opt/Xilinx/SDK/2016.2/gnu/aarch32/lin/gcc-arm-none-eabi/bin/../lib/gcc/arm-none-eabi/4.9.2/../../../../arm-none-eabi/lib/v7-a/fpv3/hard/libc.a(lib_a-init.o)
 .ARM.attributes
                0x00000fa3       0x35 /opt/Xilinx/SDK/2016.2/gnu/aarch32/lin/gcc-arm-none-eabi/bin/../lib/gcc/arm-none-eabi/4.9.2/../../../../arm-none-eabi/lib/v7-a/fpv3/hard/libc.a(lib_a-malloc.o)
 .ARM.attributes
                0x00000fd8       0x35 /opt/Xilinx/SDK/2016.2/gnu/aarch32/lin/gcc-arm-none-eabi/bin/../lib/gcc/arm-none-eabi/4.9.2/../../../../arm-none-eabi/lib/v7-a/fpv3/hard/libc.a(lib_a-mallocr.o)
 .ARM.attributes
                0x0000100d       0x35 /opt/Xilinx/SDK/2016.2/gnu/aarch32/lin/gcc-arm-none-eabi/bin/../lib/gcc/arm-none-eabi/4.9.2/../../../../arm-none-eabi/lib/v7-a/fpv3/hard/libc.a(lib_a-memcmp.o)
 .ARM.attributes
                0x00001042       0x1b /opt/Xilinx/SDK/2016.2/gnu/aarch32/lin/gcc-arm-none-eabi/bin/../lib/gcc/arm-none-eabi/4.9.2/../../../../arm-none-eabi/lib/v7-a/fpv3/hard/libc.a(lib_a-memcpy.o)
 .ARM.attributes
                0x0000105d       0x35 /opt/Xilinx/SDK/2016.2/gnu/aarch32/lin/gcc-arm-none-eabi/bin/../lib/gcc/arm-none-eabi/4.9.2/../../../../arm-none-eabi/lib/v7-a/fpv3/hard/libc.a(lib_a-memset.o)
 .ARM.attributes
                0x00001092       0x35 /opt/Xilinx/SDK/2016.2/gnu/aarch32/lin/gcc-arm-none-eabi/bin/../lib/gcc/arm-none-eabi/4.9.2/../../../../arm-none-eabi/lib/v7-a/fpv3/hard/libc.a(lib_a-mlock.o)
 .ARM.attributes
                0x000010c7       0x35 /opt/Xilinx/SDK/2016.2/gnu/aarch32/lin/gcc-arm-none-eabi/bin/../lib/gcc/arm-none-eabi/4.9.2/../../../../arm-none-eabi/lib/v7-a/fpv3/hard/libc.a(lib_a-sbrkr.o)
 .ARM.attributes
                0x000010fc       0x35 /opt/Xilinx/SDK/2016.2/gnu/aarch32/lin/gcc-arm-none-eabi/bin/../lib/gcc/arm-none-eabi/4.9.2/../../../../arm-none-eabi/lib/v7-a/fpv3/hard/libc.a(lib_a-strcpy.o)
 .ARM.attributes
                0x00001131       0x1f /opt/Xilinx/SDK/2016.2/gnu/aarch32/lin/gcc-arm-none-eabi/bin/../lib/gcc/arm-none-eabi/4.9.2/../../../../arm-none-eabi/lib/v7-a/fpv3/hard/libc.a(lib_a-strlen-armv7.o)
 .ARM.attributes
                0x00001150       0x35 /opt/Xilinx/SDK/2016.2/gnu/aarch32/lin/gcc-arm-none-eabi/bin/../lib/gcc/arm-none-eabi/4.9.2/../../../../arm-none-eabi/lib/v7-a/fpv3/hard/libc.a(lib_a-strncmp.o)
 .ARM.attributes
                0x00001185       0x35 /opt/Xilinx/SDK/2016.2/gnu/aarch32/lin/gcc-arm-none-eabi/bin/../lib/gcc/arm-none-eabi/4.9.2/../../../../arm-none-eabi/lib/v7-a/fpv3/hard/libc.a(lib_a-strncpy.o)
 .ARM.attributes
                0x000011ba       0x35 /opt/Xilinx/SDK/2016.2/gnu/aarch32/lin/gcc-arm-none-eabi/bin/../lib/gcc/arm-none-eabi/4.9.2/../../../../arm-none-eabi/lib/v7-a/fpv3/hard/libc.a(lib_a-strtol.o)
 .ARM.attributes
                0x000011ef       0x35 /opt/Xilinx/SDK/2016.2/gnu/aarch32/lin/gcc-arm-none-eabi/bin/../lib/gcc/arm-none-eabi/4.9.2/../../../../arm-none-eabi/lib/v7-a/fpv3/hard/libc.a(lib_a-__call_atexit.o)
 .ARM.attributes
                0x00001224       0x35 /opt/Xilinx/SDK/2016.2/gnu/aarch32/lin/gcc-arm-none-eabi/bin/../lib/gcc/arm-none-eabi/4.9.2/../../../../arm-none-eabi/lib/v7-a/fpv3/hard/libc.a(lib_a-atexit.o)
 .ARM.attributes
                0x00001259       0x35 /opt/Xilinx/SDK/2016.2/gnu/aarch32/lin/gcc-arm-none-eabi/bin/../lib/gcc/arm-none-eabi/4.9.2/../../../../arm-none-eabi/lib/v7-a/fpv3/hard/libc.a(lib_a-freer.o)
 .ARM.attributes
                0x0000128e       0x35 /opt/Xilinx/SDK/2016.2/gnu/aarch32/lin/gcc-arm-none-eabi/bin/../lib/gcc/arm-none-eabi/4.9.2/../../../../arm-none-eabi/lib/v7-a/fpv3/hard/libc.a(lib_a-reent.o)
 .ARM.attributes
                0x000012c3       0x35 /opt/Xilinx/SDK/2016.2/gnu/aarch32/lin/gcc-arm-none-eabi/bin/../lib/gcc/arm-none-eabi/4.9.2/../../../../arm-none-eabi/lib/v7-a/fpv3/hard/libc.a(lib_a-__atexit.o)
 .ARM.attributes
                0x000012f8       0x3f ../../NicolaRadio_bsp/ps7_cortexa9_0/lib/libxil.a(_exit.o)
 .ARM.attributes
                0x00001337       0x3f ../../NicolaRadio_bsp/ps7_cortexa9_0/lib/libxil.a(_sbrk.o)
 .ARM.attributes
                0x00001376       0x35 /opt/Xilinx/SDK/2016.2/gnu/aarch32/lin/gcc-arm-none-eabi/bin/../lib/gcc/arm-none-eabi/4.9.2/v7-a/fpv3/hard/crtend.o
 .ARM.attributes
                0x000013ab       0x21 /opt/Xilinx/SDK/2016.2/gnu/aarch32/lin/gcc-arm-none-eabi/bin/../lib/gcc/arm-none-eabi/4.9.2/v7-a/fpv3/hard/crtn.o

.comment        0x00000000       0x63
 .comment       0x00000000       0x63 ./src/portable/port.o
                                 0x64 (size before relaxing)
 .comment       0x00000000       0x64 ./src/FreeRTOS_tick_config.o
 .comment       0x00000000       0x64 ./src/event_groups.o
 .comment       0x00000000       0x64 ./src/heap_4.o
 .comment       0x00000000       0x64 ./src/list.o
 .comment       0x00000000       0x64 ./src/main.o
 .comment       0x00000000       0x64 ./src/platform.o
 .comment       0x00000000       0x64 ./src/printf-stdarg.o
 .comment       0x00000000       0x64 ./src/ps7_init_Nicola.o
 .comment       0x00000000       0x64 ./src/queue.o
 .comment       0x00000000       0x64 ./src/tasks.o
 .comment       0x00000000       0x64 ./src/timers.o
 .comment       0x00000000       0x64 ./NicolaCode/Bluetooth.o
 .comment       0x00000000       0x64 ./NicolaCode/ConsoleManager.o
 .comment       0x00000000       0x64 ./NicolaCode/DebugInterface.o
 .comment       0x00000000       0x64 ./NicolaCode/Flash-SDCard.o
 .comment       0x00000000       0x64 ./NicolaCode/LCD_Display.o
 .comment       0x00000000       0x64 ./NicolaCode/PSPLComms.o
 .comment       0x00000000       0x64 ./NicolaCode/RadioInterface.o
 .comment       0x00000000       0x64 ./NicolaCode/RemoteProtocolHandler.o