Archive member included because of file (symbol)

../../NicolaRadio_bsp/ps7_cortexa9_0/lib\libxil.a(xllfifo.o)
                              ./NicolaCode/PSPLComms.o (XLlFifo_iRxOccupancy)
../../NicolaRadio_bsp/ps7_cortexa9_0/lib\libxil.a(xllfifo_sinit.o)
                              ./NicolaCode/PSPLComms.o (XLlFfio_LookupConfig)
../../NicolaRadio_bsp/ps7_cortexa9_0/lib\libxil.a(xstreamer.o)
                              ../../NicolaRadio_bsp/ps7_cortexa9_0/lib\libxil.a(xllfifo.o) (XStrm_RxInitialize)
../../NicolaRadio_bsp/ps7_cortexa9_0/lib\libxil.a(n3z_tonetest.o)
                              ./NicolaCode/PSPLComms.o (n3z_tonetest_audiovolume_write)
../../NicolaRadio_bsp/ps7_cortexa9_0/lib\libxil.a(n3z_tonetest_sinit.o)
                              ./NicolaCode/PSPLComms.o (n3z_tonetest_Initialize)
../../NicolaRadio_bsp/ps7_cortexa9_0/lib\libxil.a(xscugic.o)
                              ./src/FreeRTOS_tick_config.o (XScuGic_CfgInitialize)
../../NicolaRadio_bsp/ps7_cortexa9_0/lib\libxil.a(xscugic_g.o)
                              ./src/FreeRTOS_tick_config.o (XScuGic_ConfigTable)
../../NicolaRadio_bsp/ps7_cortexa9_0/lib\libxil.a(xscugic_sinit.o)
                              ./src/FreeRTOS_tick_config.o (XScuGic_LookupConfig)
../../NicolaRadio_bsp/ps7_cortexa9_0/lib\libxil.a(xscutimer.o)
                              ./src/FreeRTOS_tick_config.o (XScuTimer_CfgInitialize)
../../NicolaRadio_bsp/ps7_cortexa9_0/lib\libxil.a(xscutimer_sinit.o)
                              ./src/FreeRTOS_tick_config.o (XScuTimer_LookupConfig)
../../NicolaRadio_bsp/ps7_cortexa9_0/lib\libxil.a(xscuwdt.o)
                              ./src/main.o (XScuWdt_CfgInitialize)
../../NicolaRadio_bsp/ps7_cortexa9_0/lib\libxil.a(xscuwdt_sinit.o)
                              ./src/main.o (XScuWdt_LookupConfig)
../../NicolaRadio_bsp/ps7_cortexa9_0/lib\libxil.a(xsdps_options.o)
                              ./NicolaCode/xsdps.o (XSdPs_SetBlkSize)
../../NicolaRadio_bsp/ps7_cortexa9_0/lib\libxil.a(xsdps_sinit.o)
                              ./NicolaCode/Flash-SDCard.o (XSdPs_LookupConfig)
../../NicolaRadio_bsp/ps7_cortexa9_0/lib\libxil.a(asm_vectors.o)
                              (_vector_table)
../../NicolaRadio_bsp/ps7_cortexa9_0/lib\libxil.a(boot.o)
                              ./src/FreeRTOS_asm_vectors.o (_boot)
../../NicolaRadio_bsp/ps7_cortexa9_0/lib\libxil.a(sleep.o)
                              ./NicolaCode/xsdps.o (sleep)
../../NicolaRadio_bsp/ps7_cortexa9_0/lib\libxil.a(translation_table.o)
                              ../../NicolaRadio_bsp/ps7_cortexa9_0/lib\libxil.a(boot.o) (MMUTable)
../../NicolaRadio_bsp/ps7_cortexa9_0/lib\libxil.a(usleep.o)
                              ./NicolaCode/xsdps.o (usleep)
../../NicolaRadio_bsp/ps7_cortexa9_0/lib\libxil.a(vectors.o)
                              ../../NicolaRadio_bsp/ps7_cortexa9_0/lib\libxil.a(asm_vectors.o) (UndefinedException)
../../NicolaRadio_bsp/ps7_cortexa9_0/lib\libxil.a(xil-crt0.o)
                              ../../NicolaRadio_bsp/ps7_cortexa9_0/lib\libxil.a(boot.o) (_start)
../../NicolaRadio_bsp/ps7_cortexa9_0/lib\libxil.a(xil_assert.o)
                              ./NicolaCode/xsdps.o (Xil_Assert)
../../NicolaRadio_bsp/ps7_cortexa9_0/lib\libxil.a(xil_cache.o)
                              ./NicolaCode/xsdps.o (Xil_DCacheFlushRange)
../../NicolaRadio_bsp/ps7_cortexa9_0/lib\libxil.a(xil_exception.o)
                              ../../NicolaRadio_bsp/ps7_cortexa9_0/lib\libxil.a(asm_vectors.o) (PrefetchAbortAddr)
../../NicolaRadio_bsp/ps7_cortexa9_0/lib\libxil.a(xil_io.o)
                              ./NicolaCode/xsdps.o (Xil_In8)
../../NicolaRadio_bsp/ps7_cortexa9_0/lib\libxil.a(xil_printf.o)
                              ./NicolaCode/Bluetooth.o (xil_printf)
../../NicolaRadio_bsp/ps7_cortexa9_0/lib\libxil.a(xtime_l.o)
                              ../../NicolaRadio_bsp/ps7_cortexa9_0/lib\libxil.a(xil-crt0.o) (XTime_SetTime)
../../NicolaRadio_bsp/ps7_cortexa9_0/lib\libxil.a(xllfifo_g.o)
                              ../../NicolaRadio_bsp/ps7_cortexa9_0/lib\libxil.a(xllfifo_sinit.o) (XLlFifo_ConfigTable)
../../NicolaRadio_bsp/ps7_cortexa9_0/lib\libxil.a(n3z_tonetest_g.o)
                              ../../NicolaRadio_bsp/ps7_cortexa9_0/lib\libxil.a(n3z_tonetest_sinit.o) (n3z_tonetest_ConfigTable)
../../NicolaRadio_bsp/ps7_cortexa9_0/lib\libxil.a(xscutimer_g.o)
                              ../../NicolaRadio_bsp/ps7_cortexa9_0/lib\libxil.a(xscutimer_sinit.o) (XScuTimer_ConfigTable)
../../NicolaRadio_bsp/ps7_cortexa9_0/lib\libxil.a(xscuwdt_g.o)
                              ../../NicolaRadio_bsp/ps7_cortexa9_0/lib\libxil.a(xscuwdt_sinit.o) (XScuWdt_ConfigTable)
../../NicolaRadio_bsp/ps7_cortexa9_0/lib\libxil.a(xsdps_g.o)
                              ../../NicolaRadio_bsp/ps7_cortexa9_0/lib\libxil.a(xsdps_sinit.o) (XSdPs_ConfigTable)
../../NicolaRadio_bsp/ps7_cortexa9_0/lib\libxil.a(cpu_init.o)
[...]
Memory Configuration

Name             Origin             Length             Attributes
ps7_qspi_linear_0_S_AXI_BASEADDR 0xfc000000         0x01000000
ps7_ram_0_S_AXI_BASEADDR 0x00000000         0x00030000
ps7_ram_1_S_AXI_BASEADDR 0xffff0000         0x0000fe00
*default*        0x00000000         0xffffffff

Linker script and memory map

LOAD c:/xilinx/sdk/2016.2/gnu/aarch32/nt/gcc-arm-none-eabi/bin/../lib/gcc/arm-none-eabi/4.9.2/v7-a/fpv3/hard/crti.o
LOAD c:/xilinx/sdk/2016.2/gnu/aarch32/nt/gcc-arm-none-eabi/bin/../lib/gcc/arm-none-eabi/4.9.2/v7-a/fpv3/hard/crtbegin.o
                0x00002000                _STACK_SIZE = DEFINED (_STACK_SIZE)?_STACK_SIZE:0x2000
                0x00002000                _HEAP_SIZE = DEFINED (_HEAP_SIZE)?_HEAP_SIZE:0x2000
                0x00000400                _ABORT_STACK_SIZE = DEFINED (_ABORT_STACK_SIZE)?_ABORT_STACK_SIZE:0x400
                0x00000800                _SUPERVISOR_STACK_SIZE = DEFINED (_SUPERVISOR_STACK_SIZE)?_SUPERVISOR_STACK_SIZE:0x800
                0x00000400                _IRQ_STACK_SIZE = DEFINED (_IRQ_STACK_SIZE)?_IRQ_STACK_SIZE:0x400
                0x00000400                _FIQ_STACK_SIZE = DEFINED (_FIQ_STACK_SIZE)?_FIQ_STACK_SIZE:0x400
                0x00000400                _UNDEF_STACK_SIZE = DEFINED (_UNDEF_STACK_SIZE)?_UNDEF_STACK_SIZE:0x400

.text           0x00000000    0x1a5e0
 *(.freertos_vectors)
 .freertos_vectors
                0x00000000       0xb0 ./src/FreeRTOS_asm_vectors.o
                0x00000000                _freertos_vector_table
                0x00000090                vPortInstallFreeRTOSVectorTable
 *(.vectors)
 .vectors       0x000000b0      0x12c ../../NicolaRadio_bsp/ps7_cortexa9_0/lib\libxil.a(asm_vectors.o)
                0x000000b0                _vector_table
 *(.boot)
 .boot          0x000001dc      0x370 ../../NicolaRadio_bsp/ps7_cortexa9_0/lib\libxil.a(boot.o)
                0x000001dc                _prestart
                0x000001dc                _boot
 *(.text)
 .text          0x0000054c        0x0 c:/xilinx/sdk/2016.2/gnu/aarch32/nt/gcc-arm-none-eabi/bin/../lib/gcc/arm-none-eabi/4.9.2/v7-a/fpv3/hard/crti.o
 .text          0x0000054c      0x108 c:/xilinx/sdk/2016.2/gnu/aarch32/nt/gcc-arm-none-eabi/bin/../lib/gcc/arm-none-eabi/4.9.2/v7-a/fpv3/hard/crtbegin.o
 .text          0x00000654      0x714 ./src/portable/port.o
                0x00000654                pxPortInitialiseStack
                0x000008f4                xPortStartScheduler
                0x00000a34                vPortEndScheduler
                0x00000a64                vPortEnterCritical
                0x00000ac8                vPortExitCritical
                0x00000b50                FreeRTOS_Tick_Handler
                0x00000be0                vPortTaskUsesFPU
                0x00000c18                vPortClearInterruptMask
                0x00000c70                ulPortSetInterruptMask
                0x00000ce8                vPortValidateInterruptPriority
 *fill*         0x00000d68        0x8 
 .text          0x00000d70      0x2e0 ./src/portable/portASM.o
                0x00000d70                FreeRTOS_SWI_Handler
                0x00000e18                vPortRestoreTaskContext
                0x00000e80                FreeRTOS_IRQ_Handler
                0x00000ff0                vApplicationIRQHandler
 .text          0x00001050        0x0 ./src/FreeRTOS_asm_vectors.o
 .text          0x00001050      0x278 ./src/FreeRTOS_tick_config.o
                0x00001050                vConfigureTickInterrupt
                0x00001218                vClearTickInterrupt
                0x00001240                vApplicationFPUSafeIRQHandler
 .text          0x000012c8        0x0 ./src/event_groups.o
 .text          0x000012c8      0x6f4 ./src/heap_4.o
                0x000012c8                pvPortMalloc
                0x00001588                vPortFree
                0x000016a8                xPortGetFreeHeapSize
                0x000016cc                xPortGetMinimumEverFreeHeapSize
                0x000016f0                vPortInitialiseBlocks
 .text          0x000019bc      0x284 ./src/list.o
                0x000019bc                vListInitialise
                0x00001a20                vListInitialiseItem
                0x00001a48                vListInsertEnd
                0x00001acc                vListInsert
                0x00001ba0                uxListRemove
 .text          0x00001c40      0x3f4 ./src/main.o
                0x00001c40                main
                0x00001cd8                tempFSBLCode
                0x00001cec                GetVersionString
                0x00001de0                vApplicationMallocFailedHook
                0x00001df0                vApplicationStackOverflowHook
                0x00001e0c                vApplicationIdleHook
                0x00001e40                vAssertCalled
                0x00001e80                vApplicationTickHook
                0x00001e94                vInitialiseTimerForRunTimeStats
                0x00001f94                vApplicationGetIdleTaskMemory
                0x00001fe4                vApplicationGetTimerTaskMemory
 .text          0x00002034       0x9c ./src/platform.o
                0x00002034                enable_caches
                0x00002048                disable_caches
                0x0000205c                init_uart
                0x00002070                init_platform
                0x000020c0                cleanup_platform
 .text          0x000020d0      0x718 ./src/printf-stdarg.o
                0x00002714                printf
                0x00002754                sprintf
                0x0000279c                snprintf
 .text          0x000027e8      0x8d8 ./src/ps7_init_Nicola.o
                0x000027e8                getPS7MessageInfo
                0x000028b0                ps7GetSiliconVersion
                0x000028fc                mask_write
                0x00002954                mask_poll
                0x000029d0                mask_read
                0x00002a14                ps7_config
                0x00002c48                ps7_post_config
                0x00002cf8                ps7_debug
                0x00002da8                ps7_init
                0x00002ff4                perf_start_clock
                0x00003018                perf_reset_clock
                0x00003048                get_number_of_cycles_for_delay
                0x00003088                perf_disable_clock
                0x000030ac                perf_reset_and_start_timer
 .text          0x000030c0     0x1f38 ./src/queue.o
                0x000030c0                xQueueGenericReset
                0x000031f8                xQueueGenericCreateStatic
                0x00003338                xQueueGenericCreate
                0x000034e4                xQueueCreateMutex
                0x00003538                xQueueCreateMutexStatic
                0x00003598                xQueueGiveMutexRecursive
                0x00003640                xQueueTakeMutexRecursive
                0x000036f8                xQueueCreateCountingSemaphoreStatic
                0x00003794                xQueueCreateCountingSemaphore
                0x00003820                xQueueGenericSend
                0x00003b14                xQueueGenericSendFromISR
                0x00003cfc                xQueueGiveFromISR
                0x00003ebc                xQueueGenericReceive
                0x000041dc                xQueueReceiveFromISR
                0x0000433c                xQueuePeekFromISR
                0x00004440                uxQueueMessagesWaiting
                0x00004490                uxQueueSpacesAvailable
                0x000044f4                uxQueueMessagesWaitingFromISR
                0x0000453c                vQueueDelete
                0x00004598                uxQueueGetQueueNumber
                0x000045c0                vQueueSetQueueNumber
                0x000045ec                ucQueueGetQueueType
                0x000049bc                xQueueIsQueueEmptyFromISR
                0x00004a70                xQueueIsQueueFullFromISR
                0x00004ad8                vQueueAddToRegistry
                0x00004b68                pcQueueGetName
                0x00004bf4                vQueueUnregisterQueue
                0x00004c8c                vQueueWaitForMessageRestricted
                0x00004d34                xQueueCreateSet
                0x00004d68                xQueueAddToSet
                0x00004de0                xQueueRemoveFromSet
                0x00004e64                xQueueSelectFromSet
                0x00004ea4                xQueueSelectFromSetFromISR
 .text          0x00004ff8     0x3e24 ./src/tasks.o
                0x00004ff8                xTaskCreateStatic
                0x000050dc                xTaskCreate
                0x0000552c                vTaskDelete
                0x000056f4                vTaskDelayUntil
                0x00005854                vTaskDelay
                0x000058cc                eTaskGetState
                0x000059f4                uxTaskPriorityGet
                0x00005a4c                uxTaskPriorityGetFromISR
                0x00005ab0                vTaskPrioritySet
                0x00005d14                vTaskSuspend
                0x00005f78                vTaskResume
                0x0000608c                xTaskResumeFromISR
                0x000061cc                vTaskStartScheduler
                0x000062f0                vTaskEndScheduler
                0x00006314                vTaskSuspendAll
                0x00006344                xTaskResumeAll
                0x00006554                xTaskGetTickCount
                0x00006584                xTaskGetTickCountFromISR
                0x000065bc                uxTaskGetNumberOfTasks
                0x000065e0                pcTaskGetName
                0x000067cc                xTaskGetHandle
                0x00006904                uxTaskGetSystemState
                0x00006ad4                xTaskAbortDelay
                0x00006c14                xTaskIncrementTick
                0x00006ef0                vTaskSwitchContext
                0x000070a8                vTaskPlaceOnEventList
                0x00007108                vTaskPlaceOnUnorderedEventList
                0x000071a8                vTaskPlaceOnEventListRestricted
                0x00007220                xTaskRemoveFromEventList
                0x00007364                xTaskRemoveFromUnorderedEventList
                0x000074a4                vTaskSetTimeOutState
                0x00007500                xTaskCheckForTimeOut
                0x00007664                vTaskMissedYield
                0x00007688                uxTaskGetTaskNumber
                0x000076d8                vTaskSetTaskNumber
                0x000078d8                vTaskGetInfo
                0x00007cd0                xTaskGetCurrentTaskHandle
                0x00007d00                xTaskGetSchedulerState
                0x00007d68                vTaskPriorityInherit
                0x00007f38                xTaskPriorityDisinherit
                0x0000818c                vTaskList
                0x00008374                uxTaskResetEventItemValue
                0x000083cc                pvTaskIncrementMutexHeldCount
                0x0000841c                ulTaskNotifyTake
                0x00008508                xTaskNotifyWait
                0x00008638                xTaskGenericNotify
                0x00008824                xTaskGenericNotifyFromISR
                0x00008a74                vTaskNotifyGiveFromISR
                0x00008c10                xTaskNotifyStateClear
 .text          0x00008e1c      0xeec ./src/timers.o
                0x00008e1c                xTimerCreateTimerTask
                0x00008f00                xTimerCreate
                0x00008f74                xTimerCreateStatic
                0x000090c0                xTimerGenericCommand
                0x000091c0                xTimerGetTimerDaemonTaskHandle
                0x00009200                xTimerGetPeriod
                0x00009248                xTimerGetExpiryTime
                0x00009298                pcTimerGetName
                0x00009af8                xTimerIsTimerActive
                0x00009b60                pvTimerGetTimerID
                0x00009bb8                vTimerSetTimerID
                0x00009c0c                xTimerPendFunctionCallFromISR
                0x00009c78                xTimerPendFunctionCall
 .text          0x00009d08     0x1de0 ./NicolaCode/Bluetooth.o
                0x00009d08                BluetoothStartup
                0x0000af9c                BluetoothBeginInquiry
                0x0000b380                AllocateChannelTable
                0x0000b5c0                DetermineChannelType
                0x0000b698                FindChannelTableFromMAC
                0x0000b778                FindChannelTableFromLinkID
                0x0000b854                FindChannelTableFromSCOChannel
                0x0000b930                FindChannelTableFromRFCommChannel
                0x0000ba0c                FindChannelTableForTablet
 .text          0x0000bae8      0x600 ./NicolaCode/ConsoleManager.o
                0x0000bae8                ConsoleStartup
                0x0000be24                transmitToConsole
                0x0000bfd0                uart_ReceiveByteCheck
                0x0000c018                uart_ReceiveByte
                0x0000c084                uart_SendByte
 .text          0x0000c0e8      0x23c ./NicolaCode/Flash-SDCard.o
                0x0000c0e8                CDCardInit
                0x0000c1b0                CDFlashRead
                0x0000c218                CDFlashWrite
 .text          0x0000c324     0x4b2c ./NicolaCode/LCD_Display.o
                0x0000c324                LCD_Startup
                0x0000c4cc                hexToInt
                0x0000e990                LCD_Write_String
                0x0000ef48                MenuMessageFromHostComputer
                0x00010894                AddReceivedTextToMenu
                0x00010a54                SetConfidenceBeepTime
                0x00010bdc                SetBeaconBeepTime
                0x00010d64                EffectTurnRadioOff
 .text          0x00010e50      0xc48 ./NicolaCode/PSPLComms.o
                0x00010e50                PSPLComms_Initialise
                0x0001109c                intToHexChars
                0x00011608                xsleep
                0x0001167c                LoadPicoFast
                0x0001176c                ReadResponse
                0x000118a4                TxSend
                0x0001196c                RxReceive
 .text          0x00011a98      0x3ec ./NicolaCode/RadioInterface.o
                0x00011a98                RadioInterfaceInit
                0x00011b5c                SetMicrophoneVolume
                0x00011d60                SetAerialType
                0x00011db0                SetAerialFrequency
                0x00011e00                SendPresetMessage
 .text          0x00011e84      0x5ec ./NicolaCode/RemoteProtocolHandler.o
                0x00011e84                TextMessageStartup
 .text          0x00012470     0x21b4 ./NicolaCode/xsdps.o
                0x00012470                XSdPs_CfgInitialize
                0x000127cc                XSdPs_SdCardInitialize
                0x00012cb8                XSdPs_CardInitialize
                0x00013680                XSdPs_CmdTransfer
                0x000139a0                XSdPs_FrameCmd
                0x00013c80                XSdPs_ReadPolled
                0x00013e68                XSdPs_WritePolled
                0x00014034                XSdPs_Select_Card
                0x00014090                XSdPs_SetupADMA2DescTbl
                0x00014288                XSdPs_MmcCardInitialize
 .text          0x00014624      0x540 ../../NicolaRadio_bsp/ps7_cortexa9_0/lib\libxil.a(xllfifo.o)
                0x00014624                XLlFifo_iRxOccupancy
                0x00014678                XLlFifo_iRxGetLen
                0x000146cc                XLlFifo_iTxVacancy
                0x00014720                XLlFifo_iTxSetLen
                0x0001476c                XLlFifo_CfgInitialize
                0x0001489c                XLlFifo_RxGetWord
                0x000148bc                XLlFifo_iRead_Aligned
                0x00014974                XLlFifo_TxPutWord
                0x00014988                XLlFifo_iWrite_Aligned
                0x00014a40                XLlFifo_Initialize
 .text          0x00014b64       0x38 ../../NicolaRadio_bsp/ps7_cortexa9_0/lib\libxil.a(xllfifo_sinit.o)
                0x00014b64                XLlFfio_LookupConfig
 .text          0x00014b9c      0x350 ../../NicolaRadio_bsp/ps7_cortexa9_0/lib\libxil.a(xstreamer.o)
                0x00014b9c                XStrm_RxInitialize
                0x00014c00                XStrm_TxInitialize
                0x00014c64                XStrm_RxGetLen
                0x00014c88                XStrm_Read
                0x00014db8                XStrm_TxSetLen
                0x00014e00                XStrm_Write
 .text          0x00014eec      0x1ac ../../NicolaRadio_bsp/ps7_cortexa9_0/lib\libxil.a(n3z_tonetest.o)
                0x00014eec                n3z_tonetest_CfgInitialize
                0x00014f68                n3z_tonetest_values2recover_write
                0x00014fb0                n3z_tonetest_values2recover_read
                0x00014ff8                n3z_tonetest_audiovolume_write
                0x00015044                n3z_tonetest_audiovolume_read
 .text          0x00015098       0x90 ../../NicolaRadio_bsp/ps7_cortexa9_0/lib\libxil.a(n3z_tonetest_sinit.o)
                0x00015098                n3z_tonetest_LookupConfig
                0x000150b4                n3z_tonetest_Initialize
 .text          0x00015128      0x930 ../../NicolaRadio_bsp/ps7_cortexa9_0/lib\libxil.a(xscugic.o)
                0x00015178                XScuGic_CfgInitialize
                0x00015330                XScuGic_Connect
                0x00015408                XScuGic_Disconnect
                0x000154e0                XScuGic_Enable
                0x0001559c                XScuGic_Disable
                0x00015658                XScuGic_SoftwareIntr
                0x00015744                XScuGic_SetPriorityTriggerType
                0x000158c8                XScuGic_GetPriorityTriggerType
                0x00015a08                XScuGic_InterruptMaptoCpu
 .text          0x00015a58        0x0 ../../NicolaRadio_bsp/ps7_cortexa9_0/lib\libxil.a(xscugic_g.o)
 .text          0x00015a58       0x1c ../../NicolaRadio_bsp/ps7_cortexa9_0/lib\libxil.a(xscugic_sinit.o)
                0x00015a58                XScuGic_LookupConfig
 .text          0x00015a74      0x314 ../../NicolaRadio_bsp/ps7_cortexa9_0/lib\libxil.a(xscutimer.o)
                0x00015a74                XScuTimer_CfgInitialize
                0x00015b24                XScuTimer_Start
                0x00015bc0                XScuTimer_Stop
                0x00015c54                XScuTimer_SetPrescaler
                0x00015cfc                XScuTimer_GetPrescaler
 .text          0x00015d88       0x1c ../../NicolaRadio_bsp/ps7_cortexa9_0/lib\libxil.a(xscutimer_sinit.o)
                0x00015d88                XScuTimer_LookupConfig
 .text          0x00015da4      0x238 ../../NicolaRadio_bsp/ps7_cortexa9_0/lib\libxil.a(xscuwdt.o)
                0x00015da4                XScuWdt_CfgInitialize
                0x00015eac                XScuWdt_Start
                0x00015f48                XScuWdt_Stop
 .text          0x00015fdc       0x1c ../../NicolaRadio_bsp/ps7_cortexa9_0/lib\libxil.a(xscuwdt_sinit.o)
                0x00015fdc                XScuWdt_LookupConfig
 .text          0x00015ff8     0x10b8 ../../NicolaRadio_bsp/ps7_cortexa9_0/lib\libxil.a(xsdps_options.o)
                0x000162dc                XSdPs_SetBlkSize
                0x000163b8                XSdPs_Get_BusWidth
                0x0001652c                XSdPs_Change_BusWidth
                0x000166cc                XSdPs_Get_BusSpeed
                0x00016828                XSdPs_Change_ClkFreq
                0x000169e0                XSdPs_Change_BusSpeed
                0x00016c7c                XSdPs_Pullup
                0x00016d30                XSdPs_Get_Mmc_ExtCsd
                0x00016e8c                XSdPs_Uhs_ModeInit
                0x000170a0                XSdPs_SetTapDelay
 .text          0x000170b0       0x1c ../../NicolaRadio_bsp/ps7_cortexa9_0/lib\libxil.a(xsdps_sinit.o)
                0x000170b0                XSdPs_LookupConfig
 .text          0x000170cc        0x0 ../../NicolaRadio_bsp/ps7_cortexa9_0/lib\libxil.a(asm_vectors.o)
 .text          0x000170cc        0x0 ../../NicolaRadio_bsp/ps7_cortexa9_0/lib\libxil.a(boot.o)
 .text          0x000170cc       0x48 ../../NicolaRadio_bsp/ps7_cortexa9_0/lib\libxil.a(sleep.o)
                0x000170cc                sleep
 .text          0x00017114        0x0 ../../NicolaRadio_bsp/ps7_cortexa9_0/lib\libxil.a(translation_table.o)
 .text          0x00017114       0x44 ../../NicolaRadio_bsp/ps7_cortexa9_0/lib\libxil.a(usleep.o)
                0x00017114                usleep
 .text          0x00017158       0x78 ../../NicolaRadio_bsp/ps7_cortexa9_0/lib\libxil.a(vectors.o)
                0x00017158                UndefinedException
                0x0001716c                FIQInterrupt
                0x00017180                IRQInterrupt
                0x00017194                SWInterrupt
                0x000171a8                DataAbortInterrupt
                0x000171bc                PrefetchAbortInterrupt
 .text          0x000171d0       0x78 ../../NicolaRadio_bsp/ps7_cortexa9_0/lib\libxil.a(xil-crt0.o)
                0x000171e4                _start
 .text          0x00017248       0x34 ../../NicolaRadio_bsp/ps7_cortexa9_0/lib\libxil.a(xil_assert.o)
                0x00017248                Xil_Assert
                0x00017268                Xil_AssertSetCallback
                0x00017278                XNullHandler
 .text          0x0001727c      0x9fc ../../NicolaRadio_bsp/ps7_cortexa9_0/lib\libxil.a(xil_cache.o)
                0x0001727c                Xil_DCacheInvalidateLine
                0x000172c0                Xil_DCacheFlushRange
                0x00017320                Xil_DCacheStoreLine
                0x00017360                Xil_ICacheInvalidateLine
                0x000173a4                Xil_ICacheInvalidateRange
                0x000173fc                Xil_L1DCacheInvalidate
                0x000174a4                Xil_L1DCacheEnable
                0x000174c4                Xil_L1DCacheInvalidateLine
                0x000174dc                Xil_L1DCacheInvalidateRange
                0x00017524                Xil_L1DCacheFlush
                0x000175b4                Xil_L1DCacheDisable
                0x000175cc                Xil_L1DCacheFlushLine
                0x000175e4                Xil_L1DCacheFlushRange
                0x0001762c                Xil_L1DCacheStoreLine
                0x00017644                Xil_L1ICacheEnable
                0x00017660                Xil_L1ICacheDisable
                0x0001767c                Xil_L1ICacheInvalidate
                0x00017694                Xil_L1ICacheInvalidateLine
                0x000176ac                Xil_L1ICacheInvalidateRange
                0x000176f4                Xil_L2CacheInvalidate
                0x00017750                Xil_DCacheInvalidate
                0x00017770                Xil_ICacheInvalidate
                0x000177a0                Xil_L2CacheEnable
                0x00017850                Xil_DCacheEnable
                0x00017860                Xil_ICacheEnable
                0x0001787c                Xil_L2CacheInvalidateLine
                0x00017898                Xil_L2CacheInvalidateRange
                0x0001791c                Xil_L2CacheFlush
                0x00017980                Xil_DCacheFlush
                0x000179a0                Xil_L2CacheDisable
                0x000179e0                Xil_DCacheDisable
                0x000179fc                Xil_ICacheDisable
                0x00017a20                Xil_L2CacheFlushLine
                0x00017a50                Xil_DCacheInvalidateRange
                0x00017b70                Xil_DCacheFlushLine
                0x00017bd8                Xil_L2CacheFlushRange
                0x00017c5c                Xil_L2CacheStoreLine
 .text          0x00017c78       0x58 ../../NicolaRadio_bsp/ps7_cortexa9_0/lib\libxil.a(xil_exception.o)
                0x00017c7c                Xil_DataAbortHandler
                0x00017c84                Xil_PrefetchAbortHandler
                0x00017c8c                Xil_UndefinedExceptionHandler
                0x00017c90                Xil_ExceptionInit
                0x00017c94                Xil_ExceptionRegisterHandler
                0x00017cac                Xil_ExceptionRemoveHandler
 .text          0x00017cd0       0x88 ../../NicolaRadio_bsp/ps7_cortexa9_0/lib\libxil.a(xil_io.o)
                0x00017cd0                Xil_In8
                0x00017cd8                Xil_In16
                0x00017ce0                Xil_In32
                0x00017ce8                Xil_Out8
                0x00017cf0                Xil_Out16
                0x00017cf8                Xil_Out32
                0x00017d00                Xil_In16BE
                0x00017d14                Xil_In32BE
                0x00017d20                Xil_Out16BE
                0x00017d34                Xil_Out32BE
                0x00017d40                Xil_EndianSwap16
                0x00017d50                Xil_EndianSwap32
 .text          0x00017d58      0x690 ../../NicolaRadio_bsp/ps7_cortexa9_0/lib\libxil.a(xil_printf.o)
                0x00017f68                xil_printf
 .text          0x000183e8       0xa0 ../../NicolaRadio_bsp/ps7_cortexa9_0/lib\libxil.a(xtime_l.o)
                0x000183e8                XTime_SetTime
                0x00018438                XTime_GetTime
 .text          0x00018488        0x0 ../../NicolaRadio_bsp/ps7_cortexa9_0/lib\libxil.a(xllfifo_g.o)
 .text          0x00018488        0x0 ../../NicolaRadio_bsp/ps7_cortexa9_0/lib\libxil.a(n3z_tonetest_g.o)
 .text          0x00018488        0x0 ../../NicolaRadio_bsp/ps7_cortexa9_0/lib\libxil.a(xscutimer_g.o)
 .text          0x00018488        0x0 ../../NicolaRadio_bsp/ps7_cortexa9_0/lib\libxil.a(xscuwdt_g.o)
 .text          0x00018488        0x0 ../../NicolaRadio_bsp/ps7_cortexa9_0/lib\libxil.a(xsdps_g.o)
 .text          0x00018488       0x3c ../../NicolaRadio_bsp/ps7_cortexa9_0/lib\libxil.a(cpu_init.o)
                0x00018488                __cpu_init
 .text          0x000184c4        0xc ../../NicolaRadio_bsp/ps7_cortexa9_0/lib\libxil.a(outbyte.o)
                0x000184c4                outbyte
 .text          0x000184d0       0xec ../../NicolaRadio_bsp/ps7_cortexa9_0/lib\libxil.a(xuartps_hw.o)
                0x000184d0                XUartPs_SendByte
                0x00018500                XUartPs_RecvByte
                0x0001852c                XUartPs_ResetHw
 .text          0x000185bc      0x20c c:/xilinx/sdk/2016.2/gnu/aarch32/nt/gcc-arm-none-eabi/bin/../lib/gcc/arm-none-eabi/4.9.2/v7-a/fpv3/hard\libgcc.a(_udivsi3.o)
                0x000185bc                __aeabi_uidiv
                0x000185bc                __udivsi3
                0x000187a8                __aeabi_uidivmod
 .text          0x000187c8        0x4 c:/xilinx/sdk/2016.2/gnu/aarch32/nt/gcc-arm-none-eabi/bin/../lib/gcc/arm-none-eabi/4.9.2/v7-a/fpv3/hard\libgcc.a(_dvmd_tls.o)
                0x000187c8                __aeabi_idiv0
                0x000187c8                __aeabi_ldiv0
 .text          0x000187cc       0x18 c:/xilinx/sdk/2016.2/gnu/aarch32/nt/gcc-arm-none-eabi/bin/../lib/gcc/arm-none-eabi/4.9.2/../../../../arm-none-eabi/lib/v7-a/fpv3/hard\libc.a(lib_a-atoi.o)
                0x000187cc                atoi
                0x000187d8                _atoi_r
 .text          0x000187e4       0x18 c:/xilinx/sdk/2016.2/gnu/aarch32/nt/gcc-arm-none-eabi/bin/../lib/gcc/arm-none-eabi/4.9.2/../../../../arm-none-eabi/lib/v7-a/fpv3/hard\libc.a(lib_a-ctype_.o)
                0x000187e4                __set_ctype
 .text          0x000187fc       0x34 c:/xilinx/sdk/2016.2/gnu/aarch32/nt/gcc-arm-none-eabi/bin/../lib/gcc/arm-none-eabi/4.9.2/../../../../arm-none-eabi/lib/v7-a/fpv3/hard\libc.a(lib_a-exit.o)
                0x000187fc                exit
 .text          0x00018830       0x40 c:/xilinx/sdk/2016.2/gnu/aarch32/nt/gcc-arm-none-eabi/bin/../lib/gcc/arm-none-eabi/4.9.2/../../../../arm-none-eabi/lib/v7-a/fpv3/hard\libc.a(lib_a-fini.o)
                0x00018830                __libc_fini_array
 .text          0x00018870        0x0 c:/xilinx/sdk/2016.2/gnu/aarch32/nt/gcc-arm-none-eabi/bin/../lib/gcc/arm-none-eabi/4.9.2/../../../../arm-none-eabi/lib/v7-a/fpv3/hard\libc.a(lib_a-impure.o)
 .text          0x00018870       0x78 c:/xilinx/sdk/2016.2/gnu/aarch32/nt/gcc-arm-none-eabi/bin/../lib/gcc/arm-none-eabi/4.9.2/../../../../arm-none-eabi/lib/v7-a/fpv3/hard\libc.a(lib_a-init.o)
                0x00018870                __libc_init_array
 .text          0x000188e8       0x28 c:/xilinx/sdk/2016.2/gnu/aarch32/nt/gcc-arm-none-eabi/bin/../lib/gcc/arm-none-eabi/4.9.2/../../../../arm-none-eabi/lib/v7-a/fpv3/hard\libc.a(lib_a-malloc.o)
                0x000188e8                malloc
                0x000188fc                free
 .text          0x00018910      0x768 c:/xilinx/sdk/2016.2/gnu/aarch32/nt/gcc-arm-none-eabi/bin/../lib/gcc/arm-none-eabi/4.9.2/../../../../arm-none-eabi/lib/v7-a/fpv3/hard\libc.a(lib_a-mallocr.o)
                0x00018910                _malloc_r
 .text          0x00019078       0xa8 c:/xilinx/sdk/2016.2/gnu/aarch32/nt/gcc-arm-none-eabi/bin/../lib/gcc/arm-none-eabi/4.9.2/../../../../arm-none-eabi/lib/v7-a/fpv3/hard\libc.a(lib_a-memcmp.o)
                0x00019078                memcmp
 *fill*         0x00019120       0x20 
 .text          0x00019140      0x600 c:/xilinx/sdk/2016.2/gnu/aarch32/nt/gcc-arm-none-eabi/bin/../lib/gcc/arm-none-eabi/4.9.2/../../../../arm-none-eabi/lib/v7-a/fpv3/hard\libc.a(lib_a-memcpy.o)
                0x00019140                memcpy
 .text          0x00019740       0xf8 c:/xilinx/sdk/2016.2/gnu/aarch32/nt/gcc-arm-none-eabi/bin/../lib/gcc/arm-none-eabi/4.9.2/../../../../arm-none-eabi/lib/v7-a/fpv3/hard\libc.a(lib_a-memset.o)
                0x00019740                memset
 .text          0x00019838        0x8 c:/xilinx/sdk/2016.2/gnu/aarch32/nt/gcc-arm-none-eabi/bin/../lib/gcc/arm-none-eabi/4.9.2/../../../../arm-none-eabi/lib/v7-a/fpv3/hard\libc.a(lib_a-mlock.o)
                0x00019838                __malloc_lock
                0x0001983c                __malloc_unlock
 .text          0x00019840       0x38 c:/xilinx/sdk/2016.2/gnu/aarch32/nt/gcc-arm-none-eabi/bin/../lib/gcc/arm-none-eabi/4.9.2/../../../../arm-none-eabi/lib/v7-a/fpv3/hard\libc.a(lib_a-sbrkr.o)
                0x00019840                _sbrk_r
 .text          0x00019878       0xf8 c:/xilinx/sdk/2016.2/gnu/aarch32/nt/gcc-arm-none-eabi/bin/../lib/gcc/arm-none-eabi/4.9.2/../../../../arm-none-eabi/lib/v7-a/fpv3/hard\libc.a(lib_a-strcpy.o)
                0x00019878                strcpy
 *fill*         0x00019970       0x10 
 .text          0x00019980      0x100 c:/xilinx/sdk/2016.2/gnu/aarch32/nt/gcc-arm-none-eabi/bin/../lib/gcc/arm-none-eabi/4.9.2/../../../../arm-none-eabi/lib/v7-a/fpv3/hard\libc.a(lib_a-strlen-armv7.o)
                0x00019980                strlen
 .text          0x00019a80      0x110 c:/xilinx/sdk/2016.2/gnu/aarch32/nt/gcc-arm-none-eabi/bin/../lib/gcc/arm-none-eabi/4.9.2/../../../../arm-none-eabi/lib/v7-a/fpv3/hard\libc.a(lib_a-strncmp.o)
                0x00019a80                strncmp
 .text          0x00019b90       0xdc c:/xilinx/sdk/2016.2/gnu/aarch32/nt/gcc-arm-none-eabi/bin/../lib/gcc/arm-none-eabi/4.9.2/../../../../arm-none-eabi/lib/v7-a/fpv3/hard\libc.a(lib_a-strncpy.o)
                0x00019b90                strncpy
 .text          0x00019c6c      0x1fc c:/xilinx/sdk/2016.2/gnu/aarch32/nt/gcc-arm-none-eabi/bin/../lib/gcc/arm-none-eabi/4.9.2/../../../../arm-none-eabi/lib/v7-a/fpv3/hard\libc.a(lib_a-strtol.o)
                0x00019c6c                _strtol_r
                0x00019e4c                strtol
 .text          0x00019e68      0x168 c:/xilinx/sdk/2016.2/gnu/aarch32/nt/gcc-arm-none-eabi/bin/../lib/gcc/arm-none-eabi/4.9.2/../../../../arm-none-eabi/lib/v7-a/fpv3/hard\libc.a(lib_a-__call_atexit.o)
                0x00019e68                __call_exitprocs
 .text          0x00019fd0       0x14 c:/xilinx/sdk/2016.2/gnu/aarch32/nt/gcc-arm-none-eabi/bin/../lib/gcc/arm-none-eabi/4.9.2/../../../../arm-none-eabi/lib/v7-a/fpv3/hard\libc.a(lib_a-atexit.o)
                0x00019fd0                atexit
 .text          0x00019fe4      0x3ac c:/xilinx/sdk/2016.2/gnu/aarch32/nt/gcc-arm-none-eabi/bin/../lib/gcc/arm-none-eabi/4.9.2/../../../../arm-none-eabi/lib/v7-a/fpv3/hard\libc.a(lib_a-freer.o)
                0x00019fe4                _malloc_trim_r
                0x0001a0e0                _free_r
 .text          0x0001a390      0x11c c:/xilinx/sdk/2016.2/gnu/aarch32/nt/gcc-arm-none-eabi/bin/../lib/gcc/arm-none-eabi/4.9.2/../../../../arm-none-eabi/lib/v7-a/fpv3/hard\libc.a(lib_a-reent.o)
                0x0001a390                cleanup_glue
                0x0001a3bc                _reclaim_reent
 .text          0x0001a4ac       0xd8 c:/xilinx/sdk/2016.2/gnu/aarch32/nt/gcc-arm-none-eabi/bin/../lib/gcc/arm-none-eabi/4.9.2/../../../../arm-none-eabi/lib/v7-a/fpv3/hard\libc.a(lib_a-__atexit.o)
                0x0001a4ac                __register_exitproc
 .text          0x0001a584        0x4 ../../NicolaRadio_bsp/ps7_cortexa9_0/lib\libxil.a(_exit.o)
                0x0001a584                _exit
 .text          0x0001a588       0x3c ../../NicolaRadio_bsp/ps7_cortexa9_0/lib\libxil.a(_sbrk.o)
                0x0001a588                _sbrk
 .text          0x0001a5c4        0x0 c:/xilinx/sdk/2016.2/gnu/aarch32/nt/gcc-arm-none-eabi/bin/../lib/gcc/arm-none-eabi/4.9.2/v7-a/fpv3/hard/crtend.o
 .text          0x0001a5c4        0x0 c:/xilinx/sdk/2016.2/gnu/aarch32/nt/gcc-arm-none-eabi/bin/../lib/gcc/arm-none-eabi/4.9.2/v7-a/fpv3/hard/crtn.o
 *(.text.*)
 .text.startup  0x0001a5c4       0x1c c:/xilinx/sdk/2016.2/gnu/aarch32/nt/gcc-arm-none-eabi/bin/../lib/gcc/arm-none-eabi/4.9.2/../../../../arm-none-eabi/lib/v7-a/fpv3/hard\libc.a(lib_a-__call_atexit.o)
 *(.gnu.linkonce.t.*)
 *(.plt)
 *(.gnu_warning)
 *(.gcc_execpt_table)
 *(.glue_7)
 .glue_7        0x00000000        0x0 linker stubs
 *(.glue_7t)
 .glue_7t       0x00000000        0x0 linker stubs
 *(.vfp11_veneer)
 .vfp11_veneer  0x00000000        0x0 linker stubs
 *(.ARM.extab)
 *(.gnu.linkonce.armextab.*)

.v4_bx          0x0001a5e0        0x0
 .v4_bx         0x00000000        0x0 linker stubs

.iplt           0x0001a5e0        0x0
 .iplt          0x00000000        0x0 c:/xilinx/sdk/2016.2/gnu/aarch32/nt/gcc-arm-none-eabi/bin/../lib/gcc/arm-none-eabi/4.9.2/v7-a/fpv3/hard/crtbegin.o

.init           0x0001a5e0       0x18
 *(.init)
 .init          0x0001a5e0        0xc c:/xilinx/sdk/2016.2/gnu/aarch32/nt/gcc-arm-none-eabi/bin/../lib/gcc/arm-none-eabi/4.9.2/v7-a/fpv3/hard/crti.o
                0x0001a5e0                _init
 .init          0x0001a5ec        0xc c:/xilinx/sdk/2016.2/gnu/aarch32/nt/gcc-arm-none-eabi/bin/../lib/gcc/arm-none-eabi/4.9.2/v7-a/fpv3/hard/crtn.o

.fini           0x0001a5f8       0x18
 *(.fini)
 .fini          0x0001a5f8        0xc c:/xilinx/sdk/2016.2/gnu/aarch32/nt/gcc-arm-none-eabi/bin/../lib/gcc/arm-none-eabi/4.9.2/v7-a/fpv3/hard/crti.o
                0x0001a5f8                _fini
 .fini          0x0001a604        0xc c:/xilinx/sdk/2016.2/gnu/aarch32/nt/gcc-arm-none-eabi/bin/../lib/gcc/arm-none-eabi/4.9.2/v7-a/fpv3/hard/crtn.o

.rodata         0x0001a610      0xc48
                0x0001a610                __rodata_start = .
 *(.rodata)
 .rodata        0x0001a610       0x28 ./src/portable/port.o
                0x0001a610                ulICCIAR
                0x0001a614                ulICCEOIR
                0x0001a618                ulICCPMR
                0x0001a61c                ulMaxAPIPriorityMask
 .rodata        0x0001a638       0x20 ./src/FreeRTOS_tick_config.o
 .rodata        0x0001a658       0x14 ./src/heap_4.o
 .rodata        0x0001a66c       0x3c ./src/main.o
 .rodata        0x0001a6a8        0x8 ./src/printf-stdarg.o
 .rodata        0x0001a6b0       0xd4 ./src/ps7_init_Nicola.o
 .rodata        0x0001a784       0x10 ./src/queue.o
 .rodata        0x0001a794       0x28 ./src/tasks.o
 .rodata        0x0001a7bc       0x20 ./src/timers.o
 .rodata        0x0001a7dc      0x380 ./NicolaCode/Bluetooth.o
 .rodata        0x0001ab5c       0x2c ./NicolaCode/ConsoleManager.o
 .rodata        0x0001ab88      0x1a0 ./NicolaCode/LCD_Display.o
 .rodata        0x0001ad28      0x218 ./NicolaCode/PSPLComms.o
 .rodata        0x0001af40      0x100 ./NicolaCode/RadioInterface.o
 .rodata        0x0001b040       0x6c ./NicolaCode/RemoteProtocolHandler.o
 .rodata        0x0001b0ac       0x18 ./NicolaCode/xsdps.o
 .rodata        0x0001b0c4      0x104 c:/xilinx/sdk/2016.2/gnu/aarch32/nt/gcc-arm-none-eabi/bin/../lib/gcc/arm-none-eabi/4.9.2/../../../../arm-none-eabi/lib/v7-a/fpv3/hard\libc.a(lib_a-ctype_.o)
                0x0001b0c4                _ctype_
 .rodata        0x0001b1c8        0x4 c:/xilinx/sdk/2016.2/gnu/aarch32/nt/gcc-arm-none-eabi/bin/../lib/gcc/arm-none-eabi/4.9.2/../../../../arm-none-eabi/lib/v7-a/fpv3/hard\libc.a(lib_a-impure.o)
                0x0001b1c8                _global_impure_ptr
 *(.rodata.*)
 .rodata.str1.4
                0x0001b1cc        0xa ../../NicolaRadio_bsp/ps7_cortexa9_0/lib\libxil.a(xllfifo.o)
                                  0xc (size before relaxing)
 *fill*         0x0001b1d6        0x2 
 .rodata.str1.4
                0x0001b1d8        0xc ../../NicolaRadio_bsp/ps7_cortexa9_0/lib\libxil.a(xstreamer.o)
 .rodata.str1.4
                0x0001b1e4        0xf ../../NicolaRadio_bsp/ps7_cortexa9_0/lib\libxil.a(n3z_tonetest.o)
                                 0x10 (size before relaxing)
 *fill*         0x0001b1f3        0x1 
 .rodata.str1.4
                0x0001b1f4       0x15 ../../NicolaRadio_bsp/ps7_cortexa9_0/lib\libxil.a(n3z_tonetest_sinit.o)
                                 0x18 (size before relaxing)
 *fill*         0x0001b209        0x3 
 .rodata.str1.4
                0x0001b20c        0xa ../../NicolaRadio_bsp/ps7_cortexa9_0/lib\libxil.a(xscugic.o)
                                  0xc (size before relaxing)
 *fill*         0x0001b216        0x2 
 .rodata.str1.4
                0x0001b218        0xc ../../NicolaRadio_bsp/ps7_cortexa9_0/lib\libxil.a(xscutimer.o)
 .rodata.str1.4
                0x0001b224        0xa ../../NicolaRadio_bsp/ps7_cortexa9_0/lib\libxil.a(xscuwdt.o)
                                  0xc (size before relaxing)
 *fill*         0x0001b22e        0x2 
 .rodata.str1.4
                0x0001b230       0x10 ../../NicolaRadio_bsp/ps7_cortexa9_0/lib\libxil.a(xsdps_options.o)
 .rodata.str1.4
                0x0001b240       0x11 ../../NicolaRadio_bsp/ps7_cortexa9_0/lib\libxil.a(xil_printf.o)
                                 0x14 (size before relaxing)
 *fill*         0x0001b251        0x3 
 .rodata.str1.4
                0x0001b254        0x4 c:/xilinx/sdk/2016.2/gnu/aarch32/nt/gcc-arm-none-eabi/bin/../lib/gcc/arm-none-eabi/4.9.2/../../../../arm-none-eabi/lib/v7-a/fpv3/hard\libc.a(lib_a-impure.o)
 *(.gnu.linkonce.r.*)
                0x0001b258                __rodata_end = .

.rodata1        0x0001b258        0x0
                0x0001b258                __rodata1_start = .
 *(.rodata1)
 *(.rodata1.*)
                0x0001b258                __rodata1_end = .

.sdata2         0x0001b258        0x0
                0x0001b258                __sdata2_start = .
 *(.sdata2)
 *(.sdata2.*)
 *(.gnu.linkonce.s2.*)
                0x0001b258                __sdata2_end = .

.sbss2          0x0001b258        0x0
                0x0001b258                __sbss2_start = .
 *(.sbss2)
 *(.sbss2.*)
 *(.gnu.linkonce.sb2.*)
                0x0001b258                __sbss2_end = .

.data           0x0001b258     0x4144
                0x0001b258                __data_start = .
                0x0001b258                _dataVMA_start = .
 *(.data)
 .data          0x0001b258        0x0 c:/xilinx/sdk/2016.2/gnu/aarch32/nt/gcc-arm-none-eabi/bin/../lib/gcc/arm-none-eabi/4.9.2/v7-a/fpv3/hard/crti.o
 .data          0x0001b258        0x4 c:/xilinx/sdk/2016.2/gnu/aarch32/nt/gcc-arm-none-eabi/bin/../lib/gcc/arm-none-eabi/4.9.2/v7-a/fpv3/hard/crtbegin.o
                0x0001b258                __dso_handle
 .data          0x0001b25c        0x4 ./src/portable/port.o
                0x0001b25c                ulCriticalNesting
 .data          0x0001b260        0x0 ./src/portable/portASM.o
 .data          0x0001b260        0x0 ./src/FreeRTOS_asm_vectors.o
 .data          0x0001b260        0x4 ./src/FreeRTOS_tick_config.o
 .data          0x0001b264        0x0 ./src/event_groups.o
 .data          0x0001b264        0x0 ./src/heap_4.o
 .data          0x0001b264        0x0 ./src/list.o
 .data          0x0001b264        0x4 ./src/main.o
 .data          0x0001b268        0x0 ./src/platform.o
 .data          0x0001b268        0x0 ./src/printf-stdarg.o
 .data          0x0001b268      0xe00 ./src/ps7_init_Nicola.o
                0x0001b268                ps7_pll_init_data_3_0
                0x0001b3f0                ps7_clock_init_data_3_0
                0x0001b494                ps7_mio_init_data_3_0
                0x0001b588                ps7_peripherals_init_data_3_0
                0x0001b694                ps7_post_config_3_0
                0x0001b6d8                ps7_debug_3_0
                0x0001b70c                ps7_pll_init_data_2_0
                0x0001b894                ps7_clock_init_data_2_0
                0x0001b938                ps7_mio_init_data_2_0
                0x0001ba2c                ps7_peripherals_init_data_2_0
                0x0001bb38                ps7_post_config_2_0
                0x0001bb7c                ps7_debug_2_0
                0x0001bbb0                ps7_pll_init_data_1_0
                0x0001bd38                ps7_clock_init_data_1_0
                0x0001bddc                ps7_mio_init_data_1_0
                0x0001bed0                ps7_peripherals_init_data_1_0
                0x0001bfdc                ps7_post_config_1_0
                0x0001c020                ps7_debug_1_0
                0x0001c054                ps7_mio_init_data
                0x0001c058                ps7_pll_init_data
                0x0001c05c                ps7_clock_init_data
                0x0001c060                ps7_ddr_init_data
                0x0001c064                ps7_peripherals_init_data
 .data          0x0001c068        0x0 ./src/queue.o
 .data          0x0001c068        0x0 ./src/tasks.o
 .data          0x0001c068        0x0 ./src/timers.o
 .data          0x0001c068       0x40 ./NicolaCode/Bluetooth.o
                0x0001c068                StartupMessages
                0x0001c09c                PinCodes
                0x0001c0a4                BluetoothCommandEcho
 .data          0x0001c0a8        0x0 ./NicolaCode/ConsoleManager.o
 .data          0x0001c0a8        0x8 ./NicolaCode/Flash-SDCard.o
 .data          0x0001c0b0      0x4ec ./NicolaCode/LCD_Display.o
                0x0001c0b0                microphoneVolume1
                0x0001c0d0                microphoneVolume2
                0x0001c0f0                microphoneVolume3
                0x0001c110                microphoneVolume4
                0x0001c130                microphoneVolume5
                0x0001c150                aerialTypeSetting
                0x0001c170                aerialTypeSetting1
                0x0001c190                frequencySetting
                0x0001c1b0                frequencySetting2
                0x0001c1d0                frequencySetting3
                0x0001c1f0                confidenceBeepSetting
                0x0001c250                BluetoothPairingSetting
                0x0001c270                BluetoothPairingSetting1
                0x0001c290                TextMessageReceived
                0x0001c2a4                TextMessageReceived2
                0x0001c2b8                TextMessageReceived3
                0x0001c2cc                TextMessageReceived4
                0x0001c2e0                TextMessageTestSetting
                0x0001c2f4                TextMessageTestSetting2
                0x0001c308                TextMessageTestSetting3
                0x0001c31c                TextMessageTestSetting4
                0x0001c330                turnRadioOffSetting
                0x0001c350                turnRadioOffSetting1
                0x0001c370                theMenu_8
                0x0001c3ac                theMenu_7a
                0x0001c3e8                theMenu_7
                0x0001c424                theMenu_6
                0x0001c460                theMenu_5a
                0x0001c49c                theMenu_5
                0x0001c4d8                theMenu_4
                0x0001c514                theMenu_3
                0x0001c550                theMenu_1
                0x0001c58c                Nicola3Name
                0x0001c590                CurrentMenuPosition
                0x0001c594                CurrentSubMenuPosition
 .data          0x0001c59c     0x1f10 ./NicolaCode/PSPLComms.o
                0x0001c59c                DSPPico
                0x0001d328                KeypadPico
                0x0001d7b0                UserPico
 .data          0x0001e4ac        0x0 ./NicolaCode/RadioInterface.o
 .data          0x0001e4ac        0x0 ./NicolaCode/RemoteProtocolHandler.o
 .data          0x0001e4ac        0x0 ./NicolaCode/xsdps.o
 .data          0x0001e4ac        0x0 ../../NicolaRadio_bsp/ps7_cortexa9_0/lib\libxil.a(xllfifo.o)
 .data          0x0001e4ac        0x0 ../../NicolaRadio_bsp/ps7_cortexa9_0/lib\libxil.a(xllfifo_sinit.o)
 .data          0x0001e4ac        0x0 ../../NicolaRadio_bsp/ps7_cortexa9_0/lib\libxil.a(xstreamer.o)
 .data          0x0001e4ac        0x0 ../../NicolaRadio_bsp/ps7_cortexa9_0/lib\libxil.a(n3z_tonetest.o)
 .data          0x0001e4ac        0x0 ../../NicolaRadio_bsp/ps7_cortexa9_0/lib\libxil.a(n3z_tonetest_sinit.o)
 .data          0x0001e4ac        0x0 ../../NicolaRadio_bsp/ps7_cortexa9_0/lib\libxil.a(xscugic.o)
 .data          0x0001e4ac      0x624 ../../NicolaRadio_bsp/ps7_cortexa9_0/lib\libxil.a(xscugic_g.o)
                0x0001e4ac                XScuGic_ConfigTable
 .data          0x0001ead0        0x0 ../../NicolaRadio_bsp/ps7_cortexa9_0/lib\libxil.a(xscugic_sinit.o)
 .data          0x0001ead0        0x0 ../../NicolaRadio_bsp/ps7_cortexa9_0/lib\libxil.a(xscutimer.o)
 .data          0x0001ead0        0x0 ../../NicolaRadio_bsp/ps7_cortexa9_0/lib\libxil.a(xscutimer_sinit.o)
 .data          0x0001ead0        0x0 ../../NicolaRadio_bsp/ps7_cortexa9_0/lib\libxil.a(xscuwdt.o)
 .data          0x0001ead0        0x0 ../../NicolaRadio_bsp/ps7_cortexa9_0/lib\libxil.a(xscuwdt_sinit.o)
 .data          0x0001ead0        0x0 ../../NicolaRadio_bsp/ps7_cortexa9_0/lib\libxil.a(xsdps_options.o)
 .data          0x0001ead0        0x0 ../../NicolaRadio_bsp/ps7_cortexa9_0/lib\libxil.a(xsdps_sinit.o)
 .data          0x0001ead0        0x0 ../../NicolaRadio_bsp/ps7_cortexa9_0/lib\libxil.a(asm_vectors.o)
 .data          0x0001ead0        0x0 ../../NicolaRadio_bsp/ps7_cortexa9_0/lib\libxil.a(boot.o)
 .data          0x0001ead0        0x0 ../../NicolaRadio_bsp/ps7_cortexa9_0/lib\libxil.a(sleep.o)
 .data          0x0001ead0        0x0 ../../NicolaRadio_bsp/ps7_cortexa9_0/lib\libxil.a(translation_table.o)
 .data          0x0001ead0        0x0 ../../NicolaRadio_bsp/ps7_cortexa9_0/lib\libxil.a(usleep.o)
 .data          0x0001ead0        0x0 ../../NicolaRadio_bsp/ps7_cortexa9_0/lib\libxil.a(vectors.o)
 .data          0x0001ead0        0x0 ../../NicolaRadio_bsp/ps7_cortexa9_0/lib\libxil.a(xil-crt0.o)
 .data          0x0001ead0        0x0 ../../NicolaRadio_bsp/ps7_cortexa9_0/lib\libxil.a(xil_assert.o)
 .data          0x0001ead0        0x0 ../../NicolaRadio_bsp/ps7_cortexa9_0/lib\libxil.a(xil_cache.o)
 .data          0x0001ead0       0x38 ../../NicolaRadio_bsp/ps7_cortexa9_0/lib\libxil.a(xil_exception.o)
                0x0001ead0                XExc_VectorTable
 .data          0x0001eb08        0x0 ../../NicolaRadio_bsp/ps7_cortexa9_0/lib\libxil.a(xil_io.o)
 .data          0x0001eb08        0x0 ../../NicolaRadio_bsp/ps7_cortexa9_0/lib\libxil.a(xil_printf.o)
 .data          0x0001eb08        0x0 ../../NicolaRadio_bsp/ps7_cortexa9_0/lib\libxil.a(xtime_l.o)
 .data          0x0001eb08       0x20 ../../NicolaRadio_bsp/ps7_cortexa9_0/lib\libxil.a(xllfifo_g.o)
                0x0001eb08                XLlFifo_ConfigTable
 .data          0x0001eb28        0x8 ../../NicolaRadio_bsp/ps7_cortexa9_0/lib\libxil.a(n3z_tonetest_g.o)
                0x0001eb28                n3z_tonetest_ConfigTable
 .data          0x0001eb30        0x8 ../../NicolaRadio_bsp/ps7_cortexa9_0/lib\libxil.a(xscutimer_g.o)
                0x0001eb30                XScuTimer_ConfigTable
 .data          0x0001eb38        0x8 ../../NicolaRadio_bsp/ps7_cortexa9_0/lib\libxil.a(xscuwdt_g.o)
                0x0001eb38                XScuWdt_ConfigTable
 .data          0x0001eb40       0x14 ../../NicolaRadio_bsp/ps7_cortexa9_0/lib\libxil.a(xsdps_g.o)
                0x0001eb40                XSdPs_ConfigTable
 .data          0x0001eb54        0x0 ../../NicolaRadio_bsp/ps7_cortexa9_0/lib\libxil.a(cpu_init.o)
 .data          0x0001eb54        0x0 ../../NicolaRadio_bsp/ps7_cortexa9_0/lib\libxil.a(outbyte.o)
 .data          0x0001eb54        0x0 ../../NicolaRadio_bsp/ps7_cortexa9_0/lib\libxil.a(xuartps_hw.o)
 .data          0x0001eb54        0x0 c:/xilinx/sdk/2016.2/gnu/aarch32/nt/gcc-arm-none-eabi/bin/../lib/gcc/arm-none-eabi/4.9.2/v7-a/fpv3/hard\libgcc.a(_udivsi3.o)
 .data          0x0001eb54        0x0 c:/xilinx/sdk/2016.2/gnu/aarch32/nt/gcc-arm-none-eabi/bin/../lib/gcc/arm-none-eabi/4.9.2/v7-a/fpv3/hard\libgcc.a(_dvmd_tls.o)
 .data          0x0001eb54        0x0 c:/xilinx/sdk/2016.2/gnu/aarch32/nt/gcc-arm-none-eabi/bin/../lib/gcc/arm-none-eabi/4.9.2/../../../../arm-none-eabi/lib/v7-a/fpv3/hard\libc.a(lib_a-atoi.o)
 .data          0x0001eb54        0x4 c:/xilinx/sdk/2016.2/gnu/aarch32/nt/gcc-arm-none-eabi/bin/../lib/gcc/arm-none-eabi/4.9.2/../../../../arm-none-eabi/lib/v7-a/fpv3/hard\libc.a(lib_a-ctype_.o)
                0x0001eb54                __ctype_ptr__
 .data          0x0001eb58        0x0 c:/xilinx/sdk/2016.2/gnu/aarch32/nt/gcc-arm-none-eabi/bin/../lib/gcc/arm-none-eabi/4.9.2/../../../../arm-none-eabi/lib/v7-a/fpv3/hard\libc.a(lib_a-exit.o)
 .data          0x0001eb58        0x0 c:/xilinx/sdk/2016.2/gnu/aarch32/nt/gcc-arm-none-eabi/bin/../lib/gcc/arm-none-eabi/4.9.2/../../../../arm-none-eabi/lib/v7-a/fpv3/hard\libc.a(lib_a-fini.o)
 .data          0x0001eb58      0x430 c:/xilinx/sdk/2016.2/gnu/aarch32/nt/gcc-arm-none-eabi/bin/../lib/gcc/arm-none-eabi/4.9.2/../../../../arm-none-eabi/lib/v7-a/fpv3/hard\libc.a(lib_a-impure.o)
                0x0001eb58                _impure_ptr
 .data          0x0001ef88        0x0 c:/xilinx/sdk/2016.2/gnu/aarch32/nt/gcc-arm-none-eabi/bin/../lib/gcc/arm-none-eabi/4.9.2/../../../../arm-none-eabi/lib/v7-a/fpv3/hard\libc.a(lib_a-init.o)
 .data          0x0001ef88        0x0 c:/xilinx/sdk/2016.2/gnu/aarch32/nt/gcc-arm-none-eabi/bin/../lib/gcc/arm-none-eabi/4.9.2/../../../../arm-none-eabi/lib/v7-a/fpv3/hard\libc.a(lib_a-malloc.o)
 .data          0x0001ef88      0x410 c:/xilinx/sdk/2016.2/gnu/aarch32/nt/gcc-arm-none-eabi/bin/../lib/gcc/arm-none-eabi/4.9.2/../../../../arm-none-eabi/lib/v7-a/fpv3/hard\libc.a(lib_a-mallocr.o)
                0x0001ef88                __malloc_av_
                0x0001f390                __malloc_sbrk_base
                0x0001f394                __malloc_trim_threshold
 .data          0x0001f398        0x0 c:/xilinx/sdk/2016.2/gnu/aarch32/nt/gcc-arm-none-eabi/bin/../lib/gcc/arm-none-eabi/4.9.2/../../../../arm-none-eabi/lib/v7-a/fpv3/hard\libc.a(lib_a-memcmp.o)
 .data          0x0001f398        0x0 c:/xilinx/sdk/2016.2/gnu/aarch32/nt/gcc-arm-none-eabi/bin/../lib/gcc/arm-none-eabi/4.9.2/../../../../arm-none-eabi/lib/v7-a/fpv3/hard\libc.a(lib_a-memcpy.o)
 .data          0x0001f398        0x0 c:/xilinx/sdk/2016.2/gnu/aarch32/nt/gcc-arm-none-eabi/bin/../lib/gcc/arm-none-eabi/4.9.2/../../../../arm-none-eabi/lib/v7-a/fpv3/hard\libc.a(lib_a-memset.o)
 .data          0x0001f398        0x0 c:/xilinx/sdk/2016.2/gnu/aarch32/nt/gcc-arm-none-eabi/bin/../lib/gcc/arm-none-eabi/4.9.2/../../../../arm-none-eabi/lib/v7-a/fpv3/hard\libc.a(lib_a-mlock.o)
 .data          0x0001f398        0x0 c:/xilinx/sdk/2016.2/gnu/aarch32/nt/gcc-arm-none-eabi/bin/../lib/gcc/arm-none-eabi/4.9.2/../../../../arm-none-eabi/lib/v7-a/fpv3/hard\libc.a(lib_a-sbrkr.o)
 .data          0x0001f398        0x0 c:/xilinx/sdk/2016.2/gnu/aarch32/nt/gcc-arm-none-eabi/bin/../lib/gcc/arm-none-eabi/4.9.2/../../../../arm-none-eabi/lib/v7-a/fpv3/hard\libc.a(lib_a-strcpy.o)
 .data          0x0001f398        0x0 c:/xilinx/sdk/2016.2/gnu/aarch32/nt/gcc-arm-none-eabi/bin/../lib/gcc/arm-none-eabi/4.9.2/../../../../arm-none-eabi/lib/v7-a/fpv3/hard\libc.a(lib_a-strlen-armv7.o)
 .data          0x0001f398        0x0 c:/xilinx/sdk/2016.2/gnu/aarch32/nt/gcc-arm-none-eabi/bin/../lib/gcc/arm-none-eabi/4.9.2/../../../../arm-none-eabi/lib/v7-a/fpv3/hard\libc.a(lib_a-strncmp.o)
 .data          0x0001f398        0x0 c:/xilinx/sdk/2016.2/gnu/aarch32/nt/gcc-arm-none-eabi/bin/../lib/gcc/arm-none-eabi/4.9.2/../../../../arm-none-eabi/lib/v7-a/fpv3/hard\libc.a(lib_a-strncpy.o)
 .data          0x0001f398        0x0 c:/xilinx/sdk/2016.2/gnu/aarch32/nt/gcc-arm-none-eabi/bin/../lib/gcc/arm-none-eabi/4.9.2/../../../../arm-none-eabi/lib/v7-a/fpv3/hard\libc.a(lib_a-strtol.o)
 .data          0x0001f398        0x0 c:/xilinx/sdk/2016.2/gnu/aarch32/nt/gcc-arm-none-eabi/bin/../lib/gcc/arm-none-eabi/4.9.2/../../../../arm-none-eabi/lib/v7-a/fpv3/hard\libc.a(lib_a-__call_atexit.o)
 .data          0x0001f398        0x0 c:/xilinx/sdk/2016.2/gnu/aarch32/nt/gcc-arm-none-eabi/bin/../lib/gcc/arm-none-eabi/4.9.2/../../../../arm-none-eabi/lib/v7-a/fpv3/hard\libc.a(lib_a-atexit.o)
 .data          0x0001f398        0x0 c:/xilinx/sdk/2016.2/gnu/aarch32/nt/gcc-arm-none-eabi/bin/../lib/gcc/arm-none-eabi/4.9.2/../../../../arm-none-eabi/lib/v7-a/fpv3/hard\libc.a(lib_a-freer.o)
 .data          0x0001f398        0x0 c:/xilinx/sdk/2016.2/gnu/aarch32/nt/gcc-arm-none-eabi/bin/../lib/gcc/arm-none-eabi/4.9.2/../../../../arm-none-eabi/lib/v7-a/fpv3/hard\libc.a(lib_a-reent.o)
 .data          0x0001f398        0x0 c:/xilinx/sdk/2016.2/gnu/aarch32/nt/gcc-arm-none-eabi/bin/../lib/gcc/arm-none-eabi/4.9.2/../../../../arm-none-eabi/lib/v7-a/fpv3/hard\libc.a(lib_a-__atexit.o)
 .data          0x0001f398        0x0 ../../NicolaRadio_bsp/ps7_cortexa9_0/lib\libxil.a(_exit.o)
 .data          0x0001f398        0x0 ../../NicolaRadio_bsp/ps7_cortexa9_0/lib\libxil.a(_sbrk.o)
 .data          0x0001f398        0x0 c:/xilinx/sdk/2016.2/gnu/aarch32/nt/gcc-arm-none-eabi/bin/../lib/gcc/arm-none-eabi/4.9.2/v7-a/fpv3/hard/crtend.o
 .data          0x0001f398        0x0 c:/xilinx/sdk/2016.2/gnu/aarch32/nt/gcc-arm-none-eabi/bin/../lib/gcc/arm-none-eabi/4.9.2/v7-a/fpv3/hard/crtn.o
 *(.data.*)
 *(.gnu.linkonce.d.*)
 *(.jcr)
 .jcr           0x0001f398        0x0 c:/xilinx/sdk/2016.2/gnu/aarch32/nt/gcc-arm-none-eabi/bin/../lib/gcc/arm-none-eabi/4.9.2/v7-a/fpv3/hard/crtbegin.o
 .jcr           0x0001f398        0x4 c:/xilinx/sdk/2016.2/gnu/aarch32/nt/gcc-arm-none-eabi/bin/../lib/gcc/arm-none-eabi/4.9.2/v7-a/fpv3/hard/crtend.o
 *(.got)
 *(.got.plt)
                0x0001f39c                __data_end = .
                0x0001f39c                _dataVMA_end = .
                0x0001b258                _dataLMA = LOADADDR (.data)

.tm_clone_table
                0x0001f39c        0x0
 .tm_clone_table
                0x0001f39c        0x0 c:/xilinx/sdk/2016.2/gnu/aarch32/nt/gcc-arm-none-eabi/bin/../lib/gcc/arm-none-eabi/4.9.2/v7-a/fpv3/hard/crtbegin.o
 .tm_clone_table
                0x0001f39c        0x0 c:/xilinx/sdk/2016.2/gnu/aarch32/nt/gcc-arm-none-eabi/bin/../lib/gcc/arm-none-eabi/4.9.2/v7-a/fpv3/hard/crtend.o

.igot.plt       0x0001f39c        0x0
 .igot.plt      0x00000000        0x0 c:/xilinx/sdk/2016.2/gnu/aarch32/nt/gcc-arm-none-eabi/bin/../lib/gcc/arm-none-eabi/4.9.2/v7-a/fpv3/hard/crtbegin.o

.got2           0x0001f39c        0x0
 .got2          0x0001f39c        0x0 ../../NicolaRadio_bsp/ps7_cortexa9_0/lib\libxil.a(xil-crt0.o)

.data1          0x0001f39c        0x0
                0x0001f39c                __data1_start = .
 *(.data1)
 *(.data1.*)
                0x0001f39c                __data1_end = .

.got
 *(.got)

.ctors          0x0001f39c        0x0
                0x0001f39c                __CTOR_LIST__ = .
                0x0001f39c                ___CTORS_LIST___ = .
 *crtbegin.o(.ctors)
 *(EXCLUDE_FILE(*crtend.o) .ctors)
 *(SORT(.ctors.*))
 *(.ctors)
                0x0001f39c                __CTOR_END__ = .
                0x0001f39c                ___CTORS_END___ = .

.dtors          0x0001f39c        0x0
                0x0001f39c                __DTOR_LIST__ = .
                0x0001f39c                ___DTORS_LIST___ = .
 *crtbegin.o(.dtors)
 *(EXCLUDE_FILE(*crtend.o) .dtors)
 *(SORT(.dtors.*))
 *(.dtors)
                0x0001f39c                __DTOR_END__ = .
                0x0001f39c                ___DTORS_END___ = .

.fixup          0x0001f39c        0x0
                0x0001f39c                __fixup_start = .
 *(.fixup)
                0x0001f39c                __fixup_end = .

.eh_frame       0x0001f39c        0x4
 *(.eh_frame)
 .eh_frame      0x0001f39c        0x0 c:/xilinx/sdk/2016.2/gnu/aarch32/nt/gcc-arm-none-eabi/bin/../lib/gcc/arm-none-eabi/4.9.2/v7-a/fpv3/hard/crtbegin.o
 .eh_frame      0x0001f39c        0x4 c:/xilinx/sdk/2016.2/gnu/aarch32/nt/gcc-arm-none-eabi/bin/../lib/gcc/arm-none-eabi/4.9.2/v7-a/fpv3/hard/crtend.o

.eh_framehdr    0x0001f3a0        0x0
                0x0001f3a0                __eh_framehdr_start = .
 *(.eh_framehdr)
                0x0001f3a0                __eh_framehdr_end = .

.gcc_except_table
 *(.gcc_except_table)

.mmu_tbl        0x00020000     0x4000
                0x00020000                __mmu_tbl_start = .
 *(.mmu_tbl)
 .mmu_tbl       0x00020000     0x4000 ../../NicolaRadio_bsp/ps7_cortexa9_0/lib\libxil.a(translation_table.o)
                0x00020000                MMUTable
                0x00024000                __mmu_tbl_end = .

.rel.dyn        0x00024000        0x0
 .rel.iplt      0x00000000        0x0 c:/xilinx/sdk/2016.2/gnu/aarch32/nt/gcc-arm-none-eabi/bin/../lib/gcc/arm-none-eabi/4.9.2/v7-a/fpv3/hard/crtbegin.o

.ARM.exidx      0x00024000        0x0
                0x00024000                __exidx_start = .
 *(.ARM.exidx*)
 *(.gnu.linkonce.armexidix.*.*)
                0x00024000                __exidx_end = .

.preinit_array  0x00024000        0x0
                0x00024000                __preinit_array_start = .
 *(SORT(.preinit_array.*))
 *(.preinit_array)
                0x00024000                __preinit_array_end = .

.init_array     0x00024000        0x8
                0x00024000                __init_array_start = .
 *(SORT(.init_array.*))
 .init_array.00000
                0x00024000        0x4 c:/xilinx/sdk/2016.2/gnu/aarch32/nt/gcc-arm-none-eabi/bin/../lib/gcc/arm-none-eabi/4.9.2/../../../../arm-none-eabi/lib/v7-a/fpv3/hard\libc.a(lib_a-__call_atexit.o)
 *(.init_array)
 .init_array    0x00024004        0x4 c:/xilinx/sdk/2016.2/gnu/aarch32/nt/gcc-arm-none-eabi/bin/../lib/gcc/arm-none-eabi/4.9.2/v7-a/fpv3/hard/crtbegin.o
                0x00024008                __init_array_end = .

.fini_array     0x00024008        0x4
                0x00024008                __fini_array_start = .
 *(SORT(.fini_array.*))
 *(.fini_array)
 .fini_array    0x00024008        0x4 c:/xilinx/sdk/2016.2/gnu/aarch32/nt/gcc-arm-none-eabi/bin/../lib/gcc/arm-none-eabi/4.9.2/v7-a/fpv3/hard/crtbegin.o
                0x0002400c                __fini_array_end = .

.ARM.attributes
                0x0002400c       0x35
                0x0002400c                __ARM.attributes_start = .
 *(.ARM.attributes)
 .ARM.attributes
                0x0002400c       0x21 c:/xilinx/sdk/2016.2/gnu/aarch32/nt/gcc-arm-none-eabi/bin/../lib/gcc/arm-none-eabi/4.9.2/v7-a/fpv3/hard/crti.o
 .ARM.attributes
                0x0002402d       0x35 c:/xilinx/sdk/2016.2/gnu/aarch32/nt/gcc-arm-none-eabi/bin/../lib/gcc/arm-none-eabi/4.9.2/v7-a/fpv3/hard/crtbegin.o
 .ARM.attributes
                0x00024062       0x3f ./src/portable/port.o
 .ARM.attributes
                0x000240a1       0x29 ./src/portable/portASM.o
 .ARM.attributes
                0x000240ca       0x29 ./src/FreeRTOS_asm_vectors.o
 .ARM.attributes
                0x000240f3       0x3f ./src/FreeRTOS_tick_config.o
 .ARM.attributes
                0x00024132       0x3f ./src/event_groups.o
 .ARM.attributes
                0x00024171       0x3f ./src/heap_4.o
 .ARM.attributes
                0x000241b0       0x3f ./src/list.o
 .ARM.attributes
                0x000241ef       0x3f ./src/main.o
 .ARM.attributes
                0x0002422e       0x3f ./src/platform.o
 .ARM.attributes
                0x0002426d       0x3f ./src/printf-stdarg.o
 .ARM.attributes
                0x000242ac       0x3f ./src/ps7_init_Nicola.o
 .ARM.attributes
                0x000242eb       0x3f ./src/queue.o
 .ARM.attributes
                0x0002432a       0x3f ./src/tasks.o
 .ARM.attributes
                0x00024369       0x3f ./src/timers.o
 .ARM.attributes
                0x000243a8       0x3f ./NicolaCode/Bluetooth.o
 .ARM.attributes
                0x000243e7       0x3f ./NicolaCode/ConsoleManager.o
 .ARM.attributes
                0x00024426       0x3f ./NicolaCode/Flash-SDCard.o
 .ARM.attributes
                0x00024465       0x3f ./NicolaCode/LCD_Display.o
 .ARM.attributes
                0x000244a4       0x3f ./NicolaCode/PSPLComms.o
 .ARM.attributes
                0x000244e3       0x3f ./NicolaCode/RadioInterface.o
 .ARM.attributes
                0x00024522       0x3f ./NicolaCode/RemoteProtocolHandler.o
 .ARM.attributes
                0x00024561       0x3f ./NicolaCode/xsdps.o
 .ARM.attributes
                0x000245a0       0x3f ../../NicolaRadio_bsp/ps7_cortexa9_0/lib\libxil.a(xllfifo.o)
 .ARM.attributes
                0x000245df       0x3f ../../NicolaRadio_bsp/ps7_cortexa9_0/lib\libxil.a(xllfifo_sinit.o)
 .ARM.attributes
                0x0002461e       0x3f ../../NicolaRadio_bsp/ps7_cortexa9_0/lib\libxil.a(xstreamer.o)
 .ARM.attributes
                0x0002465d       0x3f ../../NicolaRadio_bsp/ps7_cortexa9_0/lib\libxil.a(n3z_tonetest.o)
 .ARM.attributes
                0x0002469c       0x3f ../../NicolaRadio_bsp/ps7_cortexa9_0/lib\libxil.a(n3z_tonetest_sinit.o)
 .ARM.attributes
                0x000246db       0x3f ../../NicolaRadio_bsp/ps7_cortexa9_0/lib\libxil.a(xscugic.o)
 .ARM.attributes
                0x0002471a       0x3f ../../NicolaRadio_bsp/ps7_cortexa9_0/lib\libxil.a(xscugic_g.o)
 .ARM.attributes
                0x00024759       0x3f ../../NicolaRadio_bsp/ps7_cortexa9_0/lib\libxil.a(xscugic_sinit.o)
 .ARM.attributes
                0x00024798       0x3f ../../NicolaRadio_bsp/ps7_cortexa9_0/lib\libxil.a(xscutimer.o)
 .ARM.attributes
                0x000247d7       0x3f ../../NicolaRadio_bsp/ps7_cortexa9_0/lib\libxil.a(xscutimer_sinit.o)
 .ARM.attributes
                0x00024816       0x3f ../../NicolaRadio_bsp/ps7_cortexa9_0/lib\libxil.a(xscuwdt.o)
 .ARM.attributes
                0x00024855       0x3f ../../NicolaRadio_bsp/ps7_cortexa9_0/lib\libxil.a(xscuwdt_sinit.o)
 .ARM.attributes
                0x00024894       0x3f ../../NicolaRadio_bsp/ps7_cortexa9_0/lib\libxil.a(xsdps_options.o)
 .ARM.attributes
                0x000248d3       0x3f ../../NicolaRadio_bsp/ps7_cortexa9_0/lib\libxil.a(xsdps_sinit.o)
 .ARM.attributes
                0x00024912       0x29 ../../NicolaRadio_bsp/ps7_cortexa9_0/lib\libxil.a(asm_vectors.o)
 .ARM.attributes
                0x0002493b       0x29 ../../NicolaRadio_bsp/ps7_cortexa9_0/lib\libxil.a(boot.o)
 .ARM.attributes
                0x00024964       0x3f ../../NicolaRadio_bsp/ps7_cortexa9_0/lib\libxil.a(sleep.o)
 .ARM.attributes
                0x000249a3       0x29 ../../NicolaRadio_bsp/ps7_cortexa9_0/lib\libxil.a(translation_table.o)
 .ARM.attributes
                0x000249cc       0x3f ../../NicolaRadio_bsp/ps7_cortexa9_0/lib\libxil.a(usleep.o)
 .ARM.attributes
                0x00024a0b       0x3f ../../NicolaRadio_bsp/ps7_cortexa9_0/lib\libxil.a(vectors.o)
 .ARM.attributes
                0x00024a4a       0x29 ../../NicolaRadio_bsp/ps7_cortexa9_0/lib\libxil.a(xil-crt0.o)
 .ARM.attributes
                0x00024a73       0x3f ../../NicolaRadio_bsp/ps7_cortexa9_0/lib\libxil.a(xil_assert.o)
 .ARM.attributes
                0x00024ab2       0x3f ../../NicolaRadio_bsp/ps7_cortexa9_0/lib\libxil.a(xil_cache.o)
 .ARM.attributes
                0x00024af1       0x3f ../../NicolaRadio_bsp/ps7_cortexa9_0/lib\libxil.a(xil_exception.o)
 .ARM.attributes
                0x00024b30       0x3f ../../NicolaRadio_bsp/ps7_cortexa9_0/lib\libxil.a(xil_io.o)
 .ARM.attributes
                0x00024b6f       0x3f ../../NicolaRadio_bsp/ps7_cortexa9_0/lib\libxil.a(xil_printf.o)
 .ARM.attributes
                0x00024bae       0x3f ../../NicolaRadio_bsp/ps7_cortexa9_0/lib\libxil.a(xtime_l.o)
 .ARM.attributes
                0x00024bed       0x3f ../../NicolaRadio_bsp/ps7_cortexa9_0/lib\libxil.a(xllfifo_g.o)
 .ARM.attributes
                0x00024c2c       0x3f ../../NicolaRadio_bsp/ps7_cortexa9_0/lib\libxil.a(n3z_tonetest_g.o)
 .ARM.attributes
                0x00024c6b       0x3f ../../NicolaRadio_bsp/ps7_cortexa9_0/lib\libxil.a(xscutimer_g.o)
 .ARM.attributes
                0x00024caa       0x3f ../../NicolaRadio_bsp/ps7_cortexa9_0/lib\libxil.a(xscuwdt_g.o)
 .ARM.attributes
                0x00024ce9       0x3f ../../NicolaRadio_bsp/ps7_cortexa9_0/lib\libxil.a(xsdps_g.o)
 .ARM.attributes
                0x00024d28       0x29 ../../NicolaRadio_bsp/ps7_cortexa9_0/lib\libxil.a(cpu_init.o)
 .ARM.attributes
                0x00024d51       0x3f ../../NicolaRadio_bsp/ps7_cortexa9_0/lib\libxil.a(outbyte.o)
 .ARM.attributes
                0x00024d90       0x3f ../../NicolaRadio_bsp/ps7_cortexa9_0/lib\libxil.a(xuartps_hw.o)
 .ARM.attributes
                0x00024dcf       0x21 c:/xilinx/sdk/2016.2/gnu/aarch32/nt/gcc-arm-none-eabi/bin/../lib/gcc/arm-none-eabi/4.9.2/v7-a/fpv3/hard\libgcc.a(_udivsi3.o)
 .ARM.attributes
                0x00024df0       0x21 c:/xilinx/sdk/2016.2/gnu/aarch32/nt/gcc-arm-none-eabi/bin/../lib/gcc/arm-none-eabi/4.9.2/v7-a/fpv3/hard\libgcc.a(_dvmd_tls.o)
 .ARM.attributes
                0x00024e11       0x35 c:/xilinx/sdk/2016.2/gnu/aarch32/nt/gcc-arm-none-eabi/bin/../lib/gcc/arm-none-eabi/4.9.2/../../../../arm-none-eabi/lib/v7-a/fpv3/hard\libc.a(lib_a-atoi.o)
 .ARM.attributes
                0x00024e46       0x35 c:/xilinx/sdk/2016.2/gnu/aarch32/nt/gcc-arm-none-eabi/bin/../lib/gcc/arm-none-eabi/4.9.2/../../../../arm-none-eabi/lib/v7-a/fpv3/hard\libc.a(lib_a-ctype_.o)
 .ARM.attributes
                0x00024e7b       0x35 c:/xilinx/sdk/2016.2/gnu/aarch32/nt/gcc-arm-none-eabi/bin/../lib/gcc/arm-none-eabi/4.9.2/../../../../arm-none-eabi/lib/v7-a/fpv3/hard\libc.a(lib_a-exit.o)
 .ARM.attributes
                0x00024eb0       0x35 c:/xilinx/sdk/2016.2/gnu/aarch32/nt/gcc-arm-none-eabi/bin/../lib/gcc/arm-none-eabi/4.9.2/../../../../arm-none-eabi/lib/v7-a/fpv3/hard\libc.a(lib_a-fini.o)
 .ARM.attributes
                0x00024ee5       0x35 c:/xilinx/sdk/2016.2/gnu/aarch32/nt/gcc-arm-none-eabi/bin/../lib/gcc/arm-none-eabi/4.9.2/../../../../arm-none-eabi/lib/v7-a/fpv3/hard\libc.a(lib_a-impure.o)
 .ARM.attributes
                0x00024f1a       0x35 c:/xilinx/sdk/2016.2/gnu/aarch32/nt/gcc-arm-none-eabi/bin/../lib/gcc/arm-none-eabi/4.9.2/../../../../arm-none-eabi/lib/v7-a/fpv3/hard\libc.a(lib_a-init.o)
 .ARM.attributes
                0x00024f4f       0x35 c:/xilinx/sdk/2016.2/gnu/aarch32/nt/gcc-arm-none-eabi/bin/../lib/gcc/arm-none-eabi/4.9.2/../../../../arm-none-eabi/lib/v7-a/fpv3/hard\libc.a(lib_a-malloc.o)
 .ARM.attributes
                0x00024f84       0x35 c:/xilinx/sdk/2016.2/gnu/aarch32/nt/gcc-arm-none-eabi/bin/../lib/gcc/arm-none-eabi/4.9.2/../../../../arm-none-eabi/lib/v7-a/fpv3/hard\libc.a(lib_a-mallocr.o)
 .ARM.attributes
                0x00024fb9       0x35 c:/xilinx/sdk/2016.2/gnu/aarch32/nt/gcc-arm-none-eabi/bin/../lib/gcc/arm-none-eabi/4.9.2/../../../../arm-none-eabi/lib/v7-a/fpv3/hard\libc.a(lib_a-memcmp.o)
 .ARM.attributes
                0x00024fee       0x1b c:/xilinx/sdk/2016.2/gnu/aarch32/nt/gcc-arm-none-eabi/bin/../lib/gcc/arm-none-eabi/4.9.2/../../../../arm-none-eabi/lib/v7-a/fpv3/hard\libc.a(lib_a-memcpy.o)
 .ARM.attributes
                0x00025009       0x35 c:/xilinx/sdk/2016.2/gnu/aarch32/nt/gcc-arm-none-eabi/bin/../lib/gcc/arm-none-eabi/4.9.2/../../../../arm-none-eabi/lib/v7-a/fpv3/hard\libc.a(lib_a-memset.o)
 .ARM.attributes
                0x0002503e       0x35 c:/xilinx/sdk/2016.2/gnu/aarch32/nt/gcc-arm-none-eabi/bin/../lib/gcc/arm-none-eabi/4.9.2/../../../../arm-none-eabi/lib/v7-a/fpv3/hard\libc.a(lib_a-mlock.o)
 .ARM.attributes
                0x00025073       0x35 c:/xilinx/sdk/2016.2/gnu/aarch32/nt/gcc-arm-none-eabi/bin/../lib/gcc/arm-none-eabi/4.9.2/../../../../arm-none-eabi/lib/v7-a/fpv3/hard\libc.a(lib_a-sbrkr.o)
 .ARM.attributes
                0x000250a8       0x35 c:/xilinx/sdk/2016.2/gnu/aarch32/nt/gcc-arm-none-eabi/bin/../lib/gcc/arm-none-eabi/4.9.2/../../../../arm-none-eabi/lib/v7-a/fpv3/hard\libc.a(lib_a-strcpy.o)
 .ARM.attributes
                0x000250dd       0x1f c:/xilinx/sdk/2016.2/gnu/aarch32/nt/gcc-arm-none-eabi/bin/../lib/gcc/arm-none-eabi/4.9.2/../../../../arm-none-eabi/lib/v7-a/fpv3/hard\libc.a(lib_a-strlen-armv7.o)
 .ARM.attributes
                0x000250fc       0x35 c:/xilinx/sdk/2016.2/gnu/aarch32/nt/gcc-arm-none-eabi/bin/../lib/gcc/arm-none-eabi/4.9.2/../../../../arm-none-eabi/lib/v7-a/fpv3/hard\libc.a(lib_a-strncmp.o)
 .ARM.attributes
                0x00025131       0x35 c:/xilinx/sdk/2016.2/gnu/aarch32/nt/gcc-arm-none-eabi/bin/../lib/gcc/arm-none-eabi/4.9.2/../../../../arm-none-eabi/lib/v7-a/fpv3/hard\libc.a(lib_a-strncpy.o)
 .ARM.attributes
                0x00025166       0x35 c:/xilinx/sdk/2016.2/gnu/aarch32/nt/gcc-arm-none-eabi/bin/../lib/gcc/arm-none-eabi/4.9.2/../../../../arm-none-eabi/lib/v7-a/fpv3/hard\libc.a(lib_a-strtol.o)
 .ARM.attributes
                0x0002519b       0x35 c:/xilinx/sdk/2016.2/gnu/aarch32/nt/gcc-arm-none-eabi/bin/../lib/gcc/arm-none-eabi/4.9.2/../../../../arm-none-eabi/lib/v7-a/fpv3/hard\libc.a(lib_a-__call_atexit.o)
 .ARM.attributes
                0x000251d0       0x35 c:/xilinx/sdk/2016.2/gnu/aarch32/nt/gcc-arm-none-eabi/bin/../lib/gcc/arm-none-eabi/4.9.2/../../../../arm-none-eabi/lib/v7-a/fpv3/hard\libc.a(lib_a-atexit.o)
 .ARM.attributes
                0x00025205       0x35 c:/xilinx/sdk/2016.2/gnu/aarch32/nt/gcc-arm-none-eabi/bin/../lib/gcc/arm-none-eabi/4.9.2/../../../../arm-none-eabi/lib/v7-a/fpv3/hard\libc.a(lib_a-freer.o)
 .ARM.attributes
                0x0002523a       0x35 c:/xilinx/sdk/2016.2/gnu/aarch32/nt/gcc-arm-none-eabi/bin/../lib/gcc/arm-none-eabi/4.9.2/../../../../arm-none-eabi/lib/v7-a/fpv3/hard\libc.a(lib_a-reent.o)
 .ARM.attributes
                0x0002526f       0x35 c:/xilinx/sdk/2016.2/gnu/aarch32/nt/gcc-arm-none-eabi/bin/../lib/gcc/arm-none-eabi/4.9.2/../../../../arm-none-eabi/lib/v7-a/fpv3/hard\libc.a(lib_a-__atexit.o)
 .ARM.attributes
                0x000252a4       0x3f ../../NicolaRadio_bsp/ps7_cortexa9_0/lib\libxil.a(_exit.o)
 .ARM.attributes
                0x000252e3       0x3f ../../NicolaRadio_bsp/ps7_cortexa9_0/lib\libxil.a(_sbrk.o)
 .ARM.attributes
                0x00025322       0x35 c:/xilinx/sdk/2016.2/gnu/aarch32/nt/gcc-arm-none-eabi/bin/../lib/gcc/arm-none-eabi/4.9.2/v7-a/fpv3/hard/crtend.o
 .ARM.attributes
                0x00025357       0x21 c:/xilinx/sdk/2016.2/gnu/aarch32/nt/gcc-arm-none-eabi/bin/../lib/gcc/arm-none-eabi/4.9.2/v7-a/fpv3/hard/crtn.o
                0x00025378                __ARM.attributes_end = .

.sdata          0x0002400c        0x0
                0x0002400c                __sdata_start = .
 *(.sdata)
 *(.sdata.*)
 *(.gnu.linkonce.s.*)
                0x0002400c                __sdata_end = .

.sbss           0x0002400c        0x0
                0x0002400c                __sbss_start = .
 *(.sbss)
 *(.sbss.*)
 *(.gnu.linkonce.sb.*)
                0x0002400c                __sbss_end = .

.tdata          0x0002400c        0x0
                0x0002400c                __tdata_start = .
 *(.tdata)
 *(.tdata.*)
 *(.gnu.linkonce.td.*)
                0x0002400c                __tdata_end = .

.tbss           0x0002400c        0x0
                0x0002400c                __tbss_start = .
 *(.tbss)
 *(.tbss.*)
 *(.gnu.linkonce.tb.*)
                0x0002400c                __tbss_end = .

.bss            0x00024020     0x947c
                0x00024020                __bss_start = .
 *(.bss)
 .bss           0x00024020        0x0 c:/xilinx/sdk/2016.2/gnu/aarch32/nt/gcc-arm-none-eabi/bin/../lib/gcc/arm-none-eabi/4.9.2/v7-a/fpv3/hard/crti.o
 .bss           0x00024020       0x1c c:/xilinx/sdk/2016.2/gnu/aarch32/nt/gcc-arm-none-eabi/bin/../lib/gcc/arm-none-eabi/4.9.2/v7-a/fpv3/hard/crtbegin.o
 .bss           0x0002403c        0xc ./src/portable/port.o
                0x0002403c                ulPortTaskHasFPUContext
                0x00024040                ulPortYieldRequired
                0x00024044                ulPortInterruptNesting
 .bss           0x00024048        0x0 ./src/portable/portASM.o
 .bss           0x00024048        0x0 ./src/FreeRTOS_asm_vectors.o
 .bss           0x00024048       0x10 ./src/FreeRTOS_tick_config.o
 .bss           0x00024058        0x0 ./src/event_groups.o
 .bss           0x00024058     0x7818 ./src/heap_4.o
 .bss           0x0002b870        0x0 ./src/list.o
 .bss           0x0002b870      0xcb0 ./src/main.o
 .bss           0x0002c520        0x0 ./src/platform.o
 .bss           0x0002c520        0x0 ./src/printf-stdarg.o
 .bss           0x0002c520        0xc ./src/ps7_init_Nicola.o
                0x0002c520                ps7_ddr_init_data_1_0
                0x0002c524                ps7_ddr_init_data_2_0
                0x0002c528                ps7_ddr_init_data_3_0
 .bss           0x0002c52c        0x0 ./src/queue.o
 .bss           0x0002c52c      0x12c ./src/tasks.o
                0x0002c52c                pxCurrentTCB
 .bss           0x0002c658       0xe0 ./src/timers.o
 .bss           0x0002c738       0x7c ./NicolaCode/Bluetooth.o
                0x0002c7b0                RfcommIsOpen
 .bss           0x0002c7b4        0x0 ./NicolaCode/ConsoleManager.o
 *fill*         0x0002c7b4        0xc 
 .bss           0x0002c7c0      0x160 ./NicolaCode/Flash-SDCard.o
 .bss           0x0002c920      0x714 ./NicolaCode/LCD_Display.o
                0x0002c920                DisplayAerialEarthing
                0x0002c924                firstMenuItem
                0x0002c938                CDCardRunning
                0x0002ce14                flashOffset
 .bss           0x0002d034        0x8 ./NicolaCode/PSPLComms.o
 .bss           0x0002d03c        0x4 ./NicolaCode/RadioInterface.o
                0x0002d03c                InstancePtr
 .bss           0x0002d040        0x8 ./NicolaCode/RemoteProtocolHandler.o
 *fill*         0x0002d048       0x18 
 .bss           0x0002d060      0x200 ./NicolaCode/xsdps.o
 .bss           0x0002d260        0x0 ../../NicolaRadio_bsp/ps7_cortexa9_0/lib\libxil.a(xllfifo.o)
 .bss           0x0002d260        0x0 ../../NicolaRadio_bsp/ps7_cortexa9_0/lib\libxil.a(xllfifo_sinit.o)
 .bss           0x0002d260        0x0 ../../NicolaRadio_bsp/ps7_cortexa9_0/lib\libxil.a(xstreamer.o)
 .bss           0x0002d260        0x0 ../../NicolaRadio_bsp/ps7_cortexa9_0/lib\libxil.a(n3z_tonetest.o)
 .bss           0x0002d260        0x0 ../../NicolaRadio_bsp/ps7_cortexa9_0/lib\libxil.a(n3z_tonetest_sinit.o)
 .bss           0x0002d260        0x0 ../../NicolaRadio_bsp/ps7_cortexa9_0/lib\libxil.a(xscugic.o)
 .bss           0x0002d260        0x0 ../../NicolaRadio_bsp/ps7_cortexa9_0/lib\libxil.a(xscugic_g.o)
 .bss           0x0002d260        0x0 ../../NicolaRadio_bsp/ps7_cortexa9_0/lib\libxil.a(xscugic_sinit.o)
 .bss           0x0002d260        0x0 ../../NicolaRadio_bsp/ps7_cortexa9_0/lib\libxil.a(xscutimer.o)
 .bss           0x0002d260        0x0 ../../NicolaRadio_bsp/ps7_cortexa9_0/lib\libxil.a(xscutimer_sinit.o)
 .bss           0x0002d260        0x0 ../../NicolaRadio_bsp/ps7_cortexa9_0/lib\libxil.a(xscuwdt.o)
 .bss           0x0002d260        0x0 ../../NicolaRadio_bsp/ps7_cortexa9_0/lib\libxil.a(xscuwdt_sinit.o)
 .bss           0x0002d260        0x0 ../../NicolaRadio_bsp/ps7_cortexa9_0/lib\libxil.a(xsdps_options.o)
 .bss           0x0002d260        0x0 ../../NicolaRadio_bsp/ps7_cortexa9_0/lib\libxil.a(xsdps_sinit.o)
 .bss           0x0002d260        0x0 ../../NicolaRadio_bsp/ps7_cortexa9_0/lib\libxil.a(asm_vectors.o)
 .bss           0x0002d260        0x0 ../../NicolaRadio_bsp/ps7_cortexa9_0/lib\libxil.a(boot.o)
 .bss           0x0002d260        0x0 ../../NicolaRadio_bsp/ps7_cortexa9_0/lib\libxil.a(sleep.o)
 .bss           0x0002d260        0x0 ../../NicolaRadio_bsp/ps7_cortexa9_0/lib\libxil.a(translation_table.o)
 .bss           0x0002d260        0x0 ../../NicolaRadio_bsp/ps7_cortexa9_0/lib\libxil.a(usleep.o)
 .bss           0x0002d260        0x0 ../../NicolaRadio_bsp/ps7_cortexa9_0/lib\libxil.a(vectors.o)
 .bss           0x0002d260        0x0 ../../NicolaRadio_bsp/ps7_cortexa9_0/lib\libxil.a(xil-crt0.o)
 .bss           0x0002d260        0x4 ../../NicolaRadio_bsp/ps7_cortexa9_0/lib\libxil.a(xil_assert.o)
 .bss           0x0002d264        0x0 ../../NicolaRadio_bsp/ps7_cortexa9_0/lib\libxil.a(xil_cache.o)
 .bss           0x0002d264        0x0 ../../NicolaRadio_bsp/ps7_cortexa9_0/lib\libxil.a(xil_exception.o)
 .bss           0x0002d264        0x0 ../../NicolaRadio_bsp/ps7_cortexa9_0/lib\libxil.a(xil_io.o)
 .bss           0x0002d264        0x0 ../../NicolaRadio_bsp/ps7_cortexa9_0/lib\libxil.a(xil_printf.o)
 .bss           0x0002d264        0x0 ../../NicolaRadio_bsp/ps7_cortexa9_0/lib\libxil.a(xtime_l.o)
 .bss           0x0002d264        0x0 ../../NicolaRadio_bsp/ps7_cortexa9_0/lib\libxil.a(xllfifo_g.o)
 .bss           0x0002d264        0x0 ../../NicolaRadio_bsp/ps7_cortexa9_0/lib\libxil.a(n3z_tonetest_g.o)
 .bss           0x0002d264        0x0 ../../NicolaRadio_bsp/ps7_cortexa9_0/lib\libxil.a(xscutimer_g.o)
 .bss           0x0002d264        0x0 ../../NicolaRadio_bsp/ps7_cortexa9_0/lib\libxil.a(xscuwdt_g.o)
 .bss           0x0002d264        0x0 ../../NicolaRadio_bsp/ps7_cortexa9_0/lib\libxil.a(xsdps_g.o)
 .bss           0x0002d264        0x0 ../../NicolaRadio_bsp/ps7_cortexa9_0/lib\libxil.a(cpu_init.o)
 .bss           0x0002d264        0x0 ../../NicolaRadio_bsp/ps7_cortexa9_0/lib\libxil.a(outbyte.o)
 .bss           0x0002d264        0x0 ../../NicolaRadio_bsp/ps7_cortexa9_0/lib\libxil.a(xuartps_hw.o)
 .bss           0x0002d264        0x0 c:/xilinx/sdk/2016.2/gnu/aarch32/nt/gcc-arm-none-eabi/bin/../lib/gcc/arm-none-eabi/4.9.2/v7-a/fpv3/hard\libgcc.a(_udivsi3.o)
 .bss           0x0002d264        0x0 c:/xilinx/sdk/2016.2/gnu/aarch32/nt/gcc-arm-none-eabi/bin/../lib/gcc/arm-none-eabi/4.9.2/v7-a/fpv3/hard\libgcc.a(_dvmd_tls.o)
 .bss           0x0002d264        0x0 c:/xilinx/sdk/2016.2/gnu/aarch32/nt/gcc-arm-none-eabi/bin/../lib/gcc/arm-none-eabi/4.9.2/../../../../arm-none-eabi/lib/v7-a/fpv3/hard\libc.a(lib_a-atoi.o)
 .bss           0x0002d264        0x0 c:/xilinx/sdk/2016.2/gnu/aarch32/nt/gcc-arm-none-eabi/bin/../lib/gcc/arm-none-eabi/4.9.2/../../../../arm-none-eabi/lib/v7-a/fpv3/hard\libc.a(lib_a-ctype_.o)
 .bss           0x0002d264        0x0 c:/xilinx/sdk/2016.2/gnu/aarch32/nt/gcc-arm-none-eabi/bin/../lib/gcc/arm-none-eabi/4.9.2/../../../../arm-none-eabi/lib/v7-a/fpv3/hard\libc.a(lib_a-exit.o)
 .bss           0x0002d264        0x0 c:/xilinx/sdk/2016.2/gnu/aarch32/nt/gcc-arm-none-eabi/bin/../lib/gcc/arm-none-eabi/4.9.2/../../../../arm-none-eabi/lib/v7-a/fpv3/hard\libc.a(lib_a-fini.o)
 .bss           0x0002d264        0x0 c:/xilinx/sdk/2016.2/gnu/aarch32/nt/gcc-arm-none-eabi/bin/../lib/gcc/arm-none-eabi/4.9.2/../../../../arm-none-eabi/lib/v7-a/fpv3/hard\libc.a(lib_a-impure.o)
 .bss           0x0002d264        0x0 c:/xilinx/sdk/2016.2/gnu/aarch32/nt/gcc-arm-none-eabi/bin/../lib/gcc/arm-none-eabi/4.9.2/../../../../arm-none-eabi/lib/v7-a/fpv3/hard\libc.a(lib_a-init.o)
 .bss           0x0002d264        0x0 c:/xilinx/sdk/2016.2/gnu/aarch32/nt/gcc-arm-none-eabi/bin/../lib/gcc/arm-none-eabi/4.9.2/../../../../arm-none-eabi/lib/v7-a/fpv3/hard\libc.a(lib_a-malloc.o)
 .bss           0x0002d264       0x34 c:/xilinx/sdk/2016.2/gnu/aarch32/nt/gcc-arm-none-eabi/bin/../lib/gcc/arm-none-eabi/4.9.2/../../../../arm-none-eabi/lib/v7-a/fpv3/hard\libc.a(lib_a-mallocr.o)
                0x0002d264                __malloc_top_pad
                0x0002d268                __malloc_current_mallinfo
                0x0002d290                __malloc_max_sbrked_mem
                0x0002d294                __malloc_max_total_mem
 .bss           0x0002d298        0x0 c:/xilinx/sdk/2016.2/gnu/aarch32/nt/gcc-arm-none-eabi/bin/../lib/gcc/arm-none-eabi/4.9.2/../../../../arm-none-eabi/lib/v7-a/fpv3/hard\libc.a(lib_a-memcmp.o)
 .bss           0x0002d298        0x0 c:/xilinx/sdk/2016.2/gnu/aarch32/nt/gcc-arm-none-eabi/bin/../lib/gcc/arm-none-eabi/4.9.2/../../../../arm-none-eabi/lib/v7-a/fpv3/hard\libc.a(lib_a-memcpy.o)
 .bss           0x0002d298        0x0 c:/xilinx/sdk/2016.2/gnu/aarch32/nt/gcc-arm-none-eabi/bin/../lib/gcc/arm-none-eabi/4.9.2/../../../../arm-none-eabi/lib/v7-a/fpv3/hard\libc.a(lib_a-memset.o)
 .bss           0x0002d298        0x0 c:/xilinx/sdk/2016.2/gnu/aarch32/nt/gcc-arm-none-eabi/bin/../lib/gcc/arm-none-eabi/4.9.2/../../../../arm-none-eabi/lib/v7-a/fpv3/hard\libc.a(lib_a-mlock.o)
 .bss           0x0002d298        0x0 c:/xilinx/sdk/2016.2/gnu/aarch32/nt/gcc-arm-none-eabi/bin/../lib/gcc/arm-none-eabi/4.9.2/../../../../arm-none-eabi/lib/v7-a/fpv3/hard\libc.a(lib_a-sbrkr.o)
 .bss           0x0002d298        0x0 c:/xilinx/sdk/2016.2/gnu/aarch32/nt/gcc-arm-none-eabi/bin/../lib/gcc/arm-none-eabi/4.9.2/../../../../arm-none-eabi/lib/v7-a/fpv3/hard\libc.a(lib_a-strcpy.o)
 .bss           0x0002d298        0x0 c:/xilinx/sdk/2016.2/gnu/aarch32/nt/gcc-arm-none-eabi/bin/../lib/gcc/arm-none-eabi/4.9.2/../../../../arm-none-eabi/lib/v7-a/fpv3/hard\libc.a(lib_a-strlen-armv7.o)
 .bss           0x0002d298        0x0 c:/xilinx/sdk/2016.2/gnu/aarch32/nt/gcc-arm-none-eabi/bin/../lib/gcc/arm-none-eabi/4.9.2/../../../../arm-none-eabi/lib/v7-a/fpv3/hard\libc.a(lib_a-strncmp.o)
 .bss           0x0002d298        0x0 c:/xilinx/sdk/2016.2/gnu/aarch32/nt/gcc-arm-none-eabi/bin/../lib/gcc/arm-none-eabi/4.9.2/../../../../arm-none-eabi/lib/v7-a/fpv3/hard\libc.a(lib_a-strncpy.o)
 .bss           0x0002d298        0x0 c:/xilinx/sdk/2016.2/gnu/aarch32/nt/gcc-arm-none-eabi/bin/../lib/gcc/arm-none-eabi/4.9.2/../../../../arm-none-eabi/lib/v7-a/fpv3/hard\libc.a(lib_a-strtol.o)
 .bss           0x0002d298        0x0 c:/xilinx/sdk/2016.2/gnu/aarch32/nt/gcc-arm-none-eabi/bin/../lib/gcc/arm-none-eabi/4.9.2/../../../../arm-none-eabi/lib/v7-a/fpv3/hard\libc.a(lib_a-__call_atexit.o)
 .bss           0x0002d298        0x0 c:/xilinx/sdk/2016.2/gnu/aarch32/nt/gcc-arm-none-eabi/bin/../lib/gcc/arm-none-eabi/4.9.2/../../../../arm-none-eabi/lib/v7-a/fpv3/hard\libc.a(lib_a-atexit.o)
 .bss           0x0002d298        0x0 c:/xilinx/sdk/2016.2/gnu/aarch32/nt/gcc-arm-none-eabi/bin/../lib/gcc/arm-none-eabi/4.9.2/../../../../arm-none-eabi/lib/v7-a/fpv3/hard\libc.a(lib_a-freer.o)
 .bss           0x0002d298        0x0 c:/xilinx/sdk/2016.2/gnu/aarch32/nt/gcc-arm-none-eabi/bin/../lib/gcc/arm-none-eabi/4.9.2/../../../../arm-none-eabi/lib/v7-a/fpv3/hard\libc.a(lib_a-reent.o)
 .bss           0x0002d298        0x0 c:/xilinx/sdk/2016.2/gnu/aarch32/nt/gcc-arm-none-eabi/bin/../lib/gcc/arm-none-eabi/4.9.2/../../../../arm-none-eabi/lib/v7-a/fpv3/hard\libc.a(lib_a-__atexit.o)
 .bss           0x0002d298        0x0 ../../NicolaRadio_bsp/ps7_cortexa9_0/lib\libxil.a(_exit.o)
 .bss           0x0002d298        0x4 ../../NicolaRadio_bsp/ps7_cortexa9_0/lib\libxil.a(_sbrk.o)
 .bss           0x0002d29c        0x0 c:/xilinx/sdk/2016.2/gnu/aarch32/nt/gcc-arm-none-eabi/bin/../lib/gcc/arm-none-eabi/4.9.2/v7-a/fpv3/hard/crtend.o
 .bss           0x0002d29c        0x0 c:/xilinx/sdk/2016.2/gnu/aarch32/nt/gcc-arm-none-eabi/bin/../lib/gcc/arm-none-eabi/4.9.2/v7-a/fpv3/hard/crtn.o
 *(.bss.*)
 *(.gnu.linkonce.b.*)
 *(COMMON)
 COMMON         0x0002d29c        0xc ./src/FreeRTOS_tick_config.o
                0x0002d29c                xInterruptController
 COMMON         0x0002d2a8       0x3e ./src/main.o
                0x0002d2a8                xWatchDogInstance
                0x0002d2b8                thisNicolaSettings
 *fill*         0x0002d2e6        0x2 
 COMMON         0x0002d2e8       0x40 ./src/queue.o
                0x0002d2e8                xQueueRegistry
 COMMON         0x0002d328       0x10 ./NicolaCode/Bluetooth.o
                0x0002d328                BluetoothIOTask
                0x0002d32c                BluegigaTransmitQueue
                0x0002d330                consoleQueue
                0x0002d334                BluegigaReceiveQueue
 COMMON         0x0002d338        0x8 ./NicolaCode/ConsoleManager.o
                0x0002d338                consoleReceiveQueue
                0x0002d33c                consoleTransmitQueue
 COMMON         0x0002d340       0x64 ./NicolaCode/LCD_Display.o
                0x0002d340                Gpio
                0x0002d360                pageData
                0x0002d364                KeysReceivedQueue
                0x0002d368                theMenu_2
 COMMON         0x0002d3a4       0xd8 ./NicolaCode/PSPLComms.o
                0x0002d3a4                ZoneTestInstancePtr
                0x0002d3a8                DataFifo
                0x0002d40c                PLTransmitQueue
                0x0002d410                PSPLFifo
                0x0002d474                Buffer
                0x0002d478                TextMessageTransmitQueue
 COMMON         0x0002d47c        0x4 ./NicolaCode/RadioInterface.o
                0x0002d47c                PLSendQueue
 COMMON         0x0002d480        0x8 ./NicolaCode/RemoteProtocolHandler.o
                0x0002d480                MessageFromAndriodQueue
                0x0002d484                MessageFromRemoteNicolasQueue
 COMMON         0x0002d488        0x4 ../../NicolaRadio_bsp/ps7_cortexa9_0/lib\libxil.a(xil_assert.o)
                0x0002d488                Xil_AssertStatus
 COMMON         0x0002d48c        0xc ../../NicolaRadio_bsp/ps7_cortexa9_0/lib\libxil.a(xil_exception.o)
                0x0002d48c                UndefinedExceptionAddr
                0x0002d490                PrefetchAbortAddr
                0x0002d494                DataAbortAddr
 COMMON         0x0002d498        0x4 c:/xilinx/sdk/2016.2/gnu/aarch32/nt/gcc-arm-none-eabi/bin/../lib/gcc/arm-none-eabi/4.9.2/../../../../arm-none-eabi/lib/v7-a/fpv3/hard\libc.a(lib_a-reent.o)
                0x0002d498                errno
                0x0002d49c                __bss_end = .
                0x0002400c                _SDA_BASE_ = (__sdata_start + ((__sbss_end - __sdata_start) / 0x2))
                0x0001b258                _SDA2_BASE_ = (__sdata2_start + ((__sbss2_end - __sdata2_start) / 0x2))

.heap           0xffff0000     0x2000
                0xffff0000                . = ALIGN (0x10)
                0xffff0000                _heap = .
                0xffff0000                HeapBase = .
                0xffff0000                _heap_start = .
                0xffff2000                . = (. + _HEAP_SIZE)
 *fill*         0xffff0000     0x2000 
                0xffff2000                _heap_end = .
                0xffff2000                HeapLimit = .

.stack          0xffff2000     0x3800
                0xffff2000                . = ALIGN (0x10)
                0xffff2000                _stack_end = .
                0xffff4000                . = (. + _STACK_SIZE)
 *fill*         0xffff2000     0x2000 
                0xffff4000                _stack = .
                0xffff4000                __stack = _stack
                0xffff4000                . = ALIGN (0x10)
                0xffff4000                _irq_stack_end = .
                0xffff4400                . = (. + _IRQ_STACK_SIZE)
 *fill*         0xffff4000      0x400 
                0xffff4400                __irq_stack = .
                0xffff4400                _supervisor_stack_end = .
                0xffff4c00                . = (. + _SUPERVISOR_STACK_SIZE)
 *fill*         0xffff4400      0x800 
                0xffff4c00                . = ALIGN (0x10)
                0xffff4c00                __supervisor_stack = .
                0xffff4c00                _abort_stack_end = .
                0xffff5000                . = (. + _ABORT_STACK_SIZE)
 *fill*         0xffff4c00      0x400 
                0xffff5000                . = ALIGN (0x10)
                0xffff5000                __abort_stack = .
                0xffff5000                _fiq_stack_end = .
                0xffff5400                . = (. + _FIQ_STACK_SIZE)
 *fill*         0xffff5000      0x400 
                0xffff5400                . = ALIGN (0x10)
                0xffff5400                __fiq_stack = .
                0xffff5400                _undef_stack_end = .
                0xffff5800                . = (. + _UNDEF_STACK_SIZE)
 *fill*         0xffff5400      0x400 
                0xffff5800                . = ALIGN (0x10)
                0xffff5800                __undef_stack = .
                0xffff5800                _end = .
LOAD ./src/portable/port.o
LOAD ./src/portable/portASM.o
LOAD ./src/FreeRTOS_asm_vectors.o
LOAD ./src/FreeRTOS_tick_config.o
LOAD ./src/event_groups.o
LOAD ./src/heap_4.o
LOAD ./src/list.o
LOAD ./src/main.o
LOAD ./src/platform.o
LOAD ./src/printf-stdarg.o
LOAD ./src/ps7_init_Nicola.o
LOAD ./src/queue.o
LOAD ./src/tasks.o
LOAD ./src/timers.o
LOAD ./NicolaCode/Bluetooth.o
LOAD ./NicolaCode/ConsoleManager.o
LOAD ./NicolaCode/Flash-SDCard.o
LOAD ./NicolaCode/LCD_Display.o
LOAD ./NicolaCode/PSPLComms.o
LOAD ./NicolaCode/RadioInterface.o
LOAD ./NicolaCode/RemoteProtocolHandler.o
LOAD ./NicolaCode/xsdps.o
START GROUP
LOAD ../../NicolaRadio_bsp/ps7_cortexa9_0/lib\libxil.a
LOAD c:/xilinx/sdk/2016.2/gnu/aarch32/nt/gcc-arm-none-eabi/bin/../lib/gcc/arm-none-eabi/4.9.2/v7-a/fpv3/hard\libgcc.a
LOAD c:/xilinx/sdk/2016.2/gnu/aarch32/nt/gcc-arm-none-eabi/bin/../lib/gcc/arm-none-eabi/4.9.2/../../../../arm-none-eabi/lib/v7-a/fpv3/hard\libc.a
END GROUP
START GROUP
LOAD c:/xilinx/sdk/2016.2/gnu/aarch32/nt/gcc-arm-none-eabi/bin/../lib/gcc/arm-none-eabi/4.9.2/v7-a/fpv3/hard\libgcc.a
LOAD c:/xilinx/sdk/2016.2/gnu/aarch32/nt/gcc-arm-none-eabi/bin/../lib/gcc/arm-none-eabi/4.9.2/../../../../arm-none-eabi/lib/v7-a/fpv3/hard\libc.a
END GROUP
LOAD c:/xilinx/sdk/2016.2/gnu/aarch32/nt/gcc-arm-none-eabi/bin/../lib/gcc/arm-none-eabi/4.9.2/v7-a/fpv3/hard/crtend.o
LOAD c:/xilinx/sdk/2016.2/gnu/aarch32/nt/gcc-arm-none-eabi/bin/../lib/gcc/arm-none-eabi/4.9.2/v7-a/fpv3/hard/crtn.o
OUTPUT(NicolaRadio.elf elf32-littlearm)

.debug_info     0x00000000     0x9507
 .debug_info    0x00000000      0x337 ./src/portable/port.o
 .debug_info    0x00000337       0xa1 ./src/portable/portASM.o
 .debug_info    0x000003d8       0xa5 ./src/FreeRTOS_asm_vectors.o
 .debug_info    0x0000047d      0x352 ./src/FreeRTOS_tick_config.o
 .debug_info    0x000007cf       0x76 ./src/event_groups.o
 .debug_info    0x00000845      0x2fa ./src/heap_4.o
 .debug_info    0x00000b3f      0x2a1 ./src/list.o
 .debug_info    0x00000de0      0x6ff ./src/main.o
 .debug_info    0x000014df       0xf4 ./src/platform.o
 .debug_info    0x000015d3      0x38d ./src/printf-stdarg.o
 .debug_info    0x00001960      0x666 ./src/ps7_init_Nicola.o
 .debug_info    0x00001fc6     0x12ed ./src/queue.o
 .debug_info    0x000032b3     0x1af5 ./src/tasks.o
 .debug_info    0x00004da8      0xf1c ./src/timers.o
 .debug_info    0x00005cc4      0x81d ./NicolaCode/Bluetooth.o