Archive member included because of file (symbol)

../../NicolaRadio_bsp/ps7_cortexa9_0/lib/libxil.a(xllfifo.o)
                              ./NicolaCode/DebugInterface.o (XLlFifo_iRxOccupancy)
../../NicolaRadio_bsp/ps7_cortexa9_0/lib/libxil.a(xllfifo_sinit.o)
                              ./NicolaCode/PSPLComms.o (XLlFfio_LookupConfig)
../../NicolaRadio_bsp/ps7_cortexa9_0/lib/libxil.a(xstreamer.o)
                              ../../NicolaRadio_bsp/ps7_cortexa9_0/lib/libxil.a(xllfifo.o) (XStrm_RxInitialize)
../../NicolaRadio_bsp/ps7_cortexa9_0/lib/libxil.a(n3z_tonetest.o)
                              ./NicolaCode/DebugInterface.o (n3z_tonetest_values2recover_write)
../../NicolaRadio_bsp/ps7_cortexa9_0/lib/libxil.a(n3z_tonetest_sinit.o)
                              ./NicolaCode/PSPLComms.o (n3z_tonetest_Initialize)
../../NicolaRadio_bsp/ps7_cortexa9_0/lib/libxil.a(xscugic.o)
                              ./src/FreeRTOS_tick_config.o (XScuGic_CfgInitialize)
../../NicolaRadio_bsp/ps7_cortexa9_0/lib/libxil.a(xscugic_g.o)
                              ./src/FreeRTOS_tick_config.o (XScuGic_ConfigTable)
../../NicolaRadio_bsp/ps7_cortexa9_0/lib/libxil.a(xscugic_sinit.o)
                              ./src/FreeRTOS_tick_config.o (XScuGic_LookupConfig)
../../NicolaRadio_bsp/ps7_cortexa9_0/lib/libxil.a(xscutimer.o)
                              ./src/FreeRTOS_tick_config.o (XScuTimer_CfgInitialize)
../../NicolaRadio_bsp/ps7_cortexa9_0/lib/libxil.a(xscutimer_sinit.o)
                              ./src/FreeRTOS_tick_config.o (XScuTimer_LookupConfig)
../../NicolaRadio_bsp/ps7_cortexa9_0/lib/libxil.a(xscuwdt.o)
                              ./src/main.o (XScuWdt_CfgInitialize)
../../NicolaRadio_bsp/ps7_cortexa9_0/lib/libxil.a(xscuwdt_sinit.o)
                              ./src/main.o (XScuWdt_LookupConfig)
../../NicolaRadio_bsp/ps7_cortexa9_0/lib/libxil.a(xsdps_options.o)
                              ./NicolaCode/xsdps.o (XSdPs_SetBlkSize)
../../NicolaRadio_bsp/ps7_cortexa9_0/lib/libxil.a(xsdps_sinit.o)
                              ./NicolaCode/Flash-SDCard.o (XSdPs_LookupConfig)
../../NicolaRadio_bsp/ps7_cortexa9_0/lib/libxil.a(asm_vectors.o)
                              (_vector_table)
../../NicolaRadio_bsp/ps7_cortexa9_0/lib/libxil.a(boot.o)
                              ./src/FreeRTOS_asm_vectors.o (_boot)
../../NicolaRadio_bsp/ps7_cortexa9_0/lib/libxil.a(sleep.o)
                              ./NicolaCode/xsdps.o (sleep)
../../NicolaRadio_bsp/ps7_cortexa9_0/lib/libxil.a(translation_table.o)
                              ../../NicolaRadio_bsp/ps7_cortexa9_0/lib/libxil.a(boot.o) (MMUTable)
../../NicolaRadio_bsp/ps7_cortexa9_0/lib/libxil.a(usleep.o)
                              ./NicolaCode/xsdps.o (usleep)
../../NicolaRadio_bsp/ps7_cortexa9_0/lib/libxil.a(vectors.o)
                              ../../NicolaRadio_bsp/ps7_cortexa9_0/lib/libxil.a(asm_vectors.o) (UndefinedException)
../../NicolaRadio_bsp/ps7_cortexa9_0/lib/libxil.a(xil-crt0.o)
                              ../../NicolaRadio_bsp/ps7_cortexa9_0/lib/libxil.a(boot.o) (_start)
../../NicolaRadio_bsp/ps7_cortexa9_0/lib/libxil.a(xil_assert.o)
                              ./NicolaCode/xsdps.o (Xil_Assert)
../../NicolaRadio_bsp/ps7_cortexa9_0/lib/libxil.a(xil_cache.o)
                              ./NicolaCode/xsdps.o (Xil_DCacheFlushRange)
../../NicolaRadio_bsp/ps7_cortexa9_0/lib/libxil.a(xil_exception.o)
                              ../../NicolaRadio_bsp/ps7_cortexa9_0/lib/libxil.a(asm_vectors.o) (PrefetchAbortAddr)
../../NicolaRadio_bsp/ps7_cortexa9_0/lib/libxil.a(xil_io.o)
                              ./NicolaCode/xsdps.o (Xil_In8)
../../NicolaRadio_bsp/ps7_cortexa9_0/lib/libxil.a(xil_printf.o)
                              ./NicolaCode/Bluetooth.o (xil_printf)
../../NicolaRadio_bsp/ps7_cortexa9_0/lib/libxil.a(xtime_l.o)
                              ../../NicolaRadio_bsp/ps7_cortexa9_0/lib/libxil.a(xil-crt0.o) (XTime_SetTime)
../../NicolaRadio_bsp/ps7_cortexa9_0/lib/libxil.a(xllfifo_g.o)
                              ../../NicolaRadio_bsp/ps7_cortexa9_0/lib/libxil.a(xllfifo_sinit.o) (XLlFifo_ConfigTable)
../../NicolaRadio_bsp/ps7_cortexa9_0/lib/libxil.a(n3z_tonetest_g.o)
                              ../../NicolaRadio_bsp/ps7_cortexa9_0/lib/libxil.a(n3z_tonetest_sinit.o) (n3z_tonetest_ConfigTable)
../../NicolaRadio_bsp/ps7_cortexa9_0/lib/libxil.a(xscutimer_g.o)
                              ../../NicolaRadio_bsp/ps7_cortexa9_0/lib/libxil.a(xscutimer_sinit.o) (XScuTimer_ConfigTable)
../../NicolaRadio_bsp/ps7_cortexa9_0/lib/libxil.a(xscuwdt_g.o)
                              ../../NicolaRadio_bsp/ps7_cortexa9_0/lib/libxil.a(xscuwdt_sinit.o) (XScuWdt_ConfigTable)
../../NicolaRadio_bsp/ps7_cortexa9_0/lib/libxil.a(xsdps_g.o)
                              ../../NicolaRadio_bsp/ps7_cortexa9_0/lib/libxil.a(xsdps_sinit.o) (XSdPs_ConfigTable)
../../NicolaRadio_bsp/ps7_cortexa9_0/lib/libxil.a(cpu_init.o)
[...]
Memory Configuration

Name             Origin             Length             Attributes
ps7_qspi_linear_0_S_AXI_BASEADDR 0xfc000000         0x01000000
ps7_ram_0_S_AXI_BASEADDR 0x00000000         0x00030000
ps7_ram_1_S_AXI_BASEADDR 0xffff0000         0x0000fe00
*default*        0x00000000         0xffffffff

Linker script and memory map

LOAD /opt/Xilinx/SDK/2016.2/gnu/aarch32/lin/gcc-arm-none-eabi/bin/../lib/gcc/arm-none-eabi/4.9.2/v7-a/fpv3/hard/crti.o
LOAD /opt/Xilinx/SDK/2016.2/gnu/aarch32/lin/gcc-arm-none-eabi/bin/../lib/gcc/arm-none-eabi/4.9.2/v7-a/fpv3/hard/crtbegin.o
                0x00002000                _STACK_SIZE = DEFINED (_STACK_SIZE)?_STACK_SIZE:0x2000
                0x0000a000                _HEAP_SIZE = DEFINED (_HEAP_SIZE)?_HEAP_SIZE:0xa000
                0x00000400                _ABORT_STACK_SIZE = DEFINED (_ABORT_STACK_SIZE)?_ABORT_STACK_SIZE:0x400
                0x00000800                _SUPERVISOR_STACK_SIZE = DEFINED (_SUPERVISOR_STACK_SIZE)?_SUPERVISOR_STACK_SIZE:0x800
                0x00000400                _IRQ_STACK_SIZE = DEFINED (_IRQ_STACK_SIZE)?_IRQ_STACK_SIZE:0x400
                0x00000400                _FIQ_STACK_SIZE = DEFINED (_FIQ_STACK_SIZE)?_FIQ_STACK_SIZE:0x400
                0x00000400                _UNDEF_STACK_SIZE = DEFINED (_UNDEF_STACK_SIZE)?_UNDEF_STACK_SIZE:0x400

.text           0x00000000    0x1af60
 *(.freertos_vectors)
 .freertos_vectors
                0x00000000       0xb0 ./src/FreeRTOS_asm_vectors.o
                0x00000000                _freertos_vector_table
                0x00000090                vPortInstallFreeRTOSVectorTable
 *(.vectors)
 .vectors       0x000000b0      0x12c ../../NicolaRadio_bsp/ps7_cortexa9_0/lib/libxil.a(asm_vectors.o)
                0x000000b0                _vector_table
 *(.boot)
 .boot          0x000001dc      0x370 ../../NicolaRadio_bsp/ps7_cortexa9_0/lib/libxil.a(boot.o)
                0x000001dc                _boot
                0x000001dc                _prestart
 *(.text)
 .text          0x0000054c        0x0 /opt/Xilinx/SDK/2016.2/gnu/aarch32/lin/gcc-arm-none-eabi/bin/../lib/gcc/arm-none-eabi/4.9.2/v7-a/fpv3/hard/crti.o
 .text          0x0000054c      0x108 /opt/Xilinx/SDK/2016.2/gnu/aarch32/lin/gcc-arm-none-eabi/bin/../lib/gcc/arm-none-eabi/4.9.2/v7-a/fpv3/hard/crtbegin.o
 .text          0x00000654      0x714 ./src/portable/port.o
                0x00000654                pxPortInitialiseStack
                0x000008f4                xPortStartScheduler
                0x00000a34                vPortEndScheduler
                0x00000a64                vPortEnterCritical
                0x00000ac8                vPortExitCritical
                0x00000b50                FreeRTOS_Tick_Handler
                0x00000be0                vPortTaskUsesFPU
                0x00000c18                vPortClearInterruptMask
                0x00000c70                ulPortSetInterruptMask
                0x00000ce8                vPortValidateInterruptPriority
 *fill*         0x00000d68        0x8 
 .text          0x00000d70      0x2e0 ./src/portable/portASM.o
                0x00000d70                FreeRTOS_SWI_Handler
                0x00000e18                vPortRestoreTaskContext
                0x00000e80                FreeRTOS_IRQ_Handler
                0x00000ff0                vApplicationIRQHandler
 .text          0x00001050        0x0 ./src/FreeRTOS_asm_vectors.o
 .text          0x00001050      0x278 ./src/FreeRTOS_tick_config.o
                0x00001050                vConfigureTickInterrupt
                0x00001218                vClearTickInterrupt
                0x00001240                vApplicationFPUSafeIRQHandler
 .text          0x000012c8        0x0 ./src/event_groups.o
 .text          0x000012c8      0x6f4 ./src/heap_4.o
                0x000012c8                pvPortMalloc
                0x00001588                vPortFree
                0x000016a8                xPortGetFreeHeapSize
                0x000016cc                xPortGetMinimumEverFreeHeapSize
                0x000016f0                vPortInitialiseBlocks
 .text          0x000019bc      0x284 ./src/list.o
                0x000019bc                vListInitialise
                0x00001a20                vListInitialiseItem
                0x00001a48                vListInsertEnd
                0x00001acc                vListInsert
                0x00001ba0                uxListRemove
 .text          0x00001c40      0x404 ./src/main.o
                0x00001c40                main
                0x00001ce8                tempFSBLCode
                0x00001cfc                GetVersionString
                0x00001df0                vApplicationMallocFailedHook
                0x00001e00                vApplicationStackOverflowHook
                0x00001e1c                vApplicationIdleHook
                0x00001e50                vAssertCalled
                0x00001e90                vApplicationTickHook
                0x00001ea4                vInitialiseTimerForRunTimeStats
                0x00001fa4                vApplicationGetIdleTaskMemory
                0x00001ff4                vApplicationGetTimerTaskMemory
 .text          0x00002044       0x9c ./src/platform.o
                0x00002044                enable_caches
                0x00002058                disable_caches
                0x0000206c                init_uart
                0x00002080                init_platform
                0x000020d0                cleanup_platform
 .text          0x000020e0      0x718 ./src/printf-stdarg.o
                0x00002724                printf
                0x00002764                sprintf
                0x000027ac                snprintf
 .text          0x000027f8      0x8d8 ./src/ps7_init_Nicola.o
                0x000027f8                getPS7MessageInfo
                0x000028c0                ps7GetSiliconVersion
                0x0000290c                mask_write
                0x00002964                mask_poll
                0x000029e0                mask_read
                0x00002a24                ps7_config
                0x00002c58                ps7_post_config
                0x00002d08                ps7_debug
                0x00002db8                ps7_init
                0x00003004                perf_start_clock
                0x00003028                perf_reset_clock
                0x00003058                get_number_of_cycles_for_delay
                0x00003098                perf_disable_clock
                0x000030bc                perf_reset_and_start_timer
 .text          0x000030d0     0x1f38 ./src/queue.o
                0x000030d0                xQueueGenericReset
                0x00003208                xQueueGenericCreateStatic
                0x00003348                xQueueGenericCreate
                0x000034f4                xQueueCreateMutex
                0x00003548                xQueueCreateMutexStatic
                0x000035a8                xQueueGiveMutexRecursive
                0x00003650                xQueueTakeMutexRecursive
                0x00003708                xQueueCreateCountingSemaphoreStatic
                0x000037a4                xQueueCreateCountingSemaphore
                0x00003830                xQueueGenericSend
                0x00003b24                xQueueGenericSendFromISR
                0x00003d0c                xQueueGiveFromISR
                0x00003ecc                xQueueGenericReceive
                0x000041ec                xQueueReceiveFromISR
                0x0000434c                xQueuePeekFromISR
                0x00004450                uxQueueMessagesWaiting
                0x000044a0                uxQueueSpacesAvailable
                0x00004504                uxQueueMessagesWaitingFromISR
                0x0000454c                vQueueDelete
                0x000045a8                uxQueueGetQueueNumber
                0x000045d0                vQueueSetQueueNumber
                0x000045fc                ucQueueGetQueueType
                0x000049cc                xQueueIsQueueEmptyFromISR
                0x00004a80                xQueueIsQueueFullFromISR
                0x00004ae8                vQueueAddToRegistry
                0x00004b78                pcQueueGetName
                0x00004c04                vQueueUnregisterQueue
                0x00004c9c                vQueueWaitForMessageRestricted
                0x00004d44                xQueueCreateSet
                0x00004d78                xQueueAddToSet
                0x00004df0                xQueueRemoveFromSet
                0x00004e74                xQueueSelectFromSet
                0x00004eb4                xQueueSelectFromSetFromISR
 .text          0x00005008     0x3e24 ./src/tasks.o
                0x00005008                xTaskCreateStatic
                0x000050ec                xTaskCreate
                0x0000553c                vTaskDelete
                0x00005704                vTaskDelayUntil
                0x00005864                vTaskDelay
                0x000058dc                eTaskGetState
                0x00005a04                uxTaskPriorityGet
                0x00005a5c                uxTaskPriorityGetFromISR
                0x00005ac0                vTaskPrioritySet
                0x00005d24                vTaskSuspend
                0x00005f88                vTaskResume
                0x0000609c                xTaskResumeFromISR
                0x000061dc                vTaskStartScheduler
                0x00006300                vTaskEndScheduler
                0x00006324                vTaskSuspendAll
                0x00006354                xTaskResumeAll
                0x00006564                xTaskGetTickCount
                0x00006594                xTaskGetTickCountFromISR
                0x000065cc                uxTaskGetNumberOfTasks
                0x000065f0                pcTaskGetName
                0x000067dc                xTaskGetHandle
                0x00006914                uxTaskGetSystemState
                0x00006ae4                xTaskAbortDelay
                0x00006c24                xTaskIncrementTick
                0x00006f00                vTaskSwitchContext
                0x000070b8                vTaskPlaceOnEventList
                0x00007118                vTaskPlaceOnUnorderedEventList
                0x000071b8                vTaskPlaceOnEventListRestricted
                0x00007230                xTaskRemoveFromEventList
                0x00007374                xTaskRemoveFromUnorderedEventList
                0x000074b4                vTaskSetTimeOutState
                0x00007510                xTaskCheckForTimeOut
                0x00007674                vTaskMissedYield
                0x00007698                uxTaskGetTaskNumber
                0x000076e8                vTaskSetTaskNumber
                0x000078e8                vTaskGetInfo
                0x00007ce0                xTaskGetCurrentTaskHandle
                0x00007d10                xTaskGetSchedulerState
                0x00007d78                vTaskPriorityInherit
                0x00007f48                xTaskPriorityDisinherit
                0x0000819c                vTaskList
                0x00008384                uxTaskResetEventItemValue
                0x000083dc                pvTaskIncrementMutexHeldCount
                0x0000842c                ulTaskNotifyTake
                0x00008518                xTaskNotifyWait
                0x00008648                xTaskGenericNotify
                0x00008834                xTaskGenericNotifyFromISR
                0x00008a84                vTaskNotifyGiveFromISR
                0x00008c20                xTaskNotifyStateClear
 .text          0x00008e2c      0xeec ./src/timers.o
                0x00008e2c                xTimerCreateTimerTask
                0x00008f10                xTimerCreate
                0x00008f84                xTimerCreateStatic
                0x000090d0                xTimerGenericCommand
                0x000091d0                xTimerGetTimerDaemonTaskHandle
                0x00009210                xTimerGetPeriod
                0x00009258                xTimerGetExpiryTime
                0x000092a8                pcTimerGetName
                0x00009b08                xTimerIsTimerActive
                0x00009b70                pvTimerGetTimerID
                0x00009bc8                vTimerSetTimerID
                0x00009c1c                xTimerPendFunctionCallFromISR
                0x00009c88                xTimerPendFunctionCall
 .text          0x00009d18     0x1de0 ./NicolaCode/Bluetooth.o
                0x00009d18                BluetoothStartup
                0x0000afac                BluetoothBeginInquiry
                0x0000b390                AllocateChannelTable
                0x0000b5d0                DetermineChannelType
                0x0000b6a8                FindChannelTableFromMAC
                0x0000b788                FindChannelTableFromLinkID
                0x0000b864                FindChannelTableFromSCOChannel
                0x0000b940                FindChannelTableFromRFCommChannel
                0x0000ba1c                FindChannelTableForTablet
 .text          0x0000baf8      0x600 ./NicolaCode/ConsoleManager.o
                0x0000baf8                ConsoleStartup
                0x0000be34                transmitToConsole
                0x0000bfe0                uart_ReceiveByteCheck
                0x0000c028                uart_ReceiveByte
                0x0000c094                uart_SendByte
 .text          0x0000c0f8      0x620 ./NicolaCode/DebugInterface.o
                0x0000c0f8                DebugingGraham_Startup
                0x0000c4cc                Rx2Uart
 .text          0x0000c718      0x23c ./NicolaCode/Flash-SDCard.o
                0x0000c718                CDCardInit
                0x0000c7e0                CDFlashRead
                0x0000c848                CDFlashWrite
 .text          0x0000c954     0x4d4c ./NicolaCode/LCD_Display.o
                0x0000c954                LCD_Startup
                0x0000ca54                hexToInt
                0x0000f12c                LCD_Write_String
                0x0000f704                MenuMessageFromHostComputer
                0x00011034                AddReceivedTextToMenu
                0x000111f4                SetConfidenceBeepTime
                0x0001137c                SetDebuggingState
                0x0001142c                SetBeaconBeepTime
                0x000115b4                EffectTurnRadioOff
 .text          0x000116a0      0xca8 ./NicolaCode/PSPLComms.o
                0x000116a0                PSPLComms_Initialise
                0x000118b8                intToHexChars
                0x00011eb8                xsleep
                0x00011f2c                LoadPicoFast
                0x0001201c                ReadResponse
                0x00012154                TxSend
                0x0001221c                RxReceive
 .text          0x00012348      0x2f4 ./NicolaCode/RadioInterface.o
                0x00012348                RadioInterfaceInit
                0x0001240c                SetMicrophoneVolume
                0x00012518                SetAerialType
                0x00012568                SetAerialFrequency
                0x000125b8                SendPresetMessage
 .text          0x0001263c      0x5ec ./NicolaCode/RemoteProtocolHandler.o
                0x0001263c                TextMessageStartup
 .text          0x00012c28     0x21b4 ./NicolaCode/xsdps.o
                0x00012c28                XSdPs_CfgInitialize
                0x00012f84                XSdPs_SdCardInitialize
                0x00013470                XSdPs_CardInitialize
                0x00013e38                XSdPs_CmdTransfer
                0x00014158                XSdPs_FrameCmd
                0x00014438                XSdPs_ReadPolled
                0x00014620                XSdPs_WritePolled
                0x000147ec                XSdPs_Select_Card
                0x00014848                XSdPs_SetupADMA2DescTbl
                0x00014a40                XSdPs_MmcCardInitialize
 .text          0x00014ddc      0x540 ../../NicolaRadio_bsp/ps7_cortexa9_0/lib/libxil.a(xllfifo.o)
                0x00014ddc                XLlFifo_iRxOccupancy
                0x00014e30                XLlFifo_iRxGetLen
                0x00014e84                XLlFifo_iTxVacancy
                0x00014ed8                XLlFifo_iTxSetLen
                0x00014f24                XLlFifo_CfgInitialize
                0x00015054                XLlFifo_RxGetWord
                0x00015074                XLlFifo_iRead_Aligned
                0x0001512c                XLlFifo_TxPutWord
                0x00015140                XLlFifo_iWrite_Aligned
                0x000151f8                XLlFifo_Initialize
 .text          0x0001531c       0x38 ../../NicolaRadio_bsp/ps7_cortexa9_0/lib/libxil.a(xllfifo_sinit.o)
                0x0001531c                XLlFfio_LookupConfig
 .text          0x00015354      0x350 ../../NicolaRadio_bsp/ps7_cortexa9_0/lib/libxil.a(xstreamer.o)
                0x00015354                XStrm_RxInitialize
                0x000153b8                XStrm_TxInitialize
                0x0001541c                XStrm_RxGetLen
                0x00015440                XStrm_Read
                0x00015570                XStrm_TxSetLen
                0x000155b8                XStrm_Write
 .text          0x000156a4      0x37c ../../NicolaRadio_bsp/ps7_cortexa9_0/lib/libxil.a(n3z_tonetest.o)
                0x000156a4                n3z_tonetest_CfgInitialize
                0x00015720                n3z_tonetest_values2recover_write
                0x00015768                n3z_tonetest_values2recover_read
                0x000157b0                n3z_tonetest_n3zconfig_write
                0x000157fc                n3z_tonetest_n3zconfig_read
                0x00015848                n3z_tonetest_audiovolume_write
                0x00015894                n3z_tonetest_audiovolume_read
                0x000158e8                n3z_tonetest_adcgain_ave_peak_read
                0x00015934                n3z_tonetest_starttoneamp_read
                0x00015988                n3z_tonetest_demodsignallevel_read
                0x000159d4                n3z_tonetest_txaudiolevel_read
 .text          0x00015a20       0x90 ../../NicolaRadio_bsp/ps7_cortexa9_0/lib/libxil.a(n3z_tonetest_sinit.o)
                0x00015a20                n3z_tonetest_LookupConfig
                0x00015a3c                n3z_tonetest_Initialize
 .text          0x00015ab0      0x930 ../../NicolaRadio_bsp/ps7_cortexa9_0/lib/libxil.a(xscugic.o)
                0x00015b00                XScuGic_CfgInitialize
                0x00015cb8                XScuGic_Connect
                0x00015d90                XScuGic_Disconnect
                0x00015e68                XScuGic_Enable
                0x00015f24                XScuGic_Disable
                0x00015fe0                XScuGic_SoftwareIntr
                0x000160cc                XScuGic_SetPriorityTriggerType
                0x00016250                XScuGic_GetPriorityTriggerType
                0x00016390                XScuGic_InterruptMaptoCpu
 .text          0x000163e0        0x0 ../../NicolaRadio_bsp/ps7_cortexa9_0/lib/libxil.a(xscugic_g.o)
 .text          0x000163e0       0x1c ../../NicolaRadio_bsp/ps7_cortexa9_0/lib/libxil.a(xscugic_sinit.o)
                0x000163e0                XScuGic_LookupConfig
 .text          0x000163fc      0x314 ../../NicolaRadio_bsp/ps7_cortexa9_0/lib/libxil.a(xscutimer.o)
                0x000163fc                XScuTimer_CfgInitialize
                0x000164ac                XScuTimer_Start
                0x00016548                XScuTimer_Stop
                0x000165dc                XScuTimer_SetPrescaler
                0x00016684                XScuTimer_GetPrescaler
 .text          0x00016710       0x1c ../../NicolaRadio_bsp/ps7_cortexa9_0/lib/libxil.a(xscutimer_sinit.o)
                0x00016710                XScuTimer_LookupConfig
 .text          0x0001672c      0x238 ../../NicolaRadio_bsp/ps7_cortexa9_0/lib/libxil.a(xscuwdt.o)
                0x0001672c                XScuWdt_CfgInitialize
                0x00016834                XScuWdt_Start
                0x000168d0                XScuWdt_Stop
 .text          0x00016964       0x1c ../../NicolaRadio_bsp/ps7_cortexa9_0/lib/libxil.a(xscuwdt_sinit.o)
                0x00016964                XScuWdt_LookupConfig
 .text          0x00016980     0x10b8 ../../NicolaRadio_bsp/ps7_cortexa9_0/lib/libxil.a(xsdps_options.o)
                0x00016c64                XSdPs_SetBlkSize
                0x00016d40                XSdPs_Get_BusWidth
                0x00016eb4                XSdPs_Change_BusWidth
                0x00017054                XSdPs_Get_BusSpeed
                0x000171b0                XSdPs_Change_ClkFreq
                0x00017368                XSdPs_Change_BusSpeed
                0x00017604                XSdPs_Pullup
                0x000176b8                XSdPs_Get_Mmc_ExtCsd
                0x00017814                XSdPs_Uhs_ModeInit
                0x00017a28                XSdPs_SetTapDelay
 .text          0x00017a38       0x1c ../../NicolaRadio_bsp/ps7_cortexa9_0/lib/libxil.a(xsdps_sinit.o)
                0x00017a38                XSdPs_LookupConfig
 .text          0x00017a54        0x0 ../../NicolaRadio_bsp/ps7_cortexa9_0/lib/libxil.a(asm_vectors.o)
 .text          0x00017a54        0x0 ../../NicolaRadio_bsp/ps7_cortexa9_0/lib/libxil.a(boot.o)
 .text          0x00017a54       0x48 ../../NicolaRadio_bsp/ps7_cortexa9_0/lib/libxil.a(sleep.o)
                0x00017a54                sleep
 .text          0x00017a9c        0x0 ../../NicolaRadio_bsp/ps7_cortexa9_0/lib/libxil.a(translation_table.o)
 .text          0x00017a9c       0x44 ../../NicolaRadio_bsp/ps7_cortexa9_0/lib/libxil.a(usleep.o)
                0x00017a9c                usleep
 .text          0x00017ae0       0x78 ../../NicolaRadio_bsp/ps7_cortexa9_0/lib/libxil.a(vectors.o)
                0x00017ae0                UndefinedException
                0x00017af4                FIQInterrupt
                0x00017b08                IRQInterrupt
                0x00017b1c                SWInterrupt
                0x00017b30                DataAbortInterrupt
                0x00017b44                PrefetchAbortInterrupt
 .text          0x00017b58       0x78 ../../NicolaRadio_bsp/ps7_cortexa9_0/lib/libxil.a(xil-crt0.o)
                0x00017b6c                _start
 .text          0x00017bd0       0x34 ../../NicolaRadio_bsp/ps7_cortexa9_0/lib/libxil.a(xil_assert.o)
                0x00017bd0                Xil_Assert
                0x00017bf0                Xil_AssertSetCallback
                0x00017c00                XNullHandler
 .text          0x00017c04      0x9fc ../../NicolaRadio_bsp/ps7_cortexa9_0/lib/libxil.a(xil_cache.o)
                0x00017c04                Xil_DCacheInvalidateLine
                0x00017c48                Xil_DCacheFlushRange
                0x00017ca8                Xil_DCacheStoreLine
                0x00017ce8                Xil_ICacheInvalidateLine
                0x00017d2c                Xil_ICacheInvalidateRange
                0x00017d84                Xil_L1DCacheInvalidate
                0x00017e2c                Xil_L1DCacheEnable
                0x00017e4c                Xil_L1DCacheInvalidateLine
                0x00017e64                Xil_L1DCacheInvalidateRange
                0x00017eac                Xil_L1DCacheFlush
                0x00017f3c                Xil_L1DCacheDisable
                0x00017f54                Xil_L1DCacheFlushLine
                0x00017f6c                Xil_L1DCacheFlushRange
                0x00017fb4                Xil_L1DCacheStoreLine
                0x00017fcc                Xil_L1ICacheEnable
                0x00017fe8                Xil_L1ICacheDisable
                0x00018004                Xil_L1ICacheInvalidate
                0x0001801c                Xil_L1ICacheInvalidateLine
                0x00018034                Xil_L1ICacheInvalidateRange
                0x0001807c                Xil_L2CacheInvalidate
                0x000180d8                Xil_DCacheInvalidate
                0x000180f8                Xil_ICacheInvalidate
                0x00018128                Xil_L2CacheEnable
                0x000181d8                Xil_DCacheEnable
                0x000181e8                Xil_ICacheEnable
                0x00018204                Xil_L2CacheInvalidateLine
                0x00018220                Xil_L2CacheInvalidateRange
                0x000182a4                Xil_L2CacheFlush
                0x00018308                Xil_DCacheFlush
                0x00018328                Xil_L2CacheDisable
                0x00018368                Xil_DCacheDisable
                0x00018384                Xil_ICacheDisable
                0x000183a8                Xil_L2CacheFlushLine
                0x000183d8                Xil_DCacheInvalidateRange
                0x000184f8                Xil_DCacheFlushLine
                0x00018560                Xil_L2CacheFlushRange
                0x000185e4                Xil_L2CacheStoreLine
 .text          0x00018600       0x58 ../../NicolaRadio_bsp/ps7_cortexa9_0/lib/libxil.a(xil_exception.o)
                0x00018604                Xil_DataAbortHandler
                0x0001860c                Xil_PrefetchAbortHandler
                0x00018614                Xil_UndefinedExceptionHandler
                0x00018618                Xil_ExceptionInit
                0x0001861c                Xil_ExceptionRegisterHandler
                0x00018634                Xil_ExceptionRemoveHandler
 .text          0x00018658       0x88 ../../NicolaRadio_bsp/ps7_cortexa9_0/lib/libxil.a(xil_io.o)
                0x00018658                Xil_In8
                0x00018660                Xil_In16
                0x00018668                Xil_In32
                0x00018670                Xil_Out8
                0x00018678                Xil_Out16
                0x00018680                Xil_Out32
                0x00018688                Xil_In16BE
                0x0001869c                Xil_In32BE
                0x000186a8                Xil_Out16BE
                0x000186bc                Xil_Out32BE
                0x000186c8                Xil_EndianSwap16
                0x000186d8                Xil_EndianSwap32
 .text          0x000186e0      0x690 ../../NicolaRadio_bsp/ps7_cortexa9_0/lib/libxil.a(xil_printf.o)
                0x000188f0                xil_printf
 .text          0x00018d70       0xa0 ../../NicolaRadio_bsp/ps7_cortexa9_0/lib/libxil.a(xtime_l.o)
                0x00018d70                XTime_SetTime
                0x00018dc0                XTime_GetTime
 .text          0x00018e10        0x0 ../../NicolaRadio_bsp/ps7_cortexa9_0/lib/libxil.a(xllfifo_g.o)
 .text          0x00018e10        0x0 ../../NicolaRadio_bsp/ps7_cortexa9_0/lib/libxil.a(n3z_tonetest_g.o)
 .text          0x00018e10        0x0 ../../NicolaRadio_bsp/ps7_cortexa9_0/lib/libxil.a(xscutimer_g.o)
 .text          0x00018e10        0x0 ../../NicolaRadio_bsp/ps7_cortexa9_0/lib/libxil.a(xscuwdt_g.o)
 .text          0x00018e10        0x0 ../../NicolaRadio_bsp/ps7_cortexa9_0/lib/libxil.a(xsdps_g.o)
 .text          0x00018e10       0x3c ../../NicolaRadio_bsp/ps7_cortexa9_0/lib/libxil.a(cpu_init.o)
                0x00018e10                __cpu_init
 .text          0x00018e4c        0xc ../../NicolaRadio_bsp/ps7_cortexa9_0/lib/libxil.a(outbyte.o)
                0x00018e4c                outbyte
 .text          0x00018e58       0xec ../../NicolaRadio_bsp/ps7_cortexa9_0/lib/libxil.a(xuartps_hw.o)
                0x00018e58                XUartPs_SendByte
                0x00018e88                XUartPs_RecvByte
                0x00018eb4                XUartPs_ResetHw
 .text          0x00018f44      0x20c /opt/Xilinx/SDK/2016.2/gnu/aarch32/lin/gcc-arm-none-eabi/bin/../lib/gcc/arm-none-eabi/4.9.2/v7-a/fpv3/hard/libgcc.a(_udivsi3.o)
                0x00018f44                __udivsi3
                0x00018f44                __aeabi_uidiv
                0x00019130                __aeabi_uidivmod
 .text          0x00019150        0x4 /opt/Xilinx/SDK/2016.2/gnu/aarch32/lin/gcc-arm-none-eabi/bin/../lib/gcc/arm-none-eabi/4.9.2/v7-a/fpv3/hard/libgcc.a(_dvmd_tls.o)
                0x00019150                __aeabi_ldiv0
                0x00019150                __aeabi_idiv0
 .text          0x00019154       0x18 /opt/Xilinx/SDK/2016.2/gnu/aarch32/lin/gcc-arm-none-eabi/bin/../lib/gcc/arm-none-eabi/4.9.2/../../../../arm-none-eabi/lib/v7-a/fpv3/hard/libc.a(lib_a-atoi.o)
                0x00019154                atoi
                0x00019160                _atoi_r
 .text          0x0001916c       0x18 /opt/Xilinx/SDK/2016.2/gnu/aarch32/lin/gcc-arm-none-eabi/bin/../lib/gcc/arm-none-eabi/4.9.2/../../../../arm-none-eabi/lib/v7-a/fpv3/hard/libc.a(lib_a-ctype_.o)
                0x0001916c                __set_ctype
 .text          0x00019184       0x34 /opt/Xilinx/SDK/2016.2/gnu/aarch32/lin/gcc-arm-none-eabi/bin/../lib/gcc/arm-none-eabi/4.9.2/../../../../arm-none-eabi/lib/v7-a/fpv3/hard/libc.a(lib_a-exit.o)
                0x00019184                exit
 .text          0x000191b8       0x40 /opt/Xilinx/SDK/2016.2/gnu/aarch32/lin/gcc-arm-none-eabi/bin/../lib/gcc/arm-none-eabi/4.9.2/../../../../arm-none-eabi/lib/v7-a/fpv3/hard/libc.a(lib_a-fini.o)
                0x000191b8                __libc_fini_array
 .text          0x000191f8        0x0 /opt/Xilinx/SDK/2016.2/gnu/aarch32/lin/gcc-arm-none-eabi/bin/../lib/gcc/arm-none-eabi/4.9.2/../../../../arm-none-eabi/lib/v7-a/fpv3/hard/libc.a(lib_a-impure.o)
 .text          0x000191f8       0x78 /opt/Xilinx/SDK/2016.2/gnu/aarch32/lin/gcc-arm-none-eabi/bin/../lib/gcc/arm-none-eabi/4.9.2/../../../../arm-none-eabi/lib/v7-a/fpv3/hard/libc.a(lib_a-init.o)
                0x000191f8                __libc_init_array
 .text          0x00019270       0x28 /opt/Xilinx/SDK/2016.2/gnu/aarch32/lin/gcc-arm-none-eabi/bin/../lib/gcc/arm-none-eabi/4.9.2/../../../../arm-none-eabi/lib/v7-a/fpv3/hard/libc.a(lib_a-malloc.o)
                0x00019270                malloc
                0x00019284                free
 .text          0x00019298      0x768 /opt/Xilinx/SDK/2016.2/gnu/aarch32/lin/gcc-arm-none-eabi/bin/../lib/gcc/arm-none-eabi/4.9.2/../../../../arm-none-eabi/lib/v7-a/fpv3/hard/libc.a(lib_a-mallocr.o)
                0x00019298                _malloc_r
 .text          0x00019a00       0xa8 /opt/Xilinx/SDK/2016.2/gnu/aarch32/lin/gcc-arm-none-eabi/bin/../lib/gcc/arm-none-eabi/4.9.2/../../../../arm-none-eabi/lib/v7-a/fpv3/hard/libc.a(lib_a-memcmp.o)
                0x00019a00                memcmp
 *fill*         0x00019aa8       0x18 
 .text          0x00019ac0      0x600 /opt/Xilinx/SDK/2016.2/gnu/aarch32/lin/gcc-arm-none-eabi/bin/../lib/gcc/arm-none-eabi/4.9.2/../../../../arm-none-eabi/lib/v7-a/fpv3/hard/libc.a(lib_a-memcpy.o)
                0x00019ac0                memcpy
 .text          0x0001a0c0       0xf8 /opt/Xilinx/SDK/2016.2/gnu/aarch32/lin/gcc-arm-none-eabi/bin/../lib/gcc/arm-none-eabi/4.9.2/../../../../arm-none-eabi/lib/v7-a/fpv3/hard/libc.a(lib_a-memset.o)
                0x0001a0c0                memset
 .text          0x0001a1b8        0x8 /opt/Xilinx/SDK/2016.2/gnu/aarch32/lin/gcc-arm-none-eabi/bin/../lib/gcc/arm-none-eabi/4.9.2/../../../../arm-none-eabi/lib/v7-a/fpv3/hard/libc.a(lib_a-mlock.o)
                0x0001a1b8                __malloc_lock
                0x0001a1bc                __malloc_unlock
 .text          0x0001a1c0       0x38 /opt/Xilinx/SDK/2016.2/gnu/aarch32/lin/gcc-arm-none-eabi/bin/../lib/gcc/arm-none-eabi/4.9.2/../../../../arm-none-eabi/lib/v7-a/fpv3/hard/libc.a(lib_a-sbrkr.o)
                0x0001a1c0                _sbrk_r
 .text          0x0001a1f8       0xf8 /opt/Xilinx/SDK/2016.2/gnu/aarch32/lin/gcc-arm-none-eabi/bin/../lib/gcc/arm-none-eabi/4.9.2/../../../../arm-none-eabi/lib/v7-a/fpv3/hard/libc.a(lib_a-strcpy.o)
                0x0001a1f8                strcpy
 *fill*         0x0001a2f0       0x10 
 .text          0x0001a300      0x100 /opt/Xilinx/SDK/2016.2/gnu/aarch32/lin/gcc-arm-none-eabi/bin/../lib/gcc/arm-none-eabi/4.9.2/../../../../arm-none-eabi/lib/v7-a/fpv3/hard/libc.a(lib_a-strlen-armv7.o)
                0x0001a300                strlen
 .text          0x0001a400      0x110 /opt/Xilinx/SDK/2016.2/gnu/aarch32/lin/gcc-arm-none-eabi/bin/../lib/gcc/arm-none-eabi/4.9.2/../../../../arm-none-eabi/lib/v7-a/fpv3/hard/libc.a(lib_a-strncmp.o)
                0x0001a400                strncmp
 .text          0x0001a510       0xdc /opt/Xilinx/SDK/2016.2/gnu/aarch32/lin/gcc-arm-none-eabi/bin/../lib/gcc/arm-none-eabi/4.9.2/../../../../arm-none-eabi/lib/v7-a/fpv3/hard/libc.a(lib_a-strncpy.o)
                0x0001a510                strncpy
 .text          0x0001a5ec      0x1fc /opt/Xilinx/SDK/2016.2/gnu/aarch32/lin/gcc-arm-none-eabi/bin/../lib/gcc/arm-none-eabi/4.9.2/../../../../arm-none-eabi/lib/v7-a/fpv3/hard/libc.a(lib_a-strtol.o)
                0x0001a5ec                _strtol_r
                0x0001a7cc                strtol
 .text          0x0001a7e8      0x168 /opt/Xilinx/SDK/2016.2/gnu/aarch32/lin/gcc-arm-none-eabi/bin/../lib/gcc/arm-none-eabi/4.9.2/../../../../arm-none-eabi/lib/v7-a/fpv3/hard/libc.a(lib_a-__call_atexit.o)
                0x0001a7e8                __call_exitprocs
 .text          0x0001a950       0x14 /opt/Xilinx/SDK/2016.2/gnu/aarch32/lin/gcc-arm-none-eabi/bin/../lib/gcc/arm-none-eabi/4.9.2/../../../../arm-none-eabi/lib/v7-a/fpv3/hard/libc.a(lib_a-atexit.o)
                0x0001a950                atexit
 .text          0x0001a964      0x3ac /opt/Xilinx/SDK/2016.2/gnu/aarch32/lin/gcc-arm-none-eabi/bin/../lib/gcc/arm-none-eabi/4.9.2/../../../../arm-none-eabi/lib/v7-a/fpv3/hard/libc.a(lib_a-freer.o)
                0x0001a964                _malloc_trim_r
                0x0001aa60                _free_r
 .text          0x0001ad10      0x11c /opt/Xilinx/SDK/2016.2/gnu/aarch32/lin/gcc-arm-none-eabi/bin/../lib/gcc/arm-none-eabi/4.9.2/../../../../arm-none-eabi/lib/v7-a/fpv3/hard/libc.a(lib_a-reent.o)
                0x0001ad10                cleanup_glue
                0x0001ad3c                _reclaim_reent
 .text          0x0001ae2c       0xd8 /opt/Xilinx/SDK/2016.2/gnu/aarch32/lin/gcc-arm-none-eabi/bin/../lib/gcc/arm-none-eabi/4.9.2/../../../../arm-none-eabi/lib/v7-a/fpv3/hard/libc.a(lib_a-__atexit.o)
                0x0001ae2c                __register_exitproc
 .text          0x0001af04        0x4 ../../NicolaRadio_bsp/ps7_cortexa9_0/lib/libxil.a(_exit.o)
                0x0001af04                _exit
 .text          0x0001af08       0x3c ../../NicolaRadio_bsp/ps7_cortexa9_0/lib/libxil.a(_sbrk.o)
                0x0001af08                _sbrk
 .text          0x0001af44        0x0 /opt/Xilinx/SDK/2016.2/gnu/aarch32/lin/gcc-arm-none-eabi/bin/../lib/gcc/arm-none-eabi/4.9.2/v7-a/fpv3/hard/crtend.o
 .text          0x0001af44        0x0 /opt/Xilinx/SDK/2016.2/gnu/aarch32/lin/gcc-arm-none-eabi/bin/../lib/gcc/arm-none-eabi/4.9.2/v7-a/fpv3/hard/crtn.o
 *(.text.*)
 .text.startup  0x0001af44       0x1c /opt/Xilinx/SDK/2016.2/gnu/aarch32/lin/gcc-arm-none-eabi/bin/../lib/gcc/arm-none-eabi/4.9.2/../../../../arm-none-eabi/lib/v7-a/fpv3/hard/libc.a(lib_a-__call_atexit.o)
 *(.gnu.linkonce.t.*)
 *(.plt)
 *(.gnu_warning)
 *(.gcc_execpt_table)
 *(.glue_7)
 .glue_7        0x00000000        0x0 linker stubs
 *(.glue_7t)
 .glue_7t       0x00000000        0x0 linker stubs
 *(.vfp11_veneer)
 .vfp11_veneer  0x00000000        0x0 linker stubs
 *(.ARM.extab)
 *(.gnu.linkonce.armextab.*)

.v4_bx          0x0001af60        0x0
 .v4_bx         0x00000000        0x0 linker stubs

.iplt           0x0001af60        0x0
 .iplt          0x00000000        0x0 /opt/Xilinx/SDK/2016.2/gnu/aarch32/lin/gcc-arm-none-eabi/bin/../lib/gcc/arm-none-eabi/4.9.2/v7-a/fpv3/hard/crtbegin.o

.init           0x0001af60       0x18
 *(.init)
 .init          0x0001af60        0xc /opt/Xilinx/SDK/2016.2/gnu/aarch32/lin/gcc-arm-none-eabi/bin/../lib/gcc/arm-none-eabi/4.9.2/v7-a/fpv3/hard/crti.o
                0x0001af60                _init
 .init          0x0001af6c        0xc /opt/Xilinx/SDK/2016.2/gnu/aarch32/lin/gcc-arm-none-eabi/bin/../lib/gcc/arm-none-eabi/4.9.2/v7-a/fpv3/hard/crtn.o

.fini           0x0001af78       0x18
 *(.fini)
 .fini          0x0001af78        0xc /opt/Xilinx/SDK/2016.2/gnu/aarch32/lin/gcc-arm-none-eabi/bin/../lib/gcc/arm-none-eabi/4.9.2/v7-a/fpv3/hard/crti.o
                0x0001af78                _fini
 .fini          0x0001af84        0xc /opt/Xilinx/SDK/2016.2/gnu/aarch32/lin/gcc-arm-none-eabi/bin/../lib/gcc/arm-none-eabi/4.9.2/v7-a/fpv3/hard/crtn.o

.rodata         0x0001af90      0xe04
                0x0001af90                __rodata_start = .
 *(.rodata)
 .rodata        0x0001af90       0x28 ./src/portable/port.o
                0x0001af90                ulICCIAR
                0x0001af94                ulICCEOIR
                0x0001af98                ulICCPMR
                0x0001af9c                ulMaxAPIPriorityMask
 .rodata        0x0001afb8       0x20 ./src/FreeRTOS_tick_config.o
 .rodata        0x0001afd8       0x14 ./src/heap_4.o
 .rodata        0x0001afec       0x3c ./src/main.o
 .rodata        0x0001b028        0x8 ./src/printf-stdarg.o
 .rodata        0x0001b030       0xd4 ./src/ps7_init_Nicola.o
 .rodata        0x0001b104       0x10 ./src/queue.o
 .rodata        0x0001b114       0x28 ./src/tasks.o
 .rodata        0x0001b13c       0x20 ./src/timers.o
 .rodata        0x0001b15c      0x380 ./NicolaCode/Bluetooth.o
 .rodata        0x0001b4dc       0x2c ./NicolaCode/ConsoleManager.o
 .rodata        0x0001b508      0x21c ./NicolaCode/DebugInterface.o
 .rodata        0x0001b724      0x220 ./NicolaCode/LCD_Display.o
 .rodata        0x0001b944      0x1e4 ./NicolaCode/PSPLComms.o
 .rodata        0x0001bb28       0x54 ./NicolaCode/RadioInterface.o
 .rodata        0x0001bb7c       0x6c ./NicolaCode/RemoteProtocolHandler.o
 .rodata        0x0001bbe8       0x18 ./NicolaCode/xsdps.o
 .rodata        0x0001bc00      0x104 /opt/Xilinx/SDK/2016.2/gnu/aarch32/lin/gcc-arm-none-eabi/bin/../lib/gcc/arm-none-eabi/4.9.2/../../../../arm-none-eabi/lib/v7-a/fpv3/hard/libc.a(lib_a-ctype_.o)
                0x0001bc00                _ctype_
 .rodata        0x0001bd04        0x4 /opt/Xilinx/SDK/2016.2/gnu/aarch32/lin/gcc-arm-none-eabi/bin/../lib/gcc/arm-none-eabi/4.9.2/../../../../arm-none-eabi/lib/v7-a/fpv3/hard/libc.a(lib_a-impure.o)
                0x0001bd04                _global_impure_ptr
 *(.rodata.*)
 .rodata.str1.4
                0x0001bd08        0xa ../../NicolaRadio_bsp/ps7_cortexa9_0/lib/libxil.a(xllfifo.o)
                                  0xc (size before relaxing)
 *fill*         0x0001bd12        0x2 
 .rodata.str1.4
                0x0001bd14        0xc ../../NicolaRadio_bsp/ps7_cortexa9_0/lib/libxil.a(xstreamer.o)
 .rodata.str1.4
                0x0001bd20        0xf ../../NicolaRadio_bsp/ps7_cortexa9_0/lib/libxil.a(n3z_tonetest.o)
                                 0x10 (size before relaxing)
 *fill*         0x0001bd2f        0x1 
 .rodata.str1.4
                0x0001bd30       0x15 ../../NicolaRadio_bsp/ps7_cortexa9_0/lib/libxil.a(n3z_tonetest_sinit.o)
                                 0x18 (size before relaxing)
 *fill*         0x0001bd45        0x3 
 .rodata.str1.4
                0x0001bd48        0xa ../../NicolaRadio_bsp/ps7_cortexa9_0/lib/libxil.a(xscugic.o)
                                  0xc (size before relaxing)
 *fill*         0x0001bd52        0x2 
 .rodata.str1.4
                0x0001bd54        0xc ../../NicolaRadio_bsp/ps7_cortexa9_0/lib/libxil.a(xscutimer.o)
 .rodata.str1.4
                0x0001bd60        0xa ../../NicolaRadio_bsp/ps7_cortexa9_0/lib/libxil.a(xscuwdt.o)
                                  0xc (size before relaxing)
 *fill*         0x0001bd6a        0x2 
 .rodata.str1.4
                0x0001bd6c       0x10 ../../NicolaRadio_bsp/ps7_cortexa9_0/lib/libxil.a(xsdps_options.o)
 .rodata.str1.4
                0x0001bd7c       0x11 ../../NicolaRadio_bsp/ps7_cortexa9_0/lib/libxil.a(xil_printf.o)
                                 0x14 (size before relaxing)
 *fill*         0x0001bd8d        0x3 
 .rodata.str1.4
                0x0001bd90        0x4 /opt/Xilinx/SDK/2016.2/gnu/aarch32/lin/gcc-arm-none-eabi/bin/../lib/gcc/arm-none-eabi/4.9.2/../../../../arm-none-eabi/lib/v7-a/fpv3/hard/libc.a(lib_a-impure.o)
 *(.gnu.linkonce.r.*)
                0x0001bd94                __rodata_end = .

.rodata1        0x0001bd94        0x0
                0x0001bd94                __rodata1_start = .
 *(.rodata1)
 *(.rodata1.*)
                0x0001bd94                __rodata1_end = .

.sdata2         0x0001bd94        0x0
                0x0001bd94                __sdata2_start = .
 *(.sdata2)
 *(.sdata2.*)
 *(.gnu.linkonce.s2.*)
                0x0001bd94                __sdata2_end = .

.sbss2          0x0001bd94        0x0
                0x0001bd94                __sbss2_start = .
 *(.sbss2)
 *(.sbss2.*)
 *(.gnu.linkonce.sb2.*)
                0x0001bd94                __sbss2_end = .

.data           0x0001bd98     0x21e4
                0x0001bd98                __data_start = .
                0x0001bd98                _dataVMA_start = .
 *(.data)
 .data          0x0001bd98        0x0 /opt/Xilinx/SDK/2016.2/gnu/aarch32/lin/gcc-arm-none-eabi/bin/../lib/gcc/arm-none-eabi/4.9.2/v7-a/fpv3/hard/crti.o
 .data          0x0001bd98        0x4 /opt/Xilinx/SDK/2016.2/gnu/aarch32/lin/gcc-arm-none-eabi/bin/../lib/gcc/arm-none-eabi/4.9.2/v7-a/fpv3/hard/crtbegin.o
                0x0001bd98                __dso_handle
 .data          0x0001bd9c        0x4 ./src/portable/port.o
                0x0001bd9c                ulCriticalNesting
 .data          0x0001bda0        0x0 ./src/portable/portASM.o
 .data          0x0001bda0        0x0 ./src/FreeRTOS_asm_vectors.o
 .data          0x0001bda0        0x4 ./src/FreeRTOS_tick_config.o
 .data          0x0001bda4        0x0 ./src/event_groups.o
 .data          0x0001bda4        0x0 ./src/heap_4.o
 .data          0x0001bda4        0x0 ./src/list.o
 .data          0x0001bda4        0x4 ./src/main.o
 .data          0x0001bda8        0x0 ./src/platform.o
 .data          0x0001bda8        0x0 ./src/printf-stdarg.o
 .data          0x0001bda8      0xe00 ./src/ps7_init_Nicola.o
                0x0001bda8                ps7_pll_init_data_3_0
                0x0001bf30                ps7_clock_init_data_3_0
                0x0001bfd4                ps7_mio_init_data_3_0
                0x0001c0c8                ps7_peripherals_init_data_3_0
                0x0001c1d4                ps7_post_config_3_0
                0x0001c218                ps7_debug_3_0
                0x0001c24c                ps7_pll_init_data_2_0
                0x0001c3d4                ps7_clock_init_data_2_0
                0x0001c478                ps7_mio_init_data_2_0
                0x0001c56c                ps7_peripherals_init_data_2_0
                0x0001c678                ps7_post_config_2_0
                0x0001c6bc                ps7_debug_2_0
                0x0001c6f0                ps7_pll_init_data_1_0
                0x0001c878                ps7_clock_init_data_1_0
                0x0001c91c                ps7_mio_init_data_1_0
                0x0001ca10                ps7_peripherals_init_data_1_0
                0x0001cb1c                ps7_post_config_1_0
                0x0001cb60                ps7_debug_1_0
                0x0001cb94                ps7_mio_init_data
                0x0001cb98                ps7_pll_init_data
                0x0001cb9c                ps7_clock_init_data
                0x0001cba0                ps7_ddr_init_data
                0x0001cba4                ps7_peripherals_init_data
 .data          0x0001cba8        0x0 ./src/queue.o
 .data          0x0001cba8        0x0 ./src/tasks.o
 .data          0x0001cba8        0x0 ./src/timers.o
 .data          0x0001cba8       0x40 ./NicolaCode/Bluetooth.o
                0x0001cba8                StartupMessages
                0x0001cbdc                PinCodes
                0x0001cbe4                BluetoothCommandEcho
 .data          0x0001cbe8        0x0 ./NicolaCode/ConsoleManager.o
 .data          0x0001cbe8        0x0 ./NicolaCode/DebugInterface.o
 .data          0x0001cbe8        0x8 ./NicolaCode/Flash-SDCard.o
 .data          0x0001cbf0      0x498 ./NicolaCode/LCD_Display.o
                0x0001cbf0                MicrophoneVolume
                0x0001cbf4                aerialTypeSetting
                0x0001cc14                aerialTypeSetting1
                0x0001cc34                frequencySetting
                0x0001cc54                frequencySetting2
                0x0001cc74                frequencySetting3
                0x0001cc94                confidenceBeepSetting
                0x0001ccf4                BluetoothPairingSetting
                0x0001cd14                BluetoothPairingSetting1
                0x0001cd34                TextMessageReceived
                0x0001cd48                TextMessageReceived2
                0x0001cd5c                TextMessageReceived3
                0x0001cd70                TextMessageReceived4
                0x0001cd84                TextMessageTestSetting
                0x0001cd98                TextMessageTestSetting2
                0x0001cdac                TextMessageTestSetting3
                0x0001cdc0                TextMessageTestSetting4
                0x0001cdd4                debugOn
                0x0001cdf4                debugOff
                0x0001ce14                turnRadioOffSetting
                0x0001ce34                turnRadioOffSetting1
                0x0001ce54                theMenu_99
                0x0001ce90                theMenu_8
                0x0001cecc                theMenu_7a
                0x0001cf08                theMenu_7
                0x0001cf44                theMenu_6
                0x0001cf80                theMenu_5a
                0x0001cfbc                theMenu_5
                0x0001cff8                theMenu_4
                0x0001d034                theMenu_3
                0x0001d070                Nicola3Name
                0x0001d074                CurrentMenuPosition
                0x0001d078                CurrentSubMenuPosition
                0x0001d07c                DisplayAerialEarthing
 .data          0x0001d088        0x0 ./NicolaCode/PSPLComms.o
 .data          0x0001d088        0x0 ./NicolaCode/RadioInterface.o
 .data          0x0001d088        0x0 ./NicolaCode/RemoteProtocolHandler.o
 .data          0x0001d088        0x0 ./NicolaCode/xsdps.o
 .data          0x0001d088        0x0 ../../NicolaRadio_bsp/ps7_cortexa9_0/lib/libxil.a(xllfifo.o)
 .data          0x0001d088        0x0 ../../NicolaRadio_bsp/ps7_cortexa9_0/lib/libxil.a(xllfifo_sinit.o)
 .data          0x0001d088        0x0 ../../NicolaRadio_bsp/ps7_cortexa9_0/lib/libxil.a(xstreamer.o)
 .data          0x0001d088        0x0 ../../NicolaRadio_bsp/ps7_cortexa9_0/lib/libxil.a(n3z_tonetest.o)
 .data          0x0001d088        0x0 ../../NicolaRadio_bsp/ps7_cortexa9_0/lib/libxil.a(n3z_tonetest_sinit.o)
 .data          0x0001d088        0x0 ../../NicolaRadio_bsp/ps7_cortexa9_0/lib/libxil.a(xscugic.o)
 .data          0x0001d088      0x624 ../../NicolaRadio_bsp/ps7_cortexa9_0/lib/libxil.a(xscugic_g.o)
                0x0001d088                XScuGic_ConfigTable
 .data          0x0001d6ac        0x0 ../../NicolaRadio_bsp/ps7_cortexa9_0/lib/libxil.a(xscugic_sinit.o)
 .data          0x0001d6ac        0x0 ../../NicolaRadio_bsp/ps7_cortexa9_0/lib/libxil.a(xscutimer.o)
 .data          0x0001d6ac        0x0 ../../NicolaRadio_bsp/ps7_cortexa9_0/lib/libxil.a(xscutimer_sinit.o)
 .data          0x0001d6ac        0x0 ../../NicolaRadio_bsp/ps7_cortexa9_0/lib/libxil.a(xscuwdt.o)
 .data          0x0001d6ac        0x0 ../../NicolaRadio_bsp/ps7_cortexa9_0/lib/libxil.a(xscuwdt_sinit.o)
 .data          0x0001d6ac        0x0 ../../NicolaRadio_bsp/ps7_cortexa9_0/lib/libxil.a(xsdps_options.o)
 .data          0x0001d6ac        0x0 ../../NicolaRadio_bsp/ps7_cortexa9_0/lib/libxil.a(xsdps_sinit.o)
 .data          0x0001d6ac        0x0 ../../NicolaRadio_bsp/ps7_cortexa9_0/lib/libxil.a(asm_vectors.o)
 .data          0x0001d6ac        0x0 ../../NicolaRadio_bsp/ps7_cortexa9_0/lib/libxil.a(boot.o)
 .data          0x0001d6ac        0x0 ../../NicolaRadio_bsp/ps7_cortexa9_0/lib/libxil.a(sleep.o)
 .data          0x0001d6ac        0x0 ../../NicolaRadio_bsp/ps7_cortexa9_0/lib/libxil.a(translation_table.o)
 .data          0x0001d6ac        0x0 ../../NicolaRadio_bsp/ps7_cortexa9_0/lib/libxil.a(usleep.o)
 .data          0x0001d6ac        0x0 ../../NicolaRadio_bsp/ps7_cortexa9_0/lib/libxil.a(vectors.o)
 .data          0x0001d6ac        0x0 ../../NicolaRadio_bsp/ps7_cortexa9_0/lib/libxil.a(xil-crt0.o)
 .data          0x0001d6ac        0x0 ../../NicolaRadio_bsp/ps7_cortexa9_0/lib/libxil.a(xil_assert.o)
 .data          0x0001d6ac        0x0 ../../NicolaRadio_bsp/ps7_cortexa9_0/lib/libxil.a(xil_cache.o)
 .data          0x0001d6ac       0x38 ../../NicolaRadio_bsp/ps7_cortexa9_0/lib/libxil.a(xil_exception.o)
                0x0001d6ac                XExc_VectorTable
 .data          0x0001d6e4        0x0 ../../NicolaRadio_bsp/ps7_cortexa9_0/lib/libxil.a(xil_io.o)
 .data          0x0001d6e4        0x0 ../../NicolaRadio_bsp/ps7_cortexa9_0/lib/libxil.a(xil_printf.o)
 .data          0x0001d6e4        0x0 ../../NicolaRadio_bsp/ps7_cortexa9_0/lib/libxil.a(xtime_l.o)
 .data          0x0001d6e4       0x20 ../../NicolaRadio_bsp/ps7_cortexa9_0/lib/libxil.a(xllfifo_g.o)
                0x0001d6e4                XLlFifo_ConfigTable
 .data          0x0001d704        0x8 ../../NicolaRadio_bsp/ps7_cortexa9_0/lib/libxil.a(n3z_tonetest_g.o)
                0x0001d704                n3z_tonetest_ConfigTable
 .data          0x0001d70c        0x8 ../../NicolaRadio_bsp/ps7_cortexa9_0/lib/libxil.a(xscutimer_g.o)
                0x0001d70c                XScuTimer_ConfigTable
 .data          0x0001d714        0x8 ../../NicolaRadio_bsp/ps7_cortexa9_0/lib/libxil.a(xscuwdt_g.o)
                0x0001d714                XScuWdt_ConfigTable
 .data          0x0001d71c       0x14 ../../NicolaRadio_bsp/ps7_cortexa9_0/lib/libxil.a(xsdps_g.o)
                0x0001d71c                XSdPs_ConfigTable
 .data          0x0001d730        0x0 ../../NicolaRadio_bsp/ps7_cortexa9_0/lib/libxil.a(cpu_init.o)
 .data          0x0001d730        0x0 ../../NicolaRadio_bsp/ps7_cortexa9_0/lib/libxil.a(outbyte.o)
 .data          0x0001d730        0x0 ../../NicolaRadio_bsp/ps7_cortexa9_0/lib/libxil.a(xuartps_hw.o)
 .data          0x0001d730        0x0 /opt/Xilinx/SDK/2016.2/gnu/aarch32/lin/gcc-arm-none-eabi/bin/../lib/gcc/arm-none-eabi/4.9.2/v7-a/fpv3/hard/libgcc.a(_udivsi3.o)
 .data          0x0001d730        0x0 /opt/Xilinx/SDK/2016.2/gnu/aarch32/lin/gcc-arm-none-eabi/bin/../lib/gcc/arm-none-eabi/4.9.2/v7-a/fpv3/hard/libgcc.a(_dvmd_tls.o)
 .data          0x0001d730        0x0 /opt/Xilinx/SDK/2016.2/gnu/aarch32/lin/gcc-arm-none-eabi/bin/../lib/gcc/arm-none-eabi/4.9.2/../../../../arm-none-eabi/lib/v7-a/fpv3/hard/libc.a(lib_a-atoi.o)
 .data          0x0001d730        0x4 /opt/Xilinx/SDK/2016.2/gnu/aarch32/lin/gcc-arm-none-eabi/bin/../lib/gcc/arm-none-eabi/4.9.2/../../../../arm-none-eabi/lib/v7-a/fpv3/hard/libc.a(lib_a-ctype_.o)
                0x0001d730                __ctype_ptr__
 .data          0x0001d734        0x0 /opt/Xilinx/SDK/2016.2/gnu/aarch32/lin/gcc-arm-none-eabi/bin/../lib/gcc/arm-none-eabi/4.9.2/../../../../arm-none-eabi/lib/v7-a/fpv3/hard/libc.a(lib_a-exit.o)
 .data          0x0001d734        0x0 /opt/Xilinx/SDK/2016.2/gnu/aarch32/lin/gcc-arm-none-eabi/bin/../lib/gcc/arm-none-eabi/4.9.2/../../../../arm-none-eabi/lib/v7-a/fpv3/hard/libc.a(lib_a-fini.o)
 *fill*         0x0001d734        0x4 
 .data          0x0001d738      0x430 /opt/Xilinx/SDK/2016.2/gnu/aarch32/lin/gcc-arm-none-eabi/bin/../lib/gcc/arm-none-eabi/4.9.2/../../../../arm-none-eabi/lib/v7-a/fpv3/hard/libc.a(lib_a-impure.o)
                0x0001d738                _impure_ptr
 .data          0x0001db68        0x0 /opt/Xilinx/SDK/2016.2/gnu/aarch32/lin/gcc-arm-none-eabi/bin/../lib/gcc/arm-none-eabi/4.9.2/../../../../arm-none-eabi/lib/v7-a/fpv3/hard/libc.a(lib_a-init.o)
 .data          0x0001db68        0x0 /opt/Xilinx/SDK/2016.2/gnu/aarch32/lin/gcc-arm-none-eabi/bin/../lib/gcc/arm-none-eabi/4.9.2/../../../../arm-none-eabi/lib/v7-a/fpv3/hard/libc.a(lib_a-malloc.o)
 .data          0x0001db68      0x410 /opt/Xilinx/SDK/2016.2/gnu/aarch32/lin/gcc-arm-none-eabi/bin/../lib/gcc/arm-none-eabi/4.9.2/../../../../arm-none-eabi/lib/v7-a/fpv3/hard/libc.a(lib_a-mallocr.o)
                0x0001db68                __malloc_av_
                0x0001df70                __malloc_sbrk_base
                0x0001df74                __malloc_trim_threshold
 .data          0x0001df78        0x0 /opt/Xilinx/SDK/2016.2/gnu/aarch32/lin/gcc-arm-none-eabi/bin/../lib/gcc/arm-none-eabi/4.9.2/../../../../arm-none-eabi/lib/v7-a/fpv3/hard/libc.a(lib_a-memcmp.o)
 .data          0x0001df78        0x0 /opt/Xilinx/SDK/2016.2/gnu/aarch32/lin/gcc-arm-none-eabi/bin/../lib/gcc/arm-none-eabi/4.9.2/../../../../arm-none-eabi/lib/v7-a/fpv3/hard/libc.a(lib_a-memcpy.o)
 .data          0x0001df78        0x0 /opt/Xilinx/SDK/2016.2/gnu/aarch32/lin/gcc-arm-none-eabi/bin/../lib/gcc/arm-none-eabi/4.9.2/../../../../arm-none-eabi/lib/v7-a/fpv3/hard/libc.a(lib_a-memset.o)
 .data          0x0001df78        0x0 /opt/Xilinx/SDK/2016.2/gnu/aarch32/lin/gcc-arm-none-eabi/bin/../lib/gcc/arm-none-eabi/4.9.2/../../../../arm-none-eabi/lib/v7-a/fpv3/hard/libc.a(lib_a-mlock.o)
 .data          0x0001df78        0x0 /opt/Xilinx/SDK/2016.2/gnu/aarch32/lin/gcc-arm-none-eabi/bin/../lib/gcc/arm-none-eabi/4.9.2/../../../../arm-none-eabi/lib/v7-a/fpv3/hard/libc.a(lib_a-sbrkr.o)
 .data          0x0001df78        0x0 /opt/Xilinx/SDK/2016.2/gnu/aarch32/lin/gcc-arm-none-eabi/bin/../lib/gcc/arm-none-eabi/4.9.2/../../../../arm-none-eabi/lib/v7-a/fpv3/hard/libc.a(lib_a-strcpy.o)
 .data          0x0001df78        0x0 /opt/Xilinx/SDK/2016.2/gnu/aarch32/lin/gcc-arm-none-eabi/bin/../lib/gcc/arm-none-eabi/4.9.2/../../../../arm-none-eabi/lib/v7-a/fpv3/hard/libc.a(lib_a-strlen-armv7.o)
 .data          0x0001df78        0x0 /opt/Xilinx/SDK/2016.2/gnu/aarch32/lin/gcc-arm-none-eabi/bin/../lib/gcc/arm-none-eabi/4.9.2/../../../../arm-none-eabi/lib/v7-a/fpv3/hard/libc.a(lib_a-strncmp.o)
 .data          0x0001df78        0x0 /opt/Xilinx/SDK/2016.2/gnu/aarch32/lin/gcc-arm-none-eabi/bin/../lib/gcc/arm-none-eabi/4.9.2/../../../../arm-none-eabi/lib/v7-a/fpv3/hard/libc.a(lib_a-strncpy.o)
 .data          0x0001df78        0x0 /opt/Xilinx/SDK/2016.2/gnu/aarch32/lin/gcc-arm-none-eabi/bin/../lib/gcc/arm-none-eabi/4.9.2/../../../../arm-none-eabi/lib/v7-a/fpv3/hard/libc.a(lib_a-strtol.o)
 .data          0x0001df78        0x0 /opt/Xilinx/SDK/2016.2/gnu/aarch32/lin/gcc-arm-none-eabi/bin/../lib/gcc/arm-none-eabi/4.9.2/../../../../arm-none-eabi/lib/v7-a/fpv3/hard/libc.a(lib_a-__call_atexit.o)
 .data          0x0001df78        0x0 /opt/Xilinx/SDK/2016.2/gnu/aarch32/lin/gcc-arm-none-eabi/bin/../lib/gcc/arm-none-eabi/4.9.2/../../../../arm-none-eabi/lib/v7-a/fpv3/hard/libc.a(lib_a-atexit.o)
 .data          0x0001df78        0x0 /opt/Xilinx/SDK/2016.2/gnu/aarch32/lin/gcc-arm-none-eabi/bin/../lib/gcc/arm-none-eabi/4.9.2/../../../../arm-none-eabi/lib/v7-a/fpv3/hard/libc.a(lib_a-freer.o)
 .data          0x0001df78        0x0 /opt/Xilinx/SDK/2016.2/gnu/aarch32/lin/gcc-arm-none-eabi/bin/../lib/gcc/arm-none-eabi/4.9.2/../../../../arm-none-eabi/lib/v7-a/fpv3/hard/libc.a(lib_a-reent.o)
 .data          0x0001df78        0x0 /opt/Xilinx/SDK/2016.2/gnu/aarch32/lin/gcc-arm-none-eabi/bin/../lib/gcc/arm-none-eabi/4.9.2/../../../../arm-none-eabi/lib/v7-a/fpv3/hard/libc.a(lib_a-__atexit.o)
 .data          0x0001df78        0x0 ../../NicolaRadio_bsp/ps7_cortexa9_0/lib/libxil.a(_exit.o)
 .data          0x0001df78        0x0 ../../NicolaRadio_bsp/ps7_cortexa9_0/lib/libxil.a(_sbrk.o)
 .data          0x0001df78        0x0 /opt/Xilinx/SDK/2016.2/gnu/aarch32/lin/gcc-arm-none-eabi/bin/../lib/gcc/arm-none-eabi/4.9.2/v7-a/fpv3/hard/crtend.o
 .data          0x0001df78        0x0 /opt/Xilinx/SDK/2016.2/gnu/aarch32/lin/gcc-arm-none-eabi/bin/../lib/gcc/arm-none-eabi/4.9.2/v7-a/fpv3/hard/crtn.o
 *(.data.*)
 *(.gnu.linkonce.d.*)
 *(.jcr)
 .jcr           0x0001df78        0x0 /opt/Xilinx/SDK/2016.2/gnu/aarch32/lin/gcc-arm-none-eabi/bin/../lib/gcc/arm-none-eabi/4.9.2/v7-a/fpv3/hard/crtbegin.o
 .jcr           0x0001df78        0x4 /opt/Xilinx/SDK/2016.2/gnu/aarch32/lin/gcc-arm-none-eabi/bin/../lib/gcc/arm-none-eabi/4.9.2/v7-a/fpv3/hard/crtend.o
 *(.got)
 *(.got.plt)
                0x0001df7c                __data_end = .
                0x0001df7c                _dataVMA_end = .
                0x0001bd98                _dataLMA = LOADADDR (.data)

.tm_clone_table
                0x0001df7c        0x0
 .tm_clone_table
                0x0001df7c        0x0 /opt/Xilinx/SDK/2016.2/gnu/aarch32/lin/gcc-arm-none-eabi/bin/../lib/gcc/arm-none-eabi/4.9.2/v7-a/fpv3/hard/crtbegin.o
 .tm_clone_table
                0x0001df7c        0x0 /opt/Xilinx/SDK/2016.2/gnu/aarch32/lin/gcc-arm-none-eabi/bin/../lib/gcc/arm-none-eabi/4.9.2/v7-a/fpv3/hard/crtend.o

.igot.plt       0x0001df7c        0x0
 .igot.plt      0x00000000        0x0 /opt/Xilinx/SDK/2016.2/gnu/aarch32/lin/gcc-arm-none-eabi/bin/../lib/gcc/arm-none-eabi/4.9.2/v7-a/fpv3/hard/crtbegin.o

.got2           0x0001df7c        0x0
 .got2          0x0001df7c        0x0 ../../NicolaRadio_bsp/ps7_cortexa9_0/lib/libxil.a(xil-crt0.o)

.data1          0x0001df7c        0x0
                0x0001df7c                __data1_start = .
 *(.data1)
 *(.data1.*)
                0x0001df7c                __data1_end = .

.got
 *(.got)

.ctors          0x0001df7c        0x0
                0x0001df7c                __CTOR_LIST__ = .
                0x0001df7c                ___CTORS_LIST___ = .
 *crtbegin.o(.ctors)
 *(EXCLUDE_FILE(*crtend.o) .ctors)
 *(SORT(.ctors.*))
 *(.ctors)
                0x0001df7c                __CTOR_END__ = .
                0x0001df7c                ___CTORS_END___ = .

.dtors          0x0001df7c        0x0
                0x0001df7c                __DTOR_LIST__ = .
                0x0001df7c                ___DTORS_LIST___ = .
 *crtbegin.o(.dtors)
 *(EXCLUDE_FILE(*crtend.o) .dtors)
 *(SORT(.dtors.*))
 *(.dtors)
                0x0001df7c                __DTOR_END__ = .
                0x0001df7c                ___DTORS_END___ = .

.fixup          0x0001df7c        0x0
                0x0001df7c                __fixup_start = .
 *(.fixup)
                0x0001df7c                __fixup_end = .

.eh_frame       0x0001df7c        0x4
 *(.eh_frame)
 .eh_frame      0x0001df7c        0x0 /opt/Xilinx/SDK/2016.2/gnu/aarch32/lin/gcc-arm-none-eabi/bin/../lib/gcc/arm-none-eabi/4.9.2/v7-a/fpv3/hard/crtbegin.o
 .eh_frame      0x0001df7c        0x4 /opt/Xilinx/SDK/2016.2/gnu/aarch32/lin/gcc-arm-none-eabi/bin/../lib/gcc/arm-none-eabi/4.9.2/v7-a/fpv3/hard/crtend.o

.eh_framehdr    0x0001df80        0x0
                0x0001df80                __eh_framehdr_start = .
 *(.eh_framehdr)
                0x0001df80                __eh_framehdr_end = .

.gcc_except_table
 *(.gcc_except_table)

.mmu_tbl        0x00020000     0x4000
                0x00020000                __mmu_tbl_start = .
 *(.mmu_tbl)
 .mmu_tbl       0x00020000     0x4000 ../../NicolaRadio_bsp/ps7_cortexa9_0/lib/libxil.a(translation_table.o)
                0x00020000                MMUTable
                0x00024000                __mmu_tbl_end = .

.rel.dyn        0x00024000        0x0
 .rel.iplt      0x00000000        0x0 /opt/Xilinx/SDK/2016.2/gnu/aarch32/lin/gcc-arm-none-eabi/bin/../lib/gcc/arm-none-eabi/4.9.2/v7-a/fpv3/hard/crtbegin.o

.ARM.exidx      0x00024000        0x0
                0x00024000                __exidx_start = .
 *(.ARM.exidx*)
 *(.gnu.linkonce.armexidix.*.*)
                0x00024000                __exidx_end = .

.preinit_array  0x00024000        0x0
                0x00024000                __preinit_array_start = .
 *(SORT(.preinit_array.*))
 *(.preinit_array)
                0x00024000                __preinit_array_end = .

.init_array     0x00024000        0x8
                0x00024000                __init_array_start = .
 *(SORT(.init_array.*))
 .init_array.00000
                0x00024000        0x4 /opt/Xilinx/SDK/2016.2/gnu/aarch32/lin/gcc-arm-none-eabi/bin/../lib/gcc/arm-none-eabi/4.9.2/../../../../arm-none-eabi/lib/v7-a/fpv3/hard/libc.a(lib_a-__call_atexit.o)
 *(.init_array)
 .init_array    0x00024004        0x4 /opt/Xilinx/SDK/2016.2/gnu/aarch32/lin/gcc-arm-none-eabi/bin/../lib/gcc/arm-none-eabi/4.9.2/v7-a/fpv3/hard/crtbegin.o
                0x00024008                __init_array_end = .

.fini_array     0x00024008        0x4
                0x00024008                __fini_array_start = .
 *(SORT(.fini_array.*))
 *(.fini_array)
 .fini_array    0x00024008        0x4 /opt/Xilinx/SDK/2016.2/gnu/aarch32/lin/gcc-arm-none-eabi/bin/../lib/gcc/arm-none-eabi/4.9.2/v7-a/fpv3/hard/crtbegin.o
                0x0002400c                __fini_array_end = .

.ARM.attributes
                0x0002400c       0x35
                0x0002400c                __ARM.attributes_start = .
 *(.ARM.attributes)
 .ARM.attributes
                0x0002400c       0x21 /opt/Xilinx/SDK/2016.2/gnu/aarch32/lin/gcc-arm-none-eabi/bin/../lib/gcc/arm-none-eabi/4.9.2/v7-a/fpv3/hard/crti.o
 .ARM.attributes
                0x0002402d       0x35 /opt/Xilinx/SDK/2016.2/gnu/aarch32/lin/gcc-arm-none-eabi/bin/../lib/gcc/arm-none-eabi/4.9.2/v7-a/fpv3/hard/crtbegin.o
 .ARM.attributes
                0x00024062       0x3f ./src/portable/port.o
 .ARM.attributes
                0x000240a1       0x29 ./src/portable/portASM.o
 .ARM.attributes
                0x000240ca       0x29 ./src/FreeRTOS_asm_vectors.o
 .ARM.attributes
                0x000240f3       0x3f ./src/FreeRTOS_tick_config.o
 .ARM.attributes
                0x00024132       0x3f ./src/event_groups.o
 .ARM.attributes
                0x00024171       0x3f ./src/heap_4.o
 .ARM.attributes
                0x000241b0       0x3f ./src/list.o
 .ARM.attributes
                0x000241ef       0x3f ./src/main.o
 .ARM.attributes
                0x0002422e       0x3f ./src/platform.o
 .ARM.attributes
                0x0002426d       0x3f ./src/printf-stdarg.o
 .ARM.attributes
                0x000242ac       0x3f ./src/ps7_init_Nicola.o
 .ARM.attributes
                0x000242eb       0x3f ./src/queue.o
 .ARM.attributes
                0x0002432a       0x3f ./src/tasks.o
 .ARM.attributes
                0x00024369       0x3f ./src/timers.o
 .ARM.attributes
                0x000243a8       0x3f ./NicolaCode/Bluetooth.o
 .ARM.attributes
                0x000243e7       0x3f ./NicolaCode/ConsoleManager.o
 .ARM.attributes
                0x00024426       0x3f ./NicolaCode/DebugInterface.o
 .ARM.attributes
                0x00024465       0x3f ./NicolaCode/Flash-SDCard.o
 .ARM.attributes
                0x000244a4       0x3f ./NicolaCode/LCD_Display.o
 .ARM.attributes
                0x000244e3       0x3f ./NicolaCode/PSPLComms.o
 .ARM.attributes
                0x00024522       0x3f ./NicolaCode/RadioInterface.o
 .ARM.attributes
                0x00024561       0x3f ./NicolaCode/RemoteProtocolHandler.o
 .ARM.attributes
                0x000245a0       0x3f ./NicolaCode/xsdps.o
 .ARM.attributes
                0x000245df       0x3f ../../NicolaRadio_bsp/ps7_cortexa9_0/lib/libxil.a(xllfifo.o)
 .ARM.attributes
                0x0002461e       0x3f ../../NicolaRadio_bsp/ps7_cortexa9_0/lib/libxil.a(xllfifo_sinit.o)
 .ARM.attributes
                0x0002465d       0x3f ../../NicolaRadio_bsp/ps7_cortexa9_0/lib/libxil.a(xstreamer.o)
 .ARM.attributes
                0x0002469c       0x3f ../../NicolaRadio_bsp/ps7_cortexa9_0/lib/libxil.a(n3z_tonetest.o)
 .ARM.attributes
                0x000246db       0x3f ../../NicolaRadio_bsp/ps7_cortexa9_0/lib/libxil.a(n3z_tonetest_sinit.o)
 .ARM.attributes
                0x0002471a       0x3f ../../NicolaRadio_bsp/ps7_cortexa9_0/lib/libxil.a(xscugic.o)
 .ARM.attributes
                0x00024759       0x3f ../../NicolaRadio_bsp/ps7_cortexa9_0/lib/libxil.a(xscugic_g.o)
 .ARM.attributes
                0x00024798       0x3f ../../NicolaRadio_bsp/ps7_cortexa9_0/lib/libxil.a(xscugic_sinit.o)
 .ARM.attributes
                0x000247d7       0x3f ../../NicolaRadio_bsp/ps7_cortexa9_0/lib/libxil.a(xscutimer.o)
 .ARM.attributes
                0x00024816       0x3f ../../NicolaRadio_bsp/ps7_cortexa9_0/lib/libxil.a(xscutimer_sinit.o)
 .ARM.attributes
                0x00024855       0x3f ../../NicolaRadio_bsp/ps7_cortexa9_0/lib/libxil.a(xscuwdt.o)
 .ARM.attributes
                0x00024894       0x3f ../../NicolaRadio_bsp/ps7_cortexa9_0/lib/libxil.a(xscuwdt_sinit.o)
 .ARM.attributes
                0x000248d3       0x3f ../../NicolaRadio_bsp/ps7_cortexa9_0/lib/libxil.a(xsdps_options.o)
 .ARM.attributes
                0x00024912       0x3f ../../NicolaRadio_bsp/ps7_cortexa9_0/lib/libxil.a(xsdps_sinit.o)
 .ARM.attributes
                0x00024951       0x29 ../../NicolaRadio_bsp/ps7_cortexa9_0/lib/libxil.a(asm_vectors.o)
 .ARM.attributes
                0x0002497a       0x29 ../../NicolaRadio_bsp/ps7_cortexa9_0/lib/libxil.a(boot.o)
 .ARM.attributes
                0x000249a3       0x3f ../../NicolaRadio_bsp/ps7_cortexa9_0/lib/libxil.a(sleep.o)
 .ARM.attributes
                0x000249e2       0x29 ../../NicolaRadio_bsp/ps7_cortexa9_0/lib/libxil.a(translation_table.o)
 .ARM.attributes
                0x00024a0b       0x3f ../../NicolaRadio_bsp/ps7_cortexa9_0/lib/libxil.a(usleep.o)
 .ARM.attributes
                0x00024a4a       0x3f ../../NicolaRadio_bsp/ps7_cortexa9_0/lib/libxil.a(vectors.o)
 .ARM.attributes
                0x00024a89       0x29 ../../NicolaRadio_bsp/ps7_cortexa9_0/lib/libxil.a(xil-crt0.o)
 .ARM.attributes
                0x00024ab2       0x3f ../../NicolaRadio_bsp/ps7_cortexa9_0/lib/libxil.a(xil_assert.o)
 .ARM.attributes
                0x00024af1       0x3f ../../NicolaRadio_bsp/ps7_cortexa9_0/lib/libxil.a(xil_cache.o)
 .ARM.attributes
                0x00024b30       0x3f ../../NicolaRadio_bsp/ps7_cortexa9_0/lib/libxil.a(xil_exception.o)
 .ARM.attributes
                0x00024b6f       0x3f ../../NicolaRadio_bsp/ps7_cortexa9_0/lib/libxil.a(xil_io.o)
 .ARM.attributes
                0x00024bae       0x3f ../../NicolaRadio_bsp/ps7_cortexa9_0/lib/libxil.a(xil_printf.o)
 .ARM.attributes
                0x00024bed       0x3f ../../NicolaRadio_bsp/ps7_cortexa9_0/lib/libxil.a(xtime_l.o)
 .ARM.attributes
                0x00024c2c       0x3f ../../NicolaRadio_bsp/ps7_cortexa9_0/lib/libxil.a(xllfifo_g.o)
 .ARM.attributes
                0x00024c6b       0x3f ../../NicolaRadio_bsp/ps7_cortexa9_0/lib/libxil.a(n3z_tonetest_g.o)
 .ARM.attributes
                0x00024caa       0x3f ../../NicolaRadio_bsp/ps7_cortexa9_0/lib/libxil.a(xscutimer_g.o)
 .ARM.attributes
                0x00024ce9       0x3f ../../NicolaRadio_bsp/ps7_cortexa9_0/lib/libxil.a(xscuwdt_g.o)
 .ARM.attributes
                0x00024d28       0x3f ../../NicolaRadio_bsp/ps7_cortexa9_0/lib/libxil.a(xsdps_g.o)
 .ARM.attributes
                0x00024d67       0x29 ../../NicolaRadio_bsp/ps7_cortexa9_0/lib/libxil.a(cpu_init.o)
 .ARM.attributes
                0x00024d90       0x3f ../../NicolaRadio_bsp/ps7_cortexa9_0/lib/libxil.a(outbyte.o)
 .ARM.attributes
                0x00024dcf       0x3f ../../NicolaRadio_bsp/ps7_cortexa9_0/lib/libxil.a(xuartps_hw.o)
 .ARM.attributes
                0x00024e0e       0x21 /opt/Xilinx/SDK/2016.2/gnu/aarch32/lin/gcc-arm-none-eabi/bin/../lib/gcc/arm-none-eabi/4.9.2/v7-a/fpv3/hard/libgcc.a(_udivsi3.o)
 .ARM.attributes
                0x00024e2f       0x21 /opt/Xilinx/SDK/2016.2/gnu/aarch32/lin/gcc-arm-none-eabi/bin/../lib/gcc/arm-none-eabi/4.9.2/v7-a/fpv3/hard/libgcc.a(_dvmd_tls.o)
 .ARM.attributes
                0x00024e50       0x35 /opt/Xilinx/SDK/2016.2/gnu/aarch32/lin/gcc-arm-none-eabi/bin/../lib/gcc/arm-none-eabi/4.9.2/../../../../arm-none-eabi/lib/v7-a/fpv3/hard/libc.a(lib_a-atoi.o)
 .ARM.attributes
                0x00024e85       0x35 /opt/Xilinx/SDK/2016.2/gnu/aarch32/lin/gcc-arm-none-eabi/bin/../lib/gcc/arm-none-eabi/4.9.2/../../../../arm-none-eabi/lib/v7-a/fpv3/hard/libc.a(lib_a-ctype_.o)
 .ARM.attributes
                0x00024eba       0x35 /opt/Xilinx/SDK/2016.2/gnu/aarch32/lin/gcc-arm-none-eabi/bin/../lib/gcc/arm-none-eabi/4.9.2/../../../../arm-none-eabi/lib/v7-a/fpv3/hard/libc.a(lib_a-exit.o)
 .ARM.attributes
                0x00024eef       0x35 /opt/Xilinx/SDK/2016.2/gnu/aarch32/lin/gcc-arm-none-eabi/bin/../lib/gcc/arm-none-eabi/4.9.2/../../../../arm-none-eabi/lib/v7-a/fpv3/hard/libc.a(lib_a-fini.o)
 .ARM.attributes
                0x00024f24       0x35 /opt/Xilinx/SDK/2016.2/gnu/aarch32/lin/gcc-arm-none-eabi/bin/../lib/gcc/arm-none-eabi/4.9.2/../../../../arm-none-eabi/lib/v7-a/fpv3/hard/libc.a(lib_a-impure.o)
 .ARM.attributes
                0x00024f59       0x35 /opt/Xilinx/SDK/2016.2/gnu/aarch32/lin/gcc-arm-none-eabi/bin/../lib/gcc/arm-none-eabi/4.9.2/../../../../arm-none-eabi/lib/v7-a/fpv3/hard/libc.a(lib_a-init.o)
 .ARM.attributes
                0x00024f8e       0x35 /opt/Xilinx/SDK/2016.2/gnu/aarch32/lin/gcc-arm-none-eabi/bin/../lib/gcc/arm-none-eabi/4.9.2/../../../../arm-none-eabi/lib/v7-a/fpv3/hard/libc.a(lib_a-malloc.o)
 .ARM.attributes
                0x00024fc3       0x35 /opt/Xilinx/SDK/2016.2/gnu/aarch32/lin/gcc-arm-none-eabi/bin/../lib/gcc/arm-none-eabi/4.9.2/../../../../arm-none-eabi/lib/v7-a/fpv3/hard/libc.a(lib_a-mallocr.o)
 .ARM.attributes
                0x00024ff8       0x35 /opt/Xilinx/SDK/2016.2/gnu/aarch32/lin/gcc-arm-none-eabi/bin/../lib/gcc/arm-none-eabi/4.9.2/../../../../arm-none-eabi/lib/v7-a/fpv3/hard/libc.a(lib_a-memcmp.o)
 .ARM.attributes
                0x0002502d       0x1b /opt/Xilinx/SDK/2016.2/gnu/aarch32/lin/gcc-arm-none-eabi/bin/../lib/gcc/arm-none-eabi/4.9.2/../../../../arm-none-eabi/lib/v7-a/fpv3/hard/libc.a(lib_a-memcpy.o)
 .ARM.attributes
                0x00025048       0x35 /opt/Xilinx/SDK/2016.2/gnu/aarch32/lin/gcc-arm-none-eabi/bin/../lib/gcc/arm-none-eabi/4.9.2/../../../../arm-none-eabi/lib/v7-a/fpv3/hard/libc.a(lib_a-memset.o)
 .ARM.attributes
                0x0002507d       0x35 /opt/Xilinx/SDK/2016.2/gnu/aarch32/lin/gcc-arm-none-eabi/bin/../lib/gcc/arm-none-eabi/4.9.2/../../../../arm-none-eabi/lib/v7-a/fpv3/hard/libc.a(lib_a-mlock.o)
 .ARM.attributes
                0x000250b2       0x35 /opt/Xilinx/SDK/2016.2/gnu/aarch32/lin/gcc-arm-none-eabi/bin/../lib/gcc/arm-none-eabi/4.9.2/../../../../arm-none-eabi/lib/v7-a/fpv3/hard/libc.a(lib_a-sbrkr.o)
 .ARM.attributes
                0x000250e7       0x35 /opt/Xilinx/SDK/2016.2/gnu/aarch32/lin/gcc-arm-none-eabi/bin/../lib/gcc/arm-none-eabi/4.9.2/../../../../arm-none-eabi/lib/v7-a/fpv3/hard/libc.a(lib_a-strcpy.o)
 .ARM.attributes
                0x0002511c       0x1f /opt/Xilinx/SDK/2016.2/gnu/aarch32/lin/gcc-arm-none-eabi/bin/../lib/gcc/arm-none-eabi/4.9.2/../../../../arm-none-eabi/lib/v7-a/fpv3/hard/libc.a(lib_a-strlen-armv7.o)
 .ARM.attributes
                0x0002513b       0x35 /opt/Xilinx/SDK/2016.2/gnu/aarch32/lin/gcc-arm-none-eabi/bin/../lib/gcc/arm-none-eabi/4.9.2/../../../../arm-none-eabi/lib/v7-a/fpv3/hard/libc.a(lib_a-strncmp.o)
 .ARM.attributes
                0x00025170       0x35 /opt/Xilinx/SDK/2016.2/gnu/aarch32/lin/gcc-arm-none-eabi/bin/../lib/gcc/arm-none-eabi/4.9.2/../../../../arm-none-eabi/lib/v7-a/fpv3/hard/libc.a(lib_a-strncpy.o)
 .ARM.attributes
                0x000251a5       0x35 /opt/Xilinx/SDK/2016.2/gnu/aarch32/lin/gcc-arm-none-eabi/bin/../lib/gcc/arm-none-eabi/4.9.2/../../../../arm-none-eabi/lib/v7-a/fpv3/hard/libc.a(lib_a-strtol.o)
 .ARM.attributes
                0x000251da       0x35 /opt/Xilinx/SDK/2016.2/gnu/aarch32/lin/gcc-arm-none-eabi/bin/../lib/gcc/arm-none-eabi/4.9.2/../../../../arm-none-eabi/lib/v7-a/fpv3/hard/libc.a(lib_a-__call_atexit.o)
 .ARM.attributes
                0x0002520f       0x35 /opt/Xilinx/SDK/2016.2/gnu/aarch32/lin/gcc-arm-none-eabi/bin/../lib/gcc/arm-none-eabi/4.9.2/../../../../arm-none-eabi/lib/v7-a/fpv3/hard/libc.a(lib_a-atexit.o)
 .ARM.attributes
                0x00025244       0x35 /opt/Xilinx/SDK/2016.2/gnu/aarch32/lin/gcc-arm-none-eabi/bin/../lib/gcc/arm-none-eabi/4.9.2/../../../../arm-none-eabi/lib/v7-a/fpv3/hard/libc.a(lib_a-freer.o)
 .ARM.attributes
                0x00025279       0x35 /opt/Xilinx/SDK/2016.2/gnu/aarch32/lin/gcc-arm-none-eabi/bin/../lib/gcc/arm-none-eabi/4.9.2/../../../../arm-none-eabi/lib/v7-a/fpv3/hard/libc.a(lib_a-reent.o)
 .ARM.attributes
                0x000252ae       0x35 /opt/Xilinx/SDK/2016.2/gnu/aarch32/lin/gcc-arm-none-eabi/bin/../lib/gcc/arm-none-eabi/4.9.2/../../../../arm-none-eabi/lib/v7-a/fpv3/hard/libc.a(lib_a-__atexit.o)
 .ARM.attributes
                0x000252e3       0x3f ../../NicolaRadio_bsp/ps7_cortexa9_0/lib/libxil.a(_exit.o)
 .ARM.attributes
                0x00025322       0x3f ../../NicolaRadio_bsp/ps7_cortexa9_0/lib/libxil.a(_sbrk.o)
 .ARM.attributes
                0x00025361       0x35 /opt/Xilinx/SDK/2016.2/gnu/aarch32/lin/gcc-arm-none-eabi/bin/../lib/gcc/arm-none-eabi/4.9.2/v7-a/fpv3/hard/crtend.o
 .ARM.attributes
                0x00025396       0x21 /opt/Xilinx/SDK/2016.2/gnu/aarch32/lin/gcc-arm-none-eabi/bin/../lib/gcc/arm-none-eabi/4.9.2/v7-a/fpv3/hard/crtn.o
                0x000253b7                __ARM.attributes_end = .

.sdata          0x0002400c        0x0
                0x0002400c                __sdata_start = .
 *(.sdata)
 *(.sdata.*)
 *(.gnu.linkonce.s.*)
                0x0002400c                __sdata_end = .

.sbss           0x0002400c        0x0
                0x0002400c                __sbss_start = .
 *(.sbss)
 *(.sbss.*)
 *(.gnu.linkonce.sb.*)
                0x0002400c                __sbss_end = .

.tdata          0x0002400c        0x0
                0x0002400c                __tdata_start = .
 *(.tdata)
 *(.tdata.*)
 *(.gnu.linkonce.td.*)
                0x0002400c                __tdata_end = .

.tbss           0x0002400c        0x0
                0x0002400c                __tbss_start = .
 *(.tbss)
 *(.tbss.*)
 *(.gnu.linkonce.tb.*)
                0x0002400c                __tbss_end = .

.bss            0x00024020     0x9444
                0x00024020                __bss_start = .
 *(.bss)
 .bss           0x00024020        0x0 /opt/Xilinx/SDK/2016.2/gnu/aarch32/lin/gcc-arm-none-eabi/bin/../lib/gcc/arm-none-eabi/4.9.2/v7-a/fpv3/hard/crti.o
 .bss           0x00024020       0x1c /opt/Xilinx/SDK/2016.2/gnu/aarch32/lin/gcc-arm-none-eabi/bin/../lib/gcc/arm-none-eabi/4.9.2/v7-a/fpv3/hard/crtbegin.o
 .bss           0x0002403c        0xc ./src/portable/port.o
                0x0002403c                ulPortTaskHasFPUContext
                0x00024040                ulPortYieldRequired
                0x00024044                ulPortInterruptNesting
 .bss           0x00024048        0x0 ./src/portable/portASM.o
 .bss           0x00024048        0x0 ./src/FreeRTOS_asm_vectors.o
 .bss           0x00024048       0x10 ./src/FreeRTOS_tick_config.o
 .bss           0x00024058        0x0 ./src/event_groups.o
 .bss           0x00024058     0x7818 ./src/heap_4.o
 .bss           0x0002b870        0x0 ./src/list.o
 .bss           0x0002b870      0xcb0 ./src/main.o
 .bss           0x0002c520        0x0 ./src/platform.o
 .bss           0x0002c520        0x0 ./src/printf-stdarg.o
 .bss           0x0002c520        0xc ./src/ps7_init_Nicola.o
                0x0002c520                ps7_ddr_init_data_1_0
                0x0002c524                ps7_ddr_init_data_2_0
                0x0002c528                ps7_ddr_init_data_3_0
 .bss           0x0002c52c        0x0 ./src/queue.o
 .bss           0x0002c52c      0x12c ./src/tasks.o
                0x0002c52c                pxCurrentTCB
 .bss           0x0002c658       0xe0 ./src/timers.o
 .bss           0x0002c738       0x7c ./NicolaCode/Bluetooth.o
                0x0002c7b0                RfcommIsOpen
 .bss           0x0002c7b4        0x0 ./NicolaCode/ConsoleManager.o
 .bss           0x0002c7b4        0x4 ./NicolaCode/DebugInterface.o
 *fill*         0x0002c7b8        0x8 
 .bss           0x0002c7c0      0x160 ./NicolaCode/Flash-SDCard.o
 .bss           0x0002c920      0x710 ./NicolaCode/LCD_Display.o
                0x0002c920                firstMenuItem
                0x0002c934                CDCardRunning
                0x0002ce10                flashOffset
 .bss           0x0002d030        0x8 ./NicolaCode/PSPLComms.o
 .bss           0x0002d038        0x4 ./NicolaCode/RadioInterface.o
                0x0002d038                InstancePtr
 .bss           0x0002d03c        0x8 ./NicolaCode/RemoteProtocolHandler.o
 *fill*         0x0002d044       0x1c 
 .bss           0x0002d060      0x200 ./NicolaCode/xsdps.o
 .bss           0x0002d260        0x0 ../../NicolaRadio_bsp/ps7_cortexa9_0/lib/libxil.a(xllfifo.o)
 .bss           0x0002d260        0x0 ../../NicolaRadio_bsp/ps7_cortexa9_0/lib/libxil.a(xllfifo_sinit.o)
 .bss           0x0002d260        0x0 ../../NicolaRadio_bsp/ps7_cortexa9_0/lib/libxil.a(xstreamer.o)
 .bss           0x0002d260        0x0 ../../NicolaRadio_bsp/ps7_cortexa9_0/lib/libxil.a(n3z_tonetest.o)
 .bss           0x0002d260        0x0 ../../NicolaRadio_bsp/ps7_cortexa9_0/lib/libxil.a(n3z_tonetest_sinit.o)
 .bss           0x0002d260        0x0 ../../NicolaRadio_bsp/ps7_cortexa9_0/lib/libxil.a(xscugic.o)
 .bss           0x0002d260        0x0 ../../NicolaRadio_bsp/ps7_cortexa9_0/lib/libxil.a(xscugic_g.o)
 .bss           0x0002d260        0x0 ../../NicolaRadio_bsp/ps7_cortexa9_0/lib/libxil.a(xscugic_sinit.o)
 .bss           0x0002d260        0x0 ../../NicolaRadio_bsp/ps7_cortexa9_0/lib/libxil.a(xscutimer.o)
 .bss           0x0002d260        0x0 ../../NicolaRadio_bsp/ps7_cortexa9_0/lib/libxil.a(xscutimer_sinit.o)
 .bss           0x0002d260        0x0 ../../NicolaRadio_bsp/ps7_cortexa9_0/lib/libxil.a(xscuwdt.o)
 .bss           0x0002d260        0x0 ../../NicolaRadio_bsp/ps7_cortexa9_0/lib/libxil.a(xscuwdt_sinit.o)
 .bss           0x0002d260        0x0 ../../NicolaRadio_bsp/ps7_cortexa9_0/lib/libxil.a(xsdps_options.o)
 .bss           0x0002d260        0x0 ../../NicolaRadio_bsp/ps7_cortexa9_0/lib/libxil.a(xsdps_sinit.o)
 .bss           0x0002d260        0x0 ../../NicolaRadio_bsp/ps7_cortexa9_0/lib/libxil.a(asm_vectors.o)
 .bss           0x0002d260        0x0 ../../NicolaRadio_bsp/ps7_cortexa9_0/lib/libxil.a(boot.o)
 .bss           0x0002d260        0x0 ../../NicolaRadio_bsp/ps7_cortexa9_0/lib/libxil.a(sleep.o)
 .bss           0x0002d260        0x0 ../../NicolaRadio_bsp/ps7_cortexa9_0/lib/libxil.a(translation_table.o)
 .bss           0x0002d260        0x0 ../../NicolaRadio_bsp/ps7_cortexa9_0/lib/libxil.a(usleep.o)
 .bss           0x0002d260        0x0 ../../NicolaRadio_bsp/ps7_cortexa9_0/lib/libxil.a(vectors.o)
 .bss           0x0002d260        0x0 ../../NicolaRadio_bsp/ps7_cortexa9_0/lib/libxil.a(xil-crt0.o)
 .bss           0x0002d260        0x4 ../../NicolaRadio_bsp/ps7_cortexa9_0/lib/libxil.a(xil_assert.o)
 .bss           0x0002d264        0x0 ../../NicolaRadio_bsp/ps7_cortexa9_0/lib/libxil.a(xil_cache.o)
 .bss           0x0002d264        0x0 ../../NicolaRadio_bsp/ps7_cortexa9_0/lib/libxil.a(xil_exception.o)
 .bss           0x0002d264        0x0 ../../NicolaRadio_bsp/ps7_cortexa9_0/lib/libxil.a(xil_io.o)
 .bss           0x0002d264        0x0 ../../NicolaRadio_bsp/ps7_cortexa9_0/lib/libxil.a(xil_printf.o)
 .bss           0x0002d264        0x0 ../../NicolaRadio_bsp/ps7_cortexa9_0/lib/libxil.a(xtime_l.o)
 .bss           0x0002d264        0x0 ../../NicolaRadio_bsp/ps7_cortexa9_0/lib/libxil.a(xllfifo_g.o)
 .bss           0x0002d264        0x0 ../../NicolaRadio_bsp/ps7_cortexa9_0/lib/libxil.a(n3z_tonetest_g.o)
 .bss           0x0002d264        0x0 ../../NicolaRadio_bsp/ps7_cortexa9_0/lib/libxil.a(xscutimer_g.o)
 .bss           0x0002d264        0x0 ../../NicolaRadio_bsp/ps7_cortexa9_0/lib/libxil.a(xscuwdt_g.o)
 .bss           0x0002d264        0x0 ../../NicolaRadio_bsp/ps7_cortexa9_0/lib/libxil.a(xsdps_g.o)
 .bss           0x0002d264        0x0 ../../NicolaRadio_bsp/ps7_cortexa9_0/lib/libxil.a(cpu_init.o)
 .bss           0x0002d264        0x0 ../../NicolaRadio_bsp/ps7_cortexa9_0/lib/libxil.a(outbyte.o)
 .bss           0x0002d264        0x0 ../../NicolaRadio_bsp/ps7_cortexa9_0/lib/libxil.a(xuartps_hw.o)
 .bss           0x0002d264        0x0 /opt/Xilinx/SDK/2016.2/gnu/aarch32/lin/gcc-arm-none-eabi/bin/../lib/gcc/arm-none-eabi/4.9.2/v7-a/fpv3/hard/libgcc.a(_udivsi3.o)
 .bss           0x0002d264        0x0 /opt/Xilinx/SDK/2016.2/gnu/aarch32/lin/gcc-arm-none-eabi/bin/../lib/gcc/arm-none-eabi/4.9.2/v7-a/fpv3/hard/libgcc.a(_dvmd_tls.o)
 .bss           0x0002d264        0x0 /opt/Xilinx/SDK/2016.2/gnu/aarch32/lin/gcc-arm-none-eabi/bin/../lib/gcc/arm-none-eabi/4.9.2/../../../../arm-none-eabi/lib/v7-a/fpv3/hard/libc.a(lib_a-atoi.o)
 .bss           0x0002d264        0x0 /opt/Xilinx/SDK/2016.2/gnu/aarch32/lin/gcc-arm-none-eabi/bin/../lib/gcc/arm-none-eabi/4.9.2/../../../../arm-none-eabi/lib/v7-a/fpv3/hard/libc.a(lib_a-ctype_.o)
 .bss           0x0002d264        0x0 /opt/Xilinx/SDK/2016.2/gnu/aarch32/lin/gcc-arm-none-eabi/bin/../lib/gcc/arm-none-eabi/4.9.2/../../../../arm-none-eabi/lib/v7-a/fpv3/hard/libc.a(lib_a-exit.o)
 .bss           0x0002d264        0x0 /opt/Xilinx/SDK/2016.2/gnu/aarch32/lin/gcc-arm-none-eabi/bin/../lib/gcc/arm-none-eabi/4.9.2/../../../../arm-none-eabi/lib/v7-a/fpv3/hard/libc.a(lib_a-fini.o)
 .bss           0x0002d264        0x0 /opt/Xilinx/SDK/2016.2/gnu/aarch32/lin/gcc-arm-none-eabi/bin/../lib/gcc/arm-none-eabi/4.9.2/../../../../arm-none-eabi/lib/v7-a/fpv3/hard/libc.a(lib_a-impure.o)
 .bss           0x0002d264        0x0 /opt/Xilinx/SDK/2016.2/gnu/aarch32/lin/gcc-arm-none-eabi/bin/../lib/gcc/arm-none-eabi/4.9.2/../../../../arm-none-eabi/lib/v7-a/fpv3/hard/libc.a(lib_a-init.o)
 .bss           0x0002d264        0x0 /opt/Xilinx/SDK/2016.2/gnu/aarch32/lin/gcc-arm-none-eabi/bin/../lib/gcc/arm-none-eabi/4.9.2/../../../../arm-none-eabi/lib/v7-a/fpv3/hard/libc.a(lib_a-malloc.o)
 .bss           0x0002d264       0x34 /opt/Xilinx/SDK/2016.2/gnu/aarch32/lin/gcc-arm-none-eabi/bin/../lib/gcc/arm-none-eabi/4.9.2/../../../../arm-none-eabi/lib/v7-a/fpv3/hard/libc.a(lib_a-mallocr.o)
                0x0002d264                __malloc_top_pad
                0x0002d268                __malloc_current_mallinfo
                0x0002d290                __malloc_max_sbrked_mem
                0x0002d294                __malloc_max_total_mem
 .bss           0x0002d298        0x0 /opt/Xilinx/SDK/2016.2/gnu/aarch32/lin/gcc-arm-none-eabi/bin/../lib/gcc/arm-none-eabi/4.9.2/../../../../arm-none-eabi/lib/v7-a/fpv3/hard/libc.a(lib_a-memcmp.o)
 .bss           0x0002d298        0x0 /opt/Xilinx/SDK/2016.2/gnu/aarch32/lin/gcc-arm-none-eabi/bin/../lib/gcc/arm-none-eabi/4.9.2/../../../../arm-none-eabi/lib/v7-a/fpv3/hard/libc.a(lib_a-memcpy.o)
 .bss           0x0002d298        0x0 /opt/Xilinx/SDK/2016.2/gnu/aarch32/lin/gcc-arm-none-eabi/bin/../lib/gcc/arm-none-eabi/4.9.2/../../../../arm-none-eabi/lib/v7-a/fpv3/hard/libc.a(lib_a-memset.o)
 .bss           0x0002d298        0x0 /opt/Xilinx/SDK/2016.2/gnu/aarch32/lin/gcc-arm-none-eabi/bin/../lib/gcc/arm-none-eabi/4.9.2/../../../../arm-none-eabi/lib/v7-a/fpv3/hard/libc.a(lib_a-mlock.o)
 .bss           0x0002d298        0x0 /opt/Xilinx/SDK/2016.2/gnu/aarch32/lin/gcc-arm-none-eabi/bin/../lib/gcc/arm-none-eabi/4.9.2/../../../../arm-none-eabi/lib/v7-a/fpv3/hard/libc.a(lib_a-sbrkr.o)
 .bss           0x0002d298        0x0 /opt/Xilinx/SDK/2016.2/gnu/aarch32/lin/gcc-arm-none-eabi/bin/../lib/gcc/arm-none-eabi/4.9.2/../../../../arm-none-eabi/lib/v7-a/fpv3/hard/libc.a(lib_a-strcpy.o)
 .bss           0x0002d298        0x0 /opt/Xilinx/SDK/2016.2/gnu/aarch32/lin/gcc-arm-none-eabi/bin/../lib/gcc/arm-none-eabi/4.9.2/../../../../arm-none-eabi/lib/v7-a/fpv3/hard/libc.a(lib_a-strlen-armv7.o)
 .bss           0x0002d298        0x0 /opt/Xilinx/SDK/2016.2/gnu/aarch32/lin/gcc-arm-none-eabi/bin/../lib/gcc/arm-none-eabi/4.9.2/../../../../arm-none-eabi/lib/v7-a/fpv3/hard/libc.a(lib_a-strncmp.o)
 .bss           0x0002d298        0x0 /opt/Xilinx/SDK/2016.2/gnu/aarch32/lin/gcc-arm-none-eabi/bin/../lib/gcc/arm-none-eabi/4.9.2/../../../../arm-none-eabi/lib/v7-a/fpv3/hard/libc.a(lib_a-strncpy.o)
 .bss           0x0002d298        0x0 /opt/Xilinx/SDK/2016.2/gnu/aarch32/lin/gcc-arm-none-eabi/bin/../lib/gcc/arm-none-eabi/4.9.2/../../../../arm-none-eabi/lib/v7-a/fpv3/hard/libc.a(lib_a-strtol.o)
 .bss           0x0002d298        0x0 /opt/Xilinx/SDK/2016.2/gnu/aarch32/lin/gcc-arm-none-eabi/bin/../lib/gcc/arm-none-eabi/4.9.2/../../../../arm-none-eabi/lib/v7-a/fpv3/hard/libc.a(lib_a-__call_atexit.o)
 .bss           0x0002d298        0x0 /opt/Xilinx/SDK/2016.2/gnu/aarch32/lin/gcc-arm-none-eabi/bin/../lib/gcc/arm-none-eabi/4.9.2/../../../../arm-none-eabi/lib/v7-a/fpv3/hard/libc.a(lib_a-atexit.o)
 .bss           0x0002d298        0x0 /opt/Xilinx/SDK/2016.2/gnu/aarch32/lin/gcc-arm-none-eabi/bin/../lib/gcc/arm-none-eabi/4.9.2/../../../../arm-none-eabi/lib/v7-a/fpv3/hard/libc.a(lib_a-freer.o)
 .bss           0x0002d298        0x0 /opt/Xilinx/SDK/2016.2/gnu/aarch32/lin/gcc-arm-none-eabi/bin/../lib/gcc/arm-none-eabi/4.9.2/../../../../arm-none-eabi/lib/v7-a/fpv3/hard/libc.a(lib_a-reent.o)
 .bss           0x0002d298        0x0 /opt/Xilinx/SDK/2016.2/gnu/aarch32/lin/gcc-arm-none-eabi/bin/../lib/gcc/arm-none-eabi/4.9.2/../../../../arm-none-eabi/lib/v7-a/fpv3/hard/libc.a(lib_a-__atexit.o)
 .bss           0x0002d298        0x0 ../../NicolaRadio_bsp/ps7_cortexa9_0/lib/libxil.a(_exit.o)
 .bss           0x0002d298        0x4 ../../NicolaRadio_bsp/ps7_cortexa9_0/lib/libxil.a(_sbrk.o)
 .bss           0x0002d29c        0x0 /opt/Xilinx/SDK/2016.2/gnu/aarch32/lin/gcc-arm-none-eabi/bin/../lib/gcc/arm-none-eabi/4.9.2/v7-a/fpv3/hard/crtend.o
 .bss           0x0002d29c        0x0 /opt/Xilinx/SDK/2016.2/gnu/aarch32/lin/gcc-arm-none-eabi/bin/../lib/gcc/arm-none-eabi/4.9.2/v7-a/fpv3/hard/crtn.o
 *(.bss.*)
 *(.gnu.linkonce.b.*)
 *(COMMON)
 COMMON         0x0002d29c        0xc ./src/FreeRTOS_tick_config.o
                0x0002d29c                xInterruptController
 COMMON         0x0002d2a8       0x3e ./src/main.o
                0x0002d2a8                xWatchDogInstance
                0x0002d2b8                thisNicolaSettings
 *fill*         0x0002d2e6        0x2 
 COMMON         0x0002d2e8       0x40 ./src/queue.o
                0x0002d2e8                xQueueRegistry
 COMMON         0x0002d328       0x10 ./NicolaCode/Bluetooth.o
                0x0002d328                BluetoothIOTask
                0x0002d32c                BluegigaTransmitQueue
                0x0002d330                consoleQueue
                0x0002d334                BluegigaReceiveQueue
 COMMON         0x0002d338        0x8 ./NicolaCode/ConsoleManager.o
                0x0002d338                consoleReceiveQueue
                0x0002d33c                consoleTransmitQueue
 COMMON         0x0002d340        0x4 ./NicolaCode/DebugInterface.o
                0x0002d340                DebugControlQueue
 COMMON         0x0002d344       0x28 ./NicolaCode/LCD_Display.o
                0x0002d344                Gpio
                0x0002d364                pageData
                0x0002d368                KeysReceivedQueue
 COMMON         0x0002d36c       0xd8 ./NicolaCode/PSPLComms.o
                0x0002d36c                DataFifo
                0x0002d3d0                PLTransmitQueue
                0x0002d3d4                PSPLFifo
                0x0002d438                ToneTestInstancePtr
                0x0002d43c                Buffer
                0x0002d440                TextMessageTransmitQueue
 COMMON         0x0002d444        0x4 ./NicolaCode/RadioInterface.o
                0x0002d444                PLSendQueue
 COMMON         0x0002d448        0x8 ./NicolaCode/RemoteProtocolHandler.o
                0x0002d448                MessageFromAndriodQueue
                0x0002d44c                MessageFromRemoteNicolasQueue
 COMMON         0x0002d450        0x4 ../../NicolaRadio_bsp/ps7_cortexa9_0/lib/libxil.a(xil_assert.o)
                0x0002d450                Xil_AssertStatus
 COMMON         0x0002d454        0xc ../../NicolaRadio_bsp/ps7_cortexa9_0/lib/libxil.a(xil_exception.o)
                0x0002d454                UndefinedExceptionAddr
                0x0002d458                PrefetchAbortAddr
                0x0002d45c                DataAbortAddr
 COMMON         0x0002d460        0x4 /opt/Xilinx/SDK/2016.2/gnu/aarch32/lin/gcc-arm-none-eabi/bin/../lib/gcc/arm-none-eabi/4.9.2/../../../../arm-none-eabi/lib/v7-a/fpv3/hard/libc.a(lib_a-reent.o)
                0x0002d460                errno
                0x0002d464                __bss_end = .
                0x0002400c                _SDA_BASE_ = (__sdata_start + ((__sbss_end - __sdata_start) / 0x2))
                0x0001bd94                _SDA2_BASE_ = (__sdata2_start + ((__sbss2_end - __sdata2_start) / 0x2))

.heap           0xffff0000     0xa000
                0xffff0000                . = ALIGN (0x10)
                0xffff0000                _heap = .
                0xffff0000                HeapBase = .
                0xffff0000                _heap_start = .
                0xffffa000                . = (. + _HEAP_SIZE)
 *fill*         0xffff0000     0xa000 
                0xffffa000                _heap_end = .
                0xffffa000                HeapLimit = .

.stack          0xffffa000     0x3800
                0xffffa000                . = ALIGN (0x10)
                0xffffa000                _stack_end = .
                0xffffc000                . = (. + _STACK_SIZE)
 *fill*         0xffffa000     0x2000 
                0xffffc000                _stack = .
                0xffffc000                __stack = _stack
                0xffffc000                . = ALIGN (0x10)
                0xffffc000                _irq_stack_end = .
                0xffffc400                . = (. + _IRQ_STACK_SIZE)
 *fill*         0xffffc000      0x400 
                0xffffc400                __irq_stack = .
                0xffffc400                _supervisor_stack_end = .
                0xffffcc00                . = (. + _SUPERVISOR_STACK_SIZE)
 *fill*         0xffffc400      0x800 
                0xffffcc00                . = ALIGN (0x10)
                0xffffcc00                __supervisor_stack = .
                0xffffcc00                _abort_stack_end = .
                0xffffd000                . = (. + _ABORT_STACK_SIZE)
 *fill*         0xffffcc00      0x400 
                0xffffd000                . = ALIGN (0x10)
                0xffffd000                __abort_stack = .
                0xffffd000                _fiq_stack_end = .
                0xffffd400                . = (. + _FIQ_STACK_SIZE)
 *fill*         0xffffd000      0x400 
                0xffffd400                . = ALIGN (0x10)
                0xffffd400                __fiq_stack = .
                0xffffd400                _undef_stack_end = .
                0xffffd800                . = (. + _UNDEF_STACK_SIZE)
 *fill*         0xffffd400      0x400 
                0xffffd800                . = ALIGN (0x10)
                0xffffd800                __undef_stack = .
                0xffffd800                _end = .
LOAD ./src/portable/port.o
LOAD ./src/portable/portASM.o
LOAD ./src/FreeRTOS_asm_vectors.o
LOAD ./src/FreeRTOS_tick_config.o
LOAD ./src/event_groups.o
LOAD ./src/heap_4.o
LOAD ./src/list.o
LOAD ./src/main.o
LOAD ./src/platform.o
LOAD ./src/printf-stdarg.o
LOAD ./src/ps7_init_Nicola.o
LOAD ./src/queue.o
LOAD ./src/tasks.o
LOAD ./src/timers.o
LOAD ./NicolaCode/Bluetooth.o
LOAD ./NicolaCode/ConsoleManager.o
LOAD ./NicolaCode/DebugInterface.o
LOAD ./NicolaCode/Flash-SDCard.o
LOAD ./NicolaCode/LCD_Display.o
LOAD ./NicolaCode/PSPLComms.o
LOAD ./NicolaCode/RadioInterface.o
LOAD ./NicolaCode/RemoteProtocolHandler.o
LOAD ./NicolaCode/xsdps.o
START GROUP
LOAD ../../NicolaRadio_bsp/ps7_cortexa9_0/lib/libxil.a
LOAD /opt/Xilinx/SDK/2016.2/gnu/aarch32/lin/gcc-arm-none-eabi/bin/../lib/gcc/arm-none-eabi/4.9.2/v7-a/fpv3/hard/libgcc.a
LOAD /opt/Xilinx/SDK/2016.2/gnu/aarch32/lin/gcc-arm-none-eabi/bin/../lib/gcc/arm-none-eabi/4.9.2/../../../../arm-none-eabi/lib/v7-a/fpv3/hard/libc.a
END GROUP
START GROUP
LOAD /opt/Xilinx/SDK/2016.2/gnu/aarch32/lin/gcc-arm-none-eabi/bin/../lib/gcc/arm-none-eabi/4.9.2/v7-a/fpv3/hard/libgcc.a
LOAD /opt/Xilinx/SDK/2016.2/gnu/aarch32/lin/gcc-arm-none-eabi/bin/../lib/gcc/arm-none-eabi/4.9.2/../../../../arm-none-eabi/lib/v7-a/fpv3/hard/libc.a
END GROUP
LOAD /opt/Xilinx/SDK/2016.2/gnu/aarch32/lin/gcc-arm-none-eabi/bin/../lib/gcc/arm-none-eabi/4.9.2/v7-a/fpv3/hard/crtend.o
LOAD /opt/Xilinx/SDK/2016.2/gnu/aarch32/lin/gcc-arm-none-eabi/bin/../lib/gcc/arm-none-eabi/4.9.2/v7-a/fpv3/hard/crtn.o
OUTPUT(NicolaRadio.elf elf32-littlearm)

.debug_info     0x00000000     0x9adc
 .debug_info    0x00000000      0x337 ./src/portable/port.o
 .debug_info    0x00000337       0xa8 ./src/portable/portASM.o
 .debug_info    0x000003df       0xac ./src/FreeRTOS_asm_vectors.o
 .debug_info    0x0000048b      0x352 ./src/FreeRTOS_tick_config.o
 .debug_info    0x000007dd       0x76 ./src/event_groups.o
 .debug_info    0x00000853      0x2fa ./src/heap_4.o
 .debug_info    0x00000b4d      0x2a1 ./src/list.o
 .debug_info    0x00000dee      0x6ff ./src/main.o
 .debug_info    0x000014ed       0xf4 ./src/platform.o
 .debug_info    0x000015e1      0x38d ./src/printf-stdarg.o
 .debug_info    0x0000196e      0x666 ./src/ps7_init_Nicola.o
 .debug_info    0x00001fd4     0x12ed ./src/queue.o
 .debug_info    0x000032c1     0x1af5 ./src/tasks.o
 .debug_info    0x00004db6      0xf1c ./src/timers.o
 .debug_info    0x00005cd2      0x81d ./NicolaCode/Bluetooth.o
 .debug_info    0x000064ef      0x4ce ./NicolaCode/ConsoleManager.o