15:34:45 **** Build of project N3fromHelloWorld_bsp ****
make -k all 
Running Make include in ps7_cortexa9_0/libsrc/coresightps_dcc_v1_2/src
make -C ps7_cortexa9_0/libsrc/coresightps_dcc_v1_2/src -s include  "SHELL=/bin/sh" "COMPILER=arm-none-eabi-gcc" "ARCHIVER=arm-none-eabi-ar" "COMPILER_FLAGS=  -O2 -c" "EXTRA_COMPILER_FLAGS=-mcpu=cortex-a9 -mfpu=vfpv3 -mfloat-abi=hard -nostartfiles"
Running Make include in ps7_cortexa9_0/libsrc/cpu_cortexa9_v2_2/src
make -C ps7_cortexa9_0/libsrc/cpu_cortexa9_v2_2/src -s include  "SHELL=/bin/sh" "COMPILER=arm-none-eabi-gcc" "ARCHIVER=arm-none-eabi-ar" "COMPILER_FLAGS=  -O2 -c" "EXTRA_COMPILER_FLAGS=-mcpu=cortex-a9 -mfpu=vfpv3 -mfloat-abi=hard -nostartfiles"
Running Make include in ps7_cortexa9_0/libsrc/devcfg_v3_4/src
make -C ps7_cortexa9_0/libsrc/devcfg_v3_4/src -s include  "SHELL=/bin/sh" "COMPILER=arm-none-eabi-gcc" "ARCHIVER=arm-none-eabi-ar" "COMPILER_FLAGS=  -O2 -c" "EXTRA_COMPILER_FLAGS=-mcpu=cortex-a9 -mfpu=vfpv3 -mfloat-abi=hard -nostartfiles"
Running Make include in ps7_cortexa9_0/libsrc/dmaps_v2_1/src
make -C ps7_cortexa9_0/libsrc/dmaps_v2_1/src -s include  "SHELL=/bin/sh" "COMPILER=arm-none-eabi-gcc" "ARCHIVER=arm-none-eabi-ar" "COMPILER_FLAGS=  -O2 -c" "EXTRA_COMPILER_FLAGS=-mcpu=cortex-a9 -mfpu=vfpv3 -mfloat-abi=hard -nostartfiles"
Running Make include in ps7_cortexa9_0/libsrc/gpiops_v3_1/src
make -C ps7_cortexa9_0/libsrc/gpiops_v3_1/src -s include  "SHELL=/bin/sh" "COMPILER=arm-none-eabi-gcc" "ARCHIVER=arm-none-eabi-ar" "COMPILER_FLAGS=  -O2 -c" "EXTRA_COMPILER_FLAGS=-mcpu=cortex-a9 -mfpu=vfpv3 -mfloat-abi=hard -nostartfiles"
Running Make include in ps7_cortexa9_0/libsrc/llfifo_v5_1/src
make -C ps7_cortexa9_0/libsrc/llfifo_v5_1/src -s include  "SHELL=/bin/sh" "COMPILER=arm-none-eabi-gcc" "ARCHIVER=arm-none-eabi-ar" "COMPILER_FLAGS=  -O2 -c" "EXTRA_COMPILER_FLAGS=-mcpu=cortex-a9 -mfpu=vfpv3 -mfloat-abi=hard -nostartfiles"
Running Make include in ps7_cortexa9_0/libsrc/n3z_tonetest_v1_09/src
make -C ps7_cortexa9_0/libsrc/n3z_tonetest_v1_09/src -s include  "SHELL=/bin/sh" "COMPILER=arm-none-eabi-gcc" "ARCHIVER=arm-none-eabi-ar" "COMPILER_FLAGS=  -O2 -c" "EXTRA_COMPILER_FLAGS=-mcpu=cortex-a9 -mfpu=vfpv3 -mfloat-abi=hard -nostartfiles"
Running Make include in ps7_cortexa9_0/libsrc/qspips_v3_3/src
make -C ps7_cortexa9_0/libsrc/qspips_v3_3/src -s include  "SHELL=/bin/sh" "COMPILER=arm-none-eabi-gcc" "ARCHIVER=arm-none-eabi-ar" "COMPILER_FLAGS=  -O2 -c" "EXTRA_COMPILER_FLAGS=-mcpu=cortex-a9 -mfpu=vfpv3 -mfloat-abi=hard -nostartfiles"
Running Make include in ps7_cortexa9_0/libsrc/scugic_v3_3/src
make -C ps7_cortexa9_0/libsrc/scugic_v3_3/src -s include  "SHELL=/bin/sh" "COMPILER=arm-none-eabi-gcc" "ARCHIVER=arm-none-eabi-ar" "COMPILER_FLAGS=  -O2 -c" "EXTRA_COMPILER_FLAGS=-mcpu=cortex-a9 -mfpu=vfpv3 -mfloat-abi=hard -nostartfiles"
Running Make include in ps7_cortexa9_0/libsrc/scutimer_v2_1/src
make -C ps7_cortexa9_0/libsrc/scutimer_v2_1/src -s include  "SHELL=/bin/sh" "COMPILER=arm-none-eabi-gcc" "ARCHIVER=arm-none-eabi-ar" "COMPILER_FLAGS=  -O2 -c" "EXTRA_COMPILER_FLAGS=-mcpu=cortex-a9 -mfpu=vfpv3 -mfloat-abi=hard -nostartfiles"
Running Make include in ps7_cortexa9_0/libsrc/scuwdt_v2_1/src
make -C ps7_cortexa9_0/libsrc/scuwdt_v2_1/src -s include  "SHELL=/bin/sh" "COMPILER=arm-none-eabi-gcc" "ARCHIVER=arm-none-eabi-ar" "COMPILER_FLAGS=  -O2 -c" "EXTRA_COMPILER_FLAGS=-mcpu=cortex-a9 -mfpu=vfpv3 -mfloat-abi=hard -nostartfiles"
Running Make include in ps7_cortexa9_0/libsrc/sdps_v2_8/src
make -C ps7_cortexa9_0/libsrc/sdps_v2_8/src -s include  "SHELL=/bin/sh" "COMPILER=arm-none-eabi-gcc" "ARCHIVER=arm-none-eabi-ar" "COMPILER_FLAGS=  -O2 -c" "EXTRA_COMPILER_FLAGS=-mcpu=cortex-a9 -mfpu=vfpv3 -mfloat-abi=hard -nostartfiles"
Running Make include in ps7_cortexa9_0/libsrc/standalone_v5_5/src
make -C ps7_cortexa9_0/libsrc/standalone_v5_5/src -s include  "SHELL=/bin/sh" "COMPILER=arm-none-eabi-gcc" "ARCHIVER=arm-none-eabi-ar" "COMPILER_FLAGS=  -O2 -c" "EXTRA_COMPILER_FLAGS=-mcpu=cortex-a9 -mfpu=vfpv3 -mfloat-abi=hard -nostartfiles"
Running Make include in ps7_cortexa9_0/libsrc/uartps_v3_1/src
make -C ps7_cortexa9_0/libsrc/uartps_v3_1/src -s include  "SHELL=/bin/sh" "COMPILER=arm-none-eabi-gcc" "ARCHIVER=arm-none-eabi-ar" "COMPILER_FLAGS=  -O2 -c" "EXTRA_COMPILER_FLAGS=-mcpu=cortex-a9 -mfpu=vfpv3 -mfloat-abi=hard -nostartfiles"
Running Make include in ps7_cortexa9_0/libsrc/xadcps_v2_2/src
make -C ps7_cortexa9_0/libsrc/xadcps_v2_2/src -s include  "SHELL=/bin/sh" "COMPILER=arm-none-eabi-gcc" "ARCHIVER=arm-none-eabi-ar" "COMPILER_FLAGS=  -O2 -c" "EXTRA_COMPILER_FLAGS=-mcpu=cortex-a9 -mfpu=vfpv3 -mfloat-abi=hard -nostartfiles"
Running Make libs in ps7_cortexa9_0/libsrc/coresightps_dcc_v1_2/src
make -C ps7_cortexa9_0/libsrc/coresightps_dcc_v1_2/src -s libs  "SHELL=/bin/sh" "COMPILER=arm-none-eabi-gcc" "ARCHIVER=arm-none-eabi-ar" "COMPILER_FLAGS=  -O2 -c" "EXTRA_COMPILER_FLAGS=-mcpu=cortex-a9 -mfpu=vfpv3 -mfloat-abi=hard -nostartfiles"
Compiling coresightps_dcc
arm-none-eabi-ar: creating ../../../lib/libxil.a
Running Make libs in ps7_cortexa9_0/libsrc/cpu_cortexa9_v2_2/src
make -C ps7_cortexa9_0/libsrc/cpu_cortexa9_v2_2/src -s libs  "SHELL=/bin/sh" "COMPILER=arm-none-eabi-gcc" "ARCHIVER=arm-none-eabi-ar" "COMPILER_FLAGS=  -O2 -c" "EXTRA_COMPILER_FLAGS=-mcpu=cortex-a9 -mfpu=vfpv3 -mfloat-abi=hard -nostartfiles"
Compiling cpu_cortexa9
Running Make libs in ps7_cortexa9_0/libsrc/devcfg_v3_4/src
make -C ps7_cortexa9_0/libsrc/devcfg_v3_4/src -s libs  "SHELL=/bin/sh" "COMPILER=arm-none-eabi-gcc" "ARCHIVER=arm-none-eabi-ar" "COMPILER_FLAGS=  -O2 -c" "EXTRA_COMPILER_FLAGS=-mcpu=cortex-a9 -mfpu=vfpv3 -mfloat-abi=hard -nostartfiles"
Compiling devcfg
Running Make libs in ps7_cortexa9_0/libsrc/dmaps_v2_1/src
make -C ps7_cortexa9_0/libsrc/dmaps_v2_1/src -s libs  "SHELL=/bin/sh" "COMPILER=arm-none-eabi-gcc" "ARCHIVER=arm-none-eabi-ar" "COMPILER_FLAGS=  -O2 -c" "EXTRA_COMPILER_FLAGS=-mcpu=cortex-a9 -mfpu=vfpv3 -mfloat-abi=hard -nostartfiles"
Compiling dmaps
Running Make libs in ps7_cortexa9_0/libsrc/gpiops_v3_1/src
make -C ps7_cortexa9_0/libsrc/gpiops_v3_1/src -s libs  "SHELL=/bin/sh" "COMPILER=arm-none-eabi-gcc" "ARCHIVER=arm-none-eabi-ar" "COMPILER_FLAGS=  -O2 -c" "EXTRA_COMPILER_FLAGS=-mcpu=cortex-a9 -mfpu=vfpv3 -mfloat-abi=hard -nostartfiles"
Compiling gpiops
Running Make libs in ps7_cortexa9_0/libsrc/llfifo_v5_1/src
make -C ps7_cortexa9_0/libsrc/llfifo_v5_1/src -s libs  "SHELL=/bin/sh" "COMPILER=arm-none-eabi-gcc" "ARCHIVER=arm-none-eabi-ar" "COMPILER_FLAGS=  -O2 -c" "EXTRA_COMPILER_FLAGS=-mcpu=cortex-a9 -mfpu=vfpv3 -mfloat-abi=hard -nostartfiles"
Compiling llfifo
Running Make libs in ps7_cortexa9_0/libsrc/n3z_tonetest_v1_09/src
make -C ps7_cortexa9_0/libsrc/n3z_tonetest_v1_09/src -s libs  "SHELL=/bin/sh" "COMPILER=arm-none-eabi-gcc" "ARCHIVER=arm-none-eabi-ar" "COMPILER_FLAGS=  -O2 -c" "EXTRA_COMPILER_FLAGS=-mcpu=cortex-a9 -mfpu=vfpv3 -mfloat-abi=hard -nostartfiles"
Compiling foo_top_top
Running Make libs in ps7_cortexa9_0/libsrc/qspips_v3_3/src
make -C ps7_cortexa9_0/libsrc/qspips_v3_3/src -s libs  "SHELL=/bin/sh" "COMPILER=arm-none-eabi-gcc" "ARCHIVER=arm-none-eabi-ar" "COMPILER_FLAGS=  -O2 -c" "EXTRA_COMPILER_FLAGS=-mcpu=cortex-a9 -mfpu=vfpv3 -mfloat-abi=hard -nostartfiles"
Compiling qspips
Running Make libs in ps7_cortexa9_0/libsrc/scugic_v3_3/src
make -C ps7_cortexa9_0/libsrc/scugic_v3_3/src -s libs  "SHELL=/bin/sh" "COMPILER=arm-none-eabi-gcc" "ARCHIVER=arm-none-eabi-ar" "COMPILER_FLAGS=  -O2 -c" "EXTRA_COMPILER_FLAGS=-mcpu=cortex-a9 -mfpu=vfpv3 -mfloat-abi=hard -nostartfiles"
Compiling scugic
Running Make libs in ps7_cortexa9_0/libsrc/scutimer_v2_1/src
make -C ps7_cortexa9_0/libsrc/scutimer_v2_1/src -s libs  "SHELL=/bin/sh" "COMPILER=arm-none-eabi-gcc" "ARCHIVER=arm-none-eabi-ar" "COMPILER_FLAGS=  -O2 -c" "EXTRA_COMPILER_FLAGS=-mcpu=cortex-a9 -mfpu=vfpv3 -mfloat-abi=hard -nostartfiles"
Compiling scutimer
Running Make libs in ps7_cortexa9_0/libsrc/scuwdt_v2_1/src
make -C ps7_cortexa9_0/libsrc/scuwdt_v2_1/src -s libs  "SHELL=/bin/sh" "COMPILER=arm-none-eabi-gcc" "ARCHIVER=arm-none-eabi-ar" "COMPILER_FLAGS=  -O2 -c" "EXTRA_COMPILER_FLAGS=-mcpu=cortex-a9 -mfpu=vfpv3 -mfloat-abi=hard -nostartfiles"
Compiling scuwdt
Running Make libs in ps7_cortexa9_0/libsrc/sdps_v2_8/src
make -C ps7_cortexa9_0/libsrc/sdps_v2_8/src -s libs  "SHELL=/bin/sh" "COMPILER=arm-none-eabi-gcc" "ARCHIVER=arm-none-eabi-ar" "COMPILER_FLAGS=  -O2 -c" "EXTRA_COMPILER_FLAGS=-mcpu=cortex-a9 -mfpu=vfpv3 -mfloat-abi=hard -nostartfiles"
Compiling sdps
Running Make libs in ps7_cortexa9_0/libsrc/standalone_v5_5/src
make -C ps7_cortexa9_0/libsrc/standalone_v5_5/src -s libs  "SHELL=/bin/sh" "COMPILER=arm-none-eabi-gcc" "ARCHIVER=arm-none-eabi-ar" "COMPILER_FLAGS=  -O2 -c" "EXTRA_COMPILER_FLAGS=-mcpu=cortex-a9 -mfpu=vfpv3 -mfloat-abi=hard -nostartfiles"
Compiling standalone
Running Make libs in ps7_cortexa9_0/libsrc/uartps_v3_1/src
make -C ps7_cortexa9_0/libsrc/uartps_v3_1/src -s libs  "SHELL=/bin/sh" "COMPILER=arm-none-eabi-gcc" "ARCHIVER=arm-none-eabi-ar" "COMPILER_FLAGS=  -O2 -c" "EXTRA_COMPILER_FLAGS=-mcpu=cortex-a9 -mfpu=vfpv3 -mfloat-abi=hard -nostartfiles"
Compiling uartps
Running Make libs in ps7_cortexa9_0/libsrc/xadcps_v2_2/src
make -C ps7_cortexa9_0/libsrc/xadcps_v2_2/src -s libs  "SHELL=/bin/sh" "COMPILER=arm-none-eabi-gcc" "ARCHIVER=arm-none-eabi-ar" "COMPILER_FLAGS=  -O2 -c" "EXTRA_COMPILER_FLAGS=-mcpu=cortex-a9 -mfpu=vfpv3 -mfloat-abi=hard -nostartfiles"
Compiling xadcps
Finished building libraries
15:34:56 **** Auto Build of project N3fromHelloWorld_bsp ****
make -k all 
Running Make include in ps7_cortexa9_0/libsrc/coresightps_dcc_v1_2/src
make -C ps7_cortexa9_0/libsrc/coresightps_dcc_v1_2/src -s include  "SHELL=/bin/sh" "COMPILER=arm-none-eabi-gcc" "ARCHIVER=arm-none-eabi-ar" "COMPILER_FLAGS=  -O2 -c" "EXTRA_COMPILER_FLAGS=-mcpu=cortex-a9 -mfpu=vfpv3 -mfloat-abi=hard -nostartfiles"
Running Make include in ps7_cortexa9_0/libsrc/cpu_cortexa9_v2_2/src
make -C ps7_cortexa9_0/libsrc/cpu_cortexa9_v2_2/src -s include  "SHELL=/bin/sh" "COMPILER=arm-none-eabi-gcc" "ARCHIVER=arm-none-eabi-ar" "COMPILER_FLAGS=  -O2 -c" "EXTRA_COMPILER_FLAGS=-mcpu=cortex-a9 -mfpu=vfpv3 -mfloat-abi=hard -nostartfiles"
Running Make include in ps7_cortexa9_0/libsrc/devcfg_v3_4/src
make -C ps7_cortexa9_0/libsrc/devcfg_v3_4/src -s include  "SHELL=/bin/sh" "COMPILER=arm-none-eabi-gcc" "ARCHIVER=arm-none-eabi-ar" "COMPILER_FLAGS=  -O2 -c" "EXTRA_COMPILER_FLAGS=-mcpu=cortex-a9 -mfpu=vfpv3 -mfloat-abi=hard -nostartfiles"
Running Make include in ps7_cortexa9_0/libsrc/dmaps_v2_1/src
make -C ps7_cortexa9_0/libsrc/dmaps_v2_1/src -s include  "SHELL=/bin/sh" "COMPILER=arm-none-eabi-gcc" "ARCHIVER=arm-none-eabi-ar" "COMPILER_FLAGS=  -O2 -c" "EXTRA_COMPILER_FLAGS=-mcpu=cortex-a9 -mfpu=vfpv3 -mfloat-abi=hard -nostartfiles"
Running Make include in ps7_cortexa9_0/libsrc/gpiops_v3_1/src
make -C ps7_cortexa9_0/libsrc/gpiops_v3_1/src -s include  "SHELL=/bin/sh" "COMPILER=arm-none-eabi-gcc" "ARCHIVER=arm-none-eabi-ar" "COMPILER_FLAGS=  -O2 -c" "EXTRA_COMPILER_FLAGS=-mcpu=cortex-a9 -mfpu=vfpv3 -mfloat-abi=hard -nostartfiles"
Running Make include in ps7_cortexa9_0/libsrc/llfifo_v5_1/src
make -C ps7_cortexa9_0/libsrc/llfifo_v5_1/src -s include  "SHELL=/bin/sh" "COMPILER=arm-none-eabi-gcc" "ARCHIVER=arm-none-eabi-ar" "COMPILER_FLAGS=  -O2 -c" "EXTRA_COMPILER_FLAGS=-mcpu=cortex-a9 -mfpu=vfpv3 -mfloat-abi=hard -nostartfiles"
Running Make include in ps7_cortexa9_0/libsrc/n3z_tonetest_v1_09/src
make -C ps7_cortexa9_0/libsrc/n3z_tonetest_v1_09/src -s include  "SHELL=/bin/sh" "COMPILER=arm-none-eabi-gcc" "ARCHIVER=arm-none-eabi-ar" "COMPILER_FLAGS=  -O2 -c" "EXTRA_COMPILER_FLAGS=-mcpu=cortex-a9 -mfpu=vfpv3 -mfloat-abi=hard -nostartfiles"
Running Make include in ps7_cortexa9_0/libsrc/qspips_v3_3/src
make -C ps7_cortexa9_0/libsrc/qspips_v3_3/src -s include  "SHELL=/bin/sh" "COMPILER=arm-none-eabi-gcc" "ARCHIVER=arm-none-eabi-ar" "COMPILER_FLAGS=  -O2 -c" "EXTRA_COMPILER_FLAGS=-mcpu=cortex-a9 -mfpu=vfpv3 -mfloat-abi=hard -nostartfiles"
Running Make include in ps7_cortexa9_0/libsrc/scugic_v3_3/src
make -C ps7_cortexa9_0/libsrc/scugic_v3_3/src -s include  "SHELL=/bin/sh" "COMPILER=arm-none-eabi-gcc" "ARCHIVER=arm-none-eabi-ar" "COMPILER_FLAGS=  -O2 -c" "EXTRA_COMPILER_FLAGS=-mcpu=cortex-a9 -mfpu=vfpv3 -mfloat-abi=hard -nostartfiles"
Running Make include in ps7_cortexa9_0/libsrc/scutimer_v2_1/src
make -C ps7_cortexa9_0/libsrc/scutimer_v2_1/src -s include  "SHELL=/bin/sh" "COMPILER=arm-none-eabi-gcc" "ARCHIVER=arm-none-eabi-ar" "COMPILER_FLAGS=  -O2 -c" "EXTRA_COMPILER_FLAGS=-mcpu=cortex-a9 -mfpu=vfpv3 -mfloat-abi=hard -nostartfiles"
Running Make include in ps7_cortexa9_0/libsrc/scuwdt_v2_1/src
make -C ps7_cortexa9_0/libsrc/scuwdt_v2_1/src -s include  "SHELL=/bin/sh" "COMPILER=arm-none-eabi-gcc" "ARCHIVER=arm-none-eabi-ar" "COMPILER_FLAGS=  -O2 -c" "EXTRA_COMPILER_FLAGS=-mcpu=cortex-a9 -mfpu=vfpv3 -mfloat-abi=hard -nostartfiles"
Running Make include in ps7_cortexa9_0/libsrc/sdps_v2_8/src
make -C ps7_cortexa9_0/libsrc/sdps_v2_8/src -s include  "SHELL=/bin/sh" "COMPILER=arm-none-eabi-gcc" "ARCHIVER=arm-none-eabi-ar" "COMPILER_FLAGS=  -O2 -c" "EXTRA_COMPILER_FLAGS=-mcpu=cortex-a9 -mfpu=vfpv3 -mfloat-abi=hard -nostartfiles"
Running Make include in ps7_cortexa9_0/libsrc/standalone_v5_5/src
make -C ps7_cortexa9_0/libsrc/standalone_v5_5/src -s include  "SHELL=/bin/sh" "COMPILER=arm-none-eabi-gcc" "ARCHIVER=arm-none-eabi-ar" "COMPILER_FLAGS=  -O2 -c" "EXTRA_COMPILER_FLAGS=-mcpu=cortex-a9 -mfpu=vfpv3 -mfloat-abi=hard -nostartfiles"
Running Make include in ps7_cortexa9_0/libsrc/uartps_v3_1/src
make -C ps7_cortexa9_0/libsrc/uartps_v3_1/src -s include  "SHELL=/bin/sh" "COMPILER=arm-none-eabi-gcc" "ARCHIVER=arm-none-eabi-ar" "COMPILER_FLAGS=  -O2 -c" "EXTRA_COMPILER_FLAGS=-mcpu=cortex-a9 -mfpu=vfpv3 -mfloat-abi=hard -nostartfiles"
Running Make include in ps7_cortexa9_0/libsrc/xadcps_v2_2/src
make -C ps7_cortexa9_0/libsrc/xadcps_v2_2/src -s include  "SHELL=/bin/sh" "COMPILER=arm-none-eabi-gcc" "ARCHIVER=arm-none-eabi-ar" "COMPILER_FLAGS=  -O2 -c" "EXTRA_COMPILER_FLAGS=-mcpu=cortex-a9 -mfpu=vfpv3 -mfloat-abi=hard -nostartfiles"
Running Make libs in ps7_cortexa9_0/libsrc/coresightps_dcc_v1_2/src
make -C ps7_cortexa9_0/libsrc/coresightps_dcc_v1_2/src -s libs  "SHELL=/bin/sh" "COMPILER=arm-none-eabi-gcc" "ARCHIVER=arm-none-eabi-ar" "COMPILER_FLAGS=  -O2 -c" "EXTRA_COMPILER_FLAGS=-mcpu=cortex-a9 -mfpu=vfpv3 -mfloat-abi=hard -nostartfiles"
Compiling coresightps_dcc
Running Make libs in ps7_cortexa9_0/libsrc/cpu_cortexa9_v2_2/src
make -C ps7_cortexa9_0/libsrc/cpu_cortexa9_v2_2/src -s libs  "SHELL=/bin/sh" "COMPILER=arm-none-eabi-gcc" "ARCHIVER=arm-none-eabi-ar" "COMPILER_FLAGS=  -O2 -c" "EXTRA_COMPILER_FLAGS=-mcpu=cortex-a9 -mfpu=vfpv3 -mfloat-abi=hard -nostartfiles"
Compiling cpu_cortexa9
Running Make libs in ps7_cortexa9_0/libsrc/devcfg_v3_4/src
make -C ps7_cortexa9_0/libsrc/devcfg_v3_4/src -s libs  "SHELL=/bin/sh" "COMPILER=arm-none-eabi-gcc" "ARCHIVER=arm-none-eabi-ar" "COMPILER_FLAGS=  -O2 -c" "EXTRA_COMPILER_FLAGS=-mcpu=cortex-a9 -mfpu=vfpv3 -mfloat-abi=hard -nostartfiles"
Compiling devcfg
Running Make libs in ps7_cortexa9_0/libsrc/dmaps_v2_1/src
make -C ps7_cortexa9_0/libsrc/dmaps_v2_1/src -s libs  "SHELL=/bin/sh" "COMPILER=arm-none-eabi-gcc" "ARCHIVER=arm-none-eabi-ar" "COMPILER_FLAGS=  -O2 -c" "EXTRA_COMPILER_FLAGS=-mcpu=cortex-a9 -mfpu=vfpv3 -mfloat-abi=hard -nostartfiles"
Compiling dmaps
Running Make libs in ps7_cortexa9_0/libsrc/gpiops_v3_1/src
make -C ps7_cortexa9_0/libsrc/gpiops_v3_1/src -s libs  "SHELL=/bin/sh" "COMPILER=arm-none-eabi-gcc" "ARCHIVER=arm-none-eabi-ar" "COMPILER_FLAGS=  -O2 -c" "EXTRA_COMPILER_FLAGS=-mcpu=cortex-a9 -mfpu=vfpv3 -mfloat-abi=hard -nostartfiles"
Compiling gpiops
Running Make libs in ps7_cortexa9_0/libsrc/llfifo_v5_1/src
make -C ps7_cortexa9_0/libsrc/llfifo_v5_1/src -s libs  "SHELL=/bin/sh" "COMPILER=arm-none-eabi-gcc" "ARCHIVER=arm-none-eabi-ar" "COMPILER_FLAGS=  -O2 -c" "EXTRA_COMPILER_FLAGS=-mcpu=cortex-a9 -mfpu=vfpv3 -mfloat-abi=hard -nostartfiles"
Compiling llfifo
Running Make libs in ps7_cortexa9_0/libsrc/n3z_tonetest_v1_09/src
make -C ps7_cortexa9_0/libsrc/n3z_tonetest_v1_09/src -s libs  "SHELL=/bin/sh" "COMPILER=arm-none-eabi-gcc" "ARCHIVER=arm-none-eabi-ar" "COMPILER_FLAGS=  -O2 -c" "EXTRA_COMPILER_FLAGS=-mcpu=cortex-a9 -mfpu=vfpv3 -mfloat-abi=hard -nostartfiles"
Compiling foo_top_top
Running Make libs in ps7_cortexa9_0/libsrc/qspips_v3_3/src
make -C ps7_cortexa9_0/libsrc/qspips_v3_3/src -s libs  "SHELL=/bin/sh" "COMPILER=arm-none-eabi-gcc" "ARCHIVER=arm-none-eabi-ar" "COMPILER_FLAGS=  -O2 -c" "EXTRA_COMPILER_FLAGS=-mcpu=cortex-a9 -mfpu=vfpv3 -mfloat-abi=hard -nostartfiles"
Compiling qspips
Running Make libs in ps7_cortexa9_0/libsrc/scugic_v3_3/src
make -C ps7_cortexa9_0/libsrc/scugic_v3_3/src -s libs  "SHELL=/bin/sh" "COMPILER=arm-none-eabi-gcc" "ARCHIVER=arm-none-eabi-ar" "COMPILER_FLAGS=  -O2 -c" "EXTRA_COMPILER_FLAGS=-mcpu=cortex-a9 -mfpu=vfpv3 -mfloat-abi=hard -nostartfiles"
Compiling scugic
Running Make libs in ps7_cortexa9_0/libsrc/scutimer_v2_1/src
make -C ps7_cortexa9_0/libsrc/scutimer_v2_1/src -s libs  "SHELL=/bin/sh" "COMPILER=arm-none-eabi-gcc" "ARCHIVER=arm-none-eabi-ar" "COMPILER_FLAGS=  -O2 -c" "EXTRA_COMPILER_FLAGS=-mcpu=cortex-a9 -mfpu=vfpv3 -mfloat-abi=hard -nostartfiles"
Compiling scutimer
Running Make libs in ps7_cortexa9_0/libsrc/scuwdt_v2_1/src
make -C ps7_cortexa9_0/libsrc/scuwdt_v2_1/src -s libs  "SHELL=/bin/sh" "COMPILER=arm-none-eabi-gcc" "ARCHIVER=arm-none-eabi-ar" "COMPILER_FLAGS=  -O2 -c" "EXTRA_COMPILER_FLAGS=-mcpu=cortex-a9 -mfpu=vfpv3 -mfloat-abi=hard -nostartfiles"
Compiling scuwdt
Running Make libs in ps7_cortexa9_0/libsrc/sdps_v2_8/src
make -C ps7_cortexa9_0/libsrc/sdps_v2_8/src -s libs  "SHELL=/bin/sh" "COMPILER=arm-none-eabi-gcc" "ARCHIVER=arm-none-eabi-ar" "COMPILER_FLAGS=  -O2 -c" "EXTRA_COMPILER_FLAGS=-mcpu=cortex-a9 -mfpu=vfpv3 -mfloat-abi=hard -nostartfiles"
Compiling sdps
Running Make libs in ps7_cortexa9_0/libsrc/standalone_v5_5/src
make -C ps7_cortexa9_0/libsrc/standalone_v5_5/src -s libs  "SHELL=/bin/sh" "COMPILER=arm-none-eabi-gcc" "ARCHIVER=arm-none-eabi-ar" "COMPILER_FLAGS=  -O2 -c" "EXTRA_COMPILER_FLAGS=-mcpu=cortex-a9 -mfpu=vfpv3 -mfloat-abi=hard -nostartfiles"
Compiling standalone
Running Make libs in ps7_cortexa9_0/libsrc/uartps_v3_1/src
make -C ps7_cortexa9_0/libsrc/uartps_v3_1/src -s libs  "SHELL=/bin/sh" "COMPILER=arm-none-eabi-gcc" "ARCHIVER=arm-none-eabi-ar" "COMPILER_FLAGS=  -O2 -c" "EXTRA_COMPILER_FLAGS=-mcpu=cortex-a9 -mfpu=vfpv3 -mfloat-abi=hard -nostartfiles"
Compiling uartps
Running Make libs in ps7_cortexa9_0/libsrc/xadcps_v2_2/src
make -C ps7_cortexa9_0/libsrc/xadcps_v2_2/src -s libs  "SHELL=/bin/sh" "COMPILER=arm-none-eabi-gcc" "ARCHIVER=arm-none-eabi-ar" "COMPILER_FLAGS=  -O2 -c" "EXTRA_COMPILER_FLAGS=-mcpu=cortex-a9 -mfpu=vfpv3 -mfloat-abi=hard -nostartfiles"
Compiling xadcps
Finished building libraries
15:35:06 **** Build of configuration Debug for project N3fromHelloWorld ****
make pre-build main-build 
a9-linaro-pre-build-step
 
Building file: ../src/helloworld.c
Invoking: ARM v7 gcc compiler
arm-none-eabi-gcc -Wall -O0 -g3 -c -fmessage-length=0 -MT"src/helloworld.o" -mcpu=cortex-a9 -mfpu=vfpv3 -mfloat-abi=hard -I../../N3fromHelloWorld_bsp/ps7_cortexa9_0/include -MMD -MP -MF"src/helloworld.d" -MT"src/helloworld.o" -o "src/helloworld.o" "../src/helloworld.c"
Finished building: ../src/helloworld.c
 
Building file: ../src/platform.c
Invoking: ARM v7 gcc compiler
arm-none-eabi-gcc -Wall -O0 -g3 -c -fmessage-length=0 -MT"src/platform.o" -mcpu=cortex-a9 -mfpu=vfpv3 -mfloat-abi=hard -I../../N3fromHelloWorld_bsp/ps7_cortexa9_0/include -MMD -MP -MF"src/platform.d" -MT"src/platform.o" -o "src/platform.o" "../src/platform.c"
Finished building: ../src/platform.c
 
Building target: N3fromHelloWorld.elf
Invoking: ARM v7 gcc linker
arm-none-eabi-gcc -mcpu=cortex-a9 -mfpu=vfpv3 -mfloat-abi=hard -Wl,-build-id=none -specs=Xilinx.spec -Wl,-T -Wl,../src/lscript.ld -L../../N3fromHelloWorld_bsp/ps7_cortexa9_0/lib -o "N3fromHelloWorld.elf"  ./src/helloworld.o ./src/platform.o   -Wl,--start-group,-lxil,-lgcc,-lc,--end-group
Finished building target: N3fromHelloWorld.elf
 
Invoking: ARM v7 Print Size
arm-none-eabi-size N3fromHelloWorld.elf  |tee "N3fromHelloWorld.elf.size"
   text	   data	    bss	    dec	    hex	filename
  22960	   1152	  22580	  46692	   b664	N3fromHelloWorld.elf
Finished building: N3fromHelloWorld.elf.size
 
15:35:08 **** Auto Build of configuration Debug for project N3fromHelloWorld ****
make pre-build main-build 
a9-linaro-pre-build-step
 
make: Nothing to be done for `main-build'.
15:35:36 **** Auto Build of configuration Debug for project N3fromHelloWorld ****
make pre-build main-build 
a9-linaro-pre-build-step
 
Building file: ../src/helloworld.c
Invoking: ARM v7 gcc compiler
arm-none-eabi-gcc -Wall -O0 -g3 -c -fmessage-length=0 -MT"src/helloworld.o" -mcpu=cortex-a9 -mfpu=vfpv3 -mfloat-abi=hard -I../../N3fromHelloWorld_bsp/ps7_cortexa9_0/include -MMD -MP -MF"src/helloworld.d" -MT"src/helloworld.o" -o "src/helloworld.o" "../src/helloworld.c"
../src/helloworld.c: In function ‘main’:
../src/helloworld.c:160:5: warning: format ‘%d’ expects argument of type ‘int’, but argument 2 has type ‘XLlFifo’ [-Wformat=]
     printf("DataFifo pointer: %d\n\r",DataFifo);
     ^
../src/helloworld.c:160:5: warning: format ‘%d’ expects argument of type ‘int’, but argument 2 has type ‘XLlFifo’ [-Wformat=]
../src/helloworld.c:195:5: warning: implicit declaration of function ‘GetValue’ [-Wimplicit-function-declaration]
     Value=GetValue();
     ^
../src/helloworld.c:197:2: warning: implicit declaration of function ‘ReloadPico’ [-Wimplicit-function-declaration]
  ReloadPico();
  ^
../src/helloworld.c:266:6: warning: implicit declaration of function ‘Rx2Uart’ [-Wimplicit-function-declaration]
      ReceiveLength=Rx2Uart(&DataFifo);
      ^
../src/helloworld.c:268:9: warning: format ‘%d’ expects argument of type ‘int’, but argument 2 has type ‘u32’ [-Wformat=]
         printf("Receive byte length is %d\r\n",ReceiveLength);
         ^
../src/helloworld.c:268:9: warning: format ‘%d’ expects argument of type ‘int’, but argument 2 has type ‘u32’ [-Wformat=]
../src/helloworld.c:169:21: warning: unused variable ‘Config’ [-Wunused-variable]
     XLlFifo_Config *Config;
                     ^
../src/helloworld.c:131:9: warning: unused variable ‘read_in’ [-Wunused-variable]
     int read_in =0;
         ^
../src/helloworld.c:129:10: warning: unused variable ‘from_keyboard’ [-Wunused-variable]
     char from_keyboard[10];
          ^
../src/helloworld.c:128:9: warning: unused variable ‘DataValue’ [-Wunused-variable]
     int DataValue;
         ^
../src/helloworld.c:127:9: warning: unused variable ‘samplenumber’ [-Wunused-variable]
     int samplenumber;
         ^
../src/helloworld.c:126:9: warning: unused variable ‘keyval’ [-Wunused-variable]
     int keyval;
         ^
../src/helloworld.c:125:9: warning: variable ‘read_out’ set but not used [-Wunused-but-set-variable]
     int read_out =0;
         ^
../src/helloworld.c:124:6: warning: unused variable ‘i’ [-Wunused-variable]
  int i;
      ^
../src/helloworld.c: At top level:
../src/helloworld.c:430:6: warning: conflicting types for ‘ReloadPico’
 void ReloadPico()
      ^
../src/helloworld.c:197:2: note: previous implicit declaration of ‘ReloadPico’ was here
  ReloadPico();
  ^
Finished building: ../src/helloworld.c
 
Building target: N3fromHelloWorld.elf
Invoking: ARM v7 gcc linker
arm-none-eabi-gcc -mcpu=cortex-a9 -mfpu=vfpv3 -mfloat-abi=hard -Wl,-build-id=none -specs=Xilinx.spec -Wl,-T -Wl,../src/lscript.ld -L../../N3fromHelloWorld_bsp/ps7_cortexa9_0/lib -o "N3fromHelloWorld.elf"  ./src/helloworld.o ./src/platform.o   -Wl,--start-group,-lxil,-lgcc,-lc,--end-group
Finished building target: N3fromHelloWorld.elf
 
Invoking: ARM v7 Print Size
arm-none-eabi-size N3fromHelloWorld.elf  |tee "N3fromHelloWorld.elf.size"
   text	   data	    bss	    dec	    hex	filename
  83432	   2624	  24076	 110132	  1ae34	N3fromHelloWorld.elf
Finished building: N3fromHelloWorld.elf.size
 
15:51:56 **** Incremental Build of configuration Debug for project N3fromHelloWorld ****
make pre-build main-build 
a9-linaro-pre-build-step
 
make: Nothing to be done for `main-build'.
15:52:27 **** Incremental Build of configuration Debug for project N3fromHelloWorld ****
make pre-build main-build 
a9-linaro-pre-build-step
 
make: Nothing to be done for `main-build'.
15:54:06 **** Incremental Build of configuration Debug for project N3fromHelloWorld ****
make pre-build main-build 
a9-linaro-pre-build-step
 
make: Nothing to be done for `main-build'.
18:24:51 **** Incremental Build of configuration Debug for project N3fromHelloWorld ****
make pre-build main-build 
a9-linaro-pre-build-step
 
make: Nothing to be done for `main-build'.
20:48:26 **** Auto Build of configuration Debug for project N3fromHelloWorld ****
make pre-build main-build 
a9-linaro-pre-build-step
 
Building file: ../src/helloworld.c
Invoking: ARM v7 gcc compiler
arm-none-eabi-gcc -Wall -O0 -g3 -c -fmessage-length=0 -MT"src/helloworld.o" -mcpu=cortex-a9 -mfpu=vfpv3 -mfloat-abi=hard -I../../N3fromHelloWorld_bsp/ps7_cortexa9_0/include -MMD -MP -MF"src/helloworld.d" -MT"src/helloworld.o" -o "src/helloworld.o" "../src/helloworld.c"
../src/helloworld.c: In function ‘main’:
../src/helloworld.c:161:5: warning: format ‘%d’ expects argument of type ‘int’, but argument 2 has type ‘XLlFifo’ [-Wformat=]
     printf("DataFifo pointer: %d\n\r",DataFifo);
     ^
../src/helloworld.c:161:5: warning: format ‘%d’ expects argument of type ‘int’, but argument 2 has type ‘XLlFifo’ [-Wformat=]
../src/helloworld.c:196:5: warning: implicit declaration of function ‘GetValue’ [-Wimplicit-function-declaration]
     Value=GetValue();
     ^
../src/helloworld.c:198:2: warning: implicit declaration of function ‘ReloadPico’ [-Wimplicit-function-declaration]
  ReloadPico();
  ^
../src/helloworld.c:205:16: warning: character constant too long for its type
         printf('ADC peak value= %d \n',RegisterData % 256);
                ^
../src/helloworld.c:205:16: warning: passing argument 1 of ‘printf’ makes pointer from integer without a cast
In file included from /opt/Xilinx/SDK/2016.2/gnu/aarch32/lin/gcc-arm-none-eabi/arm-none-eabi/include/stdio.h:29:0,
                 from ../src/helloworld.c:48:
/opt/Xilinx/SDK/2016.2/gnu/aarch32/lin/gcc-arm-none-eabi/arm-none-eabi/include/stdio.h:177:5: note: expected ‘const char *’ but argument is of type ‘int’
 int _EXFUN(printf, (const char *__restrict, ...)
     ^
../src/helloworld.c:206:16: warning: character constant too long for its type
         printf('ADC average value= %d \n',(RegisterData % 65536)/256);
                ^
../src/helloworld.c:206:16: warning: passing argument 1 of ‘printf’ makes pointer from integer without a cast
In file included from /opt/Xilinx/SDK/2016.2/gnu/aarch32/lin/gcc-arm-none-eabi/arm-none-eabi/include/stdio.h:29:0,
                 from ../src/helloworld.c:48:
/opt/Xilinx/SDK/2016.2/gnu/aarch32/lin/gcc-arm-none-eabi/arm-none-eabi/include/stdio.h:177:5: note: expected ‘const char *’ but argument is of type ‘int’
 int _EXFUN(printf, (const char *__restrict, ...)
     ^
../src/helloworld.c:207:16: warning: character constant too long for its type
         printf('ADC Gain value is %d \n\n',RegisterData / 65536);
                ^
../src/helloworld.c:207:16: warning: passing argument 1 of ‘printf’ makes pointer from integer without a cast
In file included from /opt/Xilinx/SDK/2016.2/gnu/aarch32/lin/gcc-arm-none-eabi/arm-none-eabi/include/stdio.h:29:0,
                 from ../src/helloworld.c:48:
/opt/Xilinx/SDK/2016.2/gnu/aarch32/lin/gcc-arm-none-eabi/arm-none-eabi/include/stdio.h:177:5: note: expected ‘const char *’ but argument is of type ‘int’
 int _EXFUN(printf, (const char *__restrict, ...)
     ^
../src/helloworld.c:270:6: warning: implicit declaration of function ‘Rx2Uart’ [-Wimplicit-function-declaration]
      ReceiveLength=Rx2Uart(&DataFifo);
      ^
../src/helloworld.c:272:9: warning: format ‘%d’ expects argument of type ‘int’, but argument 2 has type ‘u32’ [-Wformat=]
         printf("Receive byte length is %d\r\n",ReceiveLength);
         ^
../src/helloworld.c:272:9: warning: format ‘%d’ expects argument of type ‘int’, but argument 2 has type ‘u32’ [-Wformat=]
../src/helloworld.c:170:21: warning: unused variable ‘Config’ [-Wunused-variable]
     XLlFifo_Config *Config;
                     ^
../src/helloworld.c:131:9: warning: unused variable ‘read_in’ [-Wunused-variable]
     int read_in =0;
         ^
../src/helloworld.c:129:10: warning: unused variable ‘from_keyboard’ [-Wunused-variable]
     char from_keyboard[10];
          ^
../src/helloworld.c:128:9: warning: unused variable ‘DataValue’ [-Wunused-variable]
     int DataValue;
         ^
../src/helloworld.c:127:9: warning: unused variable ‘samplenumber’ [-Wunused-variable]
     int samplenumber;
         ^
../src/helloworld.c:126:9: warning: unused variable ‘keyval’ [-Wunused-variable]
     int keyval;
         ^
../src/helloworld.c:125:9: warning: variable ‘read_out’ set but not used [-Wunused-but-set-variable]
     int read_out =0;
         ^
../src/helloworld.c:124:6: warning: unused variable ‘i’ [-Wunused-variable]
  int i;
      ^
../src/helloworld.c: At top level:
../src/helloworld.c:434:6: warning: conflicting types for ‘ReloadPico’
 void ReloadPico()
      ^
../src/helloworld.c:198:2: note: previous implicit declaration of ‘ReloadPico’ was here
  ReloadPico();
  ^
Finished building: ../src/helloworld.c
 
Building target: N3fromHelloWorld.elf
Invoking: ARM v7 gcc linker
arm-none-eabi-gcc -mcpu=cortex-a9 -mfpu=vfpv3 -mfloat-abi=hard -Wl,-build-id=none -specs=Xilinx.spec -Wl,-T -Wl,../src/lscript.ld -L../../N3fromHelloWorld_bsp/ps7_cortexa9_0/lib -o "N3fromHelloWorld.elf"  ./src/helloworld.o ./src/platform.o   -Wl,--start-group,-lxil,-lgcc,-lc,--end-group
Finished building target: N3fromHelloWorld.elf
 
Invoking: ARM v7 Print Size
arm-none-eabi-size N3fromHelloWorld.elf  |tee "N3fromHelloWorld.elf.size"
   text	   data	    bss	    dec	    hex	filename
  83560	   2624	  24076	 110260	  1aeb4	N3fromHelloWorld.elf
Finished building: N3fromHelloWorld.elf.size
 
20:54:58 **** Auto Build of configuration Debug for project N3fromHelloWorld ****
make pre-build main-build 
a9-linaro-pre-build-step
 
Building file: ../src/helloworld.c
Invoking: ARM v7 gcc compiler
arm-none-eabi-gcc -Wall -O0 -g3 -c -fmessage-length=0 -MT"src/helloworld.o" -mcpu=cortex-a9 -mfpu=vfpv3 -mfloat-abi=hard -I../../N3fromHelloWorld_bsp/ps7_cortexa9_0/include -MMD -MP -MF"src/helloworld.d" -MT"src/helloworld.o" -o "src/helloworld.o" "../src/helloworld.c"
../src/helloworld.c: In function ‘main’:
../src/helloworld.c:161:5: warning: format ‘%d’ expects argument of type ‘int’, but argument 2 has type ‘XLlFifo’ [-Wformat=]
     printf("DataFifo pointer: %d\n\r",DataFifo);
     ^
../src/helloworld.c:161:5: warning: format ‘%d’ expects argument of type ‘int’, but argument 2 has type ‘XLlFifo’ [-Wformat=]
../src/helloworld.c:196:5: warning: implicit declaration of function ‘GetValue’ [-Wimplicit-function-declaration]
     Value=GetValue();
     ^
../src/helloworld.c:198:2: warning: implicit declaration of function ‘ReloadPico’ [-Wimplicit-function-declaration]
  ReloadPico();
  ^
../src/helloworld.c:205:16: warning: character constant too long for its type
         printf('ADC peak value= %d \n',RegisterData % 256);
                ^
../src/helloworld.c:205:16: warning: passing argument 1 of ‘printf’ makes pointer from integer without a cast
In file included from /opt/Xilinx/SDK/2016.2/gnu/aarch32/lin/gcc-arm-none-eabi/arm-none-eabi/include/stdio.h:29:0,
                 from ../src/helloworld.c:48:
/opt/Xilinx/SDK/2016.2/gnu/aarch32/lin/gcc-arm-none-eabi/arm-none-eabi/include/stdio.h:177:5: note: expected ‘const char *’ but argument is of type ‘int’
 int _EXFUN(printf, (const char *__restrict, ...)
     ^
../src/helloworld.c:206:16: warning: character constant too long for its type
         printf('ADC average value= %d \n',(RegisterData % 65536)/256);
                ^
../src/helloworld.c:206:16: warning: passing argument 1 of ‘printf’ makes pointer from integer without a cast
In file included from /opt/Xilinx/SDK/2016.2/gnu/aarch32/lin/gcc-arm-none-eabi/arm-none-eabi/include/stdio.h:29:0,
                 from ../src/helloworld.c:48:
/opt/Xilinx/SDK/2016.2/gnu/aarch32/lin/gcc-arm-none-eabi/arm-none-eabi/include/stdio.h:177:5: note: expected ‘const char *’ but argument is of type ‘int’
 int _EXFUN(printf, (const char *__restrict, ...)
     ^
../src/helloworld.c:207:16: warning: character constant too long for its type
         printf('ADC Gain value is %d \n\n',RegisterData / 65536);
                ^
../src/helloworld.c:207:16: warning: passing argument 1 of ‘printf’ makes pointer from integer without a cast
In file included from /opt/Xilinx/SDK/2016.2/gnu/aarch32/lin/gcc-arm-none-eabi/arm-none-eabi/include/stdio.h:29:0,
                 from ../src/helloworld.c:48:
/opt/Xilinx/SDK/2016.2/gnu/aarch32/lin/gcc-arm-none-eabi/arm-none-eabi/include/stdio.h:177:5: note: expected ‘const char *’ but argument is of type ‘int’
 int _EXFUN(printf, (const char *__restrict, ...)
     ^
../src/helloworld.c:209:16: warning: character constant too long for its type
         printf('Demod signal level (24 bit signed)= %d \n',RegisterData);
                ^
../src/helloworld.c:209:16: warning: passing argument 1 of ‘printf’ makes pointer from integer without a cast
In file included from /opt/Xilinx/SDK/2016.2/gnu/aarch32/lin/gcc-arm-none-eabi/arm-none-eabi/include/stdio.h:29:0,
                 from ../src/helloworld.c:48:
/opt/Xilinx/SDK/2016.2/gnu/aarch32/lin/gcc-arm-none-eabi/arm-none-eabi/include/stdio.h:177:5: note: expected ‘const char *’ but argument is of type ‘int’
 int _EXFUN(printf, (const char *__restrict, ...)
     ^
../src/helloworld.c:211:16: warning: character constant too long for its type
         printf('TX Audio level (average of AMP)= %d \n\n',RegisterData);
                ^
../src/helloworld.c:211:16: warning: passing argument 1 of ‘printf’ makes pointer from integer without a cast
In file included from /opt/Xilinx/SDK/2016.2/gnu/aarch32/lin/gcc-arm-none-eabi/arm-none-eabi/include/stdio.h:29:0,
                 from ../src/helloworld.c:48:
/opt/Xilinx/SDK/2016.2/gnu/aarch32/lin/gcc-arm-none-eabi/arm-none-eabi/include/stdio.h:177:5: note: expected ‘const char *’ but argument is of type ‘int’
 int _EXFUN(printf, (const char *__restrict, ...)
     ^
../src/helloworld.c:274:6: warning: implicit declaration of function ‘Rx2Uart’ [-Wimplicit-function-declaration]
      ReceiveLength=Rx2Uart(&DataFifo);
      ^
../src/helloworld.c:276:9: warning: format ‘%d’ expects argument of type ‘int’, but argument 2 has type ‘u32’ [-Wformat=]
         printf("Receive byte length is %d\r\n",ReceiveLength);
         ^
../src/helloworld.c:276:9: warning: format ‘%d’ expects argument of type ‘int’, but argument 2 has type ‘u32’ [-Wformat=]
../src/helloworld.c:170:21: warning: unused variable ‘Config’ [-Wunused-variable]
     XLlFifo_Config *Config;
                     ^
../src/helloworld.c:131:9: warning: unused variable ‘read_in’ [-Wunused-variable]
     int read_in =0;
         ^
../src/helloworld.c:129:10: warning: unused variable ‘from_keyboard’ [-Wunused-variable]
     char from_keyboard[10];
          ^
../src/helloworld.c:128:9: warning: unused variable ‘DataValue’ [-Wunused-variable]
     int DataValue;
         ^
../src/helloworld.c:127:9: warning: unused variable ‘samplenumber’ [-Wunused-variable]
     int samplenumber;
         ^
../src/helloworld.c:126:9: warning: unused variable ‘keyval’ [-Wunused-variable]
     int keyval;
         ^
../src/helloworld.c:125:9: warning: variable ‘read_out’ set but not used [-Wunused-but-set-variable]
     int read_out =0;
         ^
../src/helloworld.c:124:6: warning: unused variable ‘i’ [-Wunused-variable]
  int i;
      ^
../src/helloworld.c: At top level:
../src/helloworld.c:438:6: warning: conflicting types for ‘ReloadPico’
 void ReloadPico()
      ^
../src/helloworld.c:198:2: note: previous implicit declaration of ‘ReloadPico’ was here
  ReloadPico();
  ^
Finished building: ../src/helloworld.c
 
Building target: N3fromHelloWorld.elf
Invoking: ARM v7 gcc linker
arm-none-eabi-gcc -mcpu=cortex-a9 -mfpu=vfpv3 -mfloat-abi=hard -Wl,-build-id=none -specs=Xilinx.spec -Wl,-T -Wl,../src/lscript.ld -L../../N3fromHelloWorld_bsp/ps7_cortexa9_0/lib -o "N3fromHelloWorld.elf"  ./src/helloworld.o ./src/platform.o   -Wl,--start-group,-lxil,-lgcc,-lc,--end-group
Finished building target: N3fromHelloWorld.elf
 
Invoking: ARM v7 Print Size
arm-none-eabi-size N3fromHelloWorld.elf  |tee "N3fromHelloWorld.elf.size"
   text	   data	    bss	    dec	    hex	filename
  83688	   2624	  24076	 110388	  1af34	N3fromHelloWorld.elf
Finished building: N3fromHelloWorld.elf.size
 
21:11:21 **** Incremental Build of configuration Debug for project N3fromHelloWorld ****
make pre-build main-build 
a9-linaro-pre-build-step
 
make: Nothing to be done for `main-build'.
21:11:51 **** Incremental Build of configuration Debug for project N3fromHelloWorld ****
make pre-build main-build 
a9-linaro-pre-build-step
 
make: Nothing to be done for `main-build'.
21:17:33 **** Incremental Build of configuration Debug for project N3fromHelloWorld ****
make pre-build main-build 
a9-linaro-pre-build-step
 
make: Nothing to be done for `main-build'.
21:17:41 **** Incremental Build of configuration Debug for project N3fromHelloWorld ****
make pre-build main-build 
a9-linaro-pre-build-step
 
make: Nothing to be done for `main-build'.
21:18:24 **** Auto Build of configuration Debug for project N3fromHelloWorld ****
make pre-build main-build 
a9-linaro-pre-build-step
 
Building file: ../src/helloworld.c
Invoking: ARM v7 gcc compiler
arm-none-eabi-gcc -Wall -O0 -g3 -c -fmessage-length=0 -MT"src/helloworld.o" -mcpu=cortex-a9 -mfpu=vfpv3 -mfloat-abi=hard -I../../N3fromHelloWorld_bsp/ps7_cortexa9_0/include -MMD -MP -MF"src/helloworld.d" -MT"src/helloworld.o" -o "src/helloworld.o" "../src/helloworld.c"
../src/helloworld.c: In function ‘main’:
../src/helloworld.c:161:5: warning: format ‘%d’ expects argument of type ‘int’, but argument 2 has type ‘XLlFifo’ [-Wformat=]
     printf("DataFifo pointer: %d\n\r",DataFifo);
     ^
../src/helloworld.c:161:5: warning: format ‘%d’ expects argument of type ‘int’, but argument 2 has type ‘XLlFifo’ [-Wformat=]
../src/helloworld.c:196:5: warning: implicit declaration of function ‘GetValue’ [-Wimplicit-function-declaration]
     Value=GetValue();
     ^
../src/helloworld.c:198:2: warning: implicit declaration of function ‘ReloadPico’ [-Wimplicit-function-declaration]
  ReloadPico();
  ^
../src/helloworld.c:205:16: warning: character constant too long for its type
         printf('ADC peak value= %d \n',RegisterData);
                ^
../src/helloworld.c:205:16: warning: passing argument 1 of ‘printf’ makes pointer from integer without a cast
In file included from /opt/Xilinx/SDK/2016.2/gnu/aarch32/lin/gcc-arm-none-eabi/arm-none-eabi/include/stdio.h:29:0,
                 from ../src/helloworld.c:48:
/opt/Xilinx/SDK/2016.2/gnu/aarch32/lin/gcc-arm-none-eabi/arm-none-eabi/include/stdio.h:177:5: note: expected ‘const char *’ but argument is of type ‘int’
 int _EXFUN(printf, (const char *__restrict, ...)
     ^
../src/helloworld.c:206:16: warning: character constant too long for its type
         printf('ADC average value= %d \n',(RegisterData % 65536)/256);
                ^
../src/helloworld.c:206:16: warning: passing argument 1 of ‘printf’ makes pointer from integer without a cast
In file included from /opt/Xilinx/SDK/2016.2/gnu/aarch32/lin/gcc-arm-none-eabi/arm-none-eabi/include/stdio.h:29:0,
                 from ../src/helloworld.c:48:
/opt/Xilinx/SDK/2016.2/gnu/aarch32/lin/gcc-arm-none-eabi/arm-none-eabi/include/stdio.h:177:5: note: expected ‘const char *’ but argument is of type ‘int’
 int _EXFUN(printf, (const char *__restrict, ...)
     ^
../src/helloworld.c:207:16: warning: character constant too long for its type
         printf('ADC Gain value is %d \n\n',RegisterData / 65536);
                ^
../src/helloworld.c:207:16: warning: passing argument 1 of ‘printf’ makes pointer from integer without a cast
In file included from /opt/Xilinx/SDK/2016.2/gnu/aarch32/lin/gcc-arm-none-eabi/arm-none-eabi/include/stdio.h:29:0,
                 from ../src/helloworld.c:48:
/opt/Xilinx/SDK/2016.2/gnu/aarch32/lin/gcc-arm-none-eabi/arm-none-eabi/include/stdio.h:177:5: note: expected ‘const char *’ but argument is of type ‘int’
 int _EXFUN(printf, (const char *__restrict, ...)
     ^
../src/helloworld.c:209:16: warning: character constant too long for its type
         printf('Demod signal level (24 bit signed)= %d \n',RegisterData);
                ^
../src/helloworld.c:209:16: warning: passing argument 1 of ‘printf’ makes pointer from integer without a cast
In file included from /opt/Xilinx/SDK/2016.2/gnu/aarch32/lin/gcc-arm-none-eabi/arm-none-eabi/include/stdio.h:29:0,
                 from ../src/helloworld.c:48:
/opt/Xilinx/SDK/2016.2/gnu/aarch32/lin/gcc-arm-none-eabi/arm-none-eabi/include/stdio.h:177:5: note: expected ‘const char *’ but argument is of type ‘int’
 int _EXFUN(printf, (const char *__restrict, ...)
     ^
../src/helloworld.c:211:16: warning: character constant too long for its type
         printf('TX Audio level (average of AMP)= %d \n\n',RegisterData);
                ^
../src/helloworld.c:211:16: warning: passing argument 1 of ‘printf’ makes pointer from integer without a cast
In file included from /opt/Xilinx/SDK/2016.2/gnu/aarch32/lin/gcc-arm-none-eabi/arm-none-eabi/include/stdio.h:29:0,
                 from ../src/helloworld.c:48:
/opt/Xilinx/SDK/2016.2/gnu/aarch32/lin/gcc-arm-none-eabi/arm-none-eabi/include/stdio.h:177:5: note: expected ‘const char *’ but argument is of type ‘int’
 int _EXFUN(printf, (const char *__restrict, ...)
     ^
../src/helloworld.c:274:6: warning: implicit declaration of function ‘Rx2Uart’ [-Wimplicit-function-declaration]
      ReceiveLength=Rx2Uart(&DataFifo);
      ^
../src/helloworld.c:276:9: warning: format ‘%d’ expects argument of type ‘int’, but argument 2 has type ‘u32’ [-Wformat=]
         printf("Receive byte length is %d\r\n",ReceiveLength);
         ^
../src/helloworld.c:276:9: warning: format ‘%d’ expects argument of type ‘int’, but argument 2 has type ‘u32’ [-Wformat=]
../src/helloworld.c:170:21: warning: unused variable ‘Config’ [-Wunused-variable]
     XLlFifo_Config *Config;
                     ^
../src/helloworld.c:131:9: warning: unused variable ‘read_in’ [-Wunused-variable]
     int read_in =0;
         ^
../src/helloworld.c:129:10: warning: unused variable ‘from_keyboard’ [-Wunused-variable]
     char from_keyboard[10];
          ^
../src/helloworld.c:128:9: warning: unused variable ‘DataValue’ [-Wunused-variable]
     int DataValue;
         ^
../src/helloworld.c:127:9: warning: unused variable ‘samplenumber’ [-Wunused-variable]
     int samplenumber;
         ^
../src/helloworld.c:126:9: warning: unused variable ‘keyval’ [-Wunused-variable]
     int keyval;
         ^
../src/helloworld.c:125:9: warning: variable ‘read_out’ set but not used [-Wunused-but-set-variable]
     int read_out =0;
         ^
../src/helloworld.c:124:6: warning: unused variable ‘i’ [-Wunused-variable]
  int i;
      ^
../src/helloworld.c: At top level:
../src/helloworld.c:438:6: warning: conflicting types for ‘ReloadPico’
 void ReloadPico()
      ^
../src/helloworld.c:198:2: note: previous implicit declaration of ‘ReloadPico’ was here
  ReloadPico();
  ^
Finished building: ../src/helloworld.c
 
Building target: N3fromHelloWorld.elf
Invoking: ARM v7 gcc linker
arm-none-eabi-gcc -mcpu=cortex-a9 -mfpu=vfpv3 -mfloat-abi=hard -Wl,-build-id=none -specs=Xilinx.spec -Wl,-T -Wl,../src/lscript.ld -L../../N3fromHelloWorld_bsp/ps7_cortexa9_0/lib -o "N3fromHelloWorld.elf"  ./src/helloworld.o ./src/platform.o   -Wl,--start-group,-lxil,-lgcc,-lc,--end-group
Finished building target: N3fromHelloWorld.elf
 
Invoking: ARM v7 Print Size
arm-none-eabi-size N3fromHelloWorld.elf  |tee "N3fromHelloWorld.elf.size"
   text	   data	    bss	    dec	    hex	filename
  83624	   2624	  24076	 110324	  1aef4	N3fromHelloWorld.elf
Finished building: N3fromHelloWorld.elf.size
 
21:18:28 **** Incremental Build of configuration Debug for project N3fromHelloWorld ****
make pre-build main-build 
a9-linaro-pre-build-step
 
make: Nothing to be done for `main-build'.
21:19:32 **** Auto Build of configuration Debug for project N3fromHelloWorld ****
make pre-build main-build 
a9-linaro-pre-build-step
 
Building file: ../src/helloworld.c
Invoking: ARM v7 gcc compiler
arm-none-eabi-gcc -Wall -O0 -g3 -c -fmessage-length=0 -MT"src/helloworld.o" -mcpu=cortex-a9 -mfpu=vfpv3 -mfloat-abi=hard -I../../N3fromHelloWorld_bsp/ps7_cortexa9_0/include -MMD -MP -MF"src/helloworld.d" -MT"src/helloworld.o" -o "src/helloworld.o" "../src/helloworld.c"
../src/helloworld.c: In function ‘main’:
../src/helloworld.c:161:5: warning: format ‘%d’ expects argument of type ‘int’, but argument 2 has type ‘XLlFifo’ [-Wformat=]
     printf("DataFifo pointer: %d\n\r",DataFifo);
     ^
../src/helloworld.c:161:5: warning: format ‘%d’ expects argument of type ‘int’, but argument 2 has type ‘XLlFifo’ [-Wformat=]
../src/helloworld.c:196:5: warning: implicit declaration of function ‘GetValue’ [-Wimplicit-function-declaration]
     Value=GetValue();
     ^
../src/helloworld.c:198:2: warning: implicit declaration of function ‘ReloadPico’ [-Wimplicit-function-declaration]
  ReloadPico();
  ^
../src/helloworld.c:205:16: warning: character constant too long for its type
         printf('Tryng\n')
                ^
../src/helloworld.c:205:16: warning: passing argument 1 of ‘printf’ makes pointer from integer without a cast
In file included from /opt/Xilinx/SDK/2016.2/gnu/aarch32/lin/gcc-arm-none-eabi/arm-none-eabi/include/stdio.h:29:0,
                 from ../src/helloworld.c:48:
/opt/Xilinx/SDK/2016.2/gnu/aarch32/lin/gcc-arm-none-eabi/arm-none-eabi/include/stdio.h:177:5: note: expected ‘const char *’ but argument is of type ‘int’
 int _EXFUN(printf, (const char *__restrict, ...)
     ^
../src/helloworld.c:206:9: error: expected ‘;’ before ‘printf’
         printf('ADC peak value= %d \n',RegisterData % 256);
         ^
../src/helloworld.c:206:16: warning: character constant too long for its type
         printf('ADC peak value= %d \n',RegisterData % 256);
                ^
../src/helloworld.c:207:16: warning: character constant too long for its type
         printf('ADC average value= %d \n',(RegisterData % 65536)/256);
                ^
../src/helloworld.c:207:16: warning: passing argument 1 of ‘printf’ makes pointer from integer without a cast
In file included from /opt/Xilinx/SDK/2016.2/gnu/aarch32/lin/gcc-arm-none-eabi/arm-none-eabi/include/stdio.h:29:0,
                 from ../src/helloworld.c:48:
/opt/Xilinx/SDK/2016.2/gnu/aarch32/lin/gcc-arm-none-eabi/arm-none-eabi/include/stdio.h:177:5: note: expected ‘const char *’ but argument is of type ‘int’
 int _EXFUN(printf, (const char *__restrict, ...)
     ^
../src/helloworld.c:208:16: warning: character constant too long for its type
         printf('ADC Gain value is %d \n\n',RegisterData / 65536);
                ^
../src/helloworld.c:208:16: warning: passing argument 1 of ‘printf’ makes pointer from integer without a cast
In file included from /opt/Xilinx/SDK/2016.2/gnu/aarch32/lin/gcc-arm-none-eabi/arm-none-eabi/include/stdio.h:29:0,
                 from ../src/helloworld.c:48:
/opt/Xilinx/SDK/2016.2/gnu/aarch32/lin/gcc-arm-none-eabi/arm-none-eabi/include/stdio.h:177:5: note: expected ‘const char *’ but argument is of type ‘int’
 int _EXFUN(printf, (const char *__restrict, ...)
     ^
../src/helloworld.c:210:16: warning: character constant too long for its type
         printf('Demod signal level (24 bit signed)= %d \n',RegisterData);
                ^
../src/helloworld.c:210:16: warning: passing argument 1 of ‘printf’ makes pointer from integer without a cast
In file included from /opt/Xilinx/SDK/2016.2/gnu/aarch32/lin/gcc-arm-none-eabi/arm-none-eabi/include/stdio.h:29:0,
                 from ../src/helloworld.c:48:
/opt/Xilinx/SDK/2016.2/gnu/aarch32/lin/gcc-arm-none-eabi/arm-none-eabi/include/stdio.h:177:5: note: expected ‘const char *’ but argument is of type ‘int’
 int _EXFUN(printf, (const char *__restrict, ...)
     ^
../src/helloworld.c:212:16: warning: character constant too long for its type
         printf('TX Audio level (average of AMP)= %d \n\n',RegisterData);
                ^
../src/helloworld.c:212:16: warning: passing argument 1 of ‘printf’ makes pointer from integer without a cast
In file included from /opt/Xilinx/SDK/2016.2/gnu/aarch32/lin/gcc-arm-none-eabi/arm-none-eabi/include/stdio.h:29:0,
                 from ../src/helloworld.c:48:
/opt/Xilinx/SDK/2016.2/gnu/aarch32/lin/gcc-arm-none-eabi/arm-none-eabi/include/stdio.h:177:5: note: expected ‘const char *’ but argument is of type ‘int’
 int _EXFUN(printf, (const char *__restrict, ...)
     ^
../src/helloworld.c:275:6: warning: implicit declaration of function ‘Rx2Uart’ [-Wimplicit-function-declaration]
      ReceiveLength=Rx2Uart(&DataFifo);
      ^
../src/helloworld.c:277:9: warning: format ‘%d’ expects argument of type ‘int’, but argument 2 has type ‘u32’ [-Wformat=]
         printf("Receive byte length is %d\r\n",ReceiveLength);
         ^
../src/helloworld.c:277:9: warning: format ‘%d’ expects argument of type ‘int’, but argument 2 has type ‘u32’ [-Wformat=]
../src/helloworld.c:170:21: warning: unused variable ‘Config’ [-Wunused-variable]
     XLlFifo_Config *Config;
                     ^
../src/helloworld.c:131:9: warning: unused variable ‘read_in’ [-Wunused-variable]
     int read_in =0;
         ^
../src/helloworld.c:129:10: warning: unused variable ‘from_keyboard’ [-Wunused-variable]
     char from_keyboard[10];
          ^
../src/helloworld.c:128:9: warning: unused variable ‘DataValue’ [-Wunused-variable]
     int DataValue;
         ^
../src/helloworld.c:127:9: warning: unused variable ‘samplenumber’ [-Wunused-variable]
     int samplenumber;
         ^
../src/helloworld.c:126:9: warning: unused variable ‘keyval’ [-Wunused-variable]
     int keyval;
         ^
../src/helloworld.c:125:9: warning: variable ‘read_out’ set but not used [-Wunused-but-set-variable]
     int read_out =0;
         ^
../src/helloworld.c:124:6: warning: unused variable ‘i’ [-Wunused-variable]
  int i;
      ^
../src/helloworld.c: At top level:
../src/helloworld.c:439:6: warning: conflicting types for ‘ReloadPico’
 void ReloadPico()
      ^
../src/helloworld.c:198:2: note: previous implicit declaration of ‘ReloadPico’ was here
  ReloadPico();
  ^
make: *** [src/helloworld.o] Error 1
21:19:36 **** Incremental Build of configuration Debug for project N3fromHelloWorld ****
make pre-build main-build 
a9-linaro-pre-build-step
 
Building file: ../src/helloworld.c
Invoking: ARM v7 gcc compiler
arm-none-eabi-gcc -Wall -O0 -g3 -c -fmessage-length=0 -MT"src/helloworld.o" -mcpu=cortex-a9 -mfpu=vfpv3 -mfloat-abi=hard -I../../N3fromHelloWorld_bsp/ps7_cortexa9_0/include -MMD -MP -MF"src/helloworld.d" -MT"src/helloworld.o" -o "src/helloworld.o" "../src/helloworld.c"
../src/helloworld.c: In function ‘main’:
../src/helloworld.c:161:5: warning: format ‘%d’ expects argument of type ‘int’, but argument 2 has type ‘XLlFifo’ [-Wformat=]
     printf("DataFifo pointer: %d\n\r",DataFifo);
     ^
../src/helloworld.c:161:5: warning: format ‘%d’ expects argument of type ‘int’, but argument 2 has type ‘XLlFifo’ [-Wformat=]
../src/helloworld.c:196:5: warning: implicit declaration of function ‘GetValue’ [-Wimplicit-function-declaration]
     Value=GetValue();
     ^
../src/helloworld.c:198:2: warning: implicit declaration of function ‘ReloadPico’ [-Wimplicit-function-declaration]
  ReloadPico();
  ^
../src/helloworld.c:205:16: warning: character constant too long for its type
         printf('Tryng\n')
                ^
../src/helloworld.c:205:16: warning: passing argument 1 of ‘printf’ makes pointer from integer without a cast
In file included from /opt/Xilinx/SDK/2016.2/gnu/aarch32/lin/gcc-arm-none-eabi/arm-none-eabi/include/stdio.h:29:0,
                 from ../src/helloworld.c:48:
/opt/Xilinx/SDK/2016.2/gnu/aarch32/lin/gcc-arm-none-eabi/arm-none-eabi/include/stdio.h:177:5: note: expected ‘const char *’ but argument is of type ‘int’
 int _EXFUN(printf, (const char *__restrict, ...)
     ^
../src/helloworld.c:206:9: error: expected ‘;’ before ‘printf’
         printf('ADC peak value= %d \n',RegisterData % 256);
         ^
../src/helloworld.c:206:16: warning: character constant too long for its type
         printf('ADC peak value= %d \n',RegisterData % 256);
                ^
../src/helloworld.c:207:16: warning: character constant too long for its type
         printf('ADC average value= %d \n',(RegisterData % 65536)/256);
                ^
../src/helloworld.c:207:16: warning: passing argument 1 of ‘printf’ makes pointer from integer without a cast
In file included from /opt/Xilinx/SDK/2016.2/gnu/aarch32/lin/gcc-arm-none-eabi/arm-none-eabi/include/stdio.h:29:0,
                 from ../src/helloworld.c:48:
/opt/Xilinx/SDK/2016.2/gnu/aarch32/lin/gcc-arm-none-eabi/arm-none-eabi/include/stdio.h:177:5: note: expected ‘const char *’ but argument is of type ‘int’
 int _EXFUN(printf, (const char *__restrict, ...)
     ^
../src/helloworld.c:208:16: warning: character constant too long for its type
         printf('ADC Gain value is %d \n\n',RegisterData / 65536);
                ^
../src/helloworld.c:208:16: warning: passing argument 1 of ‘printf’ makes pointer from integer without a cast
In file included from /opt/Xilinx/SDK/2016.2/gnu/aarch32/lin/gcc-arm-none-eabi/arm-none-eabi/include/stdio.h:29:0,
                 from ../src/helloworld.c:48:
/opt/Xilinx/SDK/2016.2/gnu/aarch32/lin/gcc-arm-none-eabi/arm-none-eabi/include/stdio.h:177:5: note: expected ‘const char *’ but argument is of type ‘int’
 int _EXFUN(printf, (const char *__restrict, ...)
     ^
../src/helloworld.c:210:16: warning: character constant too long for its type
         printf('Demod signal level (24 bit signed)= %d \n',RegisterData);
                ^
../src/helloworld.c:210:16: warning: passing argument 1 of ‘printf’ makes pointer from integer without a cast
In file included from /opt/Xilinx/SDK/2016.2/gnu/aarch32/lin/gcc-arm-none-eabi/arm-none-eabi/include/stdio.h:29:0,
                 from ../src/helloworld.c:48:
/opt/Xilinx/SDK/2016.2/gnu/aarch32/lin/gcc-arm-none-eabi/arm-none-eabi/include/stdio.h:177:5: note: expected ‘const char *’ but argument is of type ‘int’
 int _EXFUN(printf, (const char *__restrict, ...)
     ^
../src/helloworld.c:212:16: warning: character constant too long for its type
         printf('TX Audio level (average of AMP)= %d \n\n',RegisterData);
                ^
../src/helloworld.c:212:16: warning: passing argument 1 of ‘printf’ makes pointer from integer without a cast
In file included from /opt/Xilinx/SDK/2016.2/gnu/aarch32/lin/gcc-arm-none-eabi/arm-none-eabi/include/stdio.h:29:0,
                 from ../src/helloworld.c:48:
/opt/Xilinx/SDK/2016.2/gnu/aarch32/lin/gcc-arm-none-eabi/arm-none-eabi/include/stdio.h:177:5: note: expected ‘const char *’ but argument is of type ‘int’
 int _EXFUN(printf, (const char *__restrict, ...)
     ^
../src/helloworld.c:275:6: warning: implicit declaration of function ‘Rx2Uart’ [-Wimplicit-function-declaration]
      ReceiveLength=Rx2Uart(&DataFifo);
      ^
../src/helloworld.c:277:9: warning: format ‘%d’ expects argument of type ‘int’, but argument 2 has type ‘u32’ [-Wformat=]
         printf("Receive byte length is %d\r\n",ReceiveLength);
         ^
../src/helloworld.c:277:9: warning: format ‘%d’ expects argument of type ‘int’, but argument 2 has type ‘u32’ [-Wformat=]
../src/helloworld.c:170:21: warning: unused variable ‘Config’ [-Wunused-variable]
     XLlFifo_Config *Config;
                     ^
../src/helloworld.c:131:9: warning: unused variable ‘read_in’ [-Wunused-variable]
     int read_in =0;
         ^
../src/helloworld.c:129:10: warning: unused variable ‘from_keyboard’ [-Wunused-variable]
     char from_keyboard[10];
          ^
../src/helloworld.c:128:9: warning: unused variable ‘DataValue’ [-Wunused-variable]
     int DataValue;
         ^
../src/helloworld.c:127:9: warning: unused variable ‘samplenumber’ [-Wunused-variable]
     int samplenumber;
         ^
../src/helloworld.c:126:9: warning: unused variable ‘keyval’ [-Wunused-variable]
     int keyval;
         ^
../src/helloworld.c:125:9: warning: variable ‘read_out’ set but not used [-Wunused-but-set-variable]
     int read_out =0;
         ^
../src/helloworld.c:124:6: warning: unused variable ‘i’ [-Wunused-variable]
  int i;
      ^
../src/helloworld.c: At top level:
../src/helloworld.c:439:6: warning: conflicting types for ‘ReloadPico’
 void ReloadPico()
      ^
../src/helloworld.c:198:2: note: previous implicit declaration of ‘ReloadPico’ was here
  ReloadPico();
  ^
make: *** [src/helloworld.o] Error 1
21:20:06 **** Auto Build of configuration Debug for project N3fromHelloWorld ****
make pre-build main-build 
a9-linaro-pre-build-step
 
Building file: ../src/helloworld.c
Invoking: ARM v7 gcc compiler
arm-none-eabi-gcc -Wall -O0 -g3 -c -fmessage-length=0 -MT"src/helloworld.o" -mcpu=cortex-a9 -mfpu=vfpv3 -mfloat-abi=hard -I../../N3fromHelloWorld_bsp/ps7_cortexa9_0/include -MMD -MP -MF"src/helloworld.d" -MT"src/helloworld.o" -o "src/helloworld.o" "../src/helloworld.c"
../src/helloworld.c: In function ‘main’:
../src/helloworld.c:161:5: warning: format ‘%d’ expects argument of type ‘int’, but argument 2 has type ‘XLlFifo’ [-Wformat=]
     printf("DataFifo pointer: %d\n\r",DataFifo);
     ^
../src/helloworld.c:161:5: warning: format ‘%d’ expects argument of type ‘int’, but argument 2 has type ‘XLlFifo’ [-Wformat=]
../src/helloworld.c:196:5: warning: implicit declaration of function ‘GetValue’ [-Wimplicit-function-declaration]
     Value=GetValue();
     ^
../src/helloworld.c:198:2: warning: implicit declaration of function ‘ReloadPico’ [-Wimplicit-function-declaration]
  ReloadPico();
  ^
../src/helloworld.c:205:16: warning: character constant too long for its type
         printf('Tryng\n');
                ^
../src/helloworld.c:205:16: warning: passing argument 1 of ‘printf’ makes pointer from integer without a cast
In file included from /opt/Xilinx/SDK/2016.2/gnu/aarch32/lin/gcc-arm-none-eabi/arm-none-eabi/include/stdio.h:29:0,
                 from ../src/helloworld.c:48:
/opt/Xilinx/SDK/2016.2/gnu/aarch32/lin/gcc-arm-none-eabi/arm-none-eabi/include/stdio.h:177:5: note: expected ‘const char *’ but argument is of type ‘int’
 int _EXFUN(printf, (const char *__restrict, ...)
     ^
../src/helloworld.c:206:16: warning: character constant too long for its type
         printf('ADC peak value= %d \n',RegisterData % 256);
                ^
../src/helloworld.c:206:16: warning: passing argument 1 of ‘printf’ makes pointer from integer without a cast
In file included from /opt/Xilinx/SDK/2016.2/gnu/aarch32/lin/gcc-arm-none-eabi/arm-none-eabi/include/stdio.h:29:0,
                 from ../src/helloworld.c:48:
/opt/Xilinx/SDK/2016.2/gnu/aarch32/lin/gcc-arm-none-eabi/arm-none-eabi/include/stdio.h:177:5: note: expected ‘const char *’ but argument is of type ‘int’
 int _EXFUN(printf, (const char *__restrict, ...)
     ^
../src/helloworld.c:207:16: warning: character constant too long for its type
         printf('ADC average value= %d \n',(RegisterData % 65536)/256);
                ^
../src/helloworld.c:207:16: warning: passing argument 1 of ‘printf’ makes pointer from integer without a cast
In file included from /opt/Xilinx/SDK/2016.2/gnu/aarch32/lin/gcc-arm-none-eabi/arm-none-eabi/include/stdio.h:29:0,
                 from ../src/helloworld.c:48:
/opt/Xilinx/SDK/2016.2/gnu/aarch32/lin/gcc-arm-none-eabi/arm-none-eabi/include/stdio.h:177:5: note: expected ‘const char *’ but argument is of type ‘int’
 int _EXFUN(printf, (const char *__restrict, ...)
     ^
../src/helloworld.c:208:16: warning: character constant too long for its type
         printf('ADC Gain value is %d \n\n',RegisterData / 65536);
                ^
../src/helloworld.c:208:16: warning: passing argument 1 of ‘printf’ makes pointer from integer without a cast
In file included from /opt/Xilinx/SDK/2016.2/gnu/aarch32/lin/gcc-arm-none-eabi/arm-none-eabi/include/stdio.h:29:0,
                 from ../src/helloworld.c:48:
/opt/Xilinx/SDK/2016.2/gnu/aarch32/lin/gcc-arm-none-eabi/arm-none-eabi/include/stdio.h:177:5: note: expected ‘const char *’ but argument is of type ‘int’
 int _EXFUN(printf, (const char *__restrict, ...)
     ^
../src/helloworld.c:210:16: warning: character constant too long for its type
         printf('Demod signal level (24 bit signed)= %d \n',RegisterData);
                ^
../src/helloworld.c:210:16: warning: passing argument 1 of ‘printf’ makes pointer from integer without a cast
In file included from /opt/Xilinx/SDK/2016.2/gnu/aarch32/lin/gcc-arm-none-eabi/arm-none-eabi/include/stdio.h:29:0,
                 from ../src/helloworld.c:48:
/opt/Xilinx/SDK/2016.2/gnu/aarch32/lin/gcc-arm-none-eabi/arm-none-eabi/include/stdio.h:177:5: note: expected ‘const char *’ but argument is of type ‘int’
 int _EXFUN(printf, (const char *__restrict, ...)
     ^
../src/helloworld.c:212:16: warning: character constant too long for its type
         printf('TX Audio level (average of AMP)= %d \n\n',RegisterData);
                ^
../src/helloworld.c:212:16: warning: passing argument 1 of ‘printf’ makes pointer from integer without a cast
In file included from /opt/Xilinx/SDK/2016.2/gnu/aarch32/lin/gcc-arm-none-eabi/arm-none-eabi/include/stdio.h:29:0,
                 from ../src/helloworld.c:48:
/opt/Xilinx/SDK/2016.2/gnu/aarch32/lin/gcc-arm-none-eabi/arm-none-eabi/include/stdio.h:177:5: note: expected ‘const char *’ but argument is of type ‘int’
 int _EXFUN(printf, (const char *__restrict, ...)
     ^
../src/helloworld.c:275:6: warning: implicit declaration of function ‘Rx2Uart’ [-Wimplicit-function-declaration]
      ReceiveLength=Rx2Uart(&DataFifo);
      ^
../src/helloworld.c:277:9: warning: format ‘%d’ expects argument of type ‘int’, but argument 2 has type ‘u32’ [-Wformat=]
         printf("Receive byte length is %d\r\n",ReceiveLength);
         ^
../src/helloworld.c:277:9: warning: format ‘%d’ expects argument of type ‘int’, but argument 2 has type ‘u32’ [-Wformat=]
../src/helloworld.c:170:21: warning: unused variable ‘Config’ [-Wunused-variable]
     XLlFifo_Config *Config;
                     ^
../src/helloworld.c:131:9: warning: unused variable ‘read_in’ [-Wunused-variable]
     int read_in =0;
         ^
../src/helloworld.c:129:10: warning: unused variable ‘from_keyboard’ [-Wunused-variable]
     char from_keyboard[10];
          ^
../src/helloworld.c:128:9: warning: unused variable ‘DataValue’ [-Wunused-variable]
     int DataValue;
         ^
../src/helloworld.c:127:9: warning: unused variable ‘samplenumber’ [-Wunused-variable]
     int samplenumber;
         ^
../src/helloworld.c:126:9: warning: unused variable ‘keyval’ [-Wunused-variable]
     int keyval;
         ^
../src/helloworld.c:125:9: warning: variable ‘read_out’ set but not used [-Wunused-but-set-variable]
     int read_out =0;
         ^
../src/helloworld.c:124:6: warning: unused variable ‘i’ [-Wunused-variable]
  int i;
      ^
../src/helloworld.c: At top level:
../src/helloworld.c:439:6: warning: conflicting types for ‘ReloadPico’
 void ReloadPico()
      ^
../src/helloworld.c:198:2: note: previous implicit declaration of ‘ReloadPico’ was here
  ReloadPico();
  ^
Finished building: ../src/helloworld.c
 
Building target: N3fromHelloWorld.elf
Invoking: ARM v7 gcc linker
arm-none-eabi-gcc -mcpu=cortex-a9 -mfpu=vfpv3 -mfloat-abi=hard -Wl,-build-id=none -specs=Xilinx.spec -Wl,-T -Wl,../src/lscript.ld -L../../N3fromHelloWorld_bsp/ps7_cortexa9_0/lib -o "N3fromHelloWorld.elf"  ./src/helloworld.o ./src/platform.o   -Wl,--start-group,-lxil,-lgcc,-lc,--end-group
Finished building target: N3fromHelloWorld.elf
 
Invoking: ARM v7 Print Size
arm-none-eabi-size N3fromHelloWorld.elf  |tee "N3fromHelloWorld.elf.size"
   text	   data	    bss	    dec	    hex	filename
  83688	   2624	  24076	 110388	  1af34	N3fromHelloWorld.elf
Finished building: N3fromHelloWorld.elf.size
 
21:20:11 **** Incremental Build of configuration Debug for project N3fromHelloWorld ****
make pre-build main-build 
a9-linaro-pre-build-step
 
make: Nothing to be done for `main-build'.
21:21:18 **** Auto Build of configuration Debug for project N3fromHelloWorld ****
make pre-build main-build 
a9-linaro-pre-build-step
 
Building file: ../src/helloworld.c
Invoking: ARM v7 gcc compiler
arm-none-eabi-gcc -Wall -O0 -g3 -c -fmessage-length=0 -MT"src/helloworld.o" -mcpu=cortex-a9 -mfpu=vfpv3 -mfloat-abi=hard -I../../N3fromHelloWorld_bsp/ps7_cortexa9_0/include -MMD -MP -MF"src/helloworld.d" -MT"src/helloworld.o" -o "src/helloworld.o" "../src/helloworld.c"
../src/helloworld.c: In function ‘main’:
../src/helloworld.c:161:5: warning: format ‘%d’ expects argument of type ‘int’, but argument 2 has type ‘XLlFifo’ [-Wformat=]
     printf("DataFifo pointer: %d\n\r",DataFifo);
     ^
../src/helloworld.c:161:5: warning: format ‘%d’ expects argument of type ‘int’, but argument 2 has type ‘XLlFifo’ [-Wformat=]
../src/helloworld.c:196:5: warning: implicit declaration of function ‘GetValue’ [-Wimplicit-function-declaration]
     Value=GetValue();
     ^
../src/helloworld.c:198:2: warning: implicit declaration of function ‘ReloadPico’ [-Wimplicit-function-declaration]
  ReloadPico();
  ^
../src/helloworld.c:204:16: warning: character constant too long for its type
         printf('Trying \n')
                ^
../src/helloworld.c:204:16: warning: passing argument 1 of ‘printf’ makes pointer from integer without a cast
In file included from /opt/Xilinx/SDK/2016.2/gnu/aarch32/lin/gcc-arm-none-eabi/arm-none-eabi/include/stdio.h:29:0,
                 from ../src/helloworld.c:48:
/opt/Xilinx/SDK/2016.2/gnu/aarch32/lin/gcc-arm-none-eabi/arm-none-eabi/include/stdio.h:177:5: note: expected ‘const char *’ but argument is of type ‘int’
 int _EXFUN(printf, (const char *__restrict, ...)
     ^
../src/helloworld.c:205:9: error: expected ‘;’ before ‘RegisterData’
         RegisterData=n3z_tonetest_adcgain_ave_peak_read(InstancePtr);
         ^
../src/helloworld.c:207:16: warning: character constant too long for its type
         printf('ADC peak value= %d \n',RegisterData % 256);
                ^
../src/helloworld.c:207:16: warning: passing argument 1 of ‘printf’ makes pointer from integer without a cast
In file included from /opt/Xilinx/SDK/2016.2/gnu/aarch32/lin/gcc-arm-none-eabi/arm-none-eabi/include/stdio.h:29:0,
                 from ../src/helloworld.c:48:
/opt/Xilinx/SDK/2016.2/gnu/aarch32/lin/gcc-arm-none-eabi/arm-none-eabi/include/stdio.h:177:5: note: expected ‘const char *’ but argument is of type ‘int’
 int _EXFUN(printf, (const char *__restrict, ...)
     ^
../src/helloworld.c:208:16: warning: character constant too long for its type
         printf('ADC average value= %d \n',(RegisterData % 65536)/256);
                ^
../src/helloworld.c:208:16: warning: passing argument 1 of ‘printf’ makes pointer from integer without a cast
In file included from /opt/Xilinx/SDK/2016.2/gnu/aarch32/lin/gcc-arm-none-eabi/arm-none-eabi/include/stdio.h:29:0,
                 from ../src/helloworld.c:48:
/opt/Xilinx/SDK/2016.2/gnu/aarch32/lin/gcc-arm-none-eabi/arm-none-eabi/include/stdio.h:177:5: note: expected ‘const char *’ but argument is of type ‘int’
 int _EXFUN(printf, (const char *__restrict, ...)
     ^
../src/helloworld.c:209:16: warning: character constant too long for its type
         printf('ADC Gain value is %d \n\n',RegisterData / 65536);
                ^
../src/helloworld.c:209:16: warning: passing argument 1 of ‘printf’ makes pointer from integer without a cast
In file included from /opt/Xilinx/SDK/2016.2/gnu/aarch32/lin/gcc-arm-none-eabi/arm-none-eabi/include/stdio.h:29:0,
                 from ../src/helloworld.c:48:
/opt/Xilinx/SDK/2016.2/gnu/aarch32/lin/gcc-arm-none-eabi/arm-none-eabi/include/stdio.h:177:5: note: expected ‘const char *’ but argument is of type ‘int’
 int _EXFUN(printf, (const char *__restrict, ...)
     ^
../src/helloworld.c:211:16: warning: character constant too long for its type
         printf('Demod signal level (24 bit signed)= %d \n',RegisterData);
                ^
../src/helloworld.c:211:16: warning: passing argument 1 of ‘printf’ makes pointer from integer without a cast
In file included from /opt/Xilinx/SDK/2016.2/gnu/aarch32/lin/gcc-arm-none-eabi/arm-none-eabi/include/stdio.h:29:0,
                 from ../src/helloworld.c:48:
/opt/Xilinx/SDK/2016.2/gnu/aarch32/lin/gcc-arm-none-eabi/arm-none-eabi/include/stdio.h:177:5: note: expected ‘const char *’ but argument is of type ‘int’
 int _EXFUN(printf, (const char *__restrict, ...)
     ^
../src/helloworld.c:213:16: warning: character constant too long for its type
         printf('TX Audio level (average of AMP)= %d \n\n',RegisterData);
                ^
../src/helloworld.c:213:16: warning: passing argument 1 of ‘printf’ makes pointer from integer without a cast
In file included from /opt/Xilinx/SDK/2016.2/gnu/aarch32/lin/gcc-arm-none-eabi/arm-none-eabi/include/stdio.h:29:0,
                 from ../src/helloworld.c:48:
/opt/Xilinx/SDK/2016.2/gnu/aarch32/lin/gcc-arm-none-eabi/arm-none-eabi/include/stdio.h:177:5: note: expected ‘const char *’ but argument is of type ‘int’
 int _EXFUN(printf, (const char *__restrict, ...)
     ^
../src/helloworld.c:276:6: warning: implicit declaration of function ‘Rx2Uart’ [-Wimplicit-function-declaration]
      ReceiveLength=Rx2Uart(&DataFifo);
      ^
../src/helloworld.c:278:9: warning: format ‘%d’ expects argument of type ‘int’, but argument 2 has type ‘u32’ [-Wformat=]
         printf("Receive byte length is %d\r\n",ReceiveLength);
         ^
../src/helloworld.c:278:9: warning: format ‘%d’ expects argument of type ‘int’, but argument 2 has type ‘u32’ [-Wformat=]
../src/helloworld.c:170:21: warning: unused variable ‘Config’ [-Wunused-variable]
     XLlFifo_Config *Config;
                     ^
../src/helloworld.c:131:9: warning: unused variable ‘read_in’ [-Wunused-variable]
     int read_in =0;
         ^
../src/helloworld.c:129:10: warning: unused variable ‘from_keyboard’ [-Wunused-variable]
     char from_keyboard[10];
          ^
../src/helloworld.c:128:9: warning: unused variable ‘DataValue’ [-Wunused-variable]
     int DataValue;
         ^
../src/helloworld.c:127:9: warning: unused variable ‘samplenumber’ [-Wunused-variable]
     int samplenumber;
         ^
../src/helloworld.c:126:9: warning: unused variable ‘keyval’ [-Wunused-variable]
     int keyval;
         ^
../src/helloworld.c:125:9: warning: variable ‘read_out’ set but not used [-Wunused-but-set-variable]
     int read_out =0;
         ^
../src/helloworld.c:124:6: warning: unused variable ‘i’ [-Wunused-variable]
  int i;
      ^
../src/helloworld.c: At top level:
../src/helloworld.c:440:6: warning: conflicting types for ‘ReloadPico’
 void ReloadPico()
      ^
../src/helloworld.c:198:2: note: previous implicit declaration of ‘ReloadPico’ was here
  ReloadPico();
  ^
make: *** [src/helloworld.o] Error 1
21:21:29 **** Auto Build of configuration Debug for project N3fromHelloWorld ****
make pre-build main-build 
a9-linaro-pre-build-step
 
Building file: ../src/helloworld.c
Invoking: ARM v7 gcc compiler
arm-none-eabi-gcc -Wall -O0 -g3 -c -fmessage-length=0 -MT"src/helloworld.o" -mcpu=cortex-a9 -mfpu=vfpv3 -mfloat-abi=hard -I../../N3fromHelloWorld_bsp/ps7_cortexa9_0/include -MMD -MP -MF"src/helloworld.d" -MT"src/helloworld.o" -o "src/helloworld.o" "../src/helloworld.c"
../src/helloworld.c: In function ‘main’:
../src/helloworld.c:161:5: warning: format ‘%d’ expects argument of type ‘int’, but argument 2 has type ‘XLlFifo’ [-Wformat=]
     printf("DataFifo pointer: %d\n\r",DataFifo);
     ^
../src/helloworld.c:161:5: warning: format ‘%d’ expects argument of type ‘int’, but argument 2 has type ‘XLlFifo’ [-Wformat=]
../src/helloworld.c:196:5: warning: implicit declaration of function ‘GetValue’ [-Wimplicit-function-declaration]
     Value=GetValue();
     ^
../src/helloworld.c:198:2: warning: implicit declaration of function ‘ReloadPico’ [-Wimplicit-function-declaration]
  ReloadPico();
  ^
../src/helloworld.c:204:16: warning: character constant too long for its type
         printf('Trying \n');
                ^
../src/helloworld.c:204:16: warning: passing argument 1 of ‘printf’ makes pointer from integer without a cast
In file included from /opt/Xilinx/SDK/2016.2/gnu/aarch32/lin/gcc-arm-none-eabi/arm-none-eabi/include/stdio.h:29:0,
                 from ../src/helloworld.c:48:
/opt/Xilinx/SDK/2016.2/gnu/aarch32/lin/gcc-arm-none-eabi/arm-none-eabi/include/stdio.h:177:5: note: expected ‘const char *’ but argument is of type ‘int’
 int _EXFUN(printf, (const char *__restrict, ...)
     ^
../src/helloworld.c:207:16: warning: character constant too long for its type
         printf('ADC peak value= %d \n',RegisterData % 256);
                ^
../src/helloworld.c:207:16: warning: passing argument 1 of ‘printf’ makes pointer from integer without a cast
In file included from /opt/Xilinx/SDK/2016.2/gnu/aarch32/lin/gcc-arm-none-eabi/arm-none-eabi/include/stdio.h:29:0,
                 from ../src/helloworld.c:48:
/opt/Xilinx/SDK/2016.2/gnu/aarch32/lin/gcc-arm-none-eabi/arm-none-eabi/include/stdio.h:177:5: note: expected ‘const char *’ but argument is of type ‘int’
 int _EXFUN(printf, (const char *__restrict, ...)
     ^
../src/helloworld.c:208:16: warning: character constant too long for its type
         printf('ADC average value= %d \n',(RegisterData % 65536)/256);
                ^
../src/helloworld.c:208:16: warning: passing argument 1 of ‘printf’ makes pointer from integer without a cast
In file included from /opt/Xilinx/SDK/2016.2/gnu/aarch32/lin/gcc-arm-none-eabi/arm-none-eabi/include/stdio.h:29:0,
                 from ../src/helloworld.c:48:
/opt/Xilinx/SDK/2016.2/gnu/aarch32/lin/gcc-arm-none-eabi/arm-none-eabi/include/stdio.h:177:5: note: expected ‘const char *’ but argument is of type ‘int’
 int _EXFUN(printf, (const char *__restrict, ...)
     ^
../src/helloworld.c:209:16: warning: character constant too long for its type
         printf('ADC Gain value is %d \n\n',RegisterData / 65536);
                ^
../src/helloworld.c:209:16: warning: passing argument 1 of ‘printf’ makes pointer from integer without a cast
In file included from /opt/Xilinx/SDK/2016.2/gnu/aarch32/lin/gcc-arm-none-eabi/arm-none-eabi/include/stdio.h:29:0,
                 from ../src/helloworld.c:48:
/opt/Xilinx/SDK/2016.2/gnu/aarch32/lin/gcc-arm-none-eabi/arm-none-eabi/include/stdio.h:177:5: note: expected ‘const char *’ but argument is of type ‘int’
 int _EXFUN(printf, (const char *__restrict, ...)
     ^
../src/helloworld.c:211:16: warning: character constant too long for its type
         printf('Demod signal level (24 bit signed)= %d \n',RegisterData);
                ^
../src/helloworld.c:211:16: warning: passing argument 1 of ‘printf’ makes pointer from integer without a cast
In file included from /opt/Xilinx/SDK/2016.2/gnu/aarch32/lin/gcc-arm-none-eabi/arm-none-eabi/include/stdio.h:29:0,
                 from ../src/helloworld.c:48:
/opt/Xilinx/SDK/2016.2/gnu/aarch32/lin/gcc-arm-none-eabi/arm-none-eabi/include/stdio.h:177:5: note: expected ‘const char *’ but argument is of type ‘int’
 int _EXFUN(printf, (const char *__restrict, ...)
     ^
../src/helloworld.c:213:16: warning: character constant too long for its type
         printf('TX Audio level (average of AMP)= %d \n\n',RegisterData);
                ^
../src/helloworld.c:213:16: warning: passing argument 1 of ‘printf’ makes pointer from integer without a cast
In file included from /opt/Xilinx/SDK/2016.2/gnu/aarch32/lin/gcc-arm-none-eabi/arm-none-eabi/include/stdio.h:29:0,
                 from ../src/helloworld.c:48:
/opt/Xilinx/SDK/2016.2/gnu/aarch32/lin/gcc-arm-none-eabi/arm-none-eabi/include/stdio.h:177:5: note: expected ‘const char *’ but argument is of type ‘int’
 int _EXFUN(printf, (const char *__restrict, ...)
     ^
../src/helloworld.c:276:6: warning: implicit declaration of function ‘Rx2Uart’ [-Wimplicit-function-declaration]
      ReceiveLength=Rx2Uart(&DataFifo);
      ^
../src/helloworld.c:278:9: warning: format ‘%d’ expects argument of type ‘int’, but argument 2 has type ‘u32’ [-Wformat=]
         printf("Receive byte length is %d\r\n",ReceiveLength);
         ^
../src/helloworld.c:278:9: warning: format ‘%d’ expects argument of type ‘int’, but argument 2 has type ‘u32’ [-Wformat=]
../src/helloworld.c:170:21: warning: unused variable ‘Config’ [-Wunused-variable]
     XLlFifo_Config *Config;
                     ^
../src/helloworld.c:131:9: warning: unused variable ‘read_in’ [-Wunused-variable]
     int read_in =0;
         ^
../src/helloworld.c:129:10: warning: unused variable ‘from_keyboard’ [-Wunused-variable]
     char from_keyboard[10];
          ^
../src/helloworld.c:128:9: warning: unused variable ‘DataValue’ [-Wunused-variable]
     int DataValue;
         ^
../src/helloworld.c:127:9: warning: unused variable ‘samplenumber’ [-Wunused-variable]
     int samplenumber;
         ^
../src/helloworld.c:126:9: warning: unused variable ‘keyval’ [-Wunused-variable]
     int keyval;
         ^
../src/helloworld.c:125:9: warning: variable ‘read_out’ set but not used [-Wunused-but-set-variable]
     int read_out =0;
         ^
../src/helloworld.c:124:6: warning: unused variable ‘i’ [-Wunused-variable]
  int i;
      ^
../src/helloworld.c: At top level:
../src/helloworld.c:440:6: warning: conflicting types for ‘ReloadPico’
 void ReloadPico()
      ^
../src/helloworld.c:198:2: note: previous implicit declaration of ‘ReloadPico’ was here
  ReloadPico();
  ^
Finished building: ../src/helloworld.c
 
Building target: N3fromHelloWorld.elf
Invoking: ARM v7 gcc linker
arm-none-eabi-gcc -mcpu=cortex-a9 -mfpu=vfpv3 -mfloat-abi=hard -Wl,-build-id=none -specs=Xilinx.spec -Wl,-T -Wl,../src/lscript.ld -L../../N3fromHelloWorld_bsp/ps7_cortexa9_0/lib -o "N3fromHelloWorld.elf"  ./src/helloworld.o ./src/platform.o   -Wl,--start-group,-lxil,-lgcc,-lc,--end-group
Finished building target: N3fromHelloWorld.elf
 
Invoking: ARM v7 Print Size
arm-none-eabi-size N3fromHelloWorld.elf  |tee "N3fromHelloWorld.elf.size"
   text	   data	    bss	    dec	    hex	filename
  83688	   2624	  24076	 110388	  1af34	N3fromHelloWorld.elf
Finished building: N3fromHelloWorld.elf.size
 
21:21:36 **** Incremental Build of configuration Debug for project N3fromHelloWorld ****
make pre-build main-build 
a9-linaro-pre-build-step
 
make: Nothing to be done for `main-build'.
21:23:27 **** Auto Build of configuration Debug for project N3fromHelloWorld ****
make pre-build main-build 
a9-linaro-pre-build-step
 
Building file: ../src/helloworld.c
Invoking: ARM v7 gcc compiler
arm-none-eabi-gcc -Wall -O0 -g3 -c -fmessage-length=0 -MT"src/helloworld.o" -mcpu=cortex-a9 -mfpu=vfpv3 -mfloat-abi=hard -I../../N3fromHelloWorld_bsp/ps7_cortexa9_0/include -MMD -MP -MF"src/helloworld.d" -MT"src/helloworld.o" -o "src/helloworld.o" "../src/helloworld.c"
../src/helloworld.c: In function ‘main’:
../src/helloworld.c:161:5: warning: format ‘%d’ expects argument of type ‘int’, but argument 2 has type ‘XLlFifo’ [-Wformat=]
     printf("DataFifo pointer: %d\n\r",DataFifo);
     ^
../src/helloworld.c:161:5: warning: format ‘%d’ expects argument of type ‘int’, but argument 2 has type ‘XLlFifo’ [-Wformat=]
../src/helloworld.c:196:5: warning: implicit declaration of function ‘GetValue’ [-Wimplicit-function-declaration]
     Value=GetValue();
     ^
[...]
make -C ps7_cortexa9_0/libsrc/uartps_v3_1/src -s libs  "SHELL=/bin/sh" "COMPILER=arm-none-eabi-gcc" "ARCHIVER=arm-none-eabi-ar" "COMPILER_FLAGS=  -O2 -c" "EXTRA_COMPILER_FLAGS=-mcpu=cortex-a9 -mfpu=vfpv3 -mfloat-abi=hard -nostartfiles"
Compiling uartps
Running Make libs in ps7_cortexa9_0/libsrc/xadcps_v2_2/src
make -C ps7_cortexa9_0/libsrc/xadcps_v2_2/src -s libs  "SHELL=/bin/sh" "COMPILER=arm-none-eabi-gcc" "ARCHIVER=arm-none-eabi-ar" "COMPILER_FLAGS=  -O2 -c" "EXTRA_COMPILER_FLAGS=-mcpu=cortex-a9 -mfpu=vfpv3 -mfloat-abi=hard -nostartfiles"
Compiling xadcps
Finished building libraries
20:44:59 **** Auto Build of configuration Debug for project N3fromHelloWorld ****
make pre-build main-build 
a9-linaro-pre-build-step
 
Building file: ../src/helloworld.c
Invoking: ARM v7 gcc compiler
arm-none-eabi-gcc -Wall -O0 -g3 -c -fmessage-length=0 -MT"src/helloworld.o" -mcpu=cortex-a9 -mfpu=vfpv3 -mfloat-abi=hard -I../../N3fromHelloWorld_bsp/ps7_cortexa9_0/include -MMD -MP -MF"src/helloworld.d" -MT"src/helloworld.o" -o "src/helloworld.o" "../src/helloworld.c"
../src/helloworld.c:53:24: warning: extra tokens at end of #include directive
 #include "xuartps_hw.h"b
                        ^
../src/helloworld.c: In function ‘main’:
../src/helloworld.c:163:5: warning: format ‘%d’ expects argument of type ‘int’, but argument 2 has type ‘XLlFifo’ [-Wformat=]
     printf("DataFifo pointer: %d\n\r",DataFifo);
     ^
../src/helloworld.c:163:5: warning: format ‘%d’ expects argument of type ‘int’, but argument 2 has type ‘XLlFifo’ [-Wformat=]
../src/helloworld.c:198:5: warning: implicit declaration of function ‘GetValue’ [-Wimplicit-function-declaration]
     Value=GetValue();
     ^
../src/helloworld.c:200:2: warning: implicit declaration of function ‘ReloadPico’ [-Wimplicit-function-declaration]
  ReloadPico();
  ^
../src/helloworld.c:281:6: warning: implicit declaration of function ‘Rx2Uart’ [-Wimplicit-function-declaration]
      ReceiveLength=Rx2Uart(&DataFifo);
      ^
../src/helloworld.c:283:9: warning: format ‘%d’ expects argument of type ‘int’, but argument 2 has type ‘u32’ [-Wformat=]
         printf("Receive byte length is %d\r\n",ReceiveLength);
         ^
../src/helloworld.c:283:9: warning: format ‘%d’ expects argument of type ‘int’, but argument 2 has type ‘u32’ [-Wformat=]
../src/helloworld.c:172:21: warning: unused variable ‘Config’ [-Wunused-variable]
     XLlFifo_Config *Config;
                     ^
../src/helloworld.c:133:9: warning: unused variable ‘read_in’ [-Wunused-variable]
     int read_in =0;
         ^
../src/helloworld.c:131:10: warning: unused variable ‘from_keyboard’ [-Wunused-variable]
     char from_keyboard[10];
          ^
../src/helloworld.c:130:9: warning: unused variable ‘DataValue’ [-Wunused-variable]
     int DataValue;
         ^
../src/helloworld.c:129:9: warning: unused variable ‘samplenumber’ [-Wunused-variable]
     int samplenumber;
         ^
../src/helloworld.c:128:9: warning: unused variable ‘keyval’ [-Wunused-variable]
     int keyval;
         ^
../src/helloworld.c:127:9: warning: variable ‘read_out’ set but not used [-Wunused-but-set-variable]
     int read_out =0;
         ^
../src/helloworld.c:126:6: warning: unused variable ‘i’ [-Wunused-variable]
  int i;
      ^
../src/helloworld.c: At top level:
../src/helloworld.c:445:6: warning: conflicting types for ‘ReloadPico’
 void ReloadPico()
      ^
../src/helloworld.c:200:2: note: previous implicit declaration of ‘ReloadPico’ was here
  ReloadPico();
  ^
Finished building: ../src/helloworld.c
 
Building file: ../src/platform.c
Invoking: ARM v7 gcc compiler
arm-none-eabi-gcc -Wall -O0 -g3 -c -fmessage-length=0 -MT"src/platform.o" -mcpu=cortex-a9 -mfpu=vfpv3 -mfloat-abi=hard -I../../N3fromHelloWorld_bsp/ps7_cortexa9_0/include -MMD -MP -MF"src/platform.d" -MT"src/platform.o" -o "src/platform.o" "../src/platform.c"
Finished building: ../src/platform.c
 
Building target: N3fromHelloWorld.elf
Invoking: ARM v7 gcc linker
arm-none-eabi-gcc -mcpu=cortex-a9 -mfpu=vfpv3 -mfloat-abi=hard -Wl,-build-id=none -specs=Xilinx.spec -Wl,-T -Wl,../src/lscript.ld -L../../N3fromHelloWorld_bsp/ps7_cortexa9_0/lib -o "N3fromHelloWorld.elf"  ./src/helloworld.o ./src/platform.o   -Wl,--start-group,-lxil,-lgcc,-lc,--end-group
Finished building target: N3fromHelloWorld.elf
 
Invoking: ARM v7 Print Size
arm-none-eabi-size N3fromHelloWorld.elf  |tee "N3fromHelloWorld.elf.size"
   text	   data	    bss	    dec	    hex	filename
  84000	   2624	  24076	 110700	  1b06c	N3fromHelloWorld.elf
Finished building: N3fromHelloWorld.elf.size
 
20:45:08 **** Incremental Build of configuration Debug for project N3fromHelloWorld ****
make pre-build main-build 
a9-linaro-pre-build-step
 
make: Nothing to be done for `main-build'.
21:20:03 **** Incremental Build of configuration Debug for project N3fromHelloWorld ****
make pre-build main-build 
a9-linaro-pre-build-step
 
Building file: ../src/helloworld.c
Invoking: ARM v7 gcc compiler
arm-none-eabi-gcc -Wall -O0 -g3 -c -fmessage-length=0 -MT"src/helloworld.o" -mcpu=cortex-a9 -mfpu=vfpv3 -mfloat-abi=hard -I../../N3fromHelloWorld_bsp/ps7_cortexa9_0/include -MMD -MP -MF"src/helloworld.d" -MT"src/helloworld.o" -o "src/helloworld.o" "../src/helloworld.c"
../src/helloworld.c:52:24: fatal error: xil_printf.h: No such file or directory
 #include "xil_printf.h"
                        ^
compilation terminated.
make: *** [src/helloworld.o] Error 1
21:20:20 **** Auto Build of project N3fromHelloWorld_bsp ****
make -k all 
Running Make include in ps7_cortexa9_0/libsrc/coresightps_dcc_v1_2/src
make -C ps7_cortexa9_0/libsrc/coresightps_dcc_v1_2/src -s include  "SHELL=/bin/sh" "COMPILER=arm-none-eabi-gcc" "ARCHIVER=arm-none-eabi-ar" "COMPILER_FLAGS=  -O2 -c" "EXTRA_COMPILER_FLAGS=-mcpu=cortex-a9 -mfpu=vfpv3 -mfloat-abi=hard -nostartfiles"
Running Make include in ps7_cortexa9_0/libsrc/cpu_cortexa9_v2_2/src
make -C ps7_cortexa9_0/libsrc/cpu_cortexa9_v2_2/src -s include  "SHELL=/bin/sh" "COMPILER=arm-none-eabi-gcc" "ARCHIVER=arm-none-eabi-ar" "COMPILER_FLAGS=  -O2 -c" "EXTRA_COMPILER_FLAGS=-mcpu=cortex-a9 -mfpu=vfpv3 -mfloat-abi=hard -nostartfiles"
Running Make include in ps7_cortexa9_0/libsrc/devcfg_v3_4/src
make -C ps7_cortexa9_0/libsrc/devcfg_v3_4/src -s include  "SHELL=/bin/sh" "COMPILER=arm-none-eabi-gcc" "ARCHIVER=arm-none-eabi-ar" "COMPILER_FLAGS=  -O2 -c" "EXTRA_COMPILER_FLAGS=-mcpu=cortex-a9 -mfpu=vfpv3 -mfloat-abi=hard -nostartfiles"
Running Make include in ps7_cortexa9_0/libsrc/dmaps_v2_1/src
make -C ps7_cortexa9_0/libsrc/dmaps_v2_1/src -s include  "SHELL=/bin/sh" "COMPILER=arm-none-eabi-gcc" "ARCHIVER=arm-none-eabi-ar" "COMPILER_FLAGS=  -O2 -c" "EXTRA_COMPILER_FLAGS=-mcpu=cortex-a9 -mfpu=vfpv3 -mfloat-abi=hard -nostartfiles"
Running Make include in ps7_cortexa9_0/libsrc/gpiops_v3_1/src
make -C ps7_cortexa9_0/libsrc/gpiops_v3_1/src -s include  "SHELL=/bin/sh" "COMPILER=arm-none-eabi-gcc" "ARCHIVER=arm-none-eabi-ar" "COMPILER_FLAGS=  -O2 -c" "EXTRA_COMPILER_FLAGS=-mcpu=cortex-a9 -mfpu=vfpv3 -mfloat-abi=hard -nostartfiles"
Running Make include in ps7_cortexa9_0/libsrc/llfifo_v5_1/src
make -C ps7_cortexa9_0/libsrc/llfifo_v5_1/src -s include  "SHELL=/bin/sh" "COMPILER=arm-none-eabi-gcc" "ARCHIVER=arm-none-eabi-ar" "COMPILER_FLAGS=  -O2 -c" "EXTRA_COMPILER_FLAGS=-mcpu=cortex-a9 -mfpu=vfpv3 -mfloat-abi=hard -nostartfiles"
Running Make include in ps7_cortexa9_0/libsrc/n3z_tonetest_v1_09/src
make -C ps7_cortexa9_0/libsrc/n3z_tonetest_v1_09/src -s include  "SHELL=/bin/sh" "COMPILER=arm-none-eabi-gcc" "ARCHIVER=arm-none-eabi-ar" "COMPILER_FLAGS=  -O2 -c" "EXTRA_COMPILER_FLAGS=-mcpu=cortex-a9 -mfpu=vfpv3 -mfloat-abi=hard -nostartfiles"
Running Make include in ps7_cortexa9_0/libsrc/qspips_v3_3/src
make -C ps7_cortexa9_0/libsrc/qspips_v3_3/src -s include  "SHELL=/bin/sh" "COMPILER=arm-none-eabi-gcc" "ARCHIVER=arm-none-eabi-ar" "COMPILER_FLAGS=  -O2 -c" "EXTRA_COMPILER_FLAGS=-mcpu=cortex-a9 -mfpu=vfpv3 -mfloat-abi=hard -nostartfiles"
Running Make include in ps7_cortexa9_0/libsrc/scugic_v3_3/src
make -C ps7_cortexa9_0/libsrc/scugic_v3_3/src -s include  "SHELL=/bin/sh" "COMPILER=arm-none-eabi-gcc" "ARCHIVER=arm-none-eabi-ar" "COMPILER_FLAGS=  -O2 -c" "EXTRA_COMPILER_FLAGS=-mcpu=cortex-a9 -mfpu=vfpv3 -mfloat-abi=hard -nostartfiles"
Running Make include in ps7_cortexa9_0/libsrc/scutimer_v2_1/src
make -C ps7_cortexa9_0/libsrc/scutimer_v2_1/src -s include  "SHELL=/bin/sh" "COMPILER=arm-none-eabi-gcc" "ARCHIVER=arm-none-eabi-ar" "COMPILER_FLAGS=  -O2 -c" "EXTRA_COMPILER_FLAGS=-mcpu=cortex-a9 -mfpu=vfpv3 -mfloat-abi=hard -nostartfiles"
Running Make include in ps7_cortexa9_0/libsrc/scuwdt_v2_1/src
make -C ps7_cortexa9_0/libsrc/scuwdt_v2_1/src -s include  "SHELL=/bin/sh" "COMPILER=arm-none-eabi-gcc" "ARCHIVER=arm-none-eabi-ar" "COMPILER_FLAGS=  -O2 -c" "EXTRA_COMPILER_FLAGS=-mcpu=cortex-a9 -mfpu=vfpv3 -mfloat-abi=hard -nostartfiles"
Running Make include in ps7_cortexa9_0/libsrc/sdps_v2_8/src
make -C ps7_cortexa9_0/libsrc/sdps_v2_8/src -s include  "SHELL=/bin/sh" "COMPILER=arm-none-eabi-gcc" "ARCHIVER=arm-none-eabi-ar" "COMPILER_FLAGS=  -O2 -c" "EXTRA_COMPILER_FLAGS=-mcpu=cortex-a9 -mfpu=vfpv3 -mfloat-abi=hard -nostartfiles"
Running Make include in ps7_cortexa9_0/libsrc/standalone_v5_5/src
make -C ps7_cortexa9_0/libsrc/standalone_v5_5/src -s include  "SHELL=/bin/sh" "COMPILER=arm-none-eabi-gcc" "ARCHIVER=arm-none-eabi-ar" "COMPILER_FLAGS=  -O2 -c" "EXTRA_COMPILER_FLAGS=-mcpu=cortex-a9 -mfpu=vfpv3 -mfloat-abi=hard -nostartfiles"
arm-none-eabi-ar: creating ../../../lib/libxil.a
Running Make include in ps7_cortexa9_0/libsrc/uartps_v3_1/src
make -C ps7_cortexa9_0/libsrc/uartps_v3_1/src -s include  "SHELL=/bin/sh" "COMPILER=arm-none-eabi-gcc" "ARCHIVER=arm-none-eabi-ar" "COMPILER_FLAGS=  -O2 -c" "EXTRA_COMPILER_FLAGS=-mcpu=cortex-a9 -mfpu=vfpv3 -mfloat-abi=hard -nostartfiles"
Running Make include in ps7_cortexa9_0/libsrc/xadcps_v2_2/src
make -C ps7_cortexa9_0/libsrc/xadcps_v2_2/src -s include  "SHELL=/bin/sh" "COMPILER=arm-none-eabi-gcc" "ARCHIVER=arm-none-eabi-ar" "COMPILER_FLAGS=  -O2 -c" "EXTRA_COMPILER_FLAGS=-mcpu=cortex-a9 -mfpu=vfpv3 -mfloat-abi=hard -nostartfiles"
Running Make libs in ps7_cortexa9_0/libsrc/coresightps_dcc_v1_2/src
make -C ps7_cortexa9_0/libsrc/coresightps_dcc_v1_2/src -s libs  "SHELL=/bin/sh" "COMPILER=arm-none-eabi-gcc" "ARCHIVER=arm-none-eabi-ar" "COMPILER_FLAGS=  -O2 -c" "EXTRA_COMPILER_FLAGS=-mcpu=cortex-a9 -mfpu=vfpv3 -mfloat-abi=hard -nostartfiles"
Compiling coresightps_dcc
Running Make libs in ps7_cortexa9_0/libsrc/cpu_cortexa9_v2_2/src
make -C ps7_cortexa9_0/libsrc/cpu_cortexa9_v2_2/src -s libs  "SHELL=/bin/sh" "COMPILER=arm-none-eabi-gcc" "ARCHIVER=arm-none-eabi-ar" "COMPILER_FLAGS=  -O2 -c" "EXTRA_COMPILER_FLAGS=-mcpu=cortex-a9 -mfpu=vfpv3 -mfloat-abi=hard -nostartfiles"
Compiling cpu_cortexa9
Running Make libs in ps7_cortexa9_0/libsrc/devcfg_v3_4/src
make -C ps7_cortexa9_0/libsrc/devcfg_v3_4/src -s libs  "SHELL=/bin/sh" "COMPILER=arm-none-eabi-gcc" "ARCHIVER=arm-none-eabi-ar" "COMPILER_FLAGS=  -O2 -c" "EXTRA_COMPILER_FLAGS=-mcpu=cortex-a9 -mfpu=vfpv3 -mfloat-abi=hard -nostartfiles"
Compiling devcfg
Running Make libs in ps7_cortexa9_0/libsrc/dmaps_v2_1/src
make -C ps7_cortexa9_0/libsrc/dmaps_v2_1/src -s libs  "SHELL=/bin/sh" "COMPILER=arm-none-eabi-gcc" "ARCHIVER=arm-none-eabi-ar" "COMPILER_FLAGS=  -O2 -c" "EXTRA_COMPILER_FLAGS=-mcpu=cortex-a9 -mfpu=vfpv3 -mfloat-abi=hard -nostartfiles"
Compiling dmaps
Running Make libs in ps7_cortexa9_0/libsrc/gpiops_v3_1/src
make -C ps7_cortexa9_0/libsrc/gpiops_v3_1/src -s libs  "SHELL=/bin/sh" "COMPILER=arm-none-eabi-gcc" "ARCHIVER=arm-none-eabi-ar" "COMPILER_FLAGS=  -O2 -c" "EXTRA_COMPILER_FLAGS=-mcpu=cortex-a9 -mfpu=vfpv3 -mfloat-abi=hard -nostartfiles"
Compiling gpiops
Running Make libs in ps7_cortexa9_0/libsrc/llfifo_v5_1/src
make -C ps7_cortexa9_0/libsrc/llfifo_v5_1/src -s libs  "SHELL=/bin/sh" "COMPILER=arm-none-eabi-gcc" "ARCHIVER=arm-none-eabi-ar" "COMPILER_FLAGS=  -O2 -c" "EXTRA_COMPILER_FLAGS=-mcpu=cortex-a9 -mfpu=vfpv3 -mfloat-abi=hard -nostartfiles"
Compiling llfifo
Running Make libs in ps7_cortexa9_0/libsrc/n3z_tonetest_v1_09/src
make -C ps7_cortexa9_0/libsrc/n3z_tonetest_v1_09/src -s libs  "SHELL=/bin/sh" "COMPILER=arm-none-eabi-gcc" "ARCHIVER=arm-none-eabi-ar" "COMPILER_FLAGS=  -O2 -c" "EXTRA_COMPILER_FLAGS=-mcpu=cortex-a9 -mfpu=vfpv3 -mfloat-abi=hard -nostartfiles"
Compiling foo_top_top
Running Make libs in ps7_cortexa9_0/libsrc/qspips_v3_3/src
make -C ps7_cortexa9_0/libsrc/qspips_v3_3/src -s libs  "SHELL=/bin/sh" "COMPILER=arm-none-eabi-gcc" "ARCHIVER=arm-none-eabi-ar" "COMPILER_FLAGS=  -O2 -c" "EXTRA_COMPILER_FLAGS=-mcpu=cortex-a9 -mfpu=vfpv3 -mfloat-abi=hard -nostartfiles"
Compiling qspips
Running Make libs in ps7_cortexa9_0/libsrc/scugic_v3_3/src
make -C ps7_cortexa9_0/libsrc/scugic_v3_3/src -s libs  "SHELL=/bin/sh" "COMPILER=arm-none-eabi-gcc" "ARCHIVER=arm-none-eabi-ar" "COMPILER_FLAGS=  -O2 -c" "EXTRA_COMPILER_FLAGS=-mcpu=cortex-a9 -mfpu=vfpv3 -mfloat-abi=hard -nostartfiles"
Compiling scugic
Running Make libs in ps7_cortexa9_0/libsrc/scutimer_v2_1/src
make -C ps7_cortexa9_0/libsrc/scutimer_v2_1/src -s libs  "SHELL=/bin/sh" "COMPILER=arm-none-eabi-gcc" "ARCHIVER=arm-none-eabi-ar" "COMPILER_FLAGS=  -O2 -c" "EXTRA_COMPILER_FLAGS=-mcpu=cortex-a9 -mfpu=vfpv3 -mfloat-abi=hard -nostartfiles"
Compiling scutimer
Running Make libs in ps7_cortexa9_0/libsrc/scuwdt_v2_1/src
make -C ps7_cortexa9_0/libsrc/scuwdt_v2_1/src -s libs  "SHELL=/bin/sh" "COMPILER=arm-none-eabi-gcc" "ARCHIVER=arm-none-eabi-ar" "COMPILER_FLAGS=  -O2 -c" "EXTRA_COMPILER_FLAGS=-mcpu=cortex-a9 -mfpu=vfpv3 -mfloat-abi=hard -nostartfiles"
Compiling scuwdt
Running Make libs in ps7_cortexa9_0/libsrc/sdps_v2_8/src
make -C ps7_cortexa9_0/libsrc/sdps_v2_8/src -s libs  "SHELL=/bin/sh" "COMPILER=arm-none-eabi-gcc" "ARCHIVER=arm-none-eabi-ar" "COMPILER_FLAGS=  -O2 -c" "EXTRA_COMPILER_FLAGS=-mcpu=cortex-a9 -mfpu=vfpv3 -mfloat-abi=hard -nostartfiles"
Compiling sdps
Running Make libs in ps7_cortexa9_0/libsrc/standalone_v5_5/src
make -C ps7_cortexa9_0/libsrc/standalone_v5_5/src -s libs  "SHELL=/bin/sh" "COMPILER=arm-none-eabi-gcc" "ARCHIVER=arm-none-eabi-ar" "COMPILER_FLAGS=  -O2 -c" "EXTRA_COMPILER_FLAGS=-mcpu=cortex-a9 -mfpu=vfpv3 -mfloat-abi=hard -nostartfiles"
Compiling standalone
Running Make libs in ps7_cortexa9_0/libsrc/uartps_v3_1/src
make -C ps7_cortexa9_0/libsrc/uartps_v3_1/src -s libs  "SHELL=/bin/sh" "COMPILER=arm-none-eabi-gcc" "ARCHIVER=arm-none-eabi-ar" "COMPILER_FLAGS=  -O2 -c" "EXTRA_COMPILER_FLAGS=-mcpu=cortex-a9 -mfpu=vfpv3 -mfloat-abi=hard -nostartfiles"
Compiling uartps
Running Make libs in ps7_cortexa9_0/libsrc/xadcps_v2_2/src
make -C ps7_cortexa9_0/libsrc/xadcps_v2_2/src -s libs  "SHELL=/bin/sh" "COMPILER=arm-none-eabi-gcc" "ARCHIVER=arm-none-eabi-ar" "COMPILER_FLAGS=  -O2 -c" "EXTRA_COMPILER_FLAGS=-mcpu=cortex-a9 -mfpu=vfpv3 -mfloat-abi=hard -nostartfiles"
Compiling xadcps
Finished building libraries
21:20:26 **** Auto Build of configuration Debug for project N3fromHelloWorld ****
make pre-build main-build 
a9-linaro-pre-build-step
 
Building file: ../src/helloworld.c
Invoking: ARM v7 gcc compiler
arm-none-eabi-gcc -Wall -O0 -g3 -c -fmessage-length=0 -MT"src/helloworld.o" -mcpu=cortex-a9 -mfpu=vfpv3 -mfloat-abi=hard -I../../N3fromHelloWorld_bsp/ps7_cortexa9_0/include -MMD -MP -MF"src/helloworld.d" -MT"src/helloworld.o" -o "src/helloworld.o" "../src/helloworld.c"
../src/helloworld.c:53:24: warning: extra tokens at end of #include directive
 #include "xuartps_hw.h"b
                        ^
../src/helloworld.c: In function ‘main’:
../src/helloworld.c:163:5: warning: format ‘%d’ expects argument of type ‘int’, but argument 2 has type ‘XLlFifo’ [-Wformat=]
     printf("DataFifo pointer: %d\n\r",DataFifo);
     ^
../src/helloworld.c:163:5: warning: format ‘%d’ expects argument of type ‘int’, but argument 2 has type ‘XLlFifo’ [-Wformat=]
../src/helloworld.c:198:5: warning: implicit declaration of function ‘GetValue’ [-Wimplicit-function-declaration]
     Value=GetValue();
     ^
../src/helloworld.c:200:2: warning: implicit declaration of function ‘ReloadPico’ [-Wimplicit-function-declaration]
  ReloadPico();
  ^
../src/helloworld.c:281:6: warning: implicit declaration of function ‘Rx2Uart’ [-Wimplicit-function-declaration]
      ReceiveLength=Rx2Uart(&DataFifo);
      ^
../src/helloworld.c:283:9: warning: format ‘%d’ expects argument of type ‘int’, but argument 2 has type ‘u32’ [-Wformat=]
         printf("Receive byte length is %d\r\n",ReceiveLength);
         ^
../src/helloworld.c:283:9: warning: format ‘%d’ expects argument of type ‘int’, but argument 2 has type ‘u32’ [-Wformat=]
../src/helloworld.c:172:21: warning: unused variable ‘Config’ [-Wunused-variable]
     XLlFifo_Config *Config;
                     ^
../src/helloworld.c:133:9: warning: unused variable ‘read_in’ [-Wunused-variable]
     int read_in =0;
         ^
../src/helloworld.c:131:10: warning: unused variable ‘from_keyboard’ [-Wunused-variable]
     char from_keyboard[10];
          ^
../src/helloworld.c:130:9: warning: unused variable ‘DataValue’ [-Wunused-variable]
     int DataValue;
         ^
../src/helloworld.c:129:9: warning: unused variable ‘samplenumber’ [-Wunused-variable]
     int samplenumber;
         ^
../src/helloworld.c:128:9: warning: unused variable ‘keyval’ [-Wunused-variable]
     int keyval;
         ^
../src/helloworld.c:127:9: warning: variable ‘read_out’ set but not used [-Wunused-but-set-variable]
     int read_out =0;
         ^
../src/helloworld.c:126:6: warning: unused variable ‘i’ [-Wunused-variable]
  int i;
      ^
../src/helloworld.c: At top level:
../src/helloworld.c:445:6: warning: conflicting types for ‘ReloadPico’
 void ReloadPico()
      ^
../src/helloworld.c:200:2: note: previous implicit declaration of ‘ReloadPico’ was here
  ReloadPico();
  ^
Finished building: ../src/helloworld.c
 
Building file: ../src/platform.c
Invoking: ARM v7 gcc compiler
arm-none-eabi-gcc -Wall -O0 -g3 -c -fmessage-length=0 -MT"src/platform.o" -mcpu=cortex-a9 -mfpu=vfpv3 -mfloat-abi=hard -I../../N3fromHelloWorld_bsp/ps7_cortexa9_0/include -MMD -MP -MF"src/platform.d" -MT"src/platform.o" -o "src/platform.o" "../src/platform.c"
Finished building: ../src/platform.c
 
Building target: N3fromHelloWorld.elf
Invoking: ARM v7 gcc linker
arm-none-eabi-gcc -mcpu=cortex-a9 -mfpu=vfpv3 -mfloat-abi=hard -Wl,-build-id=none -specs=Xilinx.spec -Wl,-T -Wl,../src/lscript.ld -L../../N3fromHelloWorld_bsp/ps7_cortexa9_0/lib -o "N3fromHelloWorld.elf"  ./src/helloworld.o ./src/platform.o   -Wl,--start-group,-lxil,-lgcc,-lc,--end-group
Finished building target: N3fromHelloWorld.elf
 
Invoking: ARM v7 Print Size
arm-none-eabi-size N3fromHelloWorld.elf  |tee "N3fromHelloWorld.elf.size"
   text	   data	    bss	    dec	    hex	filename
  84000	   2624	  24076	 110700	  1b06c	N3fromHelloWorld.elf
Finished building: N3fromHelloWorld.elf.size
 
21:20:32 **** Incremental Build of configuration Debug for project N3fromHelloWorld ****
make pre-build main-build 
a9-linaro-pre-build-step
 
make: Nothing to be done for `main-build'.
21:21:36 **** Incremental Build of configuration Debug for project N3fromHelloWorld ****
make pre-build main-build 
a9-linaro-pre-build-step
 
make: Nothing to be done for `main-build'.
21:23:21 **** Incremental Build of configuration Debug for project N3fromHelloWorld ****
make pre-build main-build 
a9-linaro-pre-build-step
 
make: Nothing to be done for `main-build'.
17:08:17 **** Incremental Build of configuration Debug for project N3fromHelloWorld ****
make pre-build main-build 
a9-linaro-pre-build-step
 
make: Nothing to be done for `main-build'.
17:10:59 **** Incremental Build of configuration Debug for project N3fromHelloWorld ****
make pre-build main-build 
a9-linaro-pre-build-step
 
make: Nothing to be done for `main-build'.
17:17:51 **** Incremental Build of configuration Debug for project N3fromHelloWorld ****
make pre-build main-build 
a9-linaro-pre-build-step
 
make: Nothing to be done for `main-build'.
