17:30:09 **** Clean-only build of configuration Debug for project NicolaRadio ****
make clean 
rm -rf  ./src/portable/port.o ./src/portable/portASM.o  ./src/FreeRTOS_asm_vectors.o ./src/FreeRTOS_tick_config.o ./src/event_groups.o ./src/heap_4.o ./src/list.o ./src/main.o ./src/platform.o ./src/printf-stdarg.o ./src/ps7_init_Nicola.o ./src/queue.o ./src/tasks.o ./src/timers.o  ./NicolaCode/Bluetooth.o ./NicolaCode/ConsoleManager.o ./NicolaCode/DebugInterface.o ./NicolaCode/Flash-SDCard.o ./NicolaCode/LCD_Display.o ./NicolaCode/PSPLComms.o ./NicolaCode/RadioInterface.o ./NicolaCode/RemoteProtocolHandler.o ./NicolaCode/xsdps.o  ./src/portable/portASM.d  ./src/FreeRTOS_asm_vectors.d  ./src/portable/port.d  ./src/FreeRTOS_tick_config.d ./src/event_groups.d ./src/heap_4.d ./src/list.d ./src/main.d ./src/platform.d ./src/printf-stdarg.d ./src/ps7_init_Nicola.d ./src/queue.d ./src/tasks.d ./src/timers.d  ./NicolaCode/Bluetooth.d ./NicolaCode/ConsoleManager.d ./NicolaCode/DebugInterface.d ./NicolaCode/Flash-SDCard.d ./NicolaCode/LCD_Display.d ./NicolaCode/PSPLComms.d ./NicolaCode/RadioInterface.d ./NicolaCode/RemoteProtocolHandler.d ./NicolaCode/xsdps.d  NicolaRadio.elf.size  NicolaRadio.elf
 
17:30:10 **** Build of configuration Debug for project NicolaRadio ****
make pre-build main-build 
a9-linaro-pre-build-step
 
Building file: ../src/portable/port.c
Invoking: ARM v7 gcc compiler
arm-none-eabi-gcc -DDEBUG_CODE -Wall -O0 -g3 -I../../NicolaRadio_bsp/ps7_cortexa9_0/include -I"/home/gnaylor/Github/SDKsource/NicolaRadio/src" -I"/home/gnaylor/Github/SDKsource/NicolaRadio/src/include" -I"/home/gnaylor/Github/SDKsource/NicolaRadio/src/portable" -I"/home/gnaylor/Github/SDKsource/NicolaRadio/NicolaInclude" -I"/home/gnaylor/Github/SDKsource/PS_PL_wrapper_hw_platform_0" -c -fmessage-length=0 -MT"src/portable/port.o" -mcpu=cortex-a9 -mfpu=vfpv3 -mfloat-abi=hard -MMD -MP -MF"src/portable/port.d" -MT"src/portable/port.o" -o "src/portable/port.o" "../src/portable/port.c"
Finished building: ../src/portable/port.c
 
Building file: ../src/portable/portASM.S
Invoking: ARM v7 gcc compiler
arm-none-eabi-gcc -DDEBUG_CODE -Wall -O0 -g3 -I../../NicolaRadio_bsp/ps7_cortexa9_0/include -I"/home/gnaylor/Github/SDKsource/NicolaRadio/src" -I"/home/gnaylor/Github/SDKsource/NicolaRadio/src/include" -I"/home/gnaylor/Github/SDKsource/NicolaRadio/src/portable" -I"/home/gnaylor/Github/SDKsource/NicolaRadio/NicolaInclude" -I"/home/gnaylor/Github/SDKsource/PS_PL_wrapper_hw_platform_0" -c -fmessage-length=0 -MT"src/portable/portASM.o" -mcpu=cortex-a9 -mfpu=vfpv3 -mfloat-abi=hard -MMD -MP -MF"src/portable/portASM.d" -MT"src/portable/portASM.o" -o "src/portable/portASM.o" "../src/portable/portASM.S"
Finished building: ../src/portable/portASM.S
 
Building file: ../src/FreeRTOS_asm_vectors.S
Invoking: ARM v7 gcc compiler
arm-none-eabi-gcc -DDEBUG_CODE -Wall -O0 -g3 -I../../NicolaRadio_bsp/ps7_cortexa9_0/include -I"/home/gnaylor/Github/SDKsource/NicolaRadio/src" -I"/home/gnaylor/Github/SDKsource/NicolaRadio/src/include" -I"/home/gnaylor/Github/SDKsource/NicolaRadio/src/portable" -I"/home/gnaylor/Github/SDKsource/NicolaRadio/NicolaInclude" -I"/home/gnaylor/Github/SDKsource/PS_PL_wrapper_hw_platform_0" -c -fmessage-length=0 -MT"src/FreeRTOS_asm_vectors.o" -mcpu=cortex-a9 -mfpu=vfpv3 -mfloat-abi=hard -MMD -MP -MF"src/FreeRTOS_asm_vectors.d" -MT"src/FreeRTOS_asm_vectors.o" -o "src/FreeRTOS_asm_vectors.o" "../src/FreeRTOS_asm_vectors.S"
Finished building: ../src/FreeRTOS_asm_vectors.S
 
Building file: ../src/FreeRTOS_tick_config.c
Invoking: ARM v7 gcc compiler
arm-none-eabi-gcc -DDEBUG_CODE -Wall -O0 -g3 -I../../NicolaRadio_bsp/ps7_cortexa9_0/include -I"/home/gnaylor/Github/SDKsource/NicolaRadio/src" -I"/home/gnaylor/Github/SDKsource/NicolaRadio/src/include" -I"/home/gnaylor/Github/SDKsource/NicolaRadio/src/portable" -I"/home/gnaylor/Github/SDKsource/NicolaRadio/NicolaInclude" -I"/home/gnaylor/Github/SDKsource/PS_PL_wrapper_hw_platform_0" -c -fmessage-length=0 -MT"src/FreeRTOS_tick_config.o" -mcpu=cortex-a9 -mfpu=vfpv3 -mfloat-abi=hard -MMD -MP -MF"src/FreeRTOS_tick_config.d" -MT"src/FreeRTOS_tick_config.o" -o "src/FreeRTOS_tick_config.o" "../src/FreeRTOS_tick_config.c"
Finished building: ../src/FreeRTOS_tick_config.c
 
Building file: ../src/event_groups.c
Invoking: ARM v7 gcc compiler
arm-none-eabi-gcc -DDEBUG_CODE -Wall -O0 -g3 -I../../NicolaRadio_bsp/ps7_cortexa9_0/include -I"/home/gnaylor/Github/SDKsource/NicolaRadio/src" -I"/home/gnaylor/Github/SDKsource/NicolaRadio/src/include" -I"/home/gnaylor/Github/SDKsource/NicolaRadio/src/portable" -I"/home/gnaylor/Github/SDKsource/NicolaRadio/NicolaInclude" -I"/home/gnaylor/Github/SDKsource/PS_PL_wrapper_hw_platform_0" -c -fmessage-length=0 -MT"src/event_groups.o" -mcpu=cortex-a9 -mfpu=vfpv3 -mfloat-abi=hard -MMD -MP -MF"src/event_groups.d" -MT"src/event_groups.o" -o "src/event_groups.o" "../src/event_groups.c"
Finished building: ../src/event_groups.c
 
Building file: ../src/heap_4.c
Invoking: ARM v7 gcc compiler
arm-none-eabi-gcc -DDEBUG_CODE -Wall -O0 -g3 -I../../NicolaRadio_bsp/ps7_cortexa9_0/include -I"/home/gnaylor/Github/SDKsource/NicolaRadio/src" -I"/home/gnaylor/Github/SDKsource/NicolaRadio/src/include" -I"/home/gnaylor/Github/SDKsource/NicolaRadio/src/portable" -I"/home/gnaylor/Github/SDKsource/NicolaRadio/NicolaInclude" -I"/home/gnaylor/Github/SDKsource/PS_PL_wrapper_hw_platform_0" -c -fmessage-length=0 -MT"src/heap_4.o" -mcpu=cortex-a9 -mfpu=vfpv3 -mfloat-abi=hard -MMD -MP -MF"src/heap_4.d" -MT"src/heap_4.o" -o "src/heap_4.o" "../src/heap_4.c"
Finished building: ../src/heap_4.c
 
Building file: ../src/list.c
Invoking: ARM v7 gcc compiler
arm-none-eabi-gcc -DDEBUG_CODE -Wall -O0 -g3 -I../../NicolaRadio_bsp/ps7_cortexa9_0/include -I"/home/gnaylor/Github/SDKsource/NicolaRadio/src" -I"/home/gnaylor/Github/SDKsource/NicolaRadio/src/include" -I"/home/gnaylor/Github/SDKsource/NicolaRadio/src/portable" -I"/home/gnaylor/Github/SDKsource/NicolaRadio/NicolaInclude" -I"/home/gnaylor/Github/SDKsource/PS_PL_wrapper_hw_platform_0" -c -fmessage-length=0 -MT"src/list.o" -mcpu=cortex-a9 -mfpu=vfpv3 -mfloat-abi=hard -MMD -MP -MF"src/list.d" -MT"src/list.o" -o "src/list.o" "../src/list.c"
Finished building: ../src/list.c
 
Building file: ../src/main.c
Invoking: ARM v7 gcc compiler
arm-none-eabi-gcc -DDEBUG_CODE -Wall -O0 -g3 -I../../NicolaRadio_bsp/ps7_cortexa9_0/include -I"/home/gnaylor/Github/SDKsource/NicolaRadio/src" -I"/home/gnaylor/Github/SDKsource/NicolaRadio/src/include" -I"/home/gnaylor/Github/SDKsource/NicolaRadio/src/portable" -I"/home/gnaylor/Github/SDKsource/NicolaRadio/NicolaInclude" -I"/home/gnaylor/Github/SDKsource/PS_PL_wrapper_hw_platform_0" -c -fmessage-length=0 -MT"src/main.o" -mcpu=cortex-a9 -mfpu=vfpv3 -mfloat-abi=hard -MMD -MP -MF"src/main.d" -MT"src/main.o" -o "src/main.o" "../src/main.c"
Finished building: ../src/main.c
 
Building file: ../src/platform.c
Invoking: ARM v7 gcc compiler
arm-none-eabi-gcc -DDEBUG_CODE -Wall -O0 -g3 -I../../NicolaRadio_bsp/ps7_cortexa9_0/include -I"/home/gnaylor/Github/SDKsource/NicolaRadio/src" -I"/home/gnaylor/Github/SDKsource/NicolaRadio/src/include" -I"/home/gnaylor/Github/SDKsource/NicolaRadio/src/portable" -I"/home/gnaylor/Github/SDKsource/NicolaRadio/NicolaInclude" -I"/home/gnaylor/Github/SDKsource/PS_PL_wrapper_hw_platform_0" -c -fmessage-length=0 -MT"src/platform.o" -mcpu=cortex-a9 -mfpu=vfpv3 -mfloat-abi=hard -MMD -MP -MF"src/platform.d" -MT"src/platform.o" -o "src/platform.o" "../src/platform.c"
Finished building: ../src/platform.c
 
Building file: ../src/printf-stdarg.c
Invoking: ARM v7 gcc compiler
arm-none-eabi-gcc -DDEBUG_CODE -Wall -O0 -g3 -I../../NicolaRadio_bsp/ps7_cortexa9_0/include -I"/home/gnaylor/Github/SDKsource/NicolaRadio/src" -I"/home/gnaylor/Github/SDKsource/NicolaRadio/src/include" -I"/home/gnaylor/Github/SDKsource/NicolaRadio/src/portable" -I"/home/gnaylor/Github/SDKsource/NicolaRadio/NicolaInclude" -I"/home/gnaylor/Github/SDKsource/PS_PL_wrapper_hw_platform_0" -c -fmessage-length=0 -MT"src/printf-stdarg.o" -mcpu=cortex-a9 -mfpu=vfpv3 -mfloat-abi=hard -MMD -MP -MF"src/printf-stdarg.d" -MT"src/printf-stdarg.o" -o "src/printf-stdarg.o" "../src/printf-stdarg.c"
Finished building: ../src/printf-stdarg.c
 
Building file: ../src/ps7_init_Nicola.c
Invoking: ARM v7 gcc compiler
arm-none-eabi-gcc -DDEBUG_CODE -Wall -O0 -g3 -I../../NicolaRadio_bsp/ps7_cortexa9_0/include -I"/home/gnaylor/Github/SDKsource/NicolaRadio/src" -I"/home/gnaylor/Github/SDKsource/NicolaRadio/src/include" -I"/home/gnaylor/Github/SDKsource/NicolaRadio/src/portable" -I"/home/gnaylor/Github/SDKsource/NicolaRadio/NicolaInclude" -I"/home/gnaylor/Github/SDKsource/PS_PL_wrapper_hw_platform_0" -c -fmessage-length=0 -MT"src/ps7_init_Nicola.o" -mcpu=cortex-a9 -mfpu=vfpv3 -mfloat-abi=hard -MMD -MP -MF"src/ps7_init_Nicola.d" -MT"src/ps7_init_Nicola.o" -o "src/ps7_init_Nicola.o" "../src/ps7_init_Nicola.c"
Finished building: ../src/ps7_init_Nicola.c
 
Building file: ../src/queue.c
Invoking: ARM v7 gcc compiler
arm-none-eabi-gcc -DDEBUG_CODE -Wall -O0 -g3 -I../../NicolaRadio_bsp/ps7_cortexa9_0/include -I"/home/gnaylor/Github/SDKsource/NicolaRadio/src" -I"/home/gnaylor/Github/SDKsource/NicolaRadio/src/include" -I"/home/gnaylor/Github/SDKsource/NicolaRadio/src/portable" -I"/home/gnaylor/Github/SDKsource/NicolaRadio/NicolaInclude" -I"/home/gnaylor/Github/SDKsource/PS_PL_wrapper_hw_platform_0" -c -fmessage-length=0 -MT"src/queue.o" -mcpu=cortex-a9 -mfpu=vfpv3 -mfloat-abi=hard -MMD -MP -MF"src/queue.d" -MT"src/queue.o" -o "src/queue.o" "../src/queue.c"
Finished building: ../src/queue.c
 
Building file: ../src/tasks.c
Invoking: ARM v7 gcc compiler
arm-none-eabi-gcc -DDEBUG_CODE -Wall -O0 -g3 -I../../NicolaRadio_bsp/ps7_cortexa9_0/include -I"/home/gnaylor/Github/SDKsource/NicolaRadio/src" -I"/home/gnaylor/Github/SDKsource/NicolaRadio/src/include" -I"/home/gnaylor/Github/SDKsource/NicolaRadio/src/portable" -I"/home/gnaylor/Github/SDKsource/NicolaRadio/NicolaInclude" -I"/home/gnaylor/Github/SDKsource/PS_PL_wrapper_hw_platform_0" -c -fmessage-length=0 -MT"src/tasks.o" -mcpu=cortex-a9 -mfpu=vfpv3 -mfloat-abi=hard -MMD -MP -MF"src/tasks.d" -MT"src/tasks.o" -o "src/tasks.o" "../src/tasks.c"
../src/tasks.c: In function ‘vTaskSwitchContext’:
../src/tasks.c:2806:10: warning: unused variable ‘n’ [-Wunused-variable]
    char *n = pxCurrentTCB->pcTaskName;
          ^
../src/tasks.c:2805:17: warning: unused variable ‘p’ [-Wunused-variable]
    TaskHandle_t p = ( TaskHandle_t ) pxCurrentTCB;
                 ^
Finished building: ../src/tasks.c
 
Building file: ../src/timers.c
Invoking: ARM v7 gcc compiler
arm-none-eabi-gcc -DDEBUG_CODE -Wall -O0 -g3 -I../../NicolaRadio_bsp/ps7_cortexa9_0/include -I"/home/gnaylor/Github/SDKsource/NicolaRadio/src" -I"/home/gnaylor/Github/SDKsource/NicolaRadio/src/include" -I"/home/gnaylor/Github/SDKsource/NicolaRadio/src/portable" -I"/home/gnaylor/Github/SDKsource/NicolaRadio/NicolaInclude" -I"/home/gnaylor/Github/SDKsource/PS_PL_wrapper_hw_platform_0" -c -fmessage-length=0 -MT"src/timers.o" -mcpu=cortex-a9 -mfpu=vfpv3 -mfloat-abi=hard -MMD -MP -MF"src/timers.d" -MT"src/timers.o" -o "src/timers.o" "../src/timers.c"
Finished building: ../src/timers.c
 
Building file: ../NicolaCode/Bluetooth.c
Invoking: ARM v7 gcc compiler
arm-none-eabi-gcc -DDEBUG_CODE -Wall -O0 -g3 -I../../NicolaRadio_bsp/ps7_cortexa9_0/include -I"/home/gnaylor/Github/SDKsource/NicolaRadio/src" -I"/home/gnaylor/Github/SDKsource/NicolaRadio/src/include" -I"/home/gnaylor/Github/SDKsource/NicolaRadio/src/portable" -I"/home/gnaylor/Github/SDKsource/NicolaRadio/NicolaInclude" -I"/home/gnaylor/Github/SDKsource/PS_PL_wrapper_hw_platform_0" -c -fmessage-length=0 -MT"NicolaCode/Bluetooth.o" -mcpu=cortex-a9 -mfpu=vfpv3 -mfloat-abi=hard -MMD -MP -MF"NicolaCode/Bluetooth.d" -MT"NicolaCode/Bluetooth.o" -o "NicolaCode/Bluetooth.o" "../NicolaCode/Bluetooth.c"
Finished building: ../NicolaCode/Bluetooth.c
 
Building file: ../NicolaCode/ConsoleManager.c
Invoking: ARM v7 gcc compiler
arm-none-eabi-gcc -DDEBUG_CODE -Wall -O0 -g3 -I../../NicolaRadio_bsp/ps7_cortexa9_0/include -I"/home/gnaylor/Github/SDKsource/NicolaRadio/src" -I"/home/gnaylor/Github/SDKsource/NicolaRadio/src/include" -I"/home/gnaylor/Github/SDKsource/NicolaRadio/src/portable" -I"/home/gnaylor/Github/SDKsource/NicolaRadio/NicolaInclude" -I"/home/gnaylor/Github/SDKsource/PS_PL_wrapper_hw_platform_0" -c -fmessage-length=0 -MT"NicolaCode/ConsoleManager.o" -mcpu=cortex-a9 -mfpu=vfpv3 -mfloat-abi=hard -MMD -MP -MF"NicolaCode/ConsoleManager.d" -MT"NicolaCode/ConsoleManager.o" -o "NicolaCode/ConsoleManager.o" "../NicolaCode/ConsoleManager.c"
Finished building: ../NicolaCode/ConsoleManager.c
 
Building file: ../NicolaCode/DebugInterface.c
Invoking: ARM v7 gcc compiler
arm-none-eabi-gcc -DDEBUG_CODE -Wall -O0 -g3 -I../../NicolaRadio_bsp/ps7_cortexa9_0/include -I"/home/gnaylor/Github/SDKsource/NicolaRadio/src" -I"/home/gnaylor/Github/SDKsource/NicolaRadio/src/include" -I"/home/gnaylor/Github/SDKsource/NicolaRadio/src/portable" -I"/home/gnaylor/Github/SDKsource/NicolaRadio/NicolaInclude" -I"/home/gnaylor/Github/SDKsource/PS_PL_wrapper_hw_platform_0" -c -fmessage-length=0 -MT"NicolaCode/DebugInterface.o" -mcpu=cortex-a9 -mfpu=vfpv3 -mfloat-abi=hard -MMD -MP -MF"NicolaCode/DebugInterface.d" -MT"NicolaCode/DebugInterface.o" -o "NicolaCode/DebugInterface.o" "../NicolaCode/DebugInterface.c"
../NicolaCode/DebugInterface.c: In function ‘Debuging_Main’:
../NicolaCode/DebugInterface.c:267:8: warning: implicit declaration of function ‘atoi’ [-Wimplicit-function-declaration]
        NumberOfSamples = (int) atoi( inBuffer ) ;
        ^
../NicolaCode/DebugInterface.c:172:9: warning: unused variable ‘Value’ [-Wunused-variable]
     int Value;
         ^
../NicolaCode/DebugInterface.c:170:9: warning: unused variable ‘ReceiveLength’ [-Wunused-variable]
     u32 ReceiveLength;
         ^
../NicolaCode/DebugInterface.c:167:6: warning: unused variable ‘Status’ [-Wunused-variable]
  int Status;
      ^
../NicolaCode/DebugInterface.c:166:18: warning: unused variable ‘ConfigData’ [-Wunused-variable]
  XLlFifo_Config *ConfigData;
                  ^
Finished building: ../NicolaCode/DebugInterface.c
 
Building file: ../NicolaCode/Flash-SDCard.c
Invoking: ARM v7 gcc compiler
arm-none-eabi-gcc -DDEBUG_CODE -Wall -O0 -g3 -I../../NicolaRadio_bsp/ps7_cortexa9_0/include -I"/home/gnaylor/Github/SDKsource/NicolaRadio/src" -I"/home/gnaylor/Github/SDKsource/NicolaRadio/src/include" -I"/home/gnaylor/Github/SDKsource/NicolaRadio/src/portable" -I"/home/gnaylor/Github/SDKsource/NicolaRadio/NicolaInclude" -I"/home/gnaylor/Github/SDKsource/PS_PL_wrapper_hw_platform_0" -c -fmessage-length=0 -MT"NicolaCode/Flash-SDCard.o" -mcpu=cortex-a9 -mfpu=vfpv3 -mfloat-abi=hard -MMD -MP -MF"NicolaCode/Flash-SDCard.d" -MT"NicolaCode/Flash-SDCard.o" -o "NicolaCode/Flash-SDCard.o" "../NicolaCode/Flash-SDCard.c"
Finished building: ../NicolaCode/Flash-SDCard.c
 
Building file: ../NicolaCode/LCD_Display.c
Invoking: ARM v7 gcc compiler
arm-none-eabi-gcc -DDEBUG_CODE -Wall -O0 -g3 -I../../NicolaRadio_bsp/ps7_cortexa9_0/include -I"/home/gnaylor/Github/SDKsource/NicolaRadio/src" -I"/home/gnaylor/Github/SDKsource/NicolaRadio/src/include" -I"/home/gnaylor/Github/SDKsource/NicolaRadio/src/portable" -I"/home/gnaylor/Github/SDKsource/NicolaRadio/NicolaInclude" -I"/home/gnaylor/Github/SDKsource/PS_PL_wrapper_hw_platform_0" -c -fmessage-length=0 -MT"NicolaCode/LCD_Display.o" -mcpu=cortex-a9 -mfpu=vfpv3 -mfloat-abi=hard -MMD -MP -MF"NicolaCode/LCD_Display.d" -MT"NicolaCode/LCD_Display.o" -o "NicolaCode/LCD_Display.o" "../NicolaCode/LCD_Display.c"
../NicolaCode/LCD_Display.c: In function ‘LCD_Write_Char’:
../NicolaCode/LCD_Display.c:2161:6: warning: unused variable ‘enable’ [-Wunused-variable]
  int enable = 0;
      ^
../NicolaCode/LCD_Display.c:2160:7: warning: unused variable ‘i’ [-Wunused-variable]
  int  i;
       ^
../NicolaCode/LCD_Display.c: In function ‘LCD_FirstLine’:
../NicolaCode/LCD_Display.c:2281:6: warning: unused variable ‘enable’ [-Wunused-variable]
  int enable = 0;
      ^
../NicolaCode/LCD_Display.c:2280:6: warning: unused variable ‘i’ [-Wunused-variable]
  int i;
      ^
../NicolaCode/LCD_Display.c: In function ‘LCD_SecondLine’:
../NicolaCode/LCD_Display.c:2352:6: warning: unused variable ‘enable’ [-Wunused-variable]
  int enable = 0;
      ^
../NicolaCode/LCD_Display.c:2351:6: warning: unused variable ‘i’ [-Wunused-variable]
  int i;
      ^
../NicolaCode/LCD_Display.c: In function ‘LCD_ControlWrite’:
../NicolaCode/LCD_Display.c:2454:6: warning: unused variable ‘enable’ [-Wunused-variable]
  int enable ;
      ^
../NicolaCode/LCD_Display.c:2453:6: warning: unused variable ‘i’ [-Wunused-variable]
  int i;
      ^
../NicolaCode/LCD_Display.c: In function ‘MenuMessageFromHostComputer’:
../NicolaCode/LCD_Display.c:2816:3: warning: implicit declaration of function ‘atoi’ [-Wimplicit-function-declaration]
   thisNicolaSettings.thisNicolaID = atoi( parsedString);
   ^
../NicolaCode/LCD_Display.c: At top level:
../NicolaCode/LCD_Display.c:490:13: warning: ‘KEYPAD_Temp’ declared ‘static’ but never defined [-Wunused-function]
 static void KEYPAD_Temp( void *pvParameters );
             ^
Finished building: ../NicolaCode/LCD_Display.c
 
Building file: ../NicolaCode/PSPLComms.c
Invoking: ARM v7 gcc compiler
arm-none-eabi-gcc -DDEBUG_CODE -Wall -O0 -g3 -I../../NicolaRadio_bsp/ps7_cortexa9_0/include -I"/home/gnaylor/Github/SDKsource/NicolaRadio/src" -I"/home/gnaylor/Github/SDKsource/NicolaRadio/src/include" -I"/home/gnaylor/Github/SDKsource/NicolaRadio/src/portable" -I"/home/gnaylor/Github/SDKsource/NicolaRadio/NicolaInclude" -I"/home/gnaylor/Github/SDKsource/PS_PL_wrapper_hw_platform_0" -c -fmessage-length=0 -MT"NicolaCode/PSPLComms.o" -mcpu=cortex-a9 -mfpu=vfpv3 -mfloat-abi=hard -MMD -MP -MF"NicolaCode/PSPLComms.d" -MT"NicolaCode/PSPLComms.o" -o "NicolaCode/PSPLComms.o" "../NicolaCode/PSPLComms.c"
../NicolaCode/PSPLComms.c:143:44: fatal error: ../../../PicoSource/KeyPadPico.c: No such file or directory
 #include "../../../PicoSource/KeyPadPico.c"
                                            ^
compilation terminated.
make: *** [NicolaCode/PSPLComms.o] Error 1
17:30:15 **** Incremental Build of configuration Debug for project FSBL ****
make pre-build main-build 
a9-linaro-pre-build-step
 
make: Nothing to be done for `main-build'.
17:30:16 **** Incremental Build of configuration Debug for project NicolaRadio ****
make pre-build main-build 
a9-linaro-pre-build-step
 
Building file: ../NicolaCode/PSPLComms.c
Invoking: ARM v7 gcc compiler
arm-none-eabi-gcc -DDEBUG_CODE -Wall -O0 -g3 -I../../NicolaRadio_bsp/ps7_cortexa9_0/include -I"/home/gnaylor/Github/SDKsource/NicolaRadio/src" -I"/home/gnaylor/Github/SDKsource/NicolaRadio/src/include" -I"/home/gnaylor/Github/SDKsource/NicolaRadio/src/portable" -I"/home/gnaylor/Github/SDKsource/NicolaRadio/NicolaInclude" -I"/home/gnaylor/Github/SDKsource/PS_PL_wrapper_hw_platform_0" -c -fmessage-length=0 -MT"NicolaCode/PSPLComms.o" -mcpu=cortex-a9 -mfpu=vfpv3 -mfloat-abi=hard -MMD -MP -MF"NicolaCode/PSPLComms.d" -MT"NicolaCode/PSPLComms.o" -o "NicolaCode/PSPLComms.o" "../NicolaCode/PSPLComms.c"
../NicolaCode/PSPLComms.c:143:44: fatal error: ../../../PicoSource/KeyPadPico.c: No such file or directory
 #include "../../../PicoSource/KeyPadPico.c"
                                            ^
compilation terminated.
make: *** [NicolaCode/PSPLComms.o] Error 1
17:32:54 **** Incremental Build of configuration Debug for project FSBL ****
make pre-build main-build 
a9-linaro-pre-build-step
 
make: Nothing to be done for `main-build'.
17:32:55 **** Incremental Build of configuration Debug for project NicolaRadio ****
make pre-build main-build 
a9-linaro-pre-build-step
 
Building file: ../NicolaCode/PSPLComms.c
Invoking: ARM v7 gcc compiler
arm-none-eabi-gcc -DDEBUG_CODE -Wall -O0 -g3 -I../../NicolaRadio_bsp/ps7_cortexa9_0/include -I"/home/gnaylor/Github/SDKsource/NicolaRadio/src" -I"/home/gnaylor/Github/SDKsource/NicolaRadio/src/include" -I"/home/gnaylor/Github/SDKsource/NicolaRadio/src/portable" -I"/home/gnaylor/Github/SDKsource/NicolaRadio/NicolaInclude" -I"/home/gnaylor/Github/SDKsource/PS_PL_wrapper_hw_platform_0" -c -fmessage-length=0 -MT"NicolaCode/PSPLComms.o" -mcpu=cortex-a9 -mfpu=vfpv3 -mfloat-abi=hard -MMD -MP -MF"NicolaCode/PSPLComms.d" -MT"NicolaCode/PSPLComms.o" -o "NicolaCode/PSPLComms.o" "../NicolaCode/PSPLComms.c"
../NicolaCode/PSPLComms.c: In function ‘PSPLComms_Initialise’:
../NicolaCode/PSPLComms.c:156:9: warning: variable ‘Status’ set but not used [-Wunused-but-set-variable]
     int Status;
         ^
../NicolaCode/PSPLComms.c: In function ‘PL_Transmitter’:
../NicolaCode/PSPLComms.c:481:20: warning: passing argument 2 of ‘TxSend’ from incompatible pointer type
  TxSend(&PSPLFifo, theMessage, 3 ) ; //txCharacterCount);
                    ^
../NicolaCode/PSPLComms.c:121:5: note: expected ‘u32 *’ but argument is of type ‘int *’
 int TxSend(XLlFifo *, u32  *, int );
     ^
../NicolaCode/PSPLComms.c:497:22: warning: passing argument 2 of ‘TxSend’ from incompatible pointer type
    TxSend(&PSPLFifo, theMessage, 4 ) ; //txCharacterCount);
                      ^
../NicolaCode/PSPLComms.c:121:5: note: expected ‘u32 *’ but argument is of type ‘int *’
 int TxSend(XLlFifo *, u32  *, int );
     ^
Finished building: ../NicolaCode/PSPLComms.c
 
Building file: ../NicolaCode/RadioInterface.c
Invoking: ARM v7 gcc compiler
arm-none-eabi-gcc -DDEBUG_CODE -Wall -O0 -g3 -I../../NicolaRadio_bsp/ps7_cortexa9_0/include -I"/home/gnaylor/Github/SDKsource/NicolaRadio/src" -I"/home/gnaylor/Github/SDKsource/NicolaRadio/src/include" -I"/home/gnaylor/Github/SDKsource/NicolaRadio/src/portable" -I"/home/gnaylor/Github/SDKsource/NicolaRadio/NicolaInclude" -I"/home/gnaylor/Github/SDKsource/PS_PL_wrapper_hw_platform_0" -c -fmessage-length=0 -MT"NicolaCode/RadioInterface.o" -mcpu=cortex-a9 -mfpu=vfpv3 -mfloat-abi=hard -MMD -MP -MF"NicolaCode/RadioInterface.d" -MT"NicolaCode/RadioInterface.o" -o "NicolaCode/RadioInterface.o" "../NicolaCode/RadioInterface.c"
../NicolaCode/RadioInterface.c: In function ‘RadioInterfaceInit’:
../NicolaCode/RadioInterface.c:66:2: warning: implicit declaration of function ‘malloc’ [-Wimplicit-function-declaration]
  InstancePtr = (n3z_tonetest *)malloc(sizeof (n3z_tonetest));
  ^
../NicolaCode/RadioInterface.c:66:32: warning: incompatible implicit declaration of built-in function ‘malloc’
  InstancePtr = (n3z_tonetest *)malloc(sizeof (n3z_tonetest));
                                ^
Finished building: ../NicolaCode/RadioInterface.c
 
Building file: ../NicolaCode/RemoteProtocolHandler.c
Invoking: ARM v7 gcc compiler
arm-none-eabi-gcc -DDEBUG_CODE -Wall -O0 -g3 -I../../NicolaRadio_bsp/ps7_cortexa9_0/include -I"/home/gnaylor/Github/SDKsource/NicolaRadio/src" -I"/home/gnaylor/Github/SDKsource/NicolaRadio/src/include" -I"/home/gnaylor/Github/SDKsource/NicolaRadio/src/portable" -I"/home/gnaylor/Github/SDKsource/NicolaRadio/NicolaInclude" -I"/home/gnaylor/Github/SDKsource/PS_PL_wrapper_hw_platform_0" -c -fmessage-length=0 -MT"NicolaCode/RemoteProtocolHandler.o" -mcpu=cortex-a9 -mfpu=vfpv3 -mfloat-abi=hard -MMD -MP -MF"NicolaCode/RemoteProtocolHandler.d" -MT"NicolaCode/RemoteProtocolHandler.o" -o "NicolaCode/RemoteProtocolHandler.o" "../NicolaCode/RemoteProtocolHandler.c"
../NicolaCode/RemoteProtocolHandler.c: In function ‘HandleRemoteNicolaMessage’:
../NicolaCode/RemoteProtocolHandler.c:101:19: warning: unused variable ‘theSendMessage’ [-Wunused-variable]
  TEXT_MESSAGE    *theSendMessage = &theReceivedMessage ;  //so the code reads OK
                   ^
Finished building: ../NicolaCode/RemoteProtocolHandler.c
 
Building file: ../NicolaCode/xsdps.c
Invoking: ARM v7 gcc compiler
arm-none-eabi-gcc -DDEBUG_CODE -Wall -O0 -g3 -I../../NicolaRadio_bsp/ps7_cortexa9_0/include -I"/home/gnaylor/Github/SDKsource/NicolaRadio/src" -I"/home/gnaylor/Github/SDKsource/NicolaRadio/src/include" -I"/home/gnaylor/Github/SDKsource/NicolaRadio/src/portable" -I"/home/gnaylor/Github/SDKsource/NicolaRadio/NicolaInclude" -I"/home/gnaylor/Github/SDKsource/PS_PL_wrapper_hw_platform_0" -c -fmessage-length=0 -MT"NicolaCode/xsdps.o" -mcpu=cortex-a9 -mfpu=vfpv3 -mfloat-abi=hard -MMD -MP -MF"NicolaCode/xsdps.d" -MT"NicolaCode/xsdps.o" -o "NicolaCode/xsdps.o" "../NicolaCode/xsdps.c"
../NicolaCode/xsdps.c: In function ‘XSdPs_SdCardInitialize’:
../NicolaCode/xsdps.c:311:6: warning: variable ‘CSD’ set but not used [-Wunused-but-set-variable]
  u32 CSD[4];
      ^
../NicolaCode/xsdps.c: In function ‘XSdPs_CardInitialize’:
../NicolaCode/xsdps.c:506:6: warning: unused variable ‘CSD’ [-Wunused-variable]
  u32 CSD[4];
      ^
../NicolaCode/xsdps.c:505:6: warning: unused variable ‘CtrlReg’ [-Wunused-variable]
  u32 CtrlReg;
      ^
../NicolaCode/xsdps.c:504:6: warning: unused variable ‘PresentStateReg’ [-Wunused-variable]
  u32 PresentStateReg;
      ^
../NicolaCode/xsdps.c:503:6: warning: unused variable ‘Cnt’ [-Wunused-variable]
  u32 Cnt;
      ^
../NicolaCode/xsdps.c:502:5: warning: unused variable ‘Tmp’ [-Wunused-variable]
  u8 Tmp;
     ^
../NicolaCode/xsdps.c: In function ‘XSdPs_IdentifyCard’:
../NicolaCode/xsdps.c:745:6: warning: unused variable ‘OperCondReg’ [-Wunused-variable]
  u32 OperCondReg;
      ^
../NicolaCode/xsdps.c: At top level:
../NicolaCode/xsdps.c:813:12: warning: ‘XSdPs_Switch_Voltage’ defined but not used [-Wunused-function]
 static s32 XSdPs_Switch_Voltage(XSdPs *InstancePtr)
            ^
Finished building: ../NicolaCode/xsdps.c
 
Building target: NicolaRadio.elf
Invoking: ARM v7 gcc linker
arm-none-eabi-gcc -mcpu=cortex-a9 -mfpu=vfpv3 -mfloat-abi=hard -Wl,-build-id=none -specs=Xilinx.spec -Xlinker -Map=Nicola.map -Wl,-T -Wl,../src/lscript.ld -L../../NicolaRadio_bsp/ps7_cortexa9_0/lib -o "NicolaRadio.elf"  ./src/portable/port.o ./src/portable/portASM.o  ./src/FreeRTOS_asm_vectors.o ./src/FreeRTOS_tick_config.o ./src/event_groups.o ./src/heap_4.o ./src/list.o ./src/main.o ./src/platform.o ./src/printf-stdarg.o ./src/ps7_init_Nicola.o ./src/queue.o ./src/tasks.o ./src/timers.o  ./NicolaCode/Bluetooth.o ./NicolaCode/ConsoleManager.o ./NicolaCode/DebugInterface.o ./NicolaCode/Flash-SDCard.o ./NicolaCode/LCD_Display.o ./NicolaCode/PSPLComms.o ./NicolaCode/RadioInterface.o ./NicolaCode/RemoteProtocolHandler.o ./NicolaCode/xsdps.o   -Wl,--start-group,-lxil,-lgcc,-lc,--end-group
Finished building target: NicolaRadio.elf
 
Invoking: ARM v7 Print Size
arm-none-eabi-size NicolaRadio.elf  |tee "NicolaRadio.elf.size"
   text	   data	    bss	    dec	    hex	filename
 129444	  13624	  93312	 236380	  39b5c	NicolaRadio.elf
Finished building: NicolaRadio.elf.size
 
17:40:17 **** Clean-only build of configuration Release for project NicolaRadio ****
make clean 
rm -rf  ./src/portable/port.o ./src/portable/portASM.o  ./src/FreeRTOS_asm_vectors.o ./src/FreeRTOS_tick_config.o ./src/event_groups.o ./src/heap_4.o ./src/list.o ./src/main.o ./src/platform.o ./src/printf-stdarg.o ./src/ps7_init_Nicola.o ./src/queue.o ./src/tasks.o ./src/timers.o  ./NicolaCode/Bluetooth.o ./NicolaCode/ConsoleManager.o ./NicolaCode/DebugInterface.o ./NicolaCode/Flash-SDCard.o ./NicolaCode/LCD_Display.o ./NicolaCode/PSPLComms.o ./NicolaCode/RadioInterface.o ./NicolaCode/RemoteProtocolHandler.o ./NicolaCode/xsdps.o  ./src/portable/portASM.d  ./src/FreeRTOS_asm_vectors.d  ./src/portable/port.d  ./src/FreeRTOS_tick_config.d ./src/event_groups.d ./src/heap_4.d ./src/list.d ./src/main.d ./src/platform.d ./src/printf-stdarg.d ./src/ps7_init_Nicola.d ./src/queue.d ./src/tasks.d ./src/timers.d  ./NicolaCode/Bluetooth.d ./NicolaCode/ConsoleManager.d ./NicolaCode/DebugInterface.d ./NicolaCode/Flash-SDCard.d ./NicolaCode/LCD_Display.d ./NicolaCode/PSPLComms.d ./NicolaCode/RadioInterface.d ./NicolaCode/RemoteProtocolHandler.d ./NicolaCode/xsdps.d  NicolaRadio.elf.size  NicolaRadio.elf
 
17:40:17 **** Auto Build of configuration Release for project NicolaRadio ****
make pre-build main-build 
a9-linaro-pre-build-step
 
Building file: ../src/portable/port.c
Invoking: ARM v7 gcc compiler
arm-none-eabi-gcc -Wall -Os -I../../NicolaRadio_bsp/ps7_cortexa9_0/include -I"/home/gnaylor/Github/SDKsource/NicolaRadio/src" -I"/home/gnaylor/Github/SDKsource/NicolaRadio/src/include" -I"/home/gnaylor/Github/SDKsource/NicolaRadio/src/portable" -I"/home/gnaylor/Github/SDKsource/NicolaRadio/NicolaInclude" -I"/home/gnaylor/Github/SDKsource/PS_PL_wrapper_hw_platform_0" -c -fmessage-length=0 -MT"src/portable/port.o" -mcpu=cortex-a9 -mfpu=vfpv3 -mfloat-abi=hard -MMD -MP -MF"src/portable/port.d" -MT"src/portable/port.o" -o "src/portable/port.o" "../src/portable/port.c"
Finished building: ../src/portable/port.c
 
Building file: ../src/portable/portASM.S
Invoking: ARM v7 gcc compiler
arm-none-eabi-gcc -Wall -Os -I../../NicolaRadio_bsp/ps7_cortexa9_0/include -I"/home/gnaylor/Github/SDKsource/NicolaRadio/src" -I"/home/gnaylor/Github/SDKsource/NicolaRadio/src/include" -I"/home/gnaylor/Github/SDKsource/NicolaRadio/src/portable" -I"/home/gnaylor/Github/SDKsource/NicolaRadio/NicolaInclude" -I"/home/gnaylor/Github/SDKsource/PS_PL_wrapper_hw_platform_0" -c -fmessage-length=0 -MT"src/portable/portASM.o" -mcpu=cortex-a9 -mfpu=vfpv3 -mfloat-abi=hard -MMD -MP -MF"src/portable/portASM.d" -MT"src/portable/portASM.o" -o "src/portable/portASM.o" "../src/portable/portASM.S"
Finished building: ../src/portable/portASM.S
 
Building file: ../src/FreeRTOS_asm_vectors.S
Invoking: ARM v7 gcc compiler
arm-none-eabi-gcc -Wall -Os -I../../NicolaRadio_bsp/ps7_cortexa9_0/include -I"/home/gnaylor/Github/SDKsource/NicolaRadio/src" -I"/home/gnaylor/Github/SDKsource/NicolaRadio/src/include" -I"/home/gnaylor/Github/SDKsource/NicolaRadio/src/portable" -I"/home/gnaylor/Github/SDKsource/NicolaRadio/NicolaInclude" -I"/home/gnaylor/Github/SDKsource/PS_PL_wrapper_hw_platform_0" -c -fmessage-length=0 -MT"src/FreeRTOS_asm_vectors.o" -mcpu=cortex-a9 -mfpu=vfpv3 -mfloat-abi=hard -MMD -MP -MF"src/FreeRTOS_asm_vectors.d" -MT"src/FreeRTOS_asm_vectors.o" -o "src/FreeRTOS_asm_vectors.o" "../src/FreeRTOS_asm_vectors.S"
Finished building: ../src/FreeRTOS_asm_vectors.S
 
Building file: ../src/FreeRTOS_tick_config.c
Invoking: ARM v7 gcc compiler
arm-none-eabi-gcc -Wall -Os -I../../NicolaRadio_bsp/ps7_cortexa9_0/include -I"/home/gnaylor/Github/SDKsource/NicolaRadio/src" -I"/home/gnaylor/Github/SDKsource/NicolaRadio/src/include" -I"/home/gnaylor/Github/SDKsource/NicolaRadio/src/portable" -I"/home/gnaylor/Github/SDKsource/NicolaRadio/NicolaInclude" -I"/home/gnaylor/Github/SDKsource/PS_PL_wrapper_hw_platform_0" -c -fmessage-length=0 -MT"src/FreeRTOS_tick_config.o" -mcpu=cortex-a9 -mfpu=vfpv3 -mfloat-abi=hard -MMD -MP -MF"src/FreeRTOS_tick_config.d" -MT"src/FreeRTOS_tick_config.o" -o "src/FreeRTOS_tick_config.o" "../src/FreeRTOS_tick_config.c"
Finished building: ../src/FreeRTOS_tick_config.c
 
Building file: ../src/event_groups.c
Invoking: ARM v7 gcc compiler
arm-none-eabi-gcc -Wall -Os -I../../NicolaRadio_bsp/ps7_cortexa9_0/include -I"/home/gnaylor/Github/SDKsource/NicolaRadio/src" -I"/home/gnaylor/Github/SDKsource/NicolaRadio/src/include" -I"/home/gnaylor/Github/SDKsource/NicolaRadio/src/portable" -I"/home/gnaylor/Github/SDKsource/NicolaRadio/NicolaInclude" -I"/home/gnaylor/Github/SDKsource/PS_PL_wrapper_hw_platform_0" -c -fmessage-length=0 -MT"src/event_groups.o" -mcpu=cortex-a9 -mfpu=vfpv3 -mfloat-abi=hard -MMD -MP -MF"src/event_groups.d" -MT"src/event_groups.o" -o "src/event_groups.o" "../src/event_groups.c"
Finished building: ../src/event_groups.c
 
Building file: ../src/heap_4.c
Invoking: ARM v7 gcc compiler
arm-none-eabi-gcc -Wall -Os -I../../NicolaRadio_bsp/ps7_cortexa9_0/include -I"/home/gnaylor/Github/SDKsource/NicolaRadio/src" -I"/home/gnaylor/Github/SDKsource/NicolaRadio/src/include" -I"/home/gnaylor/Github/SDKsource/NicolaRadio/src/portable" -I"/home/gnaylor/Github/SDKsource/NicolaRadio/NicolaInclude" -I"/home/gnaylor/Github/SDKsource/PS_PL_wrapper_hw_platform_0" -c -fmessage-length=0 -MT"src/heap_4.o" -mcpu=cortex-a9 -mfpu=vfpv3 -mfloat-abi=hard -MMD -MP -MF"src/heap_4.d" -MT"src/heap_4.o" -o "src/heap_4.o" "../src/heap_4.c"
Finished building: ../src/heap_4.c
 
Building file: ../src/list.c
Invoking: ARM v7 gcc compiler
arm-none-eabi-gcc -Wall -Os -I../../NicolaRadio_bsp/ps7_cortexa9_0/include -I"/home/gnaylor/Github/SDKsource/NicolaRadio/src" -I"/home/gnaylor/Github/SDKsource/NicolaRadio/src/include" -I"/home/gnaylor/Github/SDKsource/NicolaRadio/src/portable" -I"/home/gnaylor/Github/SDKsource/NicolaRadio/NicolaInclude" -I"/home/gnaylor/Github/SDKsource/PS_PL_wrapper_hw_platform_0" -c -fmessage-length=0 -MT"src/list.o" -mcpu=cortex-a9 -mfpu=vfpv3 -mfloat-abi=hard -MMD -MP -MF"src/list.d" -MT"src/list.o" -o "src/list.o" "../src/list.c"
Finished building: ../src/list.c
 
Building file: ../src/main.c
Invoking: ARM v7 gcc compiler
arm-none-eabi-gcc -Wall -Os -I../../NicolaRadio_bsp/ps7_cortexa9_0/include -I"/home/gnaylor/Github/SDKsource/NicolaRadio/src" -I"/home/gnaylor/Github/SDKsource/NicolaRadio/src/include" -I"/home/gnaylor/Github/SDKsource/NicolaRadio/src/portable" -I"/home/gnaylor/Github/SDKsource/NicolaRadio/NicolaInclude" -I"/home/gnaylor/Github/SDKsource/PS_PL_wrapper_hw_platform_0" -c -fmessage-length=0 -MT"src/main.o" -mcpu=cortex-a9 -mfpu=vfpv3 -mfloat-abi=hard -MMD -MP -MF"src/main.d" -MT"src/main.o" -o "src/main.o" "../src/main.c"
../src/main.c: In function ‘main’:
../src/main.c:315:6: warning: unused variable ‘warningInReleaseBuild’ [-Wunused-variable]
  int warningInReleaseBuild = 0;  // generate a warning in the release build to show code generated
      ^
Finished building: ../src/main.c
 
Building file: ../src/platform.c
Invoking: ARM v7 gcc compiler
arm-none-eabi-gcc -Wall -Os -I../../NicolaRadio_bsp/ps7_cortexa9_0/include -I"/home/gnaylor/Github/SDKsource/NicolaRadio/src" -I"/home/gnaylor/Github/SDKsource/NicolaRadio/src/include" -I"/home/gnaylor/Github/SDKsource/NicolaRadio/src/portable" -I"/home/gnaylor/Github/SDKsource/NicolaRadio/NicolaInclude" -I"/home/gnaylor/Github/SDKsource/PS_PL_wrapper_hw_platform_0" -c -fmessage-length=0 -MT"src/platform.o" -mcpu=cortex-a9 -mfpu=vfpv3 -mfloat-abi=hard -MMD -MP -MF"src/platform.d" -MT"src/platform.o" -o "src/platform.o" "../src/platform.c"
Finished building: ../src/platform.c
 
Building file: ../src/printf-stdarg.c
Invoking: ARM v7 gcc compiler
arm-none-eabi-gcc -Wall -Os -I../../NicolaRadio_bsp/ps7_cortexa9_0/include -I"/home/gnaylor/Github/SDKsource/NicolaRadio/src" -I"/home/gnaylor/Github/SDKsource/NicolaRadio/src/include" -I"/home/gnaylor/Github/SDKsource/NicolaRadio/src/portable" -I"/home/gnaylor/Github/SDKsource/NicolaRadio/NicolaInclude" -I"/home/gnaylor/Github/SDKsource/PS_PL_wrapper_hw_platform_0" -c -fmessage-length=0 -MT"src/printf-stdarg.o" -mcpu=cortex-a9 -mfpu=vfpv3 -mfloat-abi=hard -MMD -MP -MF"src/printf-stdarg.d" -MT"src/printf-stdarg.o" -o "src/printf-stdarg.o" "../src/printf-stdarg.c"
Finished building: ../src/printf-stdarg.c
 
Building file: ../src/ps7_init_Nicola.c
Invoking: ARM v7 gcc compiler
arm-none-eabi-gcc -Wall -Os -I../../NicolaRadio_bsp/ps7_cortexa9_0/include -I"/home/gnaylor/Github/SDKsource/NicolaRadio/src" -I"/home/gnaylor/Github/SDKsource/NicolaRadio/src/include" -I"/home/gnaylor/Github/SDKsource/NicolaRadio/src/portable" -I"/home/gnaylor/Github/SDKsource/NicolaRadio/NicolaInclude" -I"/home/gnaylor/Github/SDKsource/PS_PL_wrapper_hw_platform_0" -c -fmessage-length=0 -MT"src/ps7_init_Nicola.o" -mcpu=cortex-a9 -mfpu=vfpv3 -mfloat-abi=hard -MMD -MP -MF"src/ps7_init_Nicola.d" -MT"src/ps7_init_Nicola.o" -o "src/ps7_init_Nicola.o" "../src/ps7_init_Nicola.c"
Finished building: ../src/ps7_init_Nicola.c
 
Building file: ../src/queue.c
Invoking: ARM v7 gcc compiler
arm-none-eabi-gcc -Wall -Os -I../../NicolaRadio_bsp/ps7_cortexa9_0/include -I"/home/gnaylor/Github/SDKsource/NicolaRadio/src" -I"/home/gnaylor/Github/SDKsource/NicolaRadio/src/include" -I"/home/gnaylor/Github/SDKsource/NicolaRadio/src/portable" -I"/home/gnaylor/Github/SDKsource/NicolaRadio/NicolaInclude" -I"/home/gnaylor/Github/SDKsource/PS_PL_wrapper_hw_platform_0" -c -fmessage-length=0 -MT"src/queue.o" -mcpu=cortex-a9 -mfpu=vfpv3 -mfloat-abi=hard -MMD -MP -MF"src/queue.d" -MT"src/queue.o" -o "src/queue.o" "../src/queue.c"
Finished building: ../src/queue.c
 
Building file: ../src/tasks.c
Invoking: ARM v7 gcc compiler
arm-none-eabi-gcc -Wall -Os -I../../NicolaRadio_bsp/ps7_cortexa9_0/include -I"/home/gnaylor/Github/SDKsource/NicolaRadio/src" -I"/home/gnaylor/Github/SDKsource/NicolaRadio/src/include" -I"/home/gnaylor/Github/SDKsource/NicolaRadio/src/portable" -I"/home/gnaylor/Github/SDKsource/NicolaRadio/NicolaInclude" -I"/home/gnaylor/Github/SDKsource/PS_PL_wrapper_hw_platform_0" -c -fmessage-length=0 -MT"src/tasks.o" -mcpu=cortex-a9 -mfpu=vfpv3 -mfloat-abi=hard -MMD -MP -MF"src/tasks.d" -MT"src/tasks.o" -o "src/tasks.o" "../src/tasks.c"
../src/tasks.c: In function ‘vTaskSwitchContext’:
../src/tasks.c:2806:10: warning: unused variable ‘n’ [-Wunused-variable]
    char *n = pxCurrentTCB->pcTaskName;
          ^
../src/tasks.c:2805:17: warning: unused variable ‘p’ [-Wunused-variable]
    TaskHandle_t p = ( TaskHandle_t ) pxCurrentTCB;
                 ^
Finished building: ../src/tasks.c
 
Building file: ../src/timers.c
Invoking: ARM v7 gcc compiler
arm-none-eabi-gcc -Wall -Os -I../../NicolaRadio_bsp/ps7_cortexa9_0/include -I"/home/gnaylor/Github/SDKsource/NicolaRadio/src" -I"/home/gnaylor/Github/SDKsource/NicolaRadio/src/include" -I"/home/gnaylor/Github/SDKsource/NicolaRadio/src/portable" -I"/home/gnaylor/Github/SDKsource/NicolaRadio/NicolaInclude" -I"/home/gnaylor/Github/SDKsource/PS_PL_wrapper_hw_platform_0" -c -fmessage-length=0 -MT"src/timers.o" -mcpu=cortex-a9 -mfpu=vfpv3 -mfloat-abi=hard -MMD -MP -MF"src/timers.d" -MT"src/timers.o" -o "src/timers.o" "../src/timers.c"
Finished building: ../src/timers.c
 
Building file: ../NicolaCode/Bluetooth.c
Invoking: ARM v7 gcc compiler
arm-none-eabi-gcc -Wall -Os -I../../NicolaRadio_bsp/ps7_cortexa9_0/include -I"/home/gnaylor/Github/SDKsource/NicolaRadio/src" -I"/home/gnaylor/Github/SDKsource/NicolaRadio/src/include" -I"/home/gnaylor/Github/SDKsource/NicolaRadio/src/portable" -I"/home/gnaylor/Github/SDKsource/NicolaRadio/NicolaInclude" -I"/home/gnaylor/Github/SDKsource/PS_PL_wrapper_hw_platform_0" -c -fmessage-length=0 -MT"NicolaCode/Bluetooth.o" -mcpu=cortex-a9 -mfpu=vfpv3 -mfloat-abi=hard -MMD -MP -MF"NicolaCode/Bluetooth.d" -MT"NicolaCode/Bluetooth.o" -o "NicolaCode/Bluetooth.o" "../NicolaCode/Bluetooth.c"
../NicolaCode/Bluetooth.c: In function ‘BluetoothMain’:
../NicolaCode/Bluetooth.c:617:62: warning: ‘BluetoothChannel’ may be used uninitialized in this function [-Wmaybe-uninitialized]
      sprintf( theSendMessage, "SELECT %c\n", BluetoothChannel->RFCommChannel);
                                                              ^
Finished building: ../NicolaCode/Bluetooth.c
 
Building file: ../NicolaCode/ConsoleManager.c
Invoking: ARM v7 gcc compiler
arm-none-eabi-gcc -Wall -Os -I../../NicolaRadio_bsp/ps7_cortexa9_0/include -I"/home/gnaylor/Github/SDKsource/NicolaRadio/src" -I"/home/gnaylor/Github/SDKsource/NicolaRadio/src/include" -I"/home/gnaylor/Github/SDKsource/NicolaRadio/src/portable" -I"/home/gnaylor/Github/SDKsource/NicolaRadio/NicolaInclude" -I"/home/gnaylor/Github/SDKsource/PS_PL_wrapper_hw_platform_0" -c -fmessage-length=0 -MT"NicolaCode/ConsoleManager.o" -mcpu=cortex-a9 -mfpu=vfpv3 -mfloat-abi=hard -MMD -MP -MF"NicolaCode/ConsoleManager.d" -MT"NicolaCode/ConsoleManager.o" -o "NicolaCode/ConsoleManager.o" "../NicolaCode/ConsoleManager.c"
Finished building: ../NicolaCode/ConsoleManager.c
 
Building file: ../NicolaCode/DebugInterface.c
Invoking: ARM v7 gcc compiler
arm-none-eabi-gcc -Wall -Os -I../../NicolaRadio_bsp/ps7_cortexa9_0/include -I"/home/gnaylor/Github/SDKsource/NicolaRadio/src" -I"/home/gnaylor/Github/SDKsource/NicolaRadio/src/include" -I"/home/gnaylor/Github/SDKsource/NicolaRadio/src/portable" -I"/home/gnaylor/Github/SDKsource/NicolaRadio/NicolaInclude" -I"/home/gnaylor/Github/SDKsource/PS_PL_wrapper_hw_platform_0" -c -fmessage-length=0 -MT"NicolaCode/DebugInterface.o" -mcpu=cortex-a9 -mfpu=vfpv3 -mfloat-abi=hard -MMD -MP -MF"NicolaCode/DebugInterface.d" -MT"NicolaCode/DebugInterface.o" -o "NicolaCode/DebugInterface.o" "../NicolaCode/DebugInterface.c"
../NicolaCode/DebugInterface.c: In function ‘Debuging_Main’:
../NicolaCode/DebugInterface.c:267:8: warning: implicit declaration of function ‘atoi’ [-Wimplicit-function-declaration]
        NumberOfSamples = (int) atoi( inBuffer ) ;
        ^
../NicolaCode/DebugInterface.c:172:9: warning: unused variable ‘Value’ [-Wunused-variable]
     int Value;
         ^
../NicolaCode/DebugInterface.c:170:9: warning: unused variable ‘ReceiveLength’ [-Wunused-variable]
     u32 ReceiveLength;
         ^
../NicolaCode/DebugInterface.c:167:6: warning: unused variable ‘Status’ [-Wunused-variable]
  int Status;
      ^
../NicolaCode/DebugInterface.c:166:18: warning: unused variable ‘ConfigData’ [-Wunused-variable]
  XLlFifo_Config *ConfigData;
                  ^
../NicolaCode/DebugInterface.c:315:8: warning: ‘NumberOfSamplesRead’ may be used uninitialized in this function [-Wmaybe-uninitialized]
     if ( NumberOfSamplesRead >= NumberOfSamples )
        ^
../NicolaCode/DebugInterface.c:221:44: warning: ‘NumberOfSamples’ may be used uninitialized in this function [-Wmaybe-uninitialized]
     while ( XLlFifo_RxOccupancy(&DataFifo) && (NumberOfSamplesRead < NumberOfSamples) )
                                            ^
Finished building: ../NicolaCode/DebugInterface.c
 
Building file: ../NicolaCode/Flash-SDCard.c
Invoking: ARM v7 gcc compiler
arm-none-eabi-gcc -Wall -Os -I../../NicolaRadio_bsp/ps7_cortexa9_0/include -I"/home/gnaylor/Github/SDKsource/NicolaRadio/src" -I"/home/gnaylor/Github/SDKsource/NicolaRadio/src/include" -I"/home/gnaylor/Github/SDKsource/NicolaRadio/src/portable" -I"/home/gnaylor/Github/SDKsource/NicolaRadio/NicolaInclude" -I"/home/gnaylor/Github/SDKsource/PS_PL_wrapper_hw_platform_0" -c -fmessage-length=0 -MT"NicolaCode/Flash-SDCard.o" -mcpu=cortex-a9 -mfpu=vfpv3 -mfloat-abi=hard -MMD -MP -MF"NicolaCode/Flash-SDCard.d" -MT"NicolaCode/Flash-SDCard.o" -o "NicolaCode/Flash-SDCard.o" "../NicolaCode/Flash-SDCard.c"
Finished building: ../NicolaCode/Flash-SDCard.c
 
Building file: ../NicolaCode/LCD_Display.c
Invoking: ARM v7 gcc compiler
arm-none-eabi-gcc -Wall -Os -I../../NicolaRadio_bsp/ps7_cortexa9_0/include -I"/home/gnaylor/Github/SDKsource/NicolaRadio/src" -I"/home/gnaylor/Github/SDKsource/NicolaRadio/src/include" -I"/home/gnaylor/Github/SDKsource/NicolaRadio/src/portable" -I"/home/gnaylor/Github/SDKsource/NicolaRadio/NicolaInclude" -I"/home/gnaylor/Github/SDKsource/PS_PL_wrapper_hw_platform_0" -c -fmessage-length=0 -MT"NicolaCode/LCD_Display.o" -mcpu=cortex-a9 -mfpu=vfpv3 -mfloat-abi=hard -MMD -MP -MF"NicolaCode/LCD_Display.d" -MT"NicolaCode/LCD_Display.o" -o "NicolaCode/LCD_Display.o" "../NicolaCode/LCD_Display.c"
../NicolaCode/LCD_Display.c: In function ‘LCD_Write_Char’:
../NicolaCode/LCD_Display.c:2161:6: warning: unused variable ‘enable’ [-Wunused-variable]
  int enable = 0;
      ^
../NicolaCode/LCD_Display.c:2160:7: warning: unused variable ‘i’ [-Wunused-variable]
  int  i;
       ^
../NicolaCode/LCD_Display.c: In function ‘LCD_FirstLine’:
../NicolaCode/LCD_Display.c:2281:6: warning: unused variable ‘enable’ [-Wunused-variable]
  int enable = 0;
      ^
../NicolaCode/LCD_Display.c:2280:6: warning: unused variable ‘i’ [-Wunused-variable]
  int i;
      ^
../NicolaCode/LCD_Display.c: In function ‘LCD_SecondLine’:
../NicolaCode/LCD_Display.c:2352:6: warning: unused variable ‘enable’ [-Wunused-variable]
  int enable = 0;
      ^
../NicolaCode/LCD_Display.c:2351:6: warning: unused variable ‘i’ [-Wunused-variable]
  int i;
      ^
../NicolaCode/LCD_Display.c: In function ‘LCD_ControlWrite’:
../NicolaCode/LCD_Display.c:2454:6: warning: unused variable ‘enable’ [-Wunused-variable]
  int enable ;
      ^
../NicolaCode/LCD_Display.c:2453:6: warning: unused variable ‘i’ [-Wunused-variable]
  int i;
      ^
../NicolaCode/LCD_Display.c: In function ‘MenuMessageFromHostComputer’:
../NicolaCode/LCD_Display.c:2816:3: warning: implicit declaration of function ‘atoi’ [-Wimplicit-function-declaration]
   thisNicolaSettings.thisNicolaID = atoi( parsedString);
   ^
../NicolaCode/LCD_Display.c: At top level:
../NicolaCode/LCD_Display.c:490:13: warning: ‘KEYPAD_Temp’ declared ‘static’ but never defined [-Wunused-function]
 static void KEYPAD_Temp( void *pvParameters );
             ^
../NicolaCode/LCD_Display.c: In function ‘MenuMessageFromHostComputer’:
../NicolaCode/LCD_Display.c:3021:33: warning: ‘parsedIndex’ may be used uninitialized in this function [-Wmaybe-uninitialized]
     parsedString[parsedIndex++] = 0;
                                 ^
Finished building: ../NicolaCode/LCD_Display.c
 
Building file: ../NicolaCode/PSPLComms.c
Invoking: ARM v7 gcc compiler
arm-none-eabi-gcc -Wall -Os -I../../NicolaRadio_bsp/ps7_cortexa9_0/include -I"/home/gnaylor/Github/SDKsource/NicolaRadio/src" -I"/home/gnaylor/Github/SDKsource/NicolaRadio/src/include" -I"/home/gnaylor/Github/SDKsource/NicolaRadio/src/portable" -I"/home/gnaylor/Github/SDKsource/NicolaRadio/NicolaInclude" -I"/home/gnaylor/Github/SDKsource/PS_PL_wrapper_hw_platform_0" -c -fmessage-length=0 -MT"NicolaCode/PSPLComms.o" -mcpu=cortex-a9 -mfpu=vfpv3 -mfloat-abi=hard -MMD -MP -MF"NicolaCode/PSPLComms.d" -MT"NicolaCode/PSPLComms.o" -o "NicolaCode/PSPLComms.o" "../NicolaCode/PSPLComms.c"
../NicolaCode/PSPLComms.c: In function ‘PSPLComms_Initialise’:
../NicolaCode/PSPLComms.c:156:9: warning: variable ‘Status’ set but not used [-Wunused-but-set-variable]
     int Status;
         ^
../NicolaCode/PSPLComms.c: In function ‘PL_Transmitter’:
../NicolaCode/PSPLComms.c:481:20: warning: passing argument 2 of ‘TxSend’ from incompatible pointer type
  TxSend(&PSPLFifo, theMessage, 3 ) ; //txCharacterCount);
                    ^
../NicolaCode/PSPLComms.c:121:5: note: expected ‘u32 *’ but argument is of type ‘int *’
 int TxSend(XLlFifo *, u32  *, int );
     ^
../NicolaCode/PSPLComms.c:497:22: warning: passing argument 2 of ‘TxSend’ from incompatible pointer type
    TxSend(&PSPLFifo, theMessage, 4 ) ; //txCharacterCount);
                      ^
../NicolaCode/PSPLComms.c:121:5: note: expected ‘u32 *’ but argument is of type ‘int *’
 int TxSend(XLlFifo *, u32  *, int );
     ^
Finished building: ../NicolaCode/PSPLComms.c
 
Building file: ../NicolaCode/RadioInterface.c
Invoking: ARM v7 gcc compiler
arm-none-eabi-gcc -Wall -Os -I../../NicolaRadio_bsp/ps7_cortexa9_0/include -I"/home/gnaylor/Github/SDKsource/NicolaRadio/src" -I"/home/gnaylor/Github/SDKsource/NicolaRadio/src/include" -I"/home/gnaylor/Github/SDKsource/NicolaRadio/src/portable" -I"/home/gnaylor/Github/SDKsource/NicolaRadio/NicolaInclude" -I"/home/gnaylor/Github/SDKsource/PS_PL_wrapper_hw_platform_0" -c -fmessage-length=0 -MT"NicolaCode/RadioInterface.o" -mcpu=cortex-a9 -mfpu=vfpv3 -mfloat-abi=hard -MMD -MP -MF"NicolaCode/RadioInterface.d" -MT"NicolaCode/RadioInterface.o" -o "NicolaCode/RadioInterface.o" "../NicolaCode/RadioInterface.c"
../NicolaCode/RadioInterface.c: In function ‘RadioInterfaceInit’:
../NicolaCode/RadioInterface.c:66:2: warning: implicit declaration of function ‘malloc’ [-Wimplicit-function-declaration]
  InstancePtr = (n3z_tonetest *)malloc(sizeof (n3z_tonetest));
  ^
../NicolaCode/RadioInterface.c:66:32: warning: incompatible implicit declaration of built-in function ‘malloc’
  InstancePtr = (n3z_tonetest *)malloc(sizeof (n3z_tonetest));
                                ^
Finished building: ../NicolaCode/RadioInterface.c
 
Building file: ../NicolaCode/RemoteProtocolHandler.c
Invoking: ARM v7 gcc compiler
arm-none-eabi-gcc -Wall -Os -I../../NicolaRadio_bsp/ps7_cortexa9_0/include -I"/home/gnaylor/Github/SDKsource/NicolaRadio/src" -I"/home/gnaylor/Github/SDKsource/NicolaRadio/src/include" -I"/home/gnaylor/Github/SDKsource/NicolaRadio/src/portable" -I"/home/gnaylor/Github/SDKsource/NicolaRadio/NicolaInclude" -I"/home/gnaylor/Github/SDKsource/PS_PL_wrapper_hw_platform_0" -c -fmessage-length=0 -MT"NicolaCode/RemoteProtocolHandler.o" -mcpu=cortex-a9 -mfpu=vfpv3 -mfloat-abi=hard -MMD -MP -MF"NicolaCode/RemoteProtocolHandler.d" -MT"NicolaCode/RemoteProtocolHandler.o" -o "NicolaCode/RemoteProtocolHandler.o" "../NicolaCode/RemoteProtocolHandler.c"
../NicolaCode/RemoteProtocolHandler.c: In function ‘HandleRemoteNicolaMessage’:
../NicolaCode/RemoteProtocolHandler.c:101:19: warning: unused variable ‘theSendMessage’ [-Wunused-variable]
  TEXT_MESSAGE    *theSendMessage = &theReceivedMessage ;  //so the code reads OK
                   ^
Finished building: ../NicolaCode/RemoteProtocolHandler.c
 
Building file: ../NicolaCode/xsdps.c
Invoking: ARM v7 gcc compiler
arm-none-eabi-gcc -Wall -Os -I../../NicolaRadio_bsp/ps7_cortexa9_0/include -I"/home/gnaylor/Github/SDKsource/NicolaRadio/src" -I"/home/gnaylor/Github/SDKsource/NicolaRadio/src/include" -I"/home/gnaylor/Github/SDKsource/NicolaRadio/src/portable" -I"/home/gnaylor/Github/SDKsource/NicolaRadio/NicolaInclude" -I"/home/gnaylor/Github/SDKsource/PS_PL_wrapper_hw_platform_0" -c -fmessage-length=0 -MT"NicolaCode/xsdps.o" -mcpu=cortex-a9 -mfpu=vfpv3 -mfloat-abi=hard -MMD -MP -MF"NicolaCode/xsdps.d" -MT"NicolaCode/xsdps.o" -o "NicolaCode/xsdps.o" "../NicolaCode/xsdps.c"
../NicolaCode/xsdps.c: In function ‘XSdPs_SdCardInitialize’:
../NicolaCode/xsdps.c:311:6: warning: variable ‘CSD’ set but not used [-Wunused-but-set-variable]
  u32 CSD[4];
      ^
../NicolaCode/xsdps.c: In function ‘XSdPs_CardInitialize’:
../NicolaCode/xsdps.c:506:6: warning: unused variable ‘CSD’ [-Wunused-variable]
  u32 CSD[4];
      ^
../NicolaCode/xsdps.c:505:6: warning: unused variable ‘CtrlReg’ [-Wunused-variable]
  u32 CtrlReg;
      ^
../NicolaCode/xsdps.c:504:6: warning: unused variable ‘PresentStateReg’ [-Wunused-variable]
  u32 PresentStateReg;
      ^
../NicolaCode/xsdps.c:503:6: warning: unused variable ‘Cnt’ [-Wunused-variable]
  u32 Cnt;
      ^
../NicolaCode/xsdps.c:502:5: warning: unused variable ‘Tmp’ [-Wunused-variable]
  u8 Tmp;
     ^
../NicolaCode/xsdps.c: In function ‘XSdPs_IdentifyCard’:
../NicolaCode/xsdps.c:745:6: warning: unused variable ‘OperCondReg’ [-Wunused-variable]
  u32 OperCondReg;
      ^
../NicolaCode/xsdps.c: At top level:
../NicolaCode/xsdps.c:813:12: warning: ‘XSdPs_Switch_Voltage’ defined but not used [-Wunused-function]
 static s32 XSdPs_Switch_Voltage(XSdPs *InstancePtr)
            ^
Finished building: ../NicolaCode/xsdps.c
 
Building target: NicolaRadio.elf
Invoking: ARM v7 gcc linker
arm-none-eabi-gcc -mcpu=cortex-a9 -mfpu=vfpv3 -mfloat-abi=hard -Wl,-build-id=none -specs=Xilinx.spec -Xlinker -Map=Nicola.map -Wl,-T -Wl,../src/lscript-release.ld -L../../NicolaRadio_bsp/ps7_cortexa9_0/lib -o "NicolaRadio.elf"  ./src/portable/port.o ./src/portable/portASM.o  ./src/FreeRTOS_asm_vectors.o ./src/FreeRTOS_tick_config.o ./src/event_groups.o ./src/heap_4.o ./src/list.o ./src/main.o ./src/platform.o ./src/printf-stdarg.o ./src/ps7_init_Nicola.o ./src/queue.o ./src/tasks.o ./src/timers.o  ./NicolaCode/Bluetooth.o ./NicolaCode/ConsoleManager.o ./NicolaCode/DebugInterface.o ./NicolaCode/Flash-SDCard.o ./NicolaCode/LCD_Display.o ./NicolaCode/PSPLComms.o ./NicolaCode/RadioInterface.o ./NicolaCode/RemoteProtocolHandler.o ./NicolaCode/xsdps.o   -Wl,--start-group,-lxil,-lgcc,-lc,--end-group
Finished building target: NicolaRadio.elf
 
Invoking: ARM v7 Print Size
arm-none-eabi-size NicolaRadio.elf  |tee "NicolaRadio.elf.size"
   text	   data	    bss	    dec	    hex	filename
  91696	  13608	  93312	 198616	  307d8	NicolaRadio.elf
Finished building: NicolaRadio.elf.size
 
20:46:41 **** Incremental Build of configuration Debug for project FSBL ****
make pre-build main-build 
a9-linaro-pre-build-step
 
make: Nothing to be done for `main-build'.
20:46:42 **** Incremental Build of configuration Release for project NicolaRadio ****
make pre-build main-build 
a9-linaro-pre-build-step
 
make: Nothing to be done for `main-build'.
20:47:31 **** Incremental Build of configuration Debug for project FSBL ****
make pre-build main-build 
a9-linaro-pre-build-step
 
make: Nothing to be done for `main-build'.
20:47:32 **** Incremental Build of configuration Debug for project NicolaRadio ****
make pre-build main-build 
a9-linaro-pre-build-step
 
make: Nothing to be done for `main-build'.
20:47:42 **** Incremental Build of configuration Debug for project FSBL ****
make pre-build main-build 
a9-linaro-pre-build-step
 
make: Nothing to be done for `main-build'.
20:47:42 **** Incremental Build of configuration Release for project NicolaRadio ****
make pre-build main-build 
a9-linaro-pre-build-step
 
make: Nothing to be done for `main-build'.
20:48:11 **** Incremental Build of configuration Debug for project FSBL ****
make pre-build main-build 
a9-linaro-pre-build-step
 
make: Nothing to be done for `main-build'.
20:48:11 **** Incremental Build of configuration Release for project NicolaRadio ****
make pre-build main-build 
a9-linaro-pre-build-step
 
make: Nothing to be done for `main-build'.
20:49:52 **** Auto Build of configuration Release for project NicolaRadio ****
make pre-build main-build 
a9-linaro-pre-build-step
 
make: Nothing to be done for `main-build'.
20:50:25 **** Incremental Build of configuration Debug for project FSBL ****
make pre-build main-build 
a9-linaro-pre-build-step
 
make: Nothing to be done for `main-build'.
20:50:25 **** Incremental Build of configuration Release for project NicolaRadio ****
make pre-build main-build 
a9-linaro-pre-build-step
 
make: Nothing to be done for `main-build'.
20:52:21 **** Auto Build of configuration Release for project NicolaRadio ****
make pre-build main-build 
a9-linaro-pre-build-step
 
Building file: ../NicolaCode/PSPLComms.c
Invoking: ARM v7 gcc compiler
arm-none-eabi-gcc -Wall -Os -I../../NicolaRadio_bsp/ps7_cortexa9_0/include -I"/home/gnaylor/Github/SDKsource/NicolaRadio/src" -I"/home/gnaylor/Github/SDKsource/NicolaRadio/src/include" -I"/home/gnaylor/Github/SDKsource/NicolaRadio/src/portable" -I"/home/gnaylor/Github/SDKsource/NicolaRadio/NicolaInclude" -I"/home/gnaylor/Github/SDKsource/PS_PL_wrapper_hw_platform_0" -c -fmessage-length=0 -MT"NicolaCode/PSPLComms.o" -mcpu=cortex-a9 -mfpu=vfpv3 -mfloat-abi=hard -MMD -MP -MF"NicolaCode/PSPLComms.d" -MT"NicolaCode/PSPLComms.o" -o "NicolaCode/PSPLComms.o" "../NicolaCode/PSPLComms.c"
../NicolaCode/PSPLComms.c: In function ‘PSPLComms_Initialise’:
../NicolaCode/PSPLComms.c:155:9: warning: variable ‘Status’ set but not used [-Wunused-but-set-variable]
     int Status;
         ^
../NicolaCode/PSPLComms.c: In function ‘PL_Transmitter’:
../NicolaCode/PSPLComms.c:480:20: warning: passing argument 2 of ‘TxSend’ from incompatible pointer type
  TxSend(&PSPLFifo, theMessage, 3 ) ; //txCharacterCount);
                    ^
../NicolaCode/PSPLComms.c:121:5: note: expected ‘u32 *’ but argument is of type ‘int *’
 int TxSend(XLlFifo *, u32  *, int );
     ^
../NicolaCode/PSPLComms.c:496:22: warning: passing argument 2 of ‘TxSend’ from incompatible pointer type
    TxSend(&PSPLFifo, theMessage, 4 ) ; //txCharacterCount);
                      ^
../NicolaCode/PSPLComms.c:121:5: note: expected ‘u32 *’ but argument is of type ‘int *’
 int TxSend(XLlFifo *, u32  *, int );
     ^
Finished building: ../NicolaCode/PSPLComms.c
 
Building target: NicolaRadio.elf
Invoking: ARM v7 gcc linker
arm-none-eabi-gcc -mcpu=cortex-a9 -mfpu=vfpv3 -mfloat-abi=hard -Wl,-build-id=none -specs=Xilinx.spec -Xlinker -Map=Nicola.map -Wl,-T -Wl,../src/lscript-release.ld -L../../NicolaRadio_bsp/ps7_cortexa9_0/lib -o "NicolaRadio.elf"  ./src/portable/port.o ./src/portable/portASM.o  ./src/FreeRTOS_asm_vectors.o ./src/FreeRTOS_tick_config.o ./src/event_groups.o ./src/heap_4.o ./src/list.o ./src/main.o ./src/platform.o ./src/printf-stdarg.o ./src/ps7_init_Nicola.o ./src/queue.o ./src/tasks.o ./src/timers.o  ./NicolaCode/Bluetooth.o ./NicolaCode/ConsoleManager.o ./NicolaCode/DebugInterface.o ./NicolaCode/Flash-SDCard.o ./NicolaCode/LCD_Display.o ./NicolaCode/PSPLComms.o ./NicolaCode/RadioInterface.o ./NicolaCode/RemoteProtocolHandler.o ./NicolaCode/xsdps.o   -Wl,--start-group,-lxil,-lgcc,-lc,--end-group
Finished building target: NicolaRadio.elf
 
Invoking: ARM v7 Print Size
arm-none-eabi-size NicolaRadio.elf  |tee "NicolaRadio.elf.size"
   text	   data	    bss	    dec	    hex	filename
  91696	  13608	  93312	 198616	  307d8	NicolaRadio.elf
Finished building: NicolaRadio.elf.size
 
20:52:24 **** Incremental Build of configuration Debug for project FSBL ****
make pre-build main-build 
a9-linaro-pre-build-step
 
make: Nothing to be done for `main-build'.
20:52:24 **** Incremental Build of configuration Release for project NicolaRadio ****
make pre-build main-build 
a9-linaro-pre-build-step
 
make: Nothing to be done for `main-build'.
20:52:52 **** Incremental Build of configuration Debug for project FSBL ****
make pre-build main-build 
a9-linaro-pre-build-step
 
make: Nothing to be done for `main-build'.
20:52:52 **** Incremental Build of configuration Debug for project NicolaRadio ****
make pre-build main-build 
a9-linaro-pre-build-step
 
Building file: ../NicolaCode/PSPLComms.c
Invoking: ARM v7 gcc compiler
arm-none-eabi-gcc -DDEBUG_CODE -Wall -O0 -g3 -I../../NicolaRadio_bsp/ps7_cortexa9_0/include -I"/home/gnaylor/Github/SDKsource/NicolaRadio/src" -I"/home/gnaylor/Github/SDKsource/NicolaRadio/src/include" -I"/home/gnaylor/Github/SDKsource/NicolaRadio/src/portable" -I"/home/gnaylor/Github/SDKsource/NicolaRadio/NicolaInclude" -I"/home/gnaylor/Github/SDKsource/PS_PL_wrapper_hw_platform_0" -c -fmessage-length=0 -MT"NicolaCode/PSPLComms.o" -mcpu=cortex-a9 -mfpu=vfpv3 -mfloat-abi=hard -MMD -MP -MF"NicolaCode/PSPLComms.d" -MT"NicolaCode/PSPLComms.o" -o "NicolaCode/PSPLComms.o" "../NicolaCode/PSPLComms.c"
../NicolaCode/PSPLComms.c: In function ‘PSPLComms_Initialise’:
../NicolaCode/PSPLComms.c:155:9: warning: variable ‘Status’ set but not used [-Wunused-but-set-variable]
     int Status;
         ^
../NicolaCode/PSPLComms.c: In function ‘PL_Transmitter’:
../NicolaCode/PSPLComms.c:480:20: warning: passing argument 2 of ‘TxSend’ from incompatible pointer type
  TxSend(&PSPLFifo, theMessage, 3 ) ; //txCharacterCount);
                    ^
../NicolaCode/PSPLComms.c:121:5: note: expected ‘u32 *’ but argument is of type ‘int *’
 int TxSend(XLlFifo *, u32  *, int );
     ^
../NicolaCode/PSPLComms.c:496:22: warning: passing argument 2 of ‘TxSend’ from incompatible pointer type
    TxSend(&PSPLFifo, theMessage, 4 ) ; //txCharacterCount);
                      ^
../NicolaCode/PSPLComms.c:121:5: note: expected ‘u32 *’ but argument is of type ‘int *’
 int TxSend(XLlFifo *, u32  *, int );
     ^
Finished building: ../NicolaCode/PSPLComms.c
 
Building target: NicolaRadio.elf
Invoking: ARM v7 gcc linker
arm-none-eabi-gcc -mcpu=cortex-a9 -mfpu=vfpv3 -mfloat-abi=hard -Wl,-build-id=none -specs=Xilinx.spec -Xlinker -Map=Nicola.map -Wl,-T -Wl,../src/lscript.ld -L../../NicolaRadio_bsp/ps7_cortexa9_0/lib -o "NicolaRadio.elf"  ./src/portable/port.o ./src/portable/portASM.o  ./src/FreeRTOS_asm_vectors.o ./src/FreeRTOS_tick_config.o ./src/event_groups.o ./src/heap_4.o ./src/list.o ./src/main.o ./src/platform.o ./src/printf-stdarg.o ./src/ps7_init_Nicola.o ./src/queue.o ./src/tasks.o ./src/timers.o  ./NicolaCode/Bluetooth.o ./NicolaCode/ConsoleManager.o ./NicolaCode/DebugInterface.o ./NicolaCode/Flash-SDCard.o ./NicolaCode/LCD_Display.o ./NicolaCode/PSPLComms.o ./NicolaCode/RadioInterface.o ./NicolaCode/RemoteProtocolHandler.o ./NicolaCode/xsdps.o   -Wl,--start-group,-lxil,-lgcc,-lc,--end-group
Finished building target: NicolaRadio.elf
 
Invoking: ARM v7 Print Size
arm-none-eabi-size NicolaRadio.elf  |tee "NicolaRadio.elf.size"
   text	   data	    bss	    dec	    hex	filename
 129444	  13624	  93312	 236380	  39b5c	NicolaRadio.elf
Finished building: NicolaRadio.elf.size
 
20:55:23 **** Auto Build of configuration Release for project NicolaRadio ****
make pre-build main-build 
a9-linaro-pre-build-step
 
make: Nothing to be done for `main-build'.
